Initialized native services in: /home/runner/.gradle/native
Initialized jansi services in: /home/runner/.gradle/native

Welcome to Gradle 8.5!

Here are the highlights of this release:
 - Support for running on Java 21
 - Faster first use with Kotlin DSL
 - Improved error and warning messages

For more details see https://docs.gradle.org/8.5/release-notes.html

Received JVM installation metadata from '/usr/lib/jvm/temurin-17-jdk-amd64': {JAVA_HOME=/usr/lib/jvm/temurin-17-jdk-amd64, JAVA_VERSION=17.0.19, JAVA_VENDOR=Eclipse Adoptium, RUNTIME_NAME=OpenJDK Runtime Environment, RUNTIME_VERSION=17.0.19+10, VM_NAME=OpenJDK 64-Bit Server VM, VM_VERSION=17.0.19+10, VM_VENDOR=Eclipse Adoptium, OS_ARCH=amd64}
Checking if the launcher JVM can be re-used for build. To be re-used, the launcher JVM needs to match the parameters required for the build process: --add-opens=java.base/java.util=ALL-UNNAMED --add-opens=java.base/java.lang=ALL-UNNAMED --add-opens=java.base/java.lang.invoke=ALL-UNNAMED --add-opens=java.prefs/java.util.prefs=ALL-UNNAMED --add-opens=java.base/java.nio.charset=ALL-UNNAMED --add-opens=java.base/java.net=ALL-UNNAMED --add-opens=java.base/java.util.concurrent.atomic=ALL-UNNAMED -Xmx2048m -Dfile.encoding=UTF-8 -Duser.country -Duser.language=en -Duser.variant
To honour the JVM settings for this build a single-use Daemon process will be forked. For more on this, please refer to https://docs.gradle.org/8.5/userguide/gradle_daemon.html#sec:disabling_the_daemon in the Gradle documentation.
Starting process 'Gradle build daemon'. Working directory: /home/runner/.gradle/daemon/8.5 Command: /usr/lib/jvm/temurin-17-jdk-amd64/bin/java --add-opens=java.base/java.util=ALL-UNNAMED --add-opens=java.base/java.lang=ALL-UNNAMED --add-opens=java.base/java.lang.invoke=ALL-UNNAMED --add-opens=java.prefs/java.util.prefs=ALL-UNNAMED --add-opens=java.base/java.nio.charset=ALL-UNNAMED --add-opens=java.base/java.net=ALL-UNNAMED --add-opens=java.base/java.util.concurrent.atomic=ALL-UNNAMED -Xmx2048m -Dfile.encoding=UTF-8 -Duser.country -Duser.language=en -Duser.variant -cp /home/runner/gradle-installations/installs/gradle-8.5/lib/gradle-launcher-8.5.jar -javaagent:/home/runner/gradle-installations/installs/gradle-8.5/lib/agents/gradle-instrumentation-agent-8.5.jar org.gradle.launcher.daemon.bootstrap.GradleDaemon 8.5
Successfully started process 'Gradle build daemon'
An attempt to start the daemon took 1.277 secs.
The client will now receive all logging from the daemon (pid: 2308). The daemon log file: /home/runner/.gradle/daemon/8.5/daemon-2308.out.log
Closing daemon's stdin at end of input.
The daemon will no longer process any standard input.
Daemon will be stopped at the end of the build 
Using 4 worker leases.
Received JVM installation metadata from '/usr/lib/jvm/temurin-17-jdk-amd64': {JAVA_HOME=/usr/lib/jvm/temurin-17-jdk-amd64, JAVA_VERSION=17.0.19, JAVA_VENDOR=Eclipse Adoptium, RUNTIME_NAME=OpenJDK Runtime Environment, RUNTIME_VERSION=17.0.19+10, VM_NAME=OpenJDK 64-Bit Server VM, VM_VERSION=17.0.19+10, VM_VENDOR=Eclipse Adoptium, OS_ARCH=amd64}
Watching the file system is configured to be enabled if available
Now considering [/home/runner/work/Asd-app/Asd-app] as hierarchies to watch
File system watching is active
Compiling initialization script '/home/runner/.gradle/init.d/gradle-actions.build-result-capture.init.gradle' using SubsetScriptTransformer.
Compiling initialization script '/home/runner/.gradle/init.d/gradle-actions.build-result-capture.init.gradle' using BuildScriptTransformer.
Compiling initialization script '/home/runner/.gradle/init.d/gradle-actions.github-dependency-graph.init.gradle' using SubsetScriptTransformer.
Compiling initialization script '/home/runner/.gradle/init.d/gradle-actions.github-dependency-graph.init.gradle' using BuildScriptTransformer.
Compiling initialization script '/home/runner/.gradle/init.d/gradle-actions.inject-develocity.init.gradle' using SubsetScriptTransformer.
Compiling initialization script '/home/runner/.gradle/init.d/gradle-actions.inject-develocity.init.gradle' using BuildScriptTransformer.
Starting Build
Compiling settings file '/home/runner/work/Asd-app/Asd-app/settings.gradle' using SubsetScriptTransformer.
Compiling settings file '/home/runner/work/Asd-app/Asd-app/settings.gradle' using BuildScriptTransformer.
Settings evaluated using settings file '/home/runner/work/Asd-app/Asd-app/settings.gradle'.
Compiling script '/home/runner/.gradle/init.d/gradle-actions.build-result-capture-service.plugin.groovy' using SubsetScriptTransformer.
Compiling script '/home/runner/.gradle/init.d/gradle-actions.build-result-capture-service.plugin.groovy' using BuildScriptTransformer.
Projects loaded. Root project using build file '/home/runner/work/Asd-app/Asd-app/build.gradle'.
Included projects: [root project 'SpeakHelp', project ':app-v3']

> Configure project :
Evaluating root project 'SpeakHelp' using build file '/home/runner/work/Asd-app/Asd-app/build.gradle'.
Compiling build file '/home/runner/work/Asd-app/Asd-app/build.gradle' using SubsetScriptTransformer.
Downloading https://dl.google.com/dl/android/maven2/com/android/application/com.android.application.gradle.plugin/8.2.2/com.android.application.gradle.plugin-8.2.2.pom to /home/runner/.gradle/.tmp/gradle_download5733910738030835788bin
Resource missing. [HTTP HEAD: https://dl.google.com/dl/android/maven2/com/android/application/com.android.application.gradle.plugin/8.2.2/com.android.application.gradle.plugin-8.2.2.jar]
Downloading https://dl.google.com/dl/android/maven2/com/android/library/com.android.library.gradle.plugin/8.2.2/com.android.library.gradle.plugin-8.2.2.pom to /home/runner/.gradle/.tmp/gradle_download7340163970484332609bin
Resource missing. [HTTP HEAD: https://dl.google.com/dl/android/maven2/com/android/library/com.android.library.gradle.plugin/8.2.2/com.android.library.gradle.plugin-8.2.2.jar]
Resource missing. [HTTP GET: https://dl.google.com/dl/android/maven2/org/jetbrains/kotlin/android/org.jetbrains.kotlin.android.gradle.plugin/1.9.22/org.jetbrains.kotlin.android.gradle.plugin-1.9.22.pom]
Downloading https://repo.maven.apache.org/maven2/org/jetbrains/kotlin/android/org.jetbrains.kotlin.android.gradle.plugin/1.9.22/org.jetbrains.kotlin.android.gradle.plugin-1.9.22.pom to /home/runner/.gradle/.tmp/gradle_download12985277430342354747bin
Resource missing. [HTTP HEAD: https://repo.maven.apache.org/maven2/org/jetbrains/kotlin/android/org.jetbrains.kotlin.android.gradle.plugin/1.9.22/org.jetbrains.kotlin.android.gradle.plugin-1.9.22.jar]
Downloading https://dl.google.com/dl/android/maven2/com/android/tools/build/gradle/8.2.2/gradle-8.2.2.pom to /home/runner/.gradle/.tmp/gradle_download12756471838472111479bin
Downloading https://dl.google.com/dl/android/maven2/com/android/tools/build/gradle/8.2.2/gradle-8.2.2.module to /home/runner/.gradle/.tmp/gradle_download1305969158805796304bin
Resource missing. [HTTP GET: https://dl.google.com/dl/android/maven2/org/jetbrains/kotlin/kotlin-gradle-plugin/1.9.22/kotlin-gradle-plugin-1.9.22.pom]
Downloading https://repo.maven.apache.org/maven2/org/jetbrains/kotlin/kotlin-gradle-plugin/1.9.22/kotlin-gradle-plugin-1.9.22.pom to /home/runner/.gradle/.tmp/gradle_download11701132188906494682bin
Resource missing. [HTTP GET: https://dl.google.com/dl/android/maven2/org/jetbrains/kotlin/kotlin-gradle-plugins-bom/1.9.22/kotlin-gradle-plugins-bom-1.9.22.pom]
Downloading https://repo.maven.apache.org/maven2/org/jetbrains/kotlin/kotlin-gradle-plugins-bom/1.9.22/kotlin-gradle-plugins-bom-1.9.22.pom to /home/runner/.gradle/.tmp/gradle_download5855564024156078446bin
Downloading https://repo.maven.apache.org/maven2/org/jetbrains/kotlin/kotlin-gradle-plugins-bom/1.9.22/kotlin-gradle-plugins-bom-1.9.22.module to /home/runner/.gradle/.tmp/gradle_download3593831604315910042bin
Downloading https://repo.maven.apache.org/maven2/org/jetbrains/kotlin/kotlin-gradle-plugin/1.9.22/kotlin-gradle-plugin-1.9.22.module to /home/runner/.gradle/.tmp/gradle_download3109872970398413913bin
Downloading https://dl.google.com/dl/android/maven2/com/android/tools/repository/31.2.2/repository-31.2.2.pom to /home/runner/.gradle/.tmp/gradle_download5816795069518261318bin
Downloading https://dl.google.com/dl/android/maven2/com/android/tools/build/gradle-settings-api/8.2.2/gradle-settings-api-8.2.2.pom to /home/runner/.gradle/.tmp/gradle_download5870029680328910103bin
Downloading https://dl.google.com/dl/android/maven2/com/android/tools/sdk-common/31.2.2/sdk-common-31.2.2.pom to /home/runner/.gradle/.tmp/gradle_download5452960714324903071bin
Downloading https://dl.google.com/dl/android/maven2/com/android/tools/build/gradle-settings-api/8.2.2/gradle-settings-api-8.2.2.module to /home/runner/.gradle/.tmp/gradle_download2094503850339903361bin
Downloading https://dl.google.com/dl/android/maven2/com/android/tools/sdklib/31.2.2/sdklib-31.2.2.pom to /home/runner/.gradle/.tmp/gradle_download4887634627411080559bin
Downloading https://dl.google.com/dl/android/maven2/com/android/tools/build/aapt2-proto/8.2.2-10154469/aapt2-proto-8.2.2-10154469.pom to /home/runner/.gradle/.tmp/gradle_download344027416733832671bin
Downloading https://dl.google.com/dl/android/maven2/com/android/tools/ddms/ddmlib/31.2.2/ddmlib-31.2.2.pom to /home/runner/.gradle/.tmp/gradle_download17451216110218176723bin
Downloading https://dl.google.com/dl/android/maven2/com/android/tools/build/aaptcompiler/8.2.2/aaptcompiler-8.2.2.pom to /home/runner/.gradle/.tmp/gradle_download13399946094965713116bin
Downloading https://dl.google.com/dl/android/maven2/com/android/tools/build/aapt2-proto/8.2.2-10154469/aapt2-proto-8.2.2-10154469.module to /home/runner/.gradle/.tmp/gradle_download4378261868637330494bin
Downloading https://dl.google.com/dl/android/maven2/com/android/tools/analytics-library/shared/31.2.2/shared-31.2.2.pom to /home/runner/.gradle/.tmp/gradle_download13601404701753687010bin
Downloading https://dl.google.com/dl/android/maven2/com/android/tools/lint/lint-model/31.2.2/lint-model-31.2.2.pom to /home/runner/.gradle/.tmp/gradle_download4670356349487975130bin
Downloading https://dl.google.com/dl/android/maven2/com/android/tools/lint/lint-typedef-remover/31.2.2/lint-typedef-remover-31.2.2.pom to /home/runner/.gradle/.tmp/gradle_download9164058348250001979bin
Downloading https://dl.google.com/dl/android/maven2/androidx/databinding/databinding-common/8.2.2/databinding-common-8.2.2.pom to /home/runner/.gradle/.tmp/gradle_download14176405166342181659bin
Downloading https://dl.google.com/dl/android/maven2/com/android/tools/build/aaptcompiler/8.2.2/aaptcompiler-8.2.2.module to /home/runner/.gradle/.tmp/gradle_download14822881113903430438bin
Downloading https://dl.google.com/dl/android/maven2/com/android/databinding/baseLibrary/8.2.2/baseLibrary-8.2.2.pom to /home/runner/.gradle/.tmp/gradle_download13366507040421690855bin
Downloading https://dl.google.com/dl/android/maven2/com/android/tools/analytics-library/crash/31.2.2/crash-31.2.2.pom to /home/runner/.gradle/.tmp/gradle_download3863418312335244918bin
Downloading https://dl.google.com/dl/android/maven2/com/android/tools/build/builder-test-api/8.2.2/builder-test-api-8.2.2.pom to /home/runner/.gradle/.tmp/gradle_download6665049241352445499bin
Downloading https://dl.google.com/dl/android/maven2/androidx/databinding/databinding-compiler-common/8.2.2/databinding-compiler-common-8.2.2.pom to /home/runner/.gradle/.tmp/gradle_download16103867281416154121bin
Downloading https://dl.google.com/dl/android/maven2/com/android/tools/utp/android-device-provider-ddmlib-proto/31.2.2/android-device-provider-ddmlib-proto-31.2.2.pom to /home/runner/.gradle/.tmp/gradle_download14242011483116216125bin
Downloading https://dl.google.com/dl/android/maven2/com/android/tools/layoutlib/layoutlib-api/31.2.2/layoutlib-api-31.2.2.pom to /home/runner/.gradle/.tmp/gradle_download3432198873545011782bin
Downloading https://dl.google.com/dl/android/maven2/com/android/tools/utp/android-test-plugin-host-additional-test-output-proto/31.2.2/android-test-plugin-host-additional-test-output-proto-31.2.2.pom to /home/runner/.gradle/.tmp/gradle_download14478944667265778251bin
Downloading https://dl.google.com/dl/android/maven2/com/android/tools/utp/android-device-provider-gradle-proto/31.2.2/android-device-provider-gradle-proto-31.2.2.pom to /home/runner/.gradle/.tmp/gradle_download10343212144583835111bin
Downloading https://dl.google.com/dl/android/maven2/com/android/tools/utp/android-test-plugin-host-emulator-control-proto/31.2.2/android-test-plugin-host-emulator-control-proto-31.2.2.pom to /home/runner/.gradle/.tmp/gradle_download6616212454261986202bin
Downloading https://dl.google.com/dl/android/maven2/com/android/tools/utp/android-test-plugin-host-logcat-proto/31.2.2/android-test-plugin-host-logcat-proto-31.2.2.pom to /home/runner/.gradle/.tmp/gradle_download3697438370067704746bin
Downloading https://dl.google.com/dl/android/maven2/com/android/tools/utp/android-test-plugin-host-apk-installer-proto/31.2.2/android-test-plugin-host-apk-installer-proto-31.2.2.pom to /home/runner/.gradle/.tmp/gradle_download12043770245866245714bin
Downloading https://dl.google.com/dl/android/maven2/com/android/tools/utp/android-test-plugin-host-coverage-proto/31.2.2/android-test-plugin-host-coverage-proto-31.2.2.pom to /home/runner/.gradle/.tmp/gradle_download4023288425453706957bin
Resource missing. [HTTP GET: https://dl.google.com/dl/android/maven2/org/jetbrains/kotlin/kotlin-stdlib-jdk8/1.9.0/kotlin-stdlib-jdk8-1.9.0.pom]
Downloading https://dl.google.com/dl/android/maven2/com/android/tools/build/builder-test-api/8.2.2/builder-test-api-8.2.2.module to /home/runner/.gradle/.tmp/gradle_download16517297422612705107bin
Downloading https://repo.maven.apache.org/maven2/org/jetbrains/kotlin/kotlin-stdlib-jdk8/1.9.0/kotlin-stdlib-jdk8-1.9.0.pom to /home/runner/.gradle/.tmp/gradle_download18318463187368281832bin
Downloading https://dl.google.com/dl/android/maven2/com/android/tools/build/transform-api/2.0.0-deprecated-use-gradle-api/transform-api-2.0.0-deprecated-use-gradle-api.pom to /home/runner/.gradle/.tmp/gradle_download5069157533163632445bin
Resource missing. [HTTP GET: https://dl.google.com/dl/android/maven2/org/apache/httpcomponents/httpmime/4.5.6/httpmime-4.5.6.pom]
Downloading https://dl.google.com/dl/android/maven2/com/android/tools/utp/android-test-plugin-result-listener-gradle-proto/31.2.2/android-test-plugin-result-listener-gradle-proto-31.2.2.pom to /home/runner/.gradle/.tmp/gradle_download8308556221643190470bin
Resource missing. [HTTP GET: https://dl.google.com/dl/android/maven2/commons-io/commons-io/2.4/commons-io-2.4.pom]
Downloading https://repo.maven.apache.org/maven2/org/apache/httpcomponents/httpmime/4.5.6/httpmime-4.5.6.pom to /home/runner/.gradle/.tmp/gradle_download17897568706416696114bin
Resource missing. [HTTP GET: https://dl.google.com/dl/android/maven2/org/ow2/asm/asm/9.2/asm-9.2.pom]
Resource missing. [HTTP GET: https://dl.google.com/dl/android/maven2/org/apache/httpcomponents/httpcomponents-client/4.5.6/httpcomponents-client-4.5.6.pom]
Downloading https://repo.maven.apache.org/maven2/commons-io/commons-io/2.4/commons-io-2.4.pom to /home/runner/.gradle/.tmp/gradle_download13333197470809917611bin
Downloading https://dl.google.com/dl/android/maven2/com/android/tools/utp/android-test-plugin-host-retention-proto/31.2.2/android-test-plugin-host-retention-proto-31.2.2.pom to /home/runner/.gradle/.tmp/gradle_download13137539357799280250bin
Downloading https://repo.maven.apache.org/maven2/org/ow2/asm/asm/9.2/asm-9.2.pom to /home/runner/.gradle/.tmp/gradle_download8937250321357286202bin
Resource missing. [HTTP GET: https://dl.google.com/dl/android/maven2/org/apache/commons/commons-parent/25/commons-parent-25.pom]
Downloading https://repo.maven.apache.org/maven2/org/apache/httpcomponents/httpcomponents-client/4.5.6/httpcomponents-client-4.5.6.pom to /home/runner/.gradle/.tmp/gradle_download5897150778261503002bin
Resource missing. [HTTP GET: https://dl.google.com/dl/android/maven2/org/ow2/ow2/1.5/ow2-1.5.pom]
Resource missing. [HTTP GET: https://dl.google.com/dl/android/maven2/org/ow2/asm/asm-analysis/9.2/asm-analysis-9.2.pom]
Downloading https://repo.maven.apache.org/maven2/org/apache/commons/commons-parent/25/commons-parent-25.pom to /home/runner/.gradle/.tmp/gradle_download7692763168525807417bin
Downloading https://repo.maven.apache.org/maven2/org/ow2/asm/asm-analysis/9.2/asm-analysis-9.2.pom to /home/runner/.gradle/.tmp/gradle_download13290372826918200660bin
Downloading https://repo.maven.apache.org/maven2/org/ow2/ow2/1.5/ow2-1.5.pom to /home/runner/.gradle/.tmp/gradle_download7516378570387348441bin
Resource missing. [HTTP GET: https://dl.google.com/dl/android/maven2/org/apache/httpcomponents/httpcomponents-parent/10/httpcomponents-parent-10.pom]
Resource missing. [HTTP GET: https://dl.google.com/dl/android/maven2/org/apache/apache/9/apache-9.pom]
Downloading https://repo.maven.apache.org/maven2/org/apache/httpcomponents/httpcomponents-parent/10/httpcomponents-parent-10.pom to /home/runner/.gradle/.tmp/gradle_download8614050523181860056bin
Resource missing. [HTTP GET: https://dl.google.com/dl/android/maven2/org/ow2/asm/asm-commons/9.2/asm-commons-9.2.pom]
Resource missing. [HTTP GET: https://dl.google.com/dl/android/maven2/org/ow2/asm/asm-util/9.2/asm-util-9.2.pom]
Downloading https://repo.maven.apache.org/maven2/org/apache/apache/9/apache-9.pom to /home/runner/.gradle/.tmp/gradle_download13843022764552076114bin
Resource missing. [HTTP GET: https://dl.google.com/dl/android/maven2/org/apache/apache/18/apache-18.pom]
Downloading https://repo.maven.apache.org/maven2/org/ow2/asm/asm-util/9.2/asm-util-9.2.pom to /home/runner/.gradle/.tmp/gradle_download10246734416541184223bin
Downloading https://repo.maven.apache.org/maven2/org/ow2/asm/asm-commons/9.2/asm-commons-9.2.pom to /home/runner/.gradle/.tmp/gradle_download4434410754211623341bin
Downloading https://repo.maven.apache.org/maven2/org/apache/apache/18/apache-18.pom to /home/runner/.gradle/.tmp/gradle_download10202648093316707469bin
Resource missing. [HTTP GET: https://dl.google.com/dl/android/maven2/org/bouncycastle/bcpkix-jdk15on/1.67/bcpkix-jdk15on-1.67.pom]
Resource missing. [HTTP GET: https://dl.google.com/dl/android/maven2/net/sf/jopt-simple/jopt-simple/4.9/jopt-simple-4.9.pom]
Resource missing. [HTTP GET: https://dl.google.com/dl/android/maven2/org/glassfish/jaxb/jaxb-runtime/2.3.2/jaxb-runtime-2.3.2.pom]
Downloading https://repo.maven.apache.org/maven2/org/bouncycastle/bcpkix-jdk15on/1.67/bcpkix-jdk15on-1.67.pom to /home/runner/.gradle/.tmp/gradle_download2240629448709644263bin
Downloading https://repo.maven.apache.org/maven2/org/glassfish/jaxb/jaxb-runtime/2.3.2/jaxb-runtime-2.3.2.pom to /home/runner/.gradle/.tmp/gradle_download8222591356346148565bin
Downloading https://repo.maven.apache.org/maven2/net/sf/jopt-simple/jopt-simple/4.9/jopt-simple-4.9.pom to /home/runner/.gradle/.tmp/gradle_download4001113020066303372bin
Downloading https://dl.google.com/dl/android/maven2/com/android/tools/build/bundletool/1.15.2/bundletool-1.15.2.pom to /home/runner/.gradle/.tmp/gradle_download2563543879884141659bin
Downloading https://dl.google.com/dl/android/maven2/com/android/tools/build/jetifier/jetifier-core/1.0.0-beta10/jetifier-core-1.0.0-beta10.pom to /home/runner/.gradle/.tmp/gradle_download1731877604749278638bin
Resource missing. [HTTP GET: https://dl.google.com/dl/android/maven2/com/sun/xml/bind/mvn/jaxb-runtime-parent/2.3.2/jaxb-runtime-parent-2.3.2.pom]
Resource missing. [HTTP GET: https://dl.google.com/dl/android/maven2/org/sonatype/oss/oss-parent/7/oss-parent-7.pom]
Downloading https://dl.google.com/dl/android/maven2/com/android/tools/build/jetifier/jetifier-processor/1.0.0-beta10/jetifier-processor-1.0.0-beta10.pom to /home/runner/.gradle/.tmp/gradle_download15223271792197743853bin
Downloading https://dl.google.com/dl/android/maven2/com/android/tools/build/jetifier/jetifier-core/1.0.0-beta10/jetifier-core-1.0.0-beta10.module to /home/runner/.gradle/.tmp/gradle_download10282136817062058229bin
Downloading https://repo.maven.apache.org/maven2/com/sun/xml/bind/mvn/jaxb-runtime-parent/2.3.2/jaxb-runtime-parent-2.3.2.pom to /home/runner/.gradle/.tmp/gradle_download6898732160903305423bin
Downloading https://repo.maven.apache.org/maven2/org/sonatype/oss/oss-parent/7/oss-parent-7.pom to /home/runner/.gradle/.tmp/gradle_download13667526744251726606bin
Resource missing. [HTTP GET: https://dl.google.com/dl/android/maven2/com/squareup/javapoet/1.10.0/javapoet-1.10.0.pom]
Downloading https://dl.google.com/dl/android/maven2/com/android/tools/build/jetifier/jetifier-processor/1.0.0-beta10/jetifier-processor-1.0.0-beta10.module to /home/runner/.gradle/.tmp/gradle_download7837179255822700080bin
Resource missing. [HTTP GET: https://dl.google.com/dl/android/maven2/com/sun/xml/bind/mvn/jaxb-parent/2.3.2/jaxb-parent-2.3.2.pom]
Resource missing. [HTTP GET: https://dl.google.com/dl/android/maven2/com/google/protobuf/protobuf-java/3.19.3/protobuf-java-3.19.3.pom]
Resource missing. [HTTP GET: https://dl.google.com/dl/android/maven2/com/google/protobuf/protobuf-java-util/3.19.3/protobuf-java-util-3.19.3.pom]
Downloading https://repo.maven.apache.org/maven2/com/google/protobuf/protobuf-java/3.19.3/protobuf-java-3.19.3.pom to /home/runner/.gradle/.tmp/gradle_download11711317467394453926bin
Downloading https://repo.maven.apache.org/maven2/com/sun/xml/bind/mvn/jaxb-parent/2.3.2/jaxb-parent-2.3.2.pom to /home/runner/.gradle/.tmp/gradle_download7431741958985561185bin
Downloading https://repo.maven.apache.org/maven2/com/squareup/javapoet/1.10.0/javapoet-1.10.0.pom to /home/runner/.gradle/.tmp/gradle_download3927184759157191005bin
Resource missing. [HTTP GET: https://dl.google.com/dl/android/maven2/com/google/protobuf/protobuf-parent/3.19.3/protobuf-parent-3.19.3.pom]
Resource missing. [HTTP GET: https://dl.google.com/dl/android/maven2/com/sun/xml/bind/jaxb-bom-ext/2.3.2/jaxb-bom-ext-2.3.2.pom]
Resource missing. [HTTP GET: https://dl.google.com/dl/android/maven2/com/google/code/gson/gson/2.8.6/gson-2.8.6.pom]
Downloading https://repo.maven.apache.org/maven2/com/google/protobuf/protobuf-java-util/3.19.3/protobuf-java-util-3.19.3.pom to /home/runner/.gradle/.tmp/gradle_download12773966088758020606bin
Downloading https://repo.maven.apache.org/maven2/com/google/protobuf/protobuf-parent/3.19.3/protobuf-parent-3.19.3.pom to /home/runner/.gradle/.tmp/gradle_download8670193331777704829bin
Downloading https://repo.maven.apache.org/maven2/com/google/code/gson/gson/2.8.6/gson-2.8.6.pom to /home/runner/.gradle/.tmp/gradle_download820702351113242449bin
Downloading https://repo.maven.apache.org/maven2/com/sun/xml/bind/jaxb-bom-ext/2.3.2/jaxb-bom-ext-2.3.2.pom to /home/runner/.gradle/.tmp/gradle_download8346258972583823116bin
Resource missing. [HTTP GET: https://dl.google.com/dl/android/maven2/org/glassfish/jaxb/jaxb-bom/2.3.2/jaxb-bom-2.3.2.pom]
Resource missing. [HTTP GET: https://dl.google.com/dl/android/maven2/com/google/protobuf/protobuf-bom/3.19.3/protobuf-bom-3.19.3.pom]
Resource missing. [HTTP GET: https://dl.google.com/dl/android/maven2/com/google/code/gson/gson-parent/2.8.6/gson-parent-2.8.6.pom]
Downloading https://repo.maven.apache.org/maven2/com/google/protobuf/protobuf-bom/3.19.3/protobuf-bom-3.19.3.pom to /home/runner/.gradle/.tmp/gradle_download13655420493799173144bin
Downloading https://repo.maven.apache.org/maven2/org/glassfish/jaxb/jaxb-bom/2.3.2/jaxb-bom-2.3.2.pom to /home/runner/.gradle/.tmp/gradle_download16286571945123634290bin
Downloading https://repo.maven.apache.org/maven2/com/google/code/gson/gson-parent/2.8.6/gson-parent-2.8.6.pom to /home/runner/.gradle/.tmp/gradle_download7533828144006877244bin
Resource missing. [HTTP GET: https://dl.google.com/dl/android/maven2/org/eclipse/ee4j/project/1.0.5/project-1.0.5.pom]
Resource missing. [HTTP GET: https://dl.google.com/dl/android/maven2/io/grpc/grpc-core/1.45.1/grpc-core-1.45.1.pom]
Resource missing. [HTTP GET: https://dl.google.com/dl/android/maven2/io/grpc/grpc-netty/1.45.1/grpc-netty-1.45.1.pom]
Downloading https://repo.maven.apache.org/maven2/org/eclipse/ee4j/project/1.0.5/project-1.0.5.pom to /home/runner/.gradle/.tmp/gradle_download11855625050966552943bin
Resource missing. [HTTP GET: https://dl.google.com/dl/android/maven2/io/grpc/grpc-protobuf/1.45.1/grpc-protobuf-1.45.1.pom]
Downloading https://repo.maven.apache.org/maven2/io/grpc/grpc-core/1.45.1/grpc-core-1.45.1.pom to /home/runner/.gradle/.tmp/gradle_download9692580677220211946bin
Downloading https://repo.maven.apache.org/maven2/io/grpc/grpc-netty/1.45.1/grpc-netty-1.45.1.pom to /home/runner/.gradle/.tmp/gradle_download3277564221490426855bin
Downloading https://repo.maven.apache.org/maven2/io/grpc/grpc-protobuf/1.45.1/grpc-protobuf-1.45.1.pom to /home/runner/.gradle/.tmp/gradle_download9830224752027972707bin
Resource missing. [HTTP GET: https://dl.google.com/dl/android/maven2/io/grpc/grpc-stub/1.45.1/grpc-stub-1.45.1.pom]
Resource missing. [HTTP GET: https://dl.google.com/dl/android/maven2/com/google/crypto/tink/tink/1.7.0/tink-1.7.0.pom]
Downloading https://dl.google.com/dl/android/maven2/com/google/testing/platform/core-proto/0.0.8-alpha08/core-proto-0.0.8-alpha08.pom to /home/runner/.gradle/.tmp/gradle_download17614116538836688296bin
Downloading https://repo.maven.apache.org/maven2/io/grpc/grpc-stub/1.45.1/grpc-stub-1.45.1.pom to /home/runner/.gradle/.tmp/gradle_download7853410296965136483bin
Downloading https://repo.maven.apache.org/maven2/com/google/crypto/tink/tink/1.7.0/tink-1.7.0.pom to /home/runner/.gradle/.tmp/gradle_download433664795869802788bin
Resource missing. [HTTP GET: https://dl.google.com/dl/android/maven2/org/tensorflow/tensorflow-lite-metadata/0.1.0-rc2/tensorflow-lite-metadata-0.1.0-rc2.pom]
Resource missing. [HTTP GET: https://dl.google.com/dl/android/maven2/com/google/flatbuffers/flatbuffers-java/1.12.0/flatbuffers-java-1.12.0.pom]
Downloading https://repo.maven.apache.org/maven2/org/tensorflow/tensorflow-lite-metadata/0.1.0-rc2/tensorflow-lite-metadata-0.1.0-rc2.pom to /home/runner/.gradle/.tmp/gradle_download8167763558451748930bin
Downloading https://repo.maven.apache.org/maven2/com/google/flatbuffers/flatbuffers-java/1.12.0/flatbuffers-java-1.12.0.pom to /home/runner/.gradle/.tmp/gradle_download18390209028533383746bin
Downloading https://dl.google.com/dl/android/maven2/com/android/tools/build/gradle-api/8.2.2/gradle-api-8.2.2.pom to /home/runner/.gradle/.tmp/gradle_download17304565035928769131bin
Downloading https://dl.google.com/dl/android/maven2/com/android/tools/build/builder/8.2.2/builder-8.2.2.pom to /home/runner/.gradle/.tmp/gradle_download2998965539244794544bin
Downloading https://dl.google.com/dl/android/maven2/com/android/tools/build/gradle-api/8.2.2/gradle-api-8.2.2.module to /home/runner/.gradle/.tmp/gradle_download2615362670732663358bin
Downloading https://dl.google.com/dl/android/maven2/com/android/tools/build/builder-model/8.2.2/builder-model-8.2.2.pom to /home/runner/.gradle/.tmp/gradle_download4475656965841319504bin
Downloading https://dl.google.com/dl/android/maven2/com/android/tools/build/builder/8.2.2/builder-8.2.2.module to /home/runner/.gradle/.tmp/gradle_download14490193158001026737bin
Downloading https://dl.google.com/dl/android/maven2/com/android/tools/build/builder-model/8.2.2/builder-model-8.2.2.module to /home/runner/.gradle/.tmp/gradle_download4112114058301245007bin
Resource missing. [HTTP GET: https://dl.google.com/dl/android/maven2/org/jetbrains/kotlin/kotlin-gradle-plugin-idea/1.9.22/kotlin-gradle-plugin-idea-1.9.22.pom]
Resource missing. [HTTP GET: https://dl.google.com/dl/android/maven2/org/jetbrains/kotlin/kotlin-gradle-plugin-api/1.9.22/kotlin-gradle-plugin-api-1.9.22.pom]
Downloading https://repo.maven.apache.org/maven2/org/jetbrains/kotlin/kotlin-gradle-plugin-api/1.9.22/kotlin-gradle-plugin-api-1.9.22.pom to /home/runner/.gradle/.tmp/gradle_download7118473597396680260bin
Downloading https://repo.maven.apache.org/maven2/org/jetbrains/kotlin/kotlin-gradle-plugin-idea/1.9.22/kotlin-gradle-plugin-idea-1.9.22.pom to /home/runner/.gradle/.tmp/gradle_download1192829235531860221bin
Downloading https://repo.maven.apache.org/maven2/org/jetbrains/kotlin/kotlin-gradle-plugin-idea/1.9.22/kotlin-gradle-plugin-idea-1.9.22.module to /home/runner/.gradle/.tmp/gradle_download15391761528049713071bin
Downloading https://repo.maven.apache.org/maven2/org/jetbrains/kotlin/kotlin-gradle-plugin-api/1.9.22/kotlin-gradle-plugin-api-1.9.22.module to /home/runner/.gradle/.tmp/gradle_download2721914654341267651bin
Resource missing. [HTTP GET: https://dl.google.com/dl/android/maven2/org/jetbrains/kotlin/kotlin-gradle-plugin-idea-proto/1.9.22/kotlin-gradle-plugin-idea-proto-1.9.22.pom]
Resource missing. [HTTP GET: https://dl.google.com/dl/android/maven2/org/jetbrains/kotlin/kotlin-gradle-plugin-model/1.9.22/kotlin-gradle-plugin-model-1.9.22.pom]
Downloading https://repo.maven.apache.org/maven2/org/jetbrains/kotlin/kotlin-gradle-plugin-idea-proto/1.9.22/kotlin-gradle-plugin-idea-proto-1.9.22.pom to /home/runner/.gradle/.tmp/gradle_download17238300245799467823bin
Downloading https://repo.maven.apache.org/maven2/org/jetbrains/kotlin/kotlin-gradle-plugin-model/1.9.22/kotlin-gradle-plugin-model-1.9.22.pom to /home/runner/.gradle/.tmp/gradle_download10624543013821332233bin
Resource missing. [HTTP GET: https://dl.google.com/dl/android/maven2/org/jetbrains/kotlin/kotlin-util-klib/1.9.22/kotlin-util-klib-1.9.22.pom]
Downloading https://repo.maven.apache.org/maven2/org/jetbrains/kotlin/kotlin-gradle-plugin-model/1.9.22/kotlin-gradle-plugin-model-1.9.22.module to /home/runner/.gradle/.tmp/gradle_download18117976198783591234bin
Downloading https://repo.maven.apache.org/maven2/org/jetbrains/kotlin/kotlin-util-klib/1.9.22/kotlin-util-klib-1.9.22.pom to /home/runner/.gradle/.tmp/gradle_download17741141078754862533bin
Resource missing. [HTTP GET: https://dl.google.com/dl/android/maven2/org/jetbrains/kotlin/kotlin-build-tools-api/1.9.22/kotlin-build-tools-api-1.9.22.pom]
Resource missing. [HTTP GET: https://dl.google.com/dl/android/maven2/org/jetbrains/kotlin/kotlin-compiler-embeddable/1.9.22/kotlin-compiler-embeddable-1.9.22.pom]
Downloading https://repo.maven.apache.org/maven2/org/jetbrains/kotlin/kotlin-build-tools-api/1.9.22/kotlin-build-tools-api-1.9.22.pom to /home/runner/.gradle/.tmp/gradle_download8709289488950150332bin
Downloading https://repo.maven.apache.org/maven2/org/jetbrains/kotlin/kotlin-compiler-embeddable/1.9.22/kotlin-compiler-embeddable-1.9.22.pom to /home/runner/.gradle/.tmp/gradle_download3812638293998196942bin
Resource missing. [HTTP GET: https://dl.google.com/dl/android/maven2/org/jetbrains/kotlin/kotlin-klib-commonizer-api/1.9.22/kotlin-klib-commonizer-api-1.9.22.pom]
Downloading https://repo.maven.apache.org/maven2/org/jetbrains/kotlin/kotlin-klib-commonizer-api/1.9.22/kotlin-klib-commonizer-api-1.9.22.pom to /home/runner/.gradle/.tmp/gradle_download12796272400523850044bin
Resource missing. [HTTP GET: https://dl.google.com/dl/android/maven2/org/jetbrains/kotlin/kotlin-android-extensions/1.9.22/kotlin-android-extensions-1.9.22.pom]
Resource missing. [HTTP GET: https://dl.google.com/dl/android/maven2/org/jetbrains/kotlin/kotlin-scripting-compiler-impl-embeddable/1.9.22/kotlin-scripting-compiler-impl-embeddable-1.9.22.pom]
Downloading https://repo.maven.apache.org/maven2/org/jetbrains/kotlin/kotlin-android-extensions/1.9.22/kotlin-android-extensions-1.9.22.pom to /home/runner/.gradle/.tmp/gradle_download1810504739968018078bin
Downloading https://repo.maven.apache.org/maven2/org/jetbrains/kotlin/kotlin-scripting-compiler-impl-embeddable/1.9.22/kotlin-scripting-compiler-impl-embeddable-1.9.22.pom to /home/runner/.gradle/.tmp/gradle_download16985658297116309152bin
Resource missing. [HTTP GET: https://dl.google.com/dl/android/maven2/org/jetbrains/kotlin/kotlin-scripting-compiler-embeddable/1.9.22/kotlin-scripting-compiler-embeddable-1.9.22.pom]
Downloading https://repo.maven.apache.org/maven2/org/jetbrains/kotlin/kotlin-scripting-compiler-embeddable/1.9.22/kotlin-scripting-compiler-embeddable-1.9.22.pom to /home/runner/.gradle/.tmp/gradle_download5871156219253772247bin
Resource missing. [HTTP GET: https://dl.google.com/dl/android/maven2/org/jetbrains/kotlin/kotlin-compiler-runner/1.9.22/kotlin-compiler-runner-1.9.22.pom]
Downloading https://repo.maven.apache.org/maven2/org/jetbrains/kotlin/kotlin-compiler-runner/1.9.22/kotlin-compiler-runner-1.9.22.pom to /home/runner/.gradle/.tmp/gradle_download4480299712675123400bin
Resource missing. [HTTP GET: https://dl.google.com/dl/android/maven2/com/google/code/gson/gson/2.10/gson-2.10.pom]
Downloading https://repo.maven.apache.org/maven2/com/google/code/gson/gson/2.10/gson-2.10.pom to /home/runner/.gradle/.tmp/gradle_download11757621587022038468bin
Resource missing. [HTTP GET: https://dl.google.com/dl/android/maven2/com/google/code/gson/gson-parent/2.10/gson-parent-2.10.pom]
Downloading https://repo.maven.apache.org/maven2/com/google/code/gson/gson-parent/2.10/gson-parent-2.10.pom to /home/runner/.gradle/.tmp/gradle_download12053020594999858972bin
Resource missing. [HTTP GET: https://dl.google.com/dl/android/maven2/com/google/guava/guava/31.1-jre/guava-31.1-jre.pom]
Resource missing. [HTTP GET: https://dl.google.com/dl/android/maven2/javax/inject/javax.inject/1/javax.inject-1.pom]
Resource missing. [HTTP GET: https://dl.google.com/dl/android/maven2/net/sf/kxml/kxml2/2.3.0/kxml2-2.3.0.pom]
Downloading https://dl.google.com/dl/android/maven2/com/android/tools/common/31.2.2/common-31.2.2.pom to /home/runner/.gradle/.tmp/gradle_download15695367627283495405bin
Downloading https://repo.maven.apache.org/maven2/javax/inject/javax.inject/1/javax.inject-1.pom to /home/runner/.gradle/.tmp/gradle_download7101855568162151570bin
Downloading https://repo.maven.apache.org/maven2/com/google/guava/guava/31.1-jre/guava-31.1-jre.pom to /home/runner/.gradle/.tmp/gradle_download370073272862302365bin
Resource missing. [HTTP GET: https://dl.google.com/dl/android/maven2/org/bouncycastle/bcprov-jdk15on/1.67/bcprov-jdk15on-1.67.pom]
Downloading https://repo.maven.apache.org/maven2/net/sf/kxml/kxml2/2.3.0/kxml2-2.3.0.pom to /home/runner/.gradle/.tmp/gradle_download1667923192995978342bin
Resource missing. [HTTP GET: https://dl.google.com/dl/android/maven2/org/jetbrains/intellij/deps/trove4j/1.0.20200330/trove4j-1.0.20200330.pom]
Resource missing. [HTTP GET: https://dl.google.com/dl/android/maven2/com/google/guava/guava-parent/31.1-jre/guava-parent-31.1-jre.pom]
Downloading https://repo.maven.apache.org/maven2/org/bouncycastle/bcprov-jdk15on/1.67/bcprov-jdk15on-1.67.pom to /home/runner/.gradle/.tmp/gradle_download4885668461721161693bin
Resource missing. [HTTP GET: https://dl.google.com/dl/android/maven2/org/jetbrains/kotlin/kotlin-reflect/1.9.0/kotlin-reflect-1.9.0.pom]
Downloading https://repo.maven.apache.org/maven2/org/jetbrains/intellij/deps/trove4j/1.0.20200330/trove4j-1.0.20200330.pom to /home/runner/.gradle/.tmp/gradle_download16737405919216936601bin
Downloading https://repo.maven.apache.org/maven2/com/google/guava/guava-parent/31.1-jre/guava-parent-31.1-jre.pom to /home/runner/.gradle/.tmp/gradle_download16323202379084591224bin
Resource missing. [HTTP GET: https://dl.google.com/dl/android/maven2/xerces/xercesImpl/2.12.0/xercesImpl-2.12.0.pom]
Downloading https://repo.maven.apache.org/maven2/org/jetbrains/kotlin/kotlin-reflect/1.9.0/kotlin-reflect-1.9.0.pom to /home/runner/.gradle/.tmp/gradle_download5467458912728772833bin
Downloading https://repo.maven.apache.org/maven2/xerces/xercesImpl/2.12.0/xercesImpl-2.12.0.pom to /home/runner/.gradle/.tmp/gradle_download502816045886524328bin
Resource missing. [HTTP GET: https://dl.google.com/dl/android/maven2/org/apache/commons/commons-compress/1.21/commons-compress-1.21.pom]
Resource missing. [HTTP GET: https://dl.google.com/dl/android/maven2/org/apache/httpcomponents/httpcore/4.4.16/httpcore-4.4.16.pom]
Downloading https://dl.google.com/dl/android/maven2/com/android/tools/dvlib/31.2.2/dvlib-31.2.2.pom to /home/runner/.gradle/.tmp/gradle_download17173335156428599955bin
Downloading https://repo.maven.apache.org/maven2/org/apache/httpcomponents/httpcore/4.4.16/httpcore-4.4.16.pom to /home/runner/.gradle/.tmp/gradle_download3760936751970903562bin
Downloading https://repo.maven.apache.org/maven2/org/apache/commons/commons-compress/1.21/commons-compress-1.21.pom to /home/runner/.gradle/.tmp/gradle_download12451093897917974954bin
Resource missing. [HTTP GET: https://dl.google.com/dl/android/maven2/org/apache/httpcomponents/httpcomponents-core/4.4.16/httpcomponents-core-4.4.16.pom]
Resource missing. [HTTP GET: https://dl.google.com/dl/android/maven2/org/apache/commons/commons-parent/52/commons-parent-52.pom]
Downloading https://repo.maven.apache.org/maven2/org/apache/httpcomponents/httpcomponents-core/4.4.16/httpcomponents-core-4.4.16.pom to /home/runner/.gradle/.tmp/gradle_download1311460078338135823bin
Downloading https://repo.maven.apache.org/maven2/org/apache/commons/commons-parent/52/commons-parent-52.pom to /home/runner/.gradle/.tmp/gradle_download2941701285975714661bin
Resource missing. [HTTP GET: https://dl.google.com/dl/android/maven2/org/apache/httpcomponents/httpcomponents-parent/11/httpcomponents-parent-11.pom]
Resource missing. [HTTP GET: https://dl.google.com/dl/android/maven2/org/apache/apache/23/apache-23.pom]
Downloading https://repo.maven.apache.org/maven2/org/apache/apache/23/apache-23.pom to /home/runner/.gradle/.tmp/gradle_download17488329816921401192bin
Downloading https://repo.maven.apache.org/maven2/org/apache/httpcomponents/httpcomponents-parent/11/httpcomponents-parent-11.pom to /home/runner/.gradle/.tmp/gradle_download8325552350198685573bin
Resource missing. [HTTP GET: https://dl.google.com/dl/android/maven2/org/apache/apache/21/apache-21.pom]
Downloading https://repo.maven.apache.org/maven2/org/apache/apache/21/apache-21.pom to /home/runner/.gradle/.tmp/gradle_download15621982586745621931bin
Resource missing. [HTTP GET: https://dl.google.com/dl/android/maven2/com/google/jimfs/jimfs/1.1/jimfs-1.1.pom]
Resource missing. [HTTP GET: https://dl.google.com/dl/android/maven2/com/sun/activation/javax.activation/1.2.0/javax.activation-1.2.0.pom]
Downloading https://repo.maven.apache.org/maven2/com/sun/activation/javax.activation/1.2.0/javax.activation-1.2.0.pom to /home/runner/.gradle/.tmp/gradle_download10190031036918890766bin
Downloading https://repo.maven.apache.org/maven2/com/google/jimfs/jimfs/1.1/jimfs-1.1.pom to /home/runner/.gradle/.tmp/gradle_download3248633815249485381bin
Resource missing. [HTTP GET: https://dl.google.com/dl/android/maven2/com/google/jimfs/jimfs-parent/1.1/jimfs-parent-1.1.pom]
Resource missing. [HTTP GET: https://dl.google.com/dl/android/maven2/com/sun/activation/all/1.2.0/all-1.2.0.pom]
Downloading https://repo.maven.apache.org/maven2/com/google/jimfs/jimfs-parent/1.1/jimfs-parent-1.1.pom to /home/runner/.gradle/.tmp/gradle_download13421830420844982044bin
Downloading https://repo.maven.apache.org/maven2/com/sun/activation/all/1.2.0/all-1.2.0.pom to /home/runner/.gradle/.tmp/gradle_download8901724928622639842bin
Resource missing. [HTTP GET: https://dl.google.com/dl/android/maven2/net/java/jvnet-parent/1/jvnet-parent-1.pom]
Downloading https://repo.maven.apache.org/maven2/net/java/jvnet-parent/1/jvnet-parent-1.pom to /home/runner/.gradle/.tmp/gradle_download6894396915456403242bin
Resource missing. [HTTP GET: https://dl.google.com/dl/android/maven2/org/jetbrains/annotations/13.0/annotations-13.0.pom]
Downloading https://repo.maven.apache.org/maven2/org/jetbrains/annotations/13.0/annotations-13.0.pom to /home/runner/.gradle/.tmp/gradle_download2316173071677131374bin
Resource missing. [HTTP GET: https://dl.google.com/dl/android/maven2/org/apache/httpcomponents/httpclient/4.5.14/httpclient-4.5.14.pom]
Downloading https://dl.google.com/dl/android/maven2/com/android/tools/annotations/31.2.2/annotations-31.2.2.pom to /home/runner/.gradle/.tmp/gradle_download11985277707250410342bin
Downloading https://repo.maven.apache.org/maven2/org/apache/httpcomponents/httpclient/4.5.14/httpclient-4.5.14.pom to /home/runner/.gradle/.tmp/gradle_download11408537629937846230bin
Resource missing. [HTTP GET: https://dl.google.com/dl/android/maven2/org/apache/httpcomponents/httpcomponents-client/4.5.14/httpcomponents-client-4.5.14.pom]
Downloading https://repo.maven.apache.org/maven2/org/apache/httpcomponents/httpcomponents-client/4.5.14/httpcomponents-client-4.5.14.pom to /home/runner/.gradle/.tmp/gradle_download3604543611017503056bin
Resource missing. [HTTP GET: https://dl.google.com/dl/android/maven2/net/java/dev/jna/jna-platform/5.6.0/jna-platform-5.6.0.pom]
Downloading https://dl.google.com/dl/android/maven2/com/android/tools/analytics-library/protos/31.2.2/protos-31.2.2.pom to /home/runner/.gradle/.tmp/gradle_download2926627419896558347bin
Downloading https://repo.maven.apache.org/maven2/net/java/dev/jna/jna-platform/5.6.0/jna-platform-5.6.0.pom to /home/runner/.gradle/.tmp/gradle_download9996490787596233821bin
Resource missing. [HTTP GET: https://dl.google.com/dl/android/maven2/com/googlecode/juniversalchardet/juniversalchardet/1.0.3/juniversalchardet-1.0.3.pom]
Downloading https://repo.maven.apache.org/maven2/com/googlecode/juniversalchardet/juniversalchardet/1.0.3/juniversalchardet-1.0.3.pom to /home/runner/.gradle/.tmp/gradle_download14035980323107857479bin
Resource missing. [HTTP GET: https://dl.google.com/dl/android/maven2/javax/annotation/javax.annotation-api/1.3.2/javax.annotation-api-1.3.2.pom]
Downloading https://repo.maven.apache.org/maven2/javax/annotation/javax.annotation-api/1.3.2/javax.annotation-api-1.3.2.pom to /home/runner/.gradle/.tmp/gradle_download9635880024823975605bin
Resource missing. [HTTP GET: https://dl.google.com/dl/android/maven2/net/java/jvnet-parent/3/jvnet-parent-3.pom]
Downloading https://repo.maven.apache.org/maven2/net/java/jvnet-parent/3/jvnet-parent-3.pom to /home/runner/.gradle/.tmp/gradle_download9038399996975801224bin
Resource missing. [HTTP GET: https://dl.google.com/dl/android/maven2/org/jetbrains/kotlin/kotlin-stdlib/1.9.0/kotlin-stdlib-1.9.0.pom]
Resource missing. [HTTP GET: https://dl.google.com/dl/android/maven2/org/jetbrains/kotlin/kotlin-stdlib-jdk7/1.9.0/kotlin-stdlib-jdk7-1.9.0.pom]
Downloading https://repo.maven.apache.org/maven2/org/jetbrains/kotlin/kotlin-stdlib/1.9.0/kotlin-stdlib-1.9.0.pom to /home/runner/.gradle/.tmp/gradle_download4429114005580175438bin
Downloading https://repo.maven.apache.org/maven2/org/jetbrains/kotlin/kotlin-stdlib-jdk7/1.9.0/kotlin-stdlib-jdk7-1.9.0.pom to /home/runner/.gradle/.tmp/gradle_download4561080148921066894bin
Resource missing. [HTTP GET: https://dl.google.com/dl/android/maven2/org/ow2/asm/asm-tree/9.2/asm-tree-9.2.pom]
Downloading https://repo.maven.apache.org/maven2/org/ow2/asm/asm-tree/9.2/asm-tree-9.2.pom to /home/runner/.gradle/.tmp/gradle_download16361719353369333395bin
Resource missing. [HTTP GET: https://dl.google.com/dl/android/maven2/org/glassfish/jaxb/txw2/2.3.2/txw2-2.3.2.pom]
Resource missing. [HTTP GET: https://dl.google.com/dl/android/maven2/com/sun/istack/istack-commons-runtime/3.0.8/istack-commons-runtime-3.0.8.pom]
Resource missing. [HTTP GET: https://dl.google.com/dl/android/maven2/jakarta/xml/bind/jakarta.xml.bind-api/2.3.2/jakarta.xml.bind-api-2.3.2.pom]
Resource missing. [HTTP GET: https://dl.google.com/dl/android/maven2/org/jvnet/staxex/stax-ex/1.8.1/stax-ex-1.8.1.pom]
Downloading https://repo.maven.apache.org/maven2/org/glassfish/jaxb/txw2/2.3.2/txw2-2.3.2.pom to /home/runner/.gradle/.tmp/gradle_download17922036056010525535bin
Downloading https://repo.maven.apache.org/maven2/com/sun/istack/istack-commons-runtime/3.0.8/istack-commons-runtime-3.0.8.pom to /home/runner/.gradle/.tmp/gradle_download12085324203631361347bin
Downloading https://repo.maven.apache.org/maven2/jakarta/xml/bind/jakarta.xml.bind-api/2.3.2/jakarta.xml.bind-api-2.3.2.pom to /home/runner/.gradle/.tmp/gradle_download9197738103011778358bin
Resource missing. [HTTP GET: https://dl.google.com/dl/android/maven2/com/sun/xml/bind/mvn/jaxb-txw-parent/2.3.2/jaxb-txw-parent-2.3.2.pom]
Downloading https://repo.maven.apache.org/maven2/org/jvnet/staxex/stax-ex/1.8.1/stax-ex-1.8.1.pom to /home/runner/.gradle/.tmp/gradle_download8134773839126966064bin
Resource missing. [HTTP GET: https://dl.google.com/dl/android/maven2/com/sun/istack/istack-commons/3.0.8/istack-commons-3.0.8.pom]
Resource missing. [HTTP GET: https://dl.google.com/dl/android/maven2/jakarta/xml/bind/jakarta.xml.bind-api-parent/2.3.2/jakarta.xml.bind-api-parent-2.3.2.pom]
Resource missing. [HTTP GET: https://dl.google.com/dl/android/maven2/com/sun/xml/fastinfoset/FastInfoset/1.2.16/FastInfoset-1.2.16.pom]
Downloading https://repo.maven.apache.org/maven2/com/sun/xml/bind/mvn/jaxb-txw-parent/2.3.2/jaxb-txw-parent-2.3.2.pom to /home/runner/.gradle/.tmp/gradle_download7271591442059056948bin
Downloading https://repo.maven.apache.org/maven2/com/sun/istack/istack-commons/3.0.8/istack-commons-3.0.8.pom to /home/runner/.gradle/.tmp/gradle_download11638755082836742928bin
Downloading https://repo.maven.apache.org/maven2/com/sun/xml/fastinfoset/FastInfoset/1.2.16/FastInfoset-1.2.16.pom to /home/runner/.gradle/.tmp/gradle_download13935731986265689031bin
Downloading https://repo.maven.apache.org/maven2/jakarta/xml/bind/jakarta.xml.bind-api-parent/2.3.2/jakarta.xml.bind-api-parent-2.3.2.pom to /home/runner/.gradle/.tmp/gradle_download12670149213437615856bin
Resource missing. [HTTP GET: https://dl.google.com/dl/android/maven2/jakarta/activation/jakarta.activation-api/1.2.1/jakarta.activation-api-1.2.1.pom]
Resource missing. [HTTP GET: https://dl.google.com/dl/android/maven2/com/sun/xml/fastinfoset/fastinfoset-project/1.2.16/fastinfoset-project-1.2.16.pom]
Downloading https://repo.maven.apache.org/maven2/jakarta/activation/jakarta.activation-api/1.2.1/jakarta.activation-api-1.2.1.pom to /home/runner/.gradle/.tmp/gradle_download5451085490762286929bin
Downloading https://repo.maven.apache.org/maven2/com/sun/xml/fastinfoset/fastinfoset-project/1.2.16/fastinfoset-project-1.2.16.pom to /home/runner/.gradle/.tmp/gradle_download12395820367550784829bin
Resource missing. [HTTP GET: https://dl.google.com/dl/android/maven2/com/sun/activation/all/1.2.1/all-1.2.1.pom]
Downloading https://repo.maven.apache.org/maven2/com/sun/activation/all/1.2.1/all-1.2.1.pom to /home/runner/.gradle/.tmp/gradle_download6541412523170383375bin
Resource missing. [HTTP GET: https://dl.google.com/dl/android/maven2/org/eclipse/ee4j/project/1.0.2/project-1.0.2.pom]
Downloading https://repo.maven.apache.org/maven2/org/eclipse/ee4j/project/1.0.2/project-1.0.2.pom to /home/runner/.gradle/.tmp/gradle_download10781002986533164008bin
Resource missing. [HTTP GET: https://dl.google.com/dl/android/maven2/com/google/auto/value/auto-value-annotations/1.6.2/auto-value-annotations-1.6.2.pom]
Resource missing. [HTTP GET: https://dl.google.com/dl/android/maven2/org/bitbucket/b_c/jose4j/0.7.0/jose4j-0.7.0.pom]
Resource missing. [HTTP GET: https://dl.google.com/dl/android/maven2/com/google/dagger/dagger/2.28.3/dagger-2.28.3.pom]
Resource missing. [HTTP GET: https://dl.google.com/dl/android/maven2/com/google/errorprone/error_prone_annotations/2.3.1/error_prone_annotations-2.3.1.pom]
Downloading https://repo.maven.apache.org/maven2/com/google/auto/value/auto-value-annotations/1.6.2/auto-value-annotations-1.6.2.pom to /home/runner/.gradle/.tmp/gradle_download2420068998735894176bin
Downloading https://repo.maven.apache.org/maven2/com/google/errorprone/error_prone_annotations/2.3.1/error_prone_annotations-2.3.1.pom to /home/runner/.gradle/.tmp/gradle_download321903126351895633bin
Downloading https://repo.maven.apache.org/maven2/org/bitbucket/b_c/jose4j/0.7.0/jose4j-0.7.0.pom to /home/runner/.gradle/.tmp/gradle_download12449264363085481552bin
Downloading https://repo.maven.apache.org/maven2/com/google/dagger/dagger/2.28.3/dagger-2.28.3.pom to /home/runner/.gradle/.tmp/gradle_download12388493291218695099bin
Resource missing. [HTTP GET: https://dl.google.com/dl/android/maven2/com/google/errorprone/error_prone_parent/2.3.1/error_prone_parent-2.3.1.pom]
Resource missing. [HTTP GET: https://dl.google.com/dl/android/maven2/com/google/auto/value/auto-value-parent/1.6.2/auto-value-parent-1.6.2.pom]
Resource missing. [HTTP GET: https://dl.google.com/dl/android/maven2/org/slf4j/slf4j-api/1.7.30/slf4j-api-1.7.30.pom]
Downloading https://repo.maven.apache.org/maven2/com/google/auto/value/auto-value-parent/1.6.2/auto-value-parent-1.6.2.pom to /home/runner/.gradle/.tmp/gradle_download2431263578644697299bin
Downloading https://repo.maven.apache.org/maven2/com/google/errorprone/error_prone_parent/2.3.1/error_prone_parent-2.3.1.pom to /home/runner/.gradle/.tmp/gradle_download3676348990141047502bin
Downloading https://repo.maven.apache.org/maven2/org/slf4j/slf4j-api/1.7.30/slf4j-api-1.7.30.pom to /home/runner/.gradle/.tmp/gradle_download7691654481070109364bin
Resource missing. [HTTP GET: https://dl.google.com/dl/android/maven2/com/google/auto/auto-parent/6/auto-parent-6.pom]
Resource missing. [HTTP GET: https://dl.google.com/dl/android/maven2/org/slf4j/slf4j-parent/1.7.30/slf4j-parent-1.7.30.pom]
Downloading https://repo.maven.apache.org/maven2/com/google/auto/auto-parent/6/auto-parent-6.pom to /home/runner/.gradle/.tmp/gradle_download1760382152643253564bin
Downloading https://repo.maven.apache.org/maven2/org/slf4j/slf4j-parent/1.7.30/slf4j-parent-1.7.30.pom to /home/runner/.gradle/.tmp/gradle_download4793664972150429443bin
Resource missing. [HTTP GET: https://dl.google.com/dl/android/maven2/org/jdom/jdom2/2.0.6/jdom2-2.0.6.pom]
Downloading https://repo.maven.apache.org/maven2/org/jdom/jdom2/2.0.6/jdom2-2.0.6.pom to /home/runner/.gradle/.tmp/gradle_download6068928787154264657bin
Resource missing. [HTTP GET: https://dl.google.com/dl/android/maven2/com/google/errorprone/error_prone_annotations/2.5.1/error_prone_annotations-2.5.1.pom]
Downloading https://repo.maven.apache.org/maven2/com/google/errorprone/error_prone_annotations/2.5.1/error_prone_annotations-2.5.1.pom to /home/runner/.gradle/.tmp/gradle_download3757072648343271861bin
Resource missing. [HTTP GET: https://dl.google.com/dl/android/maven2/com/google/errorprone/error_prone_parent/2.5.1/error_prone_parent-2.5.1.pom]
Downloading https://repo.maven.apache.org/maven2/com/google/errorprone/error_prone_parent/2.5.1/error_prone_parent-2.5.1.pom to /home/runner/.gradle/.tmp/gradle_download4148991678586448444bin
Resource missing. [HTTP GET: https://dl.google.com/dl/android/maven2/com/google/j2objc/j2objc-annotations/1.3/j2objc-annotations-1.3.pom]
Resource missing. [HTTP GET: https://dl.google.com/dl/android/maven2/com/google/code/findbugs/jsr305/3.0.2/jsr305-3.0.2.pom]
Downloading https://repo.maven.apache.org/maven2/com/google/code/findbugs/jsr305/3.0.2/jsr305-3.0.2.pom to /home/runner/.gradle/.tmp/gradle_download4933288654575218309bin
Downloading https://repo.maven.apache.org/maven2/com/google/j2objc/j2objc-annotations/1.3/j2objc-annotations-1.3.pom to /home/runner/.gradle/.tmp/gradle_download9098507722831561861bin
Resource missing. [HTTP GET: https://dl.google.com/dl/android/maven2/com/google/errorprone/error_prone_annotations/2.10.0/error_prone_annotations-2.10.0.pom]
Downloading https://repo.maven.apache.org/maven2/com/google/errorprone/error_prone_annotations/2.10.0/error_prone_annotations-2.10.0.pom to /home/runner/.gradle/.tmp/gradle_download10742461543716028968bin
Resource missing. [HTTP GET: https://dl.google.com/dl/android/maven2/com/google/errorprone/error_prone_parent/2.10.0/error_prone_parent-2.10.0.pom]
Downloading https://repo.maven.apache.org/maven2/com/google/errorprone/error_prone_parent/2.10.0/error_prone_parent-2.10.0.pom to /home/runner/.gradle/.tmp/gradle_download12114845770945092650bin
Resource missing. [HTTP GET: https://dl.google.com/dl/android/maven2/io/grpc/grpc-api/1.45.1/grpc-api-1.45.1.pom]
Resource missing. [HTTP GET: https://dl.google.com/dl/android/maven2/io/perfmark/perfmark-api/0.23.0/perfmark-api-0.23.0.pom]
Resource missing. [HTTP GET: https://dl.google.com/dl/android/maven2/com/google/android/annotations/4.1.1.4/annotations-4.1.1.4.pom]
Resource missing. [HTTP GET: https://dl.google.com/dl/android/maven2/org/codehaus/mojo/animal-sniffer-annotations/1.19/animal-sniffer-annotations-1.19.pom]
Downloading https://repo.maven.apache.org/maven2/org/codehaus/mojo/animal-sniffer-annotations/1.19/animal-sniffer-annotations-1.19.pom to /home/runner/.gradle/.tmp/gradle_download4569498203496598440bin
Downloading https://repo.maven.apache.org/maven2/io/grpc/grpc-api/1.45.1/grpc-api-1.45.1.pom to /home/runner/.gradle/.tmp/gradle_download3512674939429670982bin
Downloading https://repo.maven.apache.org/maven2/com/google/android/annotations/4.1.1.4/annotations-4.1.1.4.pom to /home/runner/.gradle/.tmp/gradle_download11965116996517902083bin
Downloading https://repo.maven.apache.org/maven2/io/perfmark/perfmark-api/0.23.0/perfmark-api-0.23.0.pom to /home/runner/.gradle/.tmp/gradle_download3829187643959378311bin
Resource missing. [HTTP GET: https://dl.google.com/dl/android/maven2/org/codehaus/mojo/animal-sniffer-parent/1.19/animal-sniffer-parent-1.19.pom]
Downloading https://repo.maven.apache.org/maven2/io/perfmark/perfmark-api/0.23.0/perfmark-api-0.23.0.module to /home/runner/.gradle/.tmp/gradle_download9816095996490479323bin
Downloading https://repo.maven.apache.org/maven2/org/codehaus/mojo/animal-sniffer-parent/1.19/animal-sniffer-parent-1.19.pom to /home/runner/.gradle/.tmp/gradle_download16101789178905662376bin
Resource missing. [HTTP GET: https://dl.google.com/dl/android/maven2/org/codehaus/mojo/mojo-parent/50/mojo-parent-50.pom]
Downloading https://repo.maven.apache.org/maven2/org/codehaus/mojo/mojo-parent/50/mojo-parent-50.pom to /home/runner/.gradle/.tmp/gradle_download5530280876815677469bin
Resource missing. [HTTP GET: https://dl.google.com/dl/android/maven2/io/netty/netty-codec-http2/4.1.72.Final/netty-codec-http2-4.1.72.Final.pom]
Resource missing. [HTTP GET: https://dl.google.com/dl/android/maven2/io/netty/netty-handler-proxy/4.1.72.Final/netty-handler-proxy-4.1.72.Final.pom]
Downloading https://repo.maven.apache.org/maven2/io/netty/netty-handler-proxy/4.1.72.Final/netty-handler-proxy-4.1.72.Final.pom to /home/runner/.gradle/.tmp/gradle_download15708678439214708386bin
Downloading https://repo.maven.apache.org/maven2/io/netty/netty-codec-http2/4.1.72.Final/netty-codec-http2-4.1.72.Final.pom to /home/runner/.gradle/.tmp/gradle_download786688254489950132bin
Resource missing. [HTTP GET: https://dl.google.com/dl/android/maven2/io/netty/netty-parent/4.1.72.Final/netty-parent-4.1.72.Final.pom]
Downloading https://repo.maven.apache.org/maven2/io/netty/netty-parent/4.1.72.Final/netty-parent-4.1.72.Final.pom to /home/runner/.gradle/.tmp/gradle_download14166851168590449084bin
Resource missing. [HTTP GET: https://dl.google.com/dl/android/maven2/org/sonatype/oss/oss-parent/9/oss-parent-9.pom]
Downloading https://repo.maven.apache.org/maven2/org/sonatype/oss/oss-parent/9/oss-parent-9.pom to /home/runner/.gradle/.tmp/gradle_download689602618963750047bin
Resource missing. [HTTP GET: https://dl.google.com/dl/android/maven2/com/google/api/grpc/proto-google-common-protos/2.0.1/proto-google-common-protos-2.0.1.pom]
Resource missing. [HTTP GET: https://dl.google.com/dl/android/maven2/io/grpc/grpc-protobuf-lite/1.45.1/grpc-protobuf-lite-1.45.1.pom]
Downloading https://repo.maven.apache.org/maven2/com/google/api/grpc/proto-google-common-protos/2.0.1/proto-google-common-protos-2.0.1.pom to /home/runner/.gradle/.tmp/gradle_download16432309770429418641bin
Downloading https://repo.maven.apache.org/maven2/io/grpc/grpc-protobuf-lite/1.45.1/grpc-protobuf-lite-1.45.1.pom to /home/runner/.gradle/.tmp/gradle_download8963966461722687187bin
Resource missing. [HTTP GET: https://dl.google.com/dl/android/maven2/org/checkerframework/checker-qual/2.5.8/checker-qual-2.5.8.pom]
Downloading https://repo.maven.apache.org/maven2/org/checkerframework/checker-qual/2.5.8/checker-qual-2.5.8.pom to /home/runner/.gradle/.tmp/gradle_download5873001594910737945bin
Downloading https://dl.google.com/dl/android/maven2/com/android/signflinger/8.2.2/signflinger-8.2.2.pom to /home/runner/.gradle/.tmp/gradle_download11617141938291871072bin
Resource missing. [HTTP GET: https://dl.google.com/dl/android/maven2/commons-codec/commons-codec/1.10/commons-codec-1.10.pom]
Downloading https://repo.maven.apache.org/maven2/commons-codec/commons-codec/1.10/commons-codec-1.10.pom to /home/runner/.gradle/.tmp/gradle_download9268231688953112557bin
Downloading https://dl.google.com/dl/android/maven2/com/android/zipflinger/8.2.2/zipflinger-8.2.2.pom to /home/runner/.gradle/.tmp/gradle_download6353077460912880114bin
Resource missing. [HTTP GET: https://dl.google.com/dl/android/maven2/org/apache/commons/commons-parent/35/commons-parent-35.pom]
Downloading https://dl.google.com/dl/android/maven2/com/android/tools/build/apksig/8.2.2/apksig-8.2.2.pom to /home/runner/.gradle/.tmp/gradle_download9348025804221032328bin
Downloading https://repo.maven.apache.org/maven2/org/apache/commons/commons-parent/35/commons-parent-35.pom to /home/runner/.gradle/.tmp/gradle_download16277648072049280667bin
Downloading https://dl.google.com/dl/android/maven2/com/android/tools/analytics-library/tracker/31.2.2/tracker-31.2.2.pom to /home/runner/.gradle/.tmp/gradle_download6293091885766998415bin
Downloading https://dl.google.com/dl/android/maven2/com/android/tools/build/manifest-merger/31.2.2/manifest-merger-31.2.2.pom to /home/runner/.gradle/.tmp/gradle_download3215715383559929897bin
Resource missing. [HTTP GET: https://dl.google.com/dl/android/maven2/org/apache/apache/15/apache-15.pom]
Resource missing. [HTTP GET: https://dl.google.com/dl/android/maven2/com/squareup/javawriter/2.5.0/javawriter-2.5.0.pom]
Downloading https://dl.google.com/dl/android/maven2/com/android/tools/build/manifest-merger/31.2.2/manifest-merger-31.2.2.module to /home/runner/.gradle/.tmp/gradle_download1581980815846402403bin
Downloading https://repo.maven.apache.org/maven2/org/apache/apache/15/apache-15.pom to /home/runner/.gradle/.tmp/gradle_download13260149301123351792bin
Downloading https://repo.maven.apache.org/maven2/com/squareup/javawriter/2.5.0/javawriter-2.5.0.pom to /home/runner/.gradle/.tmp/gradle_download1710000472142334240bin
Downloading https://dl.google.com/dl/android/maven2/com/android/tools/build/apkzlib/8.2.2/apkzlib-8.2.2.pom to /home/runner/.gradle/.tmp/gradle_download15337075906136581364bin
Resource missing. [HTTP GET: https://dl.google.com/dl/android/maven2/org/jetbrains/kotlin/kotlin-project-model/1.9.22/kotlin-project-model-1.9.22.pom]
Downloading https://repo.maven.apache.org/maven2/org/jetbrains/kotlin/kotlin-project-model/1.9.22/kotlin-project-model-1.9.22.pom to /home/runner/.gradle/.tmp/gradle_download5579583408614261323bin
Resource missing. [HTTP GET: https://dl.google.com/dl/android/maven2/org/jetbrains/kotlin/kotlin-tooling-core/1.9.22/kotlin-tooling-core-1.9.22.pom]
Resource missing. [HTTP GET: https://dl.google.com/dl/android/maven2/org/jetbrains/kotlin/kotlin-native-utils/1.9.22/kotlin-native-utils-1.9.22.pom]
Downloading https://repo.maven.apache.org/maven2/org/jetbrains/kotlin/kotlin-native-utils/1.9.22/kotlin-native-utils-1.9.22.pom to /home/runner/.gradle/.tmp/gradle_download7321443348194886562bin
Downloading https://repo.maven.apache.org/maven2/org/jetbrains/kotlin/kotlin-tooling-core/1.9.22/kotlin-tooling-core-1.9.22.pom to /home/runner/.gradle/.tmp/gradle_download12804267027933032810bin
Resource missing. [HTTP GET: https://dl.google.com/dl/android/maven2/org/jetbrains/kotlin/kotlin-gradle-plugin-annotations/1.9.22/kotlin-gradle-plugin-annotations-1.9.22.pom]
Downloading https://repo.maven.apache.org/maven2/org/jetbrains/kotlin/kotlin-gradle-plugin-annotations/1.9.22/kotlin-gradle-plugin-annotations-1.9.22.pom to /home/runner/.gradle/.tmp/gradle_download4271247529876365531bin
Resource missing. [HTTP GET: https://dl.google.com/dl/android/maven2/org/jetbrains/kotlin/kotlin-util-io/1.9.22/kotlin-util-io-1.9.22.pom]
Downloading https://repo.maven.apache.org/maven2/org/jetbrains/kotlin/kotlin-util-io/1.9.22/kotlin-util-io-1.9.22.pom to /home/runner/.gradle/.tmp/gradle_download16596664565800216645bin
Resource missing. [HTTP GET: https://dl.google.com/dl/android/maven2/org/jetbrains/kotlin/kotlin-daemon-embeddable/1.9.22/kotlin-daemon-embeddable-1.9.22.pom]
Downloading https://repo.maven.apache.org/maven2/org/jetbrains/kotlin/kotlin-daemon-embeddable/1.9.22/kotlin-daemon-embeddable-1.9.22.pom to /home/runner/.gradle/.tmp/gradle_download9709237896534058356bin
Resource missing. [HTTP GET: https://dl.google.com/dl/android/maven2/org/jetbrains/kotlinx/kotlinx-coroutines-core-jvm/1.5.0/kotlinx-coroutines-core-jvm-1.5.0.pom]
Downloading https://repo.maven.apache.org/maven2/org/jetbrains/kotlinx/kotlinx-coroutines-core-jvm/1.5.0/kotlinx-coroutines-core-jvm-1.5.0.pom to /home/runner/.gradle/.tmp/gradle_download768050544913167731bin
Resource missing. [HTTP GET: https://dl.google.com/dl/android/maven2/org/jetbrains/kotlin/kotlin-daemon-client/1.9.22/kotlin-daemon-client-1.9.22.pom]
Downloading https://repo.maven.apache.org/maven2/org/jetbrains/kotlinx/kotlinx-coroutines-core-jvm/1.5.0/kotlinx-coroutines-core-jvm-1.5.0.module to /home/runner/.gradle/.tmp/gradle_download604318979227239244bin
Downloading https://repo.maven.apache.org/maven2/org/jetbrains/kotlin/kotlin-daemon-client/1.9.22/kotlin-daemon-client-1.9.22.pom to /home/runner/.gradle/.tmp/gradle_download14685001967845901897bin
Resource missing. [HTTP GET: https://dl.google.com/dl/android/maven2/org/jetbrains/kotlin/kotlin-scripting-jvm/1.9.22/kotlin-scripting-jvm-1.9.22.pom]
Resource missing. [HTTP GET: https://dl.google.com/dl/android/maven2/org/jetbrains/kotlin/kotlin-scripting-common/1.9.22/kotlin-scripting-common-1.9.22.pom]
Downloading https://repo.maven.apache.org/maven2/org/jetbrains/kotlin/kotlin-scripting-jvm/1.9.22/kotlin-scripting-jvm-1.9.22.pom to /home/runner/.gradle/.tmp/gradle_download2350756709023841908bin
Downloading https://repo.maven.apache.org/maven2/org/jetbrains/kotlin/kotlin-scripting-common/1.9.22/kotlin-scripting-common-1.9.22.pom to /home/runner/.gradle/.tmp/gradle_download12777635410225475965bin
Resource missing. [HTTP GET: https://dl.google.com/dl/android/maven2/org/checkerframework/checker-qual/3.12.0/checker-qual-3.12.0.pom]
Downloading https://repo.maven.apache.org/maven2/org/checkerframework/checker-qual/3.12.0/checker-qual-3.12.0.pom to /home/runner/.gradle/.tmp/gradle_download17214390010773913775bin
Downloading https://repo.maven.apache.org/maven2/org/checkerframework/checker-qual/3.12.0/checker-qual-3.12.0.module to /home/runner/.gradle/.tmp/gradle_download5300222048377970762bin
Resource missing. [HTTP GET: https://dl.google.com/dl/android/maven2/com/google/errorprone/error_prone_annotations/2.11.0/error_prone_annotations-2.11.0.pom]
Downloading https://repo.maven.apache.org/maven2/com/google/errorprone/error_prone_annotations/2.11.0/error_prone_annotations-2.11.0.pom to /home/runner/.gradle/.tmp/gradle_download3891173794607482260bin
Resource missing. [HTTP GET: https://dl.google.com/dl/android/maven2/com/google/errorprone/error_prone_parent/2.11.0/error_prone_parent-2.11.0.pom]
Downloading https://repo.maven.apache.org/maven2/com/google/errorprone/error_prone_parent/2.11.0/error_prone_parent-2.11.0.pom to /home/runner/.gradle/.tmp/gradle_download13941927902538061136bin
Resource missing. [HTTP GET: https://dl.google.com/dl/android/maven2/com/google/guava/failureaccess/1.0.1/failureaccess-1.0.1.pom]
Resource missing. [HTTP GET: https://dl.google.com/dl/android/maven2/com/google/guava/listenablefuture/9999.0-empty-to-avoid-conflict-with-guava/listenablefuture-9999.0-empty-to-avoid-conflict-with-guava.pom]
Downloading https://repo.maven.apache.org/maven2/com/google/guava/failureaccess/1.0.1/failureaccess-1.0.1.pom to /home/runner/.gradle/.tmp/gradle_download12611650307521535586bin
Downloading https://repo.maven.apache.org/maven2/com/google/guava/listenablefuture/9999.0-empty-to-avoid-conflict-with-guava/listenablefuture-9999.0-empty-to-avoid-conflict-with-guava.pom to /home/runner/.gradle/.tmp/gradle_download1846677373374493199bin
Resource missing. [HTTP GET: https://dl.google.com/dl/android/maven2/com/google/guava/guava-parent/26.0-android/guava-parent-26.0-android.pom]
Downloading https://repo.maven.apache.org/maven2/com/google/guava/guava-parent/26.0-android/guava-parent-26.0-android.pom to /home/runner/.gradle/.tmp/gradle_download223538159563089975bin
Resource missing. [HTTP GET: https://dl.google.com/dl/android/maven2/xml-apis/xml-apis/1.4.01/xml-apis-1.4.01.pom]
Downloading https://repo.maven.apache.org/maven2/xml-apis/xml-apis/1.4.01/xml-apis-1.4.01.pom to /home/runner/.gradle/.tmp/gradle_download5920241631042899693bin
Resource missing. [HTTP GET: https://dl.google.com/dl/android/maven2/commons-codec/commons-codec/1.11/commons-codec-1.11.pom]
Downloading https://repo.maven.apache.org/maven2/commons-codec/commons-codec/1.11/commons-codec-1.11.pom to /home/runner/.gradle/.tmp/gradle_download1383436286998772176bin
Resource missing. [HTTP GET: https://dl.google.com/dl/android/maven2/org/apache/commons/commons-parent/42/commons-parent-42.pom]
Downloading https://repo.maven.apache.org/maven2/org/apache/commons/commons-parent/42/commons-parent-42.pom to /home/runner/.gradle/.tmp/gradle_download17059385167877545306bin
Resource missing. [HTTP GET: https://dl.google.com/dl/android/maven2/commons-logging/commons-logging/1.2/commons-logging-1.2.pom]
Downloading https://repo.maven.apache.org/maven2/commons-logging/commons-logging/1.2/commons-logging-1.2.pom to /home/runner/.gradle/.tmp/gradle_download14245534810873191511bin
Resource missing. [HTTP GET: https://dl.google.com/dl/android/maven2/org/apache/commons/commons-parent/34/commons-parent-34.pom]
Downloading https://repo.maven.apache.org/maven2/org/apache/commons/commons-parent/34/commons-parent-34.pom to /home/runner/.gradle/.tmp/gradle_download6237700785053626418bin
Resource missing. [HTTP GET: https://dl.google.com/dl/android/maven2/org/apache/apache/13/apache-13.pom]
Downloading https://repo.maven.apache.org/maven2/org/apache/apache/13/apache-13.pom to /home/runner/.gradle/.tmp/gradle_download508922798351062954bin
Resource missing. [HTTP GET: https://dl.google.com/dl/android/maven2/net/java/dev/jna/jna/5.6.0/jna-5.6.0.pom]
Downloading https://repo.maven.apache.org/maven2/net/java/dev/jna/jna/5.6.0/jna-5.6.0.pom to /home/runner/.gradle/.tmp/gradle_download64416763502278094bin
Resource missing. [HTTP GET: https://dl.google.com/dl/android/maven2/org/jetbrains/kotlin/kotlin-stdlib-common/1.9.0/kotlin-stdlib-common-1.9.0.pom]
Downloading https://repo.maven.apache.org/maven2/org/jetbrains/kotlin/kotlin-stdlib-common/1.9.0/kotlin-stdlib-common-1.9.0.pom to /home/runner/.gradle/.tmp/gradle_download17036635063923701364bin
Resource missing. [HTTP GET: https://dl.google.com/dl/android/maven2/io/grpc/grpc-context/1.45.1/grpc-context-1.45.1.pom]
Downloading https://repo.maven.apache.org/maven2/io/grpc/grpc-context/1.45.1/grpc-context-1.45.1.pom to /home/runner/.gradle/.tmp/gradle_download16117145974439572708bin
Resource missing. [HTTP GET: https://dl.google.com/dl/android/maven2/io/netty/netty-buffer/4.1.72.Final/netty-buffer-4.1.72.Final.pom]
Resource missing. [HTTP GET: https://dl.google.com/dl/android/maven2/io/netty/netty-common/4.1.72.Final/netty-common-4.1.72.Final.pom]
Resource missing. [HTTP GET: https://dl.google.com/dl/android/maven2/io/netty/netty-transport/4.1.72.Final/netty-transport-4.1.72.Final.pom]
Resource missing. [HTTP GET: https://dl.google.com/dl/android/maven2/io/netty/netty-codec/4.1.72.Final/netty-codec-4.1.72.Final.pom]
Downloading https://repo.maven.apache.org/maven2/io/netty/netty-codec/4.1.72.Final/netty-codec-4.1.72.Final.pom to /home/runner/.gradle/.tmp/gradle_download10511180053019849213bin
Downloading https://repo.maven.apache.org/maven2/io/netty/netty-common/4.1.72.Final/netty-common-4.1.72.Final.pom to /home/runner/.gradle/.tmp/gradle_download2020053199879245292bin
Downloading https://repo.maven.apache.org/maven2/io/netty/netty-buffer/4.1.72.Final/netty-buffer-4.1.72.Final.pom to /home/runner/.gradle/.tmp/gradle_download139043954065897150bin
Downloading https://repo.maven.apache.org/maven2/io/netty/netty-transport/4.1.72.Final/netty-transport-4.1.72.Final.pom to /home/runner/.gradle/.tmp/gradle_download11135339158272853447bin
Resource missing. [HTTP GET: https://dl.google.com/dl/android/maven2/io/netty/netty-handler/4.1.72.Final/netty-handler-4.1.72.Final.pom]
Resource missing. [HTTP GET: https://dl.google.com/dl/android/maven2/io/netty/netty-codec-http/4.1.72.Final/netty-codec-http-4.1.72.Final.pom]
Downloading https://repo.maven.apache.org/maven2/io/netty/netty-codec-http/4.1.72.Final/netty-codec-http-4.1.72.Final.pom to /home/runner/.gradle/.tmp/gradle_download16829662753168012501bin
Downloading https://repo.maven.apache.org/maven2/io/netty/netty-handler/4.1.72.Final/netty-handler-4.1.72.Final.pom to /home/runner/.gradle/.tmp/gradle_download2891724235713547719bin
Resource missing. [HTTP GET: https://dl.google.com/dl/android/maven2/io/netty/netty-codec-socks/4.1.72.Final/netty-codec-socks-4.1.72.Final.pom]
Downloading https://repo.maven.apache.org/maven2/io/netty/netty-codec-socks/4.1.72.Final/netty-codec-socks-4.1.72.Final.pom to /home/runner/.gradle/.tmp/gradle_download4967442005640757685bin
Resource missing. [HTTP GET: https://dl.google.com/dl/android/maven2/io/netty/netty-resolver/4.1.72.Final/netty-resolver-4.1.72.Final.pom]
Downloading https://repo.maven.apache.org/maven2/io/netty/netty-resolver/4.1.72.Final/netty-resolver-4.1.72.Final.pom to /home/runner/.gradle/.tmp/gradle_download7369240621970486290bin
Resource missing. [HTTP GET: https://dl.google.com/dl/android/maven2/io/netty/netty-tcnative-classes/2.0.46.Final/netty-tcnative-classes-2.0.46.Final.pom]
Downloading https://repo.maven.apache.org/maven2/io/netty/netty-tcnative-classes/2.0.46.Final/netty-tcnative-classes-2.0.46.Final.pom to /home/runner/.gradle/.tmp/gradle_download10671208753344863921bin
Resource missing. [HTTP GET: https://dl.google.com/dl/android/maven2/io/netty/netty-tcnative-parent/2.0.46.Final/netty-tcnative-parent-2.0.46.Final.pom]
Downloading https://repo.maven.apache.org/maven2/io/netty/netty-tcnative-parent/2.0.46.Final/netty-tcnative-parent-2.0.46.Final.pom to /home/runner/.gradle/.tmp/gradle_download13380068498237175380bin
Downloading https://dl.google.com/dl/android/maven2/com/android/tools/build/gradle/8.2.2/gradle-8.2.2.jar to /home/runner/.gradle/.tmp/gradle_download14454261082787653647bin
Downloading https://repo.maven.apache.org/maven2/org/jetbrains/kotlin/kotlin-gradle-plugin-api/1.9.22/kotlin-gradle-plugin-api-1.9.22.jar to /home/runner/.gradle/.tmp/gradle_download14378561485714878362bin
Downloading https://repo.maven.apache.org/maven2/org/jetbrains/kotlin/kotlin-gradle-plugin-model/1.9.22/kotlin-gradle-plugin-model-1.9.22.jar to /home/runner/.gradle/.tmp/gradle_download10366194200180717172bin
Downloading https://repo.maven.apache.org/maven2/org/jetbrains/kotlin/kotlin-gradle-plugin/1.9.22/kotlin-gradle-plugin-1.9.22-gradle82.jar to /home/runner/.gradle/.tmp/gradle_download16111377658598537198bin
Downloading https://dl.google.com/dl/android/maven2/com/android/tools/build/gradle-settings-api/8.2.2/gradle-settings-api-8.2.2.jar to /home/runner/.gradle/.tmp/gradle_download5426653002335316552bin
Downloading https://dl.google.com/dl/android/maven2/com/android/tools/lint/lint-model/31.2.2/lint-model-31.2.2.jar to /home/runner/.gradle/.tmp/gradle_download2745359953899878291bin
Downloading https://dl.google.com/dl/android/maven2/com/android/tools/build/manifest-merger/31.2.2/manifest-merger-31.2.2.jar to /home/runner/.gradle/.tmp/gradle_download15248453336979151350bin
Downloading https://dl.google.com/dl/android/maven2/com/android/tools/build/builder/8.2.2/builder-8.2.2.jar to /home/runner/.gradle/.tmp/gradle_download6212594347934435519bin
Downloading https://dl.google.com/dl/android/maven2/com/android/tools/sdklib/31.2.2/sdklib-31.2.2.jar to /home/runner/.gradle/.tmp/gradle_download3719614259352797560bin
Downloading https://dl.google.com/dl/android/maven2/com/android/tools/sdk-common/31.2.2/sdk-common-31.2.2.jar to /home/runner/.gradle/.tmp/gradle_download844287067975317195bin
Downloading https://dl.google.com/dl/android/maven2/com/android/tools/repository/31.2.2/repository-31.2.2.jar to /home/runner/.gradle/.tmp/gradle_download338248606514173647bin
Downloading https://dl.google.com/dl/android/maven2/com/android/tools/build/gradle-api/8.2.2/gradle-api-8.2.2.jar to /home/runner/.gradle/.tmp/gradle_download9374885361023788700bin
Downloading https://dl.google.com/dl/android/maven2/com/android/tools/build/builder-test-api/8.2.2/builder-test-api-8.2.2.jar to /home/runner/.gradle/.tmp/gradle_download16902341639906998905bin
Downloading https://dl.google.com/dl/android/maven2/com/android/tools/build/aaptcompiler/8.2.2/aaptcompiler-8.2.2.jar to /home/runner/.gradle/.tmp/gradle_download3136657865659119784bin
Downloading https://dl.google.com/dl/android/maven2/com/android/tools/build/bundletool/1.15.2/bundletool-1.15.2.jar to /home/runner/.gradle/.tmp/gradle_download7257000365286225846bin
Downloading https://dl.google.com/dl/android/maven2/com/android/tools/ddms/ddmlib/31.2.2/ddmlib-31.2.2.jar to /home/runner/.gradle/.tmp/gradle_download360571480532224975bin
Downloading https://dl.google.com/dl/android/maven2/com/android/tools/build/aapt2-proto/8.2.2-10154469/aapt2-proto-8.2.2-10154469.jar to /home/runner/.gradle/.tmp/gradle_download6901558790298420247bin
Downloading https://dl.google.com/dl/android/maven2/com/android/tools/analytics-library/crash/31.2.2/crash-31.2.2.jar to /home/runner/.gradle/.tmp/gradle_download16227559348099790408bin
Downloading https://dl.google.com/dl/android/maven2/com/android/tools/analytics-library/tracker/31.2.2/tracker-31.2.2.jar to /home/runner/.gradle/.tmp/gradle_download2062254609465555388bin
Downloading https://dl.google.com/dl/android/maven2/com/android/tools/lint/lint-typedef-remover/31.2.2/lint-typedef-remover-31.2.2.jar to /home/runner/.gradle/.tmp/gradle_download18220988061956151828bin
Downloading https://dl.google.com/dl/android/maven2/androidx/databinding/databinding-compiler-common/8.2.2/databinding-compiler-common-8.2.2.jar to /home/runner/.gradle/.tmp/gradle_download8842443676462476405bin
Downloading https://dl.google.com/dl/android/maven2/androidx/databinding/databinding-common/8.2.2/databinding-common-8.2.2.jar to /home/runner/.gradle/.tmp/gradle_download1943690423490608595bin
Downloading https://dl.google.com/dl/android/maven2/com/android/tools/layoutlib/layoutlib-api/31.2.2/layoutlib-api-31.2.2.jar to /home/runner/.gradle/.tmp/gradle_download11596558143232796264bin
Downloading https://dl.google.com/dl/android/maven2/com/android/tools/utp/android-device-provider-ddmlib-proto/31.2.2/android-device-provider-ddmlib-proto-31.2.2.jar to /home/runner/.gradle/.tmp/gradle_download92172895322387766bin
Downloading https://dl.google.com/dl/android/maven2/com/android/tools/utp/android-device-provider-gradle-proto/31.2.2/android-device-provider-gradle-proto-31.2.2.jar to /home/runner/.gradle/.tmp/gradle_download15129348702322048216bin
Downloading https://dl.google.com/dl/android/maven2/com/android/tools/analytics-library/shared/31.2.2/shared-31.2.2.jar to /home/runner/.gradle/.tmp/gradle_download14066529223304608126bin
Downloading https://dl.google.com/dl/android/maven2/com/android/tools/utp/android-test-plugin-host-coverage-proto/31.2.2/android-test-plugin-host-coverage-proto-31.2.2.jar to /home/runner/.gradle/.tmp/gradle_download14222057880029145482bin
Downloading https://dl.google.com/dl/android/maven2/com/android/tools/utp/android-test-plugin-host-emulator-control-proto/31.2.2/android-test-plugin-host-emulator-control-proto-31.2.2.jar to /home/runner/.gradle/.tmp/gradle_download1653156364801909121bin
Downloading https://dl.google.com/dl/android/maven2/com/android/databinding/baseLibrary/8.2.2/baseLibrary-8.2.2.jar to /home/runner/.gradle/.tmp/gradle_download949436712690058486bin
Downloading https://dl.google.com/dl/android/maven2/com/android/tools/utp/android-test-plugin-host-apk-installer-proto/31.2.2/android-test-plugin-host-apk-installer-proto-31.2.2.jar to /home/runner/.gradle/.tmp/gradle_download16244045408751669455bin
Downloading https://dl.google.com/dl/android/maven2/com/android/tools/utp/android-test-plugin-host-additional-test-output-proto/31.2.2/android-test-plugin-host-additional-test-output-proto-31.2.2.jar to /home/runner/.gradle/.tmp/gradle_download15644435518351309129bin
Downloading https://dl.google.com/dl/android/maven2/com/android/tools/utp/android-test-plugin-host-retention-proto/31.2.2/android-test-plugin-host-retention-proto-31.2.2.jar to /home/runner/.gradle/.tmp/gradle_download6104274468423386381bin
Downloading https://dl.google.com/dl/android/maven2/com/android/tools/utp/android-test-plugin-result-listener-gradle-proto/31.2.2/android-test-plugin-result-listener-gradle-proto-31.2.2.jar to /home/runner/.gradle/.tmp/gradle_download9583141176770125828bin
Downloading https://dl.google.com/dl/android/maven2/com/android/tools/build/builder-model/8.2.2/builder-model-8.2.2.jar to /home/runner/.gradle/.tmp/gradle_download2511433263951598253bin
Downloading https://dl.google.com/dl/android/maven2/com/android/tools/dvlib/31.2.2/dvlib-31.2.2.jar to /home/runner/.gradle/.tmp/gradle_download1905072463961931683bin
Downloading https://dl.google.com/dl/android/maven2/com/android/tools/build/transform-api/2.0.0-deprecated-use-gradle-api/transform-api-2.0.0-deprecated-use-gradle-api.jar to /home/runner/.gradle/.tmp/gradle_download621610445220520014bin
Downloading https://repo.maven.apache.org/maven2/org/jetbrains/kotlin/kotlin-stdlib-jdk8/1.9.0/kotlin-stdlib-jdk8-1.9.0.jar to /home/runner/.gradle/.tmp/gradle_download2295752448927291919bin
Downloading https://dl.google.com/dl/android/maven2/com/android/tools/utp/android-test-plugin-host-logcat-proto/31.2.2/android-test-plugin-host-logcat-proto-31.2.2.jar to /home/runner/.gradle/.tmp/gradle_download10287161579098227966bin
Downloading https://dl.google.com/dl/android/maven2/com/android/tools/build/jetifier/jetifier-processor/1.0.0-beta10/jetifier-processor-1.0.0-beta10.jar to /home/runner/.gradle/.tmp/gradle_download2650600238975433290bin
Downloading https://repo.maven.apache.org/maven2/org/apache/httpcomponents/httpmime/4.5.6/httpmime-4.5.6.jar to /home/runner/.gradle/.tmp/gradle_download17107217636129829245bin
Downloading https://repo.maven.apache.org/maven2/commons-io/commons-io/2.4/commons-io-2.4.jar to /home/runner/.gradle/.tmp/gradle_download14418235346266841403bin
Downloading https://dl.google.com/dl/android/maven2/com/android/tools/common/31.2.2/common-31.2.2.jar to /home/runner/.gradle/.tmp/gradle_download1107412106562398201bin
Downloading https://repo.maven.apache.org/maven2/org/ow2/asm/asm-commons/9.2/asm-commons-9.2.jar to /home/runner/.gradle/.tmp/gradle_download9246246539679187503bin
Downloading https://repo.maven.apache.org/maven2/org/ow2/asm/asm-analysis/9.2/asm-analysis-9.2.jar to /home/runner/.gradle/.tmp/gradle_download18272944011951876095bin
Downloading https://repo.maven.apache.org/maven2/org/ow2/asm/asm-util/9.2/asm-util-9.2.jar to /home/runner/.gradle/.tmp/gradle_download12747099486760485315bin
Downloading https://repo.maven.apache.org/maven2/org/ow2/asm/asm-tree/9.2/asm-tree-9.2.jar to /home/runner/.gradle/.tmp/gradle_download8038952041808695586bin
Downloading https://repo.maven.apache.org/maven2/org/ow2/asm/asm/9.2/asm-9.2.jar to /home/runner/.gradle/.tmp/gradle_download2928987536589398314bin
Downloading https://dl.google.com/dl/android/maven2/com/android/tools/build/apkzlib/8.2.2/apkzlib-8.2.2.jar to /home/runner/.gradle/.tmp/gradle_download2933481657215847444bin
Downloading https://repo.maven.apache.org/maven2/org/glassfish/jaxb/jaxb-runtime/2.3.2/jaxb-runtime-2.3.2.jar to /home/runner/.gradle/.tmp/gradle_download9909908063017567436bin
Downloading https://repo.maven.apache.org/maven2/net/sf/jopt-simple/jopt-simple/4.9/jopt-simple-4.9.jar to /home/runner/.gradle/.tmp/gradle_download249332889556301638bin
Downloading https://repo.maven.apache.org/maven2/org/bouncycastle/bcpkix-jdk15on/1.67/bcpkix-jdk15on-1.67.jar to /home/runner/.gradle/.tmp/gradle_download9913676209540621198bin
Downloading https://dl.google.com/dl/android/maven2/com/android/tools/build/jetifier/jetifier-core/1.0.0-beta10/jetifier-core-1.0.0-beta10.jar to /home/runner/.gradle/.tmp/gradle_download16104766699681900748bin
Downloading https://repo.maven.apache.org/maven2/com/google/protobuf/protobuf-java-util/3.19.3/protobuf-java-util-3.19.3.jar to /home/runner/.gradle/.tmp/gradle_download6001631014476190184bin
Downloading https://repo.maven.apache.org/maven2/com/google/crypto/tink/tink/1.7.0/tink-1.7.0.jar to /home/runner/.gradle/.tmp/gradle_download1635685741353569967bin
Downloading https://repo.maven.apache.org/maven2/io/grpc/grpc-protobuf/1.45.1/grpc-protobuf-1.45.1.jar to /home/runner/.gradle/.tmp/gradle_download12225432112671733535bin
Downloading https://repo.maven.apache.org/maven2/com/squareup/javapoet/1.10.0/javapoet-1.10.0.jar to /home/runner/.gradle/.tmp/gradle_download763844370262558895bin
Downloading https://repo.maven.apache.org/maven2/com/google/api/grpc/proto-google-common-protos/2.0.1/proto-google-common-protos-2.0.1.jar to /home/runner/.gradle/.tmp/gradle_download18283422404636720623bin
Downloading https://repo.maven.apache.org/maven2/com/google/protobuf/protobuf-java/3.19.3/protobuf-java-3.19.3.jar to /home/runner/.gradle/.tmp/gradle_download5694623061971884113bin
Downloading https://dl.google.com/dl/android/maven2/com/android/tools/analytics-library/protos/31.2.2/protos-31.2.2.jar to /home/runner/.gradle/.tmp/gradle_download11497490916419347424bin
Downloading https://repo.maven.apache.org/maven2/io/grpc/grpc-netty/1.45.1/grpc-netty-1.45.1.jar to /home/runner/.gradle/.tmp/gradle_download11324053943947519418bin
Downloading https://repo.maven.apache.org/maven2/io/grpc/grpc-core/1.45.1/grpc-core-1.45.1.jar to /home/runner/.gradle/.tmp/gradle_download10495103670316570528bin
Downloading https://repo.maven.apache.org/maven2/io/grpc/grpc-stub/1.45.1/grpc-stub-1.45.1.jar to /home/runner/.gradle/.tmp/gradle_download2501561078645705119bin
Downloading https://repo.maven.apache.org/maven2/com/google/code/gson/gson/2.10/gson-2.10.jar to /home/runner/.gradle/.tmp/gradle_download7012166331547508982bin
Downloading https://repo.maven.apache.org/maven2/org/tensorflow/tensorflow-lite-metadata/0.1.0-rc2/tensorflow-lite-metadata-0.1.0-rc2.jar to /home/runner/.gradle/.tmp/gradle_download2995420326854997677bin
Downloading https://dl.google.com/dl/android/maven2/com/google/testing/platform/core-proto/0.0.8-alpha08/core-proto-0.0.8-alpha08.jar to /home/runner/.gradle/.tmp/gradle_download10228135191587259784bin
Downloading https://repo.maven.apache.org/maven2/com/google/flatbuffers/flatbuffers-java/1.12.0/flatbuffers-java-1.12.0.jar to /home/runner/.gradle/.tmp/gradle_download1994675143608865589bin
Downloading https://repo.maven.apache.org/maven2/org/jetbrains/kotlin/kotlin-gradle-plugin-idea-proto/1.9.22/kotlin-gradle-plugin-idea-proto-1.9.22.jar to /home/runner/.gradle/.tmp/gradle_download3172033128668031529bin
Downloading https://repo.maven.apache.org/maven2/org/jetbrains/kotlin/kotlin-gradle-plugin-idea/1.9.22/kotlin-gradle-plugin-idea-1.9.22.jar to /home/runner/.gradle/.tmp/gradle_download6719894911877048495bin
Downloading https://repo.maven.apache.org/maven2/org/jetbrains/kotlin/kotlin-klib-commonizer-api/1.9.22/kotlin-klib-commonizer-api-1.9.22.jar to /home/runner/.gradle/.tmp/gradle_download10649256534904100474bin
Downloading https://repo.maven.apache.org/maven2/org/jetbrains/kotlin/kotlin-native-utils/1.9.22/kotlin-native-utils-1.9.22.jar to /home/runner/.gradle/.tmp/gradle_download6716232947319861083bin
Downloading https://repo.maven.apache.org/maven2/org/jetbrains/kotlin/kotlin-util-klib/1.9.22/kotlin-util-klib-1.9.22.jar to /home/runner/.gradle/.tmp/gradle_download9334944458034978009bin
Downloading https://repo.maven.apache.org/maven2/org/jetbrains/kotlin/kotlin-android-extensions/1.9.22/kotlin-android-extensions-1.9.22.jar to /home/runner/.gradle/.tmp/gradle_download7712404047262038499bin
Downloading https://repo.maven.apache.org/maven2/org/jetbrains/kotlin/kotlin-build-tools-api/1.9.22/kotlin-build-tools-api-1.9.22.jar to /home/runner/.gradle/.tmp/gradle_download16807568584276110615bin
Downloading https://repo.maven.apache.org/maven2/org/jetbrains/kotlin/kotlin-compiler-runner/1.9.22/kotlin-compiler-runner-1.9.22.jar to /home/runner/.gradle/.tmp/gradle_download9063292511527915545bin
Downloading https://repo.maven.apache.org/maven2/org/jetbrains/kotlin/kotlin-compiler-embeddable/1.9.22/kotlin-compiler-embeddable-1.9.22.jar to /home/runner/.gradle/.tmp/gradle_download324696577755133569bin
Downloading https://repo.maven.apache.org/maven2/com/google/jimfs/jimfs/1.1/jimfs-1.1.jar to /home/runner/.gradle/.tmp/gradle_download10217564342417578563bin
Downloading https://repo.maven.apache.org/maven2/org/jetbrains/kotlin/kotlin-scripting-compiler-embeddable/1.9.22/kotlin-scripting-compiler-embeddable-1.9.22.jar to /home/runner/.gradle/.tmp/gradle_download7810818140854946745bin
Downloading https://repo.maven.apache.org/maven2/org/jetbrains/kotlin/kotlin-scripting-compiler-impl-embeddable/1.9.22/kotlin-scripting-compiler-impl-embeddable-1.9.22.jar to /home/runner/.gradle/.tmp/gradle_download16917895403112367092bin
Downloading https://repo.maven.apache.org/maven2/io/grpc/grpc-api/1.45.1/grpc-api-1.45.1.jar to /home/runner/.gradle/.tmp/gradle_download7785438196361837456bin
Downloading https://repo.maven.apache.org/maven2/com/google/guava/guava/31.1-jre/guava-31.1-jre.jar to /home/runner/.gradle/.tmp/gradle_download11664896614651930730bin
Downloading https://repo.maven.apache.org/maven2/io/grpc/grpc-protobuf-lite/1.45.1/grpc-protobuf-lite-1.45.1.jar to /home/runner/.gradle/.tmp/gradle_download13630154290249746389bin
Downloading https://repo.maven.apache.org/maven2/com/google/dagger/dagger/2.28.3/dagger-2.28.3.jar to /home/runner/.gradle/.tmp/gradle_download6509043290760160667bin
Downloading https://repo.maven.apache.org/maven2/javax/inject/javax.inject/1/javax.inject-1.jar to /home/runner/.gradle/.tmp/gradle_download14199696863998120924bin
Downloading https://repo.maven.apache.org/maven2/org/bouncycastle/bcprov-jdk15on/1.67/bcprov-jdk15on-1.67.jar to /home/runner/.gradle/.tmp/gradle_download4473120851133517302bin
Downloading https://repo.maven.apache.org/maven2/net/sf/kxml/kxml2/2.3.0/kxml2-2.3.0.jar to /home/runner/.gradle/.tmp/gradle_download917794613085042218bin
Downloading https://repo.maven.apache.org/maven2/org/jetbrains/intellij/deps/trove4j/1.0.20200330/trove4j-1.0.20200330.jar to /home/runner/.gradle/.tmp/gradle_download3833611774612985728bin
Downloading https://repo.maven.apache.org/maven2/org/jetbrains/kotlin/kotlin-reflect/1.9.0/kotlin-reflect-1.9.0.jar to /home/runner/.gradle/.tmp/gradle_download16795501771195916464bin
Downloading https://repo.maven.apache.org/maven2/xerces/xercesImpl/2.12.0/xercesImpl-2.12.0.jar to /home/runner/.gradle/.tmp/gradle_download18019798442276324920bin
Downloading https://repo.maven.apache.org/maven2/org/apache/commons/commons-compress/1.21/commons-compress-1.21.jar to /home/runner/.gradle/.tmp/gradle_download9930596654203507957bin
Downloading https://repo.maven.apache.org/maven2/org/apache/httpcomponents/httpclient/4.5.14/httpclient-4.5.14.jar to /home/runner/.gradle/.tmp/gradle_download3122019238811078032bin
Downloading https://repo.maven.apache.org/maven2/org/apache/httpcomponents/httpcore/4.4.16/httpcore-4.4.16.jar to /home/runner/.gradle/.tmp/gradle_download7451872067220775392bin
Downloading https://repo.maven.apache.org/maven2/com/sun/activation/javax.activation/1.2.0/javax.activation-1.2.0.jar to /home/runner/.gradle/.tmp/gradle_download16311819105345086211bin
Downloading https://repo.maven.apache.org/maven2/org/jetbrains/kotlin/kotlin-stdlib-jdk7/1.9.0/kotlin-stdlib-jdk7-1.9.0.jar to /home/runner/.gradle/.tmp/gradle_download12136307312509594717bin
Downloading https://repo.maven.apache.org/maven2/org/jetbrains/kotlin/kotlin-stdlib/1.9.0/kotlin-stdlib-1.9.0.jar to /home/runner/.gradle/.tmp/gradle_download8790975452544750347bin
Downloading https://repo.maven.apache.org/maven2/org/jetbrains/annotations/13.0/annotations-13.0.jar to /home/runner/.gradle/.tmp/gradle_download17909003319479819258bin
Downloading https://dl.google.com/dl/android/maven2/com/android/tools/annotations/31.2.2/annotations-31.2.2.jar to /home/runner/.gradle/.tmp/gradle_download14710229231250421623bin
Downloading https://repo.maven.apache.org/maven2/net/java/dev/jna/jna-platform/5.6.0/jna-platform-5.6.0.jar to /home/runner/.gradle/.tmp/gradle_download13028332578575505134bin
Downloading https://dl.google.com/dl/android/maven2/com/android/signflinger/8.2.2/signflinger-8.2.2.jar to /home/runner/.gradle/.tmp/gradle_download2047279138548864876bin
Downloading https://dl.google.com/dl/android/maven2/com/android/zipflinger/8.2.2/zipflinger-8.2.2.jar to /home/runner/.gradle/.tmp/gradle_download4375225328348481568bin
Downloading https://repo.maven.apache.org/maven2/org/jvnet/staxex/stax-ex/1.8.1/stax-ex-1.8.1.jar to /home/runner/.gradle/.tmp/gradle_download12337272562238862829bin
Downloading https://repo.maven.apache.org/maven2/javax/annotation/javax.annotation-api/1.3.2/javax.annotation-api-1.3.2.jar to /home/runner/.gradle/.tmp/gradle_download3596904249087638301bin
Downloading https://repo.maven.apache.org/maven2/jakarta/xml/bind/jakarta.xml.bind-api/2.3.2/jakarta.xml.bind-api-2.3.2.jar to /home/runner/.gradle/.tmp/gradle_download12694306236300111678bin
Downloading https://repo.maven.apache.org/maven2/com/googlecode/juniversalchardet/juniversalchardet/1.0.3/juniversalchardet-1.0.3.jar to /home/runner/.gradle/.tmp/gradle_download12363956988142028739bin
Downloading https://repo.maven.apache.org/maven2/org/glassfish/jaxb/txw2/2.3.2/txw2-2.3.2.jar to /home/runner/.gradle/.tmp/gradle_download2507471387623002047bin
Downloading https://repo.maven.apache.org/maven2/com/sun/istack/istack-commons-runtime/3.0.8/istack-commons-runtime-3.0.8.jar to /home/runner/.gradle/.tmp/gradle_download14826218744685271467bin
Downloading https://repo.maven.apache.org/maven2/com/sun/xml/fastinfoset/FastInfoset/1.2.16/FastInfoset-1.2.16.jar to /home/runner/.gradle/.tmp/gradle_download315068121012755903bin
Downloading https://repo.maven.apache.org/maven2/jakarta/activation/jakarta.activation-api/1.2.1/jakarta.activation-api-1.2.1.jar to /home/runner/.gradle/.tmp/gradle_download15910671055375929896bin
Downloading https://repo.maven.apache.org/maven2/com/google/auto/value/auto-value-annotations/1.6.2/auto-value-annotations-1.6.2.jar to /home/runner/.gradle/.tmp/gradle_download6423065295727001812bin
Downloading https://repo.maven.apache.org/maven2/com/google/errorprone/error_prone_annotations/2.11.0/error_prone_annotations-2.11.0.jar to /home/runner/.gradle/.tmp/gradle_download12567229249537856810bin
Downloading https://repo.maven.apache.org/maven2/org/slf4j/slf4j-api/1.7.30/slf4j-api-1.7.30.jar to /home/runner/.gradle/.tmp/gradle_download8680284919037623776bin
Downloading https://repo.maven.apache.org/maven2/org/jdom/jdom2/2.0.6/jdom2-2.0.6.jar to /home/runner/.gradle/.tmp/gradle_download6553970439529605508bin
Downloading https://repo.maven.apache.org/maven2/org/bitbucket/b_c/jose4j/0.7.0/jose4j-0.7.0.jar to /home/runner/.gradle/.tmp/gradle_download8930683711270491187bin
Downloading https://repo.maven.apache.org/maven2/com/google/j2objc/j2objc-annotations/1.3/j2objc-annotations-1.3.jar to /home/runner/.gradle/.tmp/gradle_download4101002445441586224bin
Downloading https://repo.maven.apache.org/maven2/com/google/code/findbugs/jsr305/3.0.2/jsr305-3.0.2.jar to /home/runner/.gradle/.tmp/gradle_download15151989398894721787bin
Downloading https://repo.maven.apache.org/maven2/com/google/android/annotations/4.1.1.4/annotations-4.1.1.4.jar to /home/runner/.gradle/.tmp/gradle_download7601770312258555517bin
Downloading https://repo.maven.apache.org/maven2/org/codehaus/mojo/animal-sniffer-annotations/1.19/animal-sniffer-annotations-1.19.jar to /home/runner/.gradle/.tmp/gradle_download6050416504315070651bin
Downloading https://repo.maven.apache.org/maven2/io/perfmark/perfmark-api/0.23.0/perfmark-api-0.23.0.jar to /home/runner/.gradle/.tmp/gradle_download9526519822211881410bin
Downloading https://repo.maven.apache.org/maven2/io/netty/netty-codec-http2/4.1.72.Final/netty-codec-http2-4.1.72.Final.jar to /home/runner/.gradle/.tmp/gradle_download4986562247803979952bin
Downloading https://repo.maven.apache.org/maven2/io/netty/netty-handler-proxy/4.1.72.Final/netty-handler-proxy-4.1.72.Final.jar to /home/runner/.gradle/.tmp/gradle_download4404980626344469117bin
Downloading https://repo.maven.apache.org/maven2/commons-codec/commons-codec/1.11/commons-codec-1.11.jar to /home/runner/.gradle/.tmp/gradle_download13425584565336622140bin
Downloading https://repo.maven.apache.org/maven2/org/checkerframework/checker-qual/3.12.0/checker-qual-3.12.0.jar to /home/runner/.gradle/.tmp/gradle_download1069880462339113955bin
Downloading https://repo.maven.apache.org/maven2/com/squareup/javawriter/2.5.0/javawriter-2.5.0.jar to /home/runner/.gradle/.tmp/gradle_download15611957788588660101bin
Downloading https://repo.maven.apache.org/maven2/org/jetbrains/kotlin/kotlin-gradle-plugin-annotations/1.9.22/kotlin-gradle-plugin-annotations-1.9.22.jar to /home/runner/.gradle/.tmp/gradle_download2242024693686262133bin
Downloading https://repo.maven.apache.org/maven2/org/jetbrains/kotlin/kotlin-project-model/1.9.22/kotlin-project-model-1.9.22.jar to /home/runner/.gradle/.tmp/gradle_download17997279331980159256bin
Downloading https://repo.maven.apache.org/maven2/org/jetbrains/kotlin/kotlin-tooling-core/1.9.22/kotlin-tooling-core-1.9.22.jar to /home/runner/.gradle/.tmp/gradle_download6977601356480664901bin
Downloading https://repo.maven.apache.org/maven2/org/jetbrains/kotlin/kotlin-util-io/1.9.22/kotlin-util-io-1.9.22.jar to /home/runner/.gradle/.tmp/gradle_download13063174734620998404bin
Downloading https://repo.maven.apache.org/maven2/org/jetbrains/kotlin/kotlin-daemon-embeddable/1.9.22/kotlin-daemon-embeddable-1.9.22.jar to /home/runner/.gradle/.tmp/gradle_download11988722242230457433bin
Downloading https://repo.maven.apache.org/maven2/org/jetbrains/kotlin/kotlin-daemon-client/1.9.22/kotlin-daemon-client-1.9.22.jar to /home/runner/.gradle/.tmp/gradle_download13091712230021004301bin
Downloading https://repo.maven.apache.org/maven2/org/jetbrains/kotlinx/kotlinx-coroutines-core-jvm/1.5.0/kotlinx-coroutines-core-jvm-1.5.0.jar to /home/runner/.gradle/.tmp/gradle_download6337945073556848377bin
Downloading https://dl.google.com/dl/android/maven2/com/android/tools/build/apksig/8.2.2/apksig-8.2.2.jar to /home/runner/.gradle/.tmp/gradle_download14227808864043827275bin
Downloading https://repo.maven.apache.org/maven2/org/jetbrains/kotlin/kotlin-scripting-common/1.9.22/kotlin-scripting-common-1.9.22.jar to /home/runner/.gradle/.tmp/gradle_download2439946165387992759bin
Downloading https://repo.maven.apache.org/maven2/com/google/guava/failureaccess/1.0.1/failureaccess-1.0.1.jar to /home/runner/.gradle/.tmp/gradle_download17439408106155932468bin
Downloading https://repo.maven.apache.org/maven2/com/google/guava/listenablefuture/9999.0-empty-to-avoid-conflict-with-guava/listenablefuture-9999.0-empty-to-avoid-conflict-with-guava.jar to /home/runner/.gradle/.tmp/gradle_download4114862829510836712bin
Downloading https://repo.maven.apache.org/maven2/commons-logging/commons-logging/1.2/commons-logging-1.2.jar to /home/runner/.gradle/.tmp/gradle_download5202451843940166829bin
Downloading https://repo.maven.apache.org/maven2/xml-apis/xml-apis/1.4.01/xml-apis-1.4.01.jar to /home/runner/.gradle/.tmp/gradle_download9686220015080389919bin
Downloading https://repo.maven.apache.org/maven2/org/jetbrains/kotlin/kotlin-scripting-jvm/1.9.22/kotlin-scripting-jvm-1.9.22.jar to /home/runner/.gradle/.tmp/gradle_download9330900443851435398bin
Downloading https://repo.maven.apache.org/maven2/net/java/dev/jna/jna/5.6.0/jna-5.6.0.jar to /home/runner/.gradle/.tmp/gradle_download2915784113065444268bin
Downloading https://repo.maven.apache.org/maven2/org/jetbrains/kotlin/kotlin-stdlib-common/1.9.0/kotlin-stdlib-common-1.9.0.jar to /home/runner/.gradle/.tmp/gradle_download15574565608211551925bin
Downloading https://repo.maven.apache.org/maven2/io/grpc/grpc-context/1.45.1/grpc-context-1.45.1.jar to /home/runner/.gradle/.tmp/gradle_download7109093344559092250bin
Downloading https://repo.maven.apache.org/maven2/io/netty/netty-handler/4.1.72.Final/netty-handler-4.1.72.Final.jar to /home/runner/.gradle/.tmp/gradle_download7706355254850225275bin
Downloading https://repo.maven.apache.org/maven2/io/netty/netty-codec-http/4.1.72.Final/netty-codec-http-4.1.72.Final.jar to /home/runner/.gradle/.tmp/gradle_download6531761944435192389bin
Downloading https://repo.maven.apache.org/maven2/io/netty/netty-codec-socks/4.1.72.Final/netty-codec-socks-4.1.72.Final.jar to /home/runner/.gradle/.tmp/gradle_download2190155669421254829bin
Downloading https://repo.maven.apache.org/maven2/io/netty/netty-transport/4.1.72.Final/netty-transport-4.1.72.Final.jar to /home/runner/.gradle/.tmp/gradle_download12324207458610772750bin
Downloading https://repo.maven.apache.org/maven2/io/netty/netty-codec/4.1.72.Final/netty-codec-4.1.72.Final.jar to /home/runner/.gradle/.tmp/gradle_download11854854428487257119bin
Downloading https://repo.maven.apache.org/maven2/io/netty/netty-buffer/4.1.72.Final/netty-buffer-4.1.72.Final.jar to /home/runner/.gradle/.tmp/gradle_download12182930477256201791bin
Downloading https://repo.maven.apache.org/maven2/io/netty/netty-common/4.1.72.Final/netty-common-4.1.72.Final.jar to /home/runner/.gradle/.tmp/gradle_download11900587151651678804bin
Downloading https://repo.maven.apache.org/maven2/io/netty/netty-tcnative-classes/2.0.46.Final/netty-tcnative-classes-2.0.46.Final.jar to /home/runner/.gradle/.tmp/gradle_download12380140699525707570bin
Downloading https://repo.maven.apache.org/maven2/io/netty/netty-resolver/4.1.72.Final/netty-resolver-4.1.72.Final.jar to /home/runner/.gradle/.tmp/gradle_download16007925641301316667bin
Compiling build file '/home/runner/work/Asd-app/Asd-app/build.gradle' using BuildScriptTransformer.

> Configure project :app-v3
Evaluating project ':app-v3' using build file '/home/runner/work/Asd-app/Asd-app/app-v3/build.gradle'.
Compiling build file '/home/runner/work/Asd-app/Asd-app/app-v3/build.gradle' using SubsetScriptTransformer.
Using default execution profile
Using Kotlin Gradle Plugin gradle82 variant
Compiling build file '/home/runner/work/Asd-app/Asd-app/app-v3/build.gradle' using BuildScriptTransformer.
All projects evaluated.
Task path ':app-v3:assembleDebug' matched project ':app-v3'
Task name matched 'assembleDebug'
Selected primary task 'assembleDebug' from project :app-v3
WARNING: We recommend using a newer Android Gradle plugin to use compileSdk = 35

This Android Gradle plugin (8.2.2) was tested up to compileSdk = 34.

You are strongly encouraged to update your project to use a newer
Android Gradle plugin that has been tested with compileSdk = 35.

If you are already using the latest version of the Android Gradle plugin,
you may need to wait until a newer version with support for compileSdk = 35 is available.

To suppress this warning, add/update
    android.suppressUnsupportedCompileSdk=35
to this project's gradle.properties.
Tasks to be executed: [task ':app-v3:preBuild', task ':app-v3:preDebugBuild', task ':app-v3:mergeDebugNativeDebugMetadata', task ':app-v3:checkKotlinGradlePluginConfigurationErrors', task ':app-v3:checkDebugAarMetadata', task ':app-v3:generateDebugResValues', task ':app-v3:mapDebugSourceSetPaths', task ':app-v3:generateDebugResources', task ':app-v3:mergeDebugResources', task ':app-v3:packageDebugResources', task ':app-v3:parseDebugLocalResources', task ':app-v3:createDebugCompatibleScreenManifests', task ':app-v3:extractDeepLinksDebug', task ':app-v3:processDebugMainManifest', task ':app-v3:processDebugManifest', task ':app-v3:processDebugManifestForPackage', task ':app-v3:processDebugResources', task ':app-v3:compileDebugKotlin', task ':app-v3:javaPreCompileDebug', task ':app-v3:compileDebugJavaWithJavac', task ':app-v3:mergeDebugShaders', task ':app-v3:compileDebugShaders', task ':app-v3:generateDebugAssets', task ':app-v3:mergeDebugAssets', task ':app-v3:compressDebugAssets', task ':app-v3:desugarDebugFileDependencies', task ':app-v3:dexBuilderDebug', task ':app-v3:mergeDebugGlobalSynthetics', task ':app-v3:processDebugJavaRes', task ':app-v3:mergeDebugJavaResource', task ':app-v3:checkDebugDuplicateClasses', task ':app-v3:mergeExtDexDebug', task ':app-v3:mergeLibDexDebug', task ':app-v3:mergeProjectDexDebug', task ':app-v3:mergeDebugJniLibFolders', task ':app-v3:mergeDebugNativeLibs', task ':app-v3:stripDebugDebugSymbols', task ':app-v3:validateSigningDebug', task ':app-v3:writeDebugAppMetadata', task ':app-v3:writeDebugSigningConfigVersions', task ':app-v3:packageDebug', task ':app-v3:createDebugApkListingFileRedirect', task ':app-v3:assembleDebug']
Tasks that were excluded: []
Resolve mutations for :app-v3:preBuild (Thread[Execution worker,5,main]) started.
:app-v3:preBuild (Thread[Execution worker,5,main]) started.

> Task :app-v3:preBuild UP-TO-DATE
Skipping task ':app-v3:preBuild' as it has no actions.
Resolve mutations for :app-v3:preDebugBuild (Thread[Execution worker,5,main]) started.
:app-v3:preDebugBuild (Thread[Execution worker,5,main]) started.

> Task :app-v3:preDebugBuild UP-TO-DATE
Skipping task ':app-v3:preDebugBuild' as it has no actions.
Resolve mutations for :app-v3:mergeDebugNativeDebugMetadata (Thread[included builds,5,main]) started.
:app-v3:mergeDebugNativeDebugMetadata (Thread[included builds,5,main]) started.

> Task :app-v3:mergeDebugNativeDebugMetadata NO-SOURCE
Skipping task ':app-v3:mergeDebugNativeDebugMetadata' as it has no source files and no previous output files.
Resolve mutations for :app-v3:checkKotlinGradlePluginConfigurationErrors (Thread[included builds,5,main]) started.
:app-v3:checkKotlinGradlePluginConfigurationErrors (Thread[included builds,5,main]) started.

> Task :app-v3:checkKotlinGradlePluginConfigurationErrors
Caching disabled for task ':app-v3:checkKotlinGradlePluginConfigurationErrors' because:
  Build cache is disabled
Task ':app-v3:checkKotlinGradlePluginConfigurationErrors' is not up-to-date because:
  Task has not declared any outputs despite executing actions.
Resolve mutations for :app-v3:checkDebugAarMetadata (Thread[Execution worker,5,main]) started.
:app-v3:checkDebugAarMetadata (Thread[Execution worker,5,main]) started.

> Task :app-v3:checkDebugAarMetadata
Downloading https://dl.google.com/dl/android/maven2/androidx/compose/compose-bom/2024.01.00/compose-bom-2024.01.00.pom to /home/runner/.gradle/.tmp/gradle_download8122151945492868232bin
Resource missing. [HTTP GET: https://dl.google.com/dl/android/maven2/org/jetbrains/kotlin/kotlin-stdlib/1.9.22/kotlin-stdlib-1.9.22.pom]
Downloading https://dl.google.com/dl/android/maven2/androidx/core/core-ktx/1.12.0/core-ktx-1.12.0.pom to /home/runner/.gradle/.tmp/gradle_download6920630622753283507bin
Downloading https://dl.google.com/dl/android/maven2/androidx/activity/activity-compose/1.8.2/activity-compose-1.8.2.pom to /home/runner/.gradle/.tmp/gradle_download2183500900734309571bin
Downloading https://dl.google.com/dl/android/maven2/androidx/lifecycle/lifecycle-runtime-ktx/2.7.0/lifecycle-runtime-ktx-2.7.0.pom to /home/runner/.gradle/.tmp/gradle_download14077499899121635704bin
Downloading https://dl.google.com/dl/android/maven2/androidx/core/core-ktx/1.12.0/core-ktx-1.12.0.module to /home/runner/.gradle/.tmp/gradle_download9438145073889494262bin
Downloading https://dl.google.com/dl/android/maven2/androidx/activity/activity-compose/1.8.2/activity-compose-1.8.2.module to /home/runner/.gradle/.tmp/gradle_download2160828776046013528bin
Downloading https://dl.google.com/dl/android/maven2/androidx/lifecycle/lifecycle-runtime-ktx/2.7.0/lifecycle-runtime-ktx-2.7.0.module to /home/runner/.gradle/.tmp/gradle_download9376319490525569368bin
Downloading https://repo.maven.apache.org/maven2/org/jetbrains/kotlin/kotlin-stdlib/1.9.22/kotlin-stdlib-1.9.22.pom to /home/runner/.gradle/.tmp/gradle_download17547744741966067257bin
Downloading https://repo.maven.apache.org/maven2/org/jetbrains/kotlin/kotlin-stdlib/1.9.22/kotlin-stdlib-1.9.22.module to /home/runner/.gradle/.tmp/gradle_download11792890618507966059bin
Resource missing. [HTTP GET: https://dl.google.com/dl/android/maven2/io/coil-kt/coil-compose/2.5.0/coil-compose-2.5.0.pom]
Downloading https://repo.maven.apache.org/maven2/io/coil-kt/coil-compose/2.5.0/coil-compose-2.5.0.pom to /home/runner/.gradle/.tmp/gradle_download15947508789065122123bin
Downloading https://dl.google.com/dl/android/maven2/androidx/lifecycle/lifecycle-viewmodel-compose/2.7.0/lifecycle-viewmodel-compose-2.7.0.pom to /home/runner/.gradle/.tmp/gradle_download13122310365485261946bin
Downloading https://repo.maven.apache.org/maven2/io/coil-kt/coil-compose/2.5.0/coil-compose-2.5.0.module to /home/runner/.gradle/.tmp/gradle_download14047377530504634013bin
Downloading https://dl.google.com/dl/android/maven2/androidx/lifecycle/lifecycle-viewmodel-compose/2.7.0/lifecycle-viewmodel-compose-2.7.0.module to /home/runner/.gradle/.tmp/gradle_download15566359170781864605bin
Downloading https://dl.google.com/dl/android/maven2/androidx/compose/material3/material3/1.1.2/material3-1.1.2.pom to /home/runner/.gradle/.tmp/gradle_download17110390573017719364bin
Downloading https://dl.google.com/dl/android/maven2/androidx/compose/material3/material3/1.1.2/material3-1.1.2.module to /home/runner/.gradle/.tmp/gradle_download1760718733362223923bin
Downloading https://dl.google.com/dl/android/maven2/androidx/compose/ui/ui/1.6.0/ui-1.6.0.pom to /home/runner/.gradle/.tmp/gradle_download4349250710950093bin
Downloading https://dl.google.com/dl/android/maven2/androidx/compose/ui/ui/1.6.0/ui-1.6.0.module to /home/runner/.gradle/.tmp/gradle_download16322459826695068412bin
Downloading https://dl.google.com/dl/android/maven2/androidx/compose/ui/ui-graphics/1.6.0/ui-graphics-1.6.0.pom to /home/runner/.gradle/.tmp/gradle_download10129877311970713095bin
Downloading https://dl.google.com/dl/android/maven2/androidx/compose/ui/ui-graphics/1.6.0/ui-graphics-1.6.0.module to /home/runner/.gradle/.tmp/gradle_download12157447987266268849bin
Downloading https://dl.google.com/dl/android/maven2/androidx/compose/ui/ui-test-manifest/1.6.0/ui-test-manifest-1.6.0.pom to /home/runner/.gradle/.tmp/gradle_download225108709068662755bin
Downloading https://dl.google.com/dl/android/maven2/androidx/compose/ui/ui-test-manifest/1.6.0/ui-test-manifest-1.6.0.module to /home/runner/.gradle/.tmp/gradle_download14158964750706717540bin
Downloading https://dl.google.com/dl/android/maven2/androidx/compose/ui/ui-tooling/1.6.0/ui-tooling-1.6.0.pom to /home/runner/.gradle/.tmp/gradle_download14160275676599929622bin
Downloading https://dl.google.com/dl/android/maven2/androidx/compose/ui/ui-tooling/1.6.0/ui-tooling-1.6.0.module to /home/runner/.gradle/.tmp/gradle_download18093368823140752377bin
Downloading https://dl.google.com/dl/android/maven2/androidx/compose/ui/ui-tooling-preview/1.6.0/ui-tooling-preview-1.6.0.pom to /home/runner/.gradle/.tmp/gradle_download3031032662574757897bin
Downloading https://dl.google.com/dl/android/maven2/androidx/compose/ui/ui-tooling-preview/1.6.0/ui-tooling-preview-1.6.0.module to /home/runner/.gradle/.tmp/gradle_download13023756524559470852bin
Downloading https://dl.google.com/dl/android/maven2/androidx/annotation/annotation/1.1.0/annotation-1.1.0.pom to /home/runner/.gradle/.tmp/gradle_download13162629599638649710bin
Downloading https://dl.google.com/dl/android/maven2/androidx/core/core/1.12.0/core-1.12.0.pom to /home/runner/.gradle/.tmp/gradle_download11599016222769977307bin
Downloading https://dl.google.com/dl/android/maven2/androidx/core/core/1.12.0/core-1.12.0.module to /home/runner/.gradle/.tmp/gradle_download3175890524300866383bin
Downloading https://dl.google.com/dl/android/maven2/androidx/lifecycle/lifecycle-runtime/2.7.0/lifecycle-runtime-2.7.0.pom to /home/runner/.gradle/.tmp/gradle_download13762383842555372916bin
Resource missing. [HTTP GET: https://dl.google.com/dl/android/maven2/org/jetbrains/kotlinx/kotlinx-coroutines-android/1.7.1/kotlinx-coroutines-android-1.7.1.pom]
Downloading https://dl.google.com/dl/android/maven2/androidx/lifecycle/lifecycle-runtime/2.7.0/lifecycle-runtime-2.7.0.module to /home/runner/.gradle/.tmp/gradle_download13096356369898900932bin
Downloading https://repo.maven.apache.org/maven2/org/jetbrains/kotlinx/kotlinx-coroutines-android/1.7.1/kotlinx-coroutines-android-1.7.1.pom to /home/runner/.gradle/.tmp/gradle_download7632505301584355515bin
Resource missing. [HTTP GET: https://dl.google.com/dl/android/maven2/org/jetbrains/kotlinx/kotlinx-coroutines-bom/1.7.1/kotlinx-coroutines-bom-1.7.1.pom]
Downloading https://repo.maven.apache.org/maven2/org/jetbrains/kotlinx/kotlinx-coroutines-bom/1.7.1/kotlinx-coroutines-bom-1.7.1.pom to /home/runner/.gradle/.tmp/gradle_download17412628495760252233bin
Downloading https://repo.maven.apache.org/maven2/org/jetbrains/kotlinx/kotlinx-coroutines-android/1.7.1/kotlinx-coroutines-android-1.7.1.module to /home/runner/.gradle/.tmp/gradle_download14754435132130972754bin
Downloading https://dl.google.com/dl/android/maven2/androidx/activity/activity-ktx/1.8.2/activity-ktx-1.8.2.pom to /home/runner/.gradle/.tmp/gradle_download16783871634555472151bin
Downloading https://dl.google.com/dl/android/maven2/androidx/activity/activity-ktx/1.8.2/activity-ktx-1.8.2.module to /home/runner/.gradle/.tmp/gradle_download5056478409312367093bin
Downloading https://dl.google.com/dl/android/maven2/androidx/lifecycle/lifecycle-viewmodel/2.7.0/lifecycle-viewmodel-2.7.0.pom to /home/runner/.gradle/.tmp/gradle_download6860955564944735140bin
Downloading https://dl.google.com/dl/android/maven2/androidx/lifecycle/lifecycle-viewmodel/2.7.0/lifecycle-viewmodel-2.7.0.module to /home/runner/.gradle/.tmp/gradle_download12332642664035386681bin
Downloading https://dl.google.com/dl/android/maven2/androidx/compose/runtime/runtime/1.6.0/runtime-1.6.0.pom to /home/runner/.gradle/.tmp/gradle_download7871262131519659574bin
Downloading https://dl.google.com/dl/android/maven2/androidx/compose/runtime/runtime/1.6.0/runtime-1.6.0.module to /home/runner/.gradle/.tmp/gradle_download10398028559174634163bin
Downloading https://dl.google.com/dl/android/maven2/androidx/compose/runtime/runtime-saveable/1.6.0/runtime-saveable-1.6.0.pom to /home/runner/.gradle/.tmp/gradle_download10957790769944573318bin
Downloading https://dl.google.com/dl/android/maven2/androidx/compose/runtime/runtime-saveable/1.6.0/runtime-saveable-1.6.0.module to /home/runner/.gradle/.tmp/gradle_download4109167050464447112bin
Downloading https://dl.google.com/dl/android/maven2/androidx/lifecycle/lifecycle-viewmodel-ktx/2.7.0/lifecycle-viewmodel-ktx-2.7.0.pom to /home/runner/.gradle/.tmp/gradle_download12744903778987633143bin
Downloading https://dl.google.com/dl/android/maven2/androidx/lifecycle/lifecycle-common-java8/2.7.0/lifecycle-common-java8-2.7.0.pom to /home/runner/.gradle/.tmp/gradle_download9134188909494853551bin
Downloading https://dl.google.com/dl/android/maven2/androidx/annotation/annotation-experimental/1.1.0/annotation-experimental-1.1.0.pom to /home/runner/.gradle/.tmp/gradle_download9462839039776612262bin
Downloading https://dl.google.com/dl/android/maven2/androidx/lifecycle/lifecycle-viewmodel-savedstate/2.7.0/lifecycle-viewmodel-savedstate-2.7.0.pom to /home/runner/.gradle/.tmp/gradle_download15097015192039127682bin
Downloading https://dl.google.com/dl/android/maven2/androidx/lifecycle/lifecycle-viewmodel-ktx/2.7.0/lifecycle-viewmodel-ktx-2.7.0.module to /home/runner/.gradle/.tmp/gradle_download16912321623985358360bin
Downloading https://dl.google.com/dl/android/maven2/androidx/lifecycle/lifecycle-common-java8/2.7.0/lifecycle-common-java8-2.7.0.module to /home/runner/.gradle/.tmp/gradle_download2207739672986154245bin
Downloading https://dl.google.com/dl/android/maven2/androidx/lifecycle/lifecycle-viewmodel-savedstate/2.7.0/lifecycle-viewmodel-savedstate-2.7.0.module to /home/runner/.gradle/.tmp/gradle_download1655460825319354221bin
Downloading https://dl.google.com/dl/android/maven2/androidx/annotation/annotation-experimental/1.1.0/annotation-experimental-1.1.0.module to /home/runner/.gradle/.tmp/gradle_download2267847601723646638bin
Resource missing. [HTTP GET: https://dl.google.com/dl/android/maven2/io/coil-kt/coil/2.5.0/coil-2.5.0.pom]
Resource missing. [HTTP GET: https://dl.google.com/dl/android/maven2/io/coil-kt/coil-compose-base/2.5.0/coil-compose-base-2.5.0.pom]
Downloading https://repo.maven.apache.org/maven2/io/coil-kt/coil/2.5.0/coil-2.5.0.pom to /home/runner/.gradle/.tmp/gradle_download14537979232253981897bin
Downloading https://repo.maven.apache.org/maven2/io/coil-kt/coil-compose-base/2.5.0/coil-compose-base-2.5.0.pom to /home/runner/.gradle/.tmp/gradle_download14649620508991994788bin
Downloading https://repo.maven.apache.org/maven2/io/coil-kt/coil/2.5.0/coil-2.5.0.module to /home/runner/.gradle/.tmp/gradle_download18069456127197956773bin
Downloading https://repo.maven.apache.org/maven2/io/coil-kt/coil-compose-base/2.5.0/coil-compose-base-2.5.0.module to /home/runner/.gradle/.tmp/gradle_download11202593249753743387bin
Downloading https://dl.google.com/dl/android/maven2/androidx/savedstate/savedstate-ktx/1.2.1/savedstate-ktx-1.2.1.pom to /home/runner/.gradle/.tmp/gradle_download12376612665157989668bin
Downloading https://dl.google.com/dl/android/maven2/androidx/savedstate/savedstate-ktx/1.2.1/savedstate-ktx-1.2.1.module to /home/runner/.gradle/.tmp/gradle_download15104901207999416030bin
Downloading https://dl.google.com/dl/android/maven2/androidx/compose/material/material-icons-core/1.6.0/material-icons-core-1.6.0.pom to /home/runner/.gradle/.tmp/gradle_download11876816040771138415bin
Downloading https://dl.google.com/dl/android/maven2/androidx/compose/material/material-icons-core/1.6.0/material-icons-core-1.6.0.module to /home/runner/.gradle/.tmp/gradle_download13159612027738856999bin
Downloading https://dl.google.com/dl/android/maven2/androidx/compose/animation/animation-core/1.6.0/animation-core-1.6.0.pom to /home/runner/.gradle/.tmp/gradle_download9579354438884320813bin
Downloading https://dl.google.com/dl/android/maven2/androidx/compose/animation/animation-core/1.6.0/animation-core-1.6.0.module to /home/runner/.gradle/.tmp/gradle_download5817046099435729191bin
Downloading https://dl.google.com/dl/android/maven2/androidx/compose/material/material-ripple/1.6.0/material-ripple-1.6.0.pom to /home/runner/.gradle/.tmp/gradle_download14548024902703363346bin
Downloading https://dl.google.com/dl/android/maven2/androidx/compose/foundation/foundation-layout/1.6.0/foundation-layout-1.6.0.pom to /home/runner/.gradle/.tmp/gradle_download14666227690462862420bin
Downloading https://dl.google.com/dl/android/maven2/androidx/compose/foundation/foundation/1.6.0/foundation-1.6.0.pom to /home/runner/.gradle/.tmp/gradle_download15433782878770248738bin
Downloading https://dl.google.com/dl/android/maven2/androidx/compose/ui/ui-text/1.6.0/ui-text-1.6.0.pom to /home/runner/.gradle/.tmp/gradle_download9548307158436962156bin
Downloading https://dl.google.com/dl/android/maven2/androidx/compose/foundation/foundation-layout/1.6.0/foundation-layout-1.6.0.module to /home/runner/.gradle/.tmp/gradle_download15755404753845307710bin
Downloading https://dl.google.com/dl/android/maven2/androidx/compose/foundation/foundation/1.6.0/foundation-1.6.0.module to /home/runner/.gradle/.tmp/gradle_download9032976361106423629bin
Downloading https://dl.google.com/dl/android/maven2/androidx/compose/ui/ui-util/1.6.0/ui-util-1.6.0.pom to /home/runner/.gradle/.tmp/gradle_download319114716662103048bin
Downloading https://dl.google.com/dl/android/maven2/androidx/compose/material/material-ripple/1.6.0/material-ripple-1.6.0.module to /home/runner/.gradle/.tmp/gradle_download11226721407565816481bin
Downloading https://dl.google.com/dl/android/maven2/androidx/compose/ui/ui-util/1.6.0/ui-util-1.6.0.module to /home/runner/.gradle/.tmp/gradle_download7632726570381083930bin
Downloading https://dl.google.com/dl/android/maven2/androidx/compose/ui/ui-text/1.6.0/ui-text-1.6.0.module to /home/runner/.gradle/.tmp/gradle_download11789392399048082957bin
Downloading https://dl.google.com/dl/android/maven2/androidx/compose/ui/ui-android/1.6.0/ui-android-1.6.0.pom to /home/runner/.gradle/.tmp/gradle_download13047526697483378379bin
Downloading https://dl.google.com/dl/android/maven2/androidx/compose/ui/ui-android/1.6.0/ui-android-1.6.0.module to /home/runner/.gradle/.tmp/gradle_download6205814116934247058bin
Downloading https://dl.google.com/dl/android/maven2/androidx/compose/ui/ui-graphics-android/1.6.0/ui-graphics-android-1.6.0.pom to /home/runner/.gradle/.tmp/gradle_download13224286428154444518bin
Downloading https://dl.google.com/dl/android/maven2/androidx/compose/ui/ui-graphics-android/1.6.0/ui-graphics-android-1.6.0.module to /home/runner/.gradle/.tmp/gradle_download3345270017357366808bin
Downloading https://dl.google.com/dl/android/maven2/androidx/compose/ui/ui-tooling-android/1.6.0/ui-tooling-android-1.6.0.pom to /home/runner/.gradle/.tmp/gradle_download1323765670729266644bin
Downloading https://dl.google.com/dl/android/maven2/androidx/compose/ui/ui-tooling-android/1.6.0/ui-tooling-android-1.6.0.module to /home/runner/.gradle/.tmp/gradle_download13107206348602940135bin
Downloading https://dl.google.com/dl/android/maven2/androidx/compose/ui/ui-tooling-preview-android/1.6.0/ui-tooling-preview-android-1.6.0.pom to /home/runner/.gradle/.tmp/gradle_download15068998507405666691bin
Downloading https://dl.google.com/dl/android/maven2/androidx/compose/ui/ui-tooling-preview-android/1.6.0/ui-tooling-preview-android-1.6.0.module to /home/runner/.gradle/.tmp/gradle_download3118589182559707980bin
Downloading https://dl.google.com/dl/android/maven2/androidx/annotation/annotation/1.6.0/annotation-1.6.0.pom to /home/runner/.gradle/.tmp/gradle_download18250592342421161403bin
Downloading https://dl.google.com/dl/android/maven2/androidx/annotation/annotation/1.6.0/annotation-1.6.0.module to /home/runner/.gradle/.tmp/gradle_download17139433333446264199bin
Downloading https://dl.google.com/dl/android/maven2/androidx/annotation/annotation-experimental/1.3.0/annotation-experimental-1.3.0.pom to /home/runner/.gradle/.tmp/gradle_download8121407145051984189bin
Downloading https://dl.google.com/dl/android/maven2/androidx/annotation/annotation-experimental/1.3.0/annotation-experimental-1.3.0.module to /home/runner/.gradle/.tmp/gradle_download2527760056033855069bin
Downloading https://dl.google.com/dl/android/maven2/androidx/collection/collection/1.0.0/collection-1.0.0.pom to /home/runner/.gradle/.tmp/gradle_download15958815952763990014bin
Downloading https://dl.google.com/dl/android/maven2/androidx/concurrent/concurrent-futures/1.0.0/concurrent-futures-1.0.0.pom to /home/runner/.gradle/.tmp/gradle_download6864355848403851757bin
Downloading https://dl.google.com/dl/android/maven2/androidx/versionedparcelable/versionedparcelable/1.1.1/versionedparcelable-1.1.1.pom to /home/runner/.gradle/.tmp/gradle_download11430903687927400024bin
Downloading https://dl.google.com/dl/android/maven2/androidx/interpolator/interpolator/1.0.0/interpolator-1.0.0.pom to /home/runner/.gradle/.tmp/gradle_download14590152353451085366bin
Resource missing. [HTTP GET: https://dl.google.com/dl/android/maven2/org/jetbrains/kotlin/kotlin-stdlib-jdk8/1.9.10/kotlin-stdlib-jdk8-1.9.10.pom]
Downloading https://repo.maven.apache.org/maven2/org/jetbrains/kotlin/kotlin-stdlib-jdk8/1.9.10/kotlin-stdlib-jdk8-1.9.10.pom to /home/runner/.gradle/.tmp/gradle_download7750059852942998283bin
Resource missing. [HTTP GET: https://dl.google.com/dl/android/maven2/org/jetbrains/kotlin/kotlin-stdlib-common/1.9.22/kotlin-stdlib-common-1.9.22.pom]
Downloading https://repo.maven.apache.org/maven2/org/jetbrains/kotlin/kotlin-stdlib-common/1.9.22/kotlin-stdlib-common-1.9.22.pom to /home/runner/.gradle/.tmp/gradle_download13615963820117072701bin
Downloading https://repo.maven.apache.org/maven2/org/jetbrains/kotlin/kotlin-stdlib-common/1.9.22/kotlin-stdlib-common-1.9.22.module to /home/runner/.gradle/.tmp/gradle_download4960585671946169508bin
Downloading https://dl.google.com/dl/android/maven2/androidx/arch/core/core-common/2.2.0/core-common-2.2.0.pom to /home/runner/.gradle/.tmp/gradle_download16293960905081263107bin
Downloading https://dl.google.com/dl/android/maven2/androidx/lifecycle/lifecycle-common/2.7.0/lifecycle-common-2.7.0.pom to /home/runner/.gradle/.tmp/gradle_download13308655204587815965bin
Downloading https://dl.google.com/dl/android/maven2/androidx/arch/core/core-runtime/2.2.0/core-runtime-2.2.0.pom to /home/runner/.gradle/.tmp/gradle_download7414892592694946149bin
Downloading https://dl.google.com/dl/android/maven2/androidx/profileinstaller/profileinstaller/1.3.0/profileinstaller-1.3.0.pom to /home/runner/.gradle/.tmp/gradle_download1584188143737515058bin
Downloading https://dl.google.com/dl/android/maven2/androidx/arch/core/core-common/2.2.0/core-common-2.2.0.module to /home/runner/.gradle/.tmp/gradle_download6972491499733210567bin
Downloading https://dl.google.com/dl/android/maven2/androidx/lifecycle/lifecycle-common/2.7.0/lifecycle-common-2.7.0.module to /home/runner/.gradle/.tmp/gradle_download14454106946642082229bin
Downloading https://dl.google.com/dl/android/maven2/androidx/profileinstaller/profileinstaller/1.3.0/profileinstaller-1.3.0.module to /home/runner/.gradle/.tmp/gradle_download2446775631771219315bin
Downloading https://dl.google.com/dl/android/maven2/androidx/arch/core/core-runtime/2.2.0/core-runtime-2.2.0.module to /home/runner/.gradle/.tmp/gradle_download5324919626363242493bin
Resource missing. [HTTP GET: https://dl.google.com/dl/android/maven2/org/jetbrains/kotlinx/kotlinx-coroutines-core/1.7.1/kotlinx-coroutines-core-1.7.1.pom]
Downloading https://repo.maven.apache.org/maven2/org/jetbrains/kotlinx/kotlinx-coroutines-core/1.7.1/kotlinx-coroutines-core-1.7.1.pom to /home/runner/.gradle/.tmp/gradle_download5644906817874315022bin
Downloading https://repo.maven.apache.org/maven2/org/jetbrains/kotlinx/kotlinx-coroutines-core/1.7.1/kotlinx-coroutines-core-1.7.1.module to /home/runner/.gradle/.tmp/gradle_download6151875167980133696bin
Downloading https://dl.google.com/dl/android/maven2/androidx/activity/activity/1.8.2/activity-1.8.2.pom to /home/runner/.gradle/.tmp/gradle_download11204038321014105781bin
Downloading https://dl.google.com/dl/android/maven2/androidx/activity/activity/1.8.2/activity-1.8.2.module to /home/runner/.gradle/.tmp/gradle_download2891362046989442334bin
Downloading https://dl.google.com/dl/android/maven2/androidx/compose/runtime/runtime-android/1.6.0/runtime-android-1.6.0.pom to /home/runner/.gradle/.tmp/gradle_download7894821646987967469bin
Downloading https://dl.google.com/dl/android/maven2/androidx/compose/runtime/runtime-android/1.6.0/runtime-android-1.6.0.module to /home/runner/.gradle/.tmp/gradle_download12755033339709358382bin
Downloading https://dl.google.com/dl/android/maven2/androidx/compose/runtime/runtime-saveable-android/1.6.0/runtime-saveable-android-1.6.0.pom to /home/runner/.gradle/.tmp/gradle_download14733503362056566156bin
Downloading https://dl.google.com/dl/android/maven2/androidx/compose/runtime/runtime-saveable-android/1.6.0/runtime-saveable-android-1.6.0.module to /home/runner/.gradle/.tmp/gradle_download1957232102806310694bin
Downloading https://dl.google.com/dl/android/maven2/androidx/lifecycle/lifecycle-livedata-core/2.7.0/lifecycle-livedata-core-2.7.0.pom to /home/runner/.gradle/.tmp/gradle_download6341583546664047140bin
Downloading https://dl.google.com/dl/android/maven2/androidx/savedstate/savedstate/1.2.1/savedstate-1.2.1.pom to /home/runner/.gradle/.tmp/gradle_download12506146730565643829bin
Downloading https://dl.google.com/dl/android/maven2/androidx/savedstate/savedstate/1.2.1/savedstate-1.2.1.module to /home/runner/.gradle/.tmp/gradle_download2610335943062302104bin
Downloading https://dl.google.com/dl/android/maven2/androidx/lifecycle/lifecycle-livedata-core/2.7.0/lifecycle-livedata-core-2.7.0.module to /home/runner/.gradle/.tmp/gradle_download17732566573634623943bin
Resource missing. [HTTP GET: https://dl.google.com/dl/android/maven2/com/google/accompanist/accompanist-drawablepainter/0.32.0/accompanist-drawablepainter-0.32.0.pom]
Downloading https://repo.maven.apache.org/maven2/com/google/accompanist/accompanist-drawablepainter/0.32.0/accompanist-drawablepainter-0.32.0.pom to /home/runner/.gradle/.tmp/gradle_download17178595967971101304bin
Downloading https://repo.maven.apache.org/maven2/com/google/accompanist/accompanist-drawablepainter/0.32.0/accompanist-drawablepainter-0.32.0.module to /home/runner/.gradle/.tmp/gradle_download16202730981349231959bin
Resource missing. [HTTP GET: https://dl.google.com/dl/android/maven2/io/coil-kt/coil-base/2.5.0/coil-base-2.5.0.pom]
Downloading https://repo.maven.apache.org/maven2/io/coil-kt/coil-base/2.5.0/coil-base-2.5.0.pom to /home/runner/.gradle/.tmp/gradle_download8212429144742878272bin
Downloading https://repo.maven.apache.org/maven2/io/coil-kt/coil-base/2.5.0/coil-base-2.5.0.module to /home/runner/.gradle/.tmp/gradle_download5655488935760321031bin
Downloading https://dl.google.com/dl/android/maven2/androidx/compose/animation/animation-core-android/1.6.0/animation-core-android-1.6.0.pom to /home/runner/.gradle/.tmp/gradle_download1508235869158064401bin
Downloading https://dl.google.com/dl/android/maven2/androidx/compose/animation/animation-core-android/1.6.0/animation-core-android-1.6.0.module to /home/runner/.gradle/.tmp/gradle_download1326244323852503025bin
Downloading https://dl.google.com/dl/android/maven2/androidx/compose/foundation/foundation-android/1.6.0/foundation-android-1.6.0.pom to /home/runner/.gradle/.tmp/gradle_download14615906732743758278bin
Downloading https://dl.google.com/dl/android/maven2/androidx/compose/foundation/foundation-android/1.6.0/foundation-android-1.6.0.module to /home/runner/.gradle/.tmp/gradle_download2101723732878500041bin
Downloading https://dl.google.com/dl/android/maven2/androidx/compose/foundation/foundation-layout-android/1.6.0/foundation-layout-android-1.6.0.pom to /home/runner/.gradle/.tmp/gradle_download10628259678232161968bin
Downloading https://dl.google.com/dl/android/maven2/androidx/compose/foundation/foundation-layout-android/1.6.0/foundation-layout-android-1.6.0.module to /home/runner/.gradle/.tmp/gradle_download6779908840921839023bin
Downloading https://dl.google.com/dl/android/maven2/androidx/compose/material/material-icons-core-android/1.6.0/material-icons-core-android-1.6.0.pom to /home/runner/.gradle/.tmp/gradle_download17524180169523002868bin
Downloading https://dl.google.com/dl/android/maven2/androidx/compose/material/material-icons-core-android/1.6.0/material-icons-core-android-1.6.0.module to /home/runner/.gradle/.tmp/gradle_download17185675719290743416bin
Downloading https://dl.google.com/dl/android/maven2/androidx/compose/material/material-ripple-android/1.6.0/material-ripple-android-1.6.0.pom to /home/runner/.gradle/.tmp/gradle_download16286897530133950618bin
Downloading https://dl.google.com/dl/android/maven2/androidx/compose/material/material-ripple-android/1.6.0/material-ripple-android-1.6.0.module to /home/runner/.gradle/.tmp/gradle_download5381480266970769089bin
Downloading https://dl.google.com/dl/android/maven2/androidx/compose/ui/ui-text-android/1.6.0/ui-text-android-1.6.0.pom to /home/runner/.gradle/.tmp/gradle_download11291220696004841563bin
Downloading https://dl.google.com/dl/android/maven2/androidx/compose/ui/ui-text-android/1.6.0/ui-text-android-1.6.0.module to /home/runner/.gradle/.tmp/gradle_download18259039939225195475bin
Downloading https://dl.google.com/dl/android/maven2/androidx/compose/ui/ui-util-android/1.6.0/ui-util-android-1.6.0.pom to /home/runner/.gradle/.tmp/gradle_download4451828157576593662bin
Downloading https://dl.google.com/dl/android/maven2/androidx/compose/ui/ui-util-android/1.6.0/ui-util-android-1.6.0.module to /home/runner/.gradle/.tmp/gradle_download2545982298605255303bin
Downloading https://dl.google.com/dl/android/maven2/androidx/collection/collection/1.4.0/collection-1.4.0.pom to /home/runner/.gradle/.tmp/gradle_download1647988507267230701bin
Downloading https://dl.google.com/dl/android/maven2/androidx/collection/collection/1.4.0/collection-1.4.0.module to /home/runner/.gradle/.tmp/gradle_download12642311938200897696bin
Downloading https://dl.google.com/dl/android/maven2/androidx/autofill/autofill/1.0.0/autofill-1.0.0.pom to /home/runner/.gradle/.tmp/gradle_download15803065901229264536bin
Downloading https://dl.google.com/dl/android/maven2/androidx/customview/customview-poolingcontainer/1.0.0/customview-poolingcontainer-1.0.0.pom to /home/runner/.gradle/.tmp/gradle_download641878822483753201bin
Downloading https://dl.google.com/dl/android/maven2/androidx/emoji2/emoji2/1.2.0/emoji2-1.2.0.pom to /home/runner/.gradle/.tmp/gradle_download6078816682703985705bin
Downloading https://dl.google.com/dl/android/maven2/androidx/customview/customview-poolingcontainer/1.0.0/customview-poolingcontainer-1.0.0.module to /home/runner/.gradle/.tmp/gradle_download1669989732714593343bin
Downloading https://dl.google.com/dl/android/maven2/androidx/emoji2/emoji2/1.2.0/emoji2-1.2.0.module to /home/runner/.gradle/.tmp/gradle_download2524045359584614994bin
Downloading https://dl.google.com/dl/android/maven2/androidx/compose/ui/ui-unit/1.6.0/ui-unit-1.6.0.pom to /home/runner/.gradle/.tmp/gradle_download7636708602106344178bin
Downloading https://dl.google.com/dl/android/maven2/androidx/compose/ui/ui-geometry/1.6.0/ui-geometry-1.6.0.pom to /home/runner/.gradle/.tmp/gradle_download8911733634140581064bin
Downloading https://dl.google.com/dl/android/maven2/androidx/compose/ui/ui-geometry/1.6.0/ui-geometry-1.6.0.module to /home/runner/.gradle/.tmp/gradle_download16038650237343457658bin
Downloading https://dl.google.com/dl/android/maven2/androidx/compose/ui/ui-unit/1.6.0/ui-unit-1.6.0.module to /home/runner/.gradle/.tmp/gradle_download6815121778556675969bin
Downloading https://dl.google.com/dl/android/maven2/androidx/annotation/annotation/1.7.0/annotation-1.7.0.pom to /home/runner/.gradle/.tmp/gradle_download15484238933180143933bin
Downloading https://dl.google.com/dl/android/maven2/androidx/annotation/annotation/1.7.0/annotation-1.7.0.module to /home/runner/.gradle/.tmp/gradle_download9315238026302280818bin
Downloading https://dl.google.com/dl/android/maven2/androidx/compose/ui/ui-tooling-data/1.6.0/ui-tooling-data-1.6.0.pom to /home/runner/.gradle/.tmp/gradle_download16109524687018642486bin
Downloading https://dl.google.com/dl/android/maven2/androidx/compose/ui/ui-tooling-data/1.6.0/ui-tooling-data-1.6.0.module to /home/runner/.gradle/.tmp/gradle_download1675413826135860969bin
Downloading https://dl.google.com/dl/android/maven2/androidx/compose/animation/animation/1.6.0/animation-1.6.0.pom to /home/runner/.gradle/.tmp/gradle_download15675568612527766574bin
Downloading https://dl.google.com/dl/android/maven2/androidx/compose/animation/animation/1.6.0/animation-1.6.0.module to /home/runner/.gradle/.tmp/gradle_download15545920515119576516bin
Downloading https://dl.google.com/dl/android/maven2/androidx/compose/material/material/1.6.0/material-1.6.0.pom to /home/runner/.gradle/.tmp/gradle_download16116382053058503503bin
Downloading https://dl.google.com/dl/android/maven2/androidx/compose/material/material/1.6.0/material-1.6.0.module to /home/runner/.gradle/.tmp/gradle_download18168455669675694679bin
Resource missing. [HTTP GET: https://dl.google.com/dl/android/maven2/com/google/guava/listenablefuture/1.0/listenablefuture-1.0.pom]
Downloading https://repo.maven.apache.org/maven2/com/google/guava/listenablefuture/1.0/listenablefuture-1.0.pom to /home/runner/.gradle/.tmp/gradle_download18057006772765534446bin
Downloading https://dl.google.com/dl/android/maven2/androidx/concurrent/concurrent-futures/1.1.0/concurrent-futures-1.1.0.pom to /home/runner/.gradle/.tmp/gradle_download14167696074419601330bin
Downloading https://dl.google.com/dl/android/maven2/androidx/concurrent/concurrent-futures/1.1.0/concurrent-futures-1.1.0.module to /home/runner/.gradle/.tmp/gradle_download9013372097699606801bin
Downloading https://dl.google.com/dl/android/maven2/androidx/startup/startup-runtime/1.1.1/startup-runtime-1.1.1.pom to /home/runner/.gradle/.tmp/gradle_download15804207980335980154bin
Downloading https://dl.google.com/dl/android/maven2/androidx/startup/startup-runtime/1.1.1/startup-runtime-1.1.1.module to /home/runner/.gradle/.tmp/gradle_download16471111791832223440bin
Resource missing. [HTTP GET: https://dl.google.com/dl/android/maven2/org/jetbrains/kotlin/kotlin-stdlib-jdk7/1.9.10/kotlin-stdlib-jdk7-1.9.10.pom]
Downloading https://repo.maven.apache.org/maven2/org/jetbrains/kotlin/kotlin-stdlib-jdk7/1.9.10/kotlin-stdlib-jdk7-1.9.10.pom to /home/runner/.gradle/.tmp/gradle_download6398438776073108807bin
Resource missing. [HTTP GET: https://dl.google.com/dl/android/maven2/org/jetbrains/kotlinx/kotlinx-coroutines-core-jvm/1.7.1/kotlinx-coroutines-core-jvm-1.7.1.pom]
Downloading https://repo.maven.apache.org/maven2/org/jetbrains/kotlinx/kotlinx-coroutines-core-jvm/1.7.1/kotlinx-coroutines-core-jvm-1.7.1.pom to /home/runner/.gradle/.tmp/gradle_download10454081476703993704bin
Downloading https://repo.maven.apache.org/maven2/org/jetbrains/kotlinx/kotlinx-coroutines-core-jvm/1.7.1/kotlinx-coroutines-core-jvm-1.7.1.module to /home/runner/.gradle/.tmp/gradle_download6481480195458465598bin
Downloading https://dl.google.com/dl/android/maven2/androidx/tracing/tracing/1.0.0/tracing-1.0.0.pom to /home/runner/.gradle/.tmp/gradle_download7688210128901467642bin
Downloading https://dl.google.com/dl/android/maven2/androidx/tracing/tracing/1.0.0/tracing-1.0.0.module to /home/runner/.gradle/.tmp/gradle_download15965717641506357925bin
Downloading https://dl.google.com/dl/android/maven2/androidx/profileinstaller/profileinstaller/1.3.1/profileinstaller-1.3.1.pom to /home/runner/.gradle/.tmp/gradle_download977917006395660961bin
Downloading https://dl.google.com/dl/android/maven2/androidx/profileinstaller/profileinstaller/1.3.1/profileinstaller-1.3.1.module to /home/runner/.gradle/.tmp/gradle_download13836350769623189044bin
Resource missing. [HTTP GET: https://dl.google.com/dl/android/maven2/org/jetbrains/kotlinx/kotlinx-coroutines-android/1.7.3/kotlinx-coroutines-android-1.7.3.pom]
Downloading https://repo.maven.apache.org/maven2/org/jetbrains/kotlinx/kotlinx-coroutines-android/1.7.3/kotlinx-coroutines-android-1.7.3.pom to /home/runner/.gradle/.tmp/gradle_download11252640605242269688bin
Resource missing. [HTTP GET: https://dl.google.com/dl/android/maven2/org/jetbrains/kotlinx/kotlinx-coroutines-bom/1.7.3/kotlinx-coroutines-bom-1.7.3.pom]
Downloading https://repo.maven.apache.org/maven2/org/jetbrains/kotlinx/kotlinx-coroutines-bom/1.7.3/kotlinx-coroutines-bom-1.7.3.pom to /home/runner/.gradle/.tmp/gradle_download12488527864140000506bin
Downloading https://repo.maven.apache.org/maven2/org/jetbrains/kotlinx/kotlinx-coroutines-android/1.7.3/kotlinx-coroutines-android-1.7.3.module to /home/runner/.gradle/.tmp/gradle_download5380821135399695147bin
Resource missing. [HTTP GET: https://dl.google.com/dl/android/maven2/com/squareup/okio/okio/3.6.0/okio-3.6.0.pom]
Downloading https://dl.google.com/dl/android/maven2/androidx/exifinterface/exifinterface/1.3.6/exifinterface-1.3.6.pom to /home/runner/.gradle/.tmp/gradle_download17335178806063114867bin
Resource missing. [HTTP GET: https://dl.google.com/dl/android/maven2/com/squareup/okhttp3/okhttp/4.12.0/okhttp-4.12.0.pom]
Downloading https://dl.google.com/dl/android/maven2/androidx/exifinterface/exifinterface/1.3.6/exifinterface-1.3.6.module to /home/runner/.gradle/.tmp/gradle_download3606554703643280653bin
Downloading https://repo.maven.apache.org/maven2/com/squareup/okio/okio/3.6.0/okio-3.6.0.pom to /home/runner/.gradle/.tmp/gradle_download7799315610105252270bin
Downloading https://repo.maven.apache.org/maven2/com/squareup/okhttp3/okhttp/4.12.0/okhttp-4.12.0.pom to /home/runner/.gradle/.tmp/gradle_download8113019639518097367bin
Downloading https://repo.maven.apache.org/maven2/com/squareup/okio/okio/3.6.0/okio-3.6.0.module to /home/runner/.gradle/.tmp/gradle_download10993981093886050171bin
Downloading https://repo.maven.apache.org/maven2/com/squareup/okhttp3/okhttp/4.12.0/okhttp-4.12.0.module to /home/runner/.gradle/.tmp/gradle_download13314822947383484851bin
Downloading https://dl.google.com/dl/android/maven2/androidx/appcompat/appcompat-resources/1.6.1/appcompat-resources-1.6.1.pom to /home/runner/.gradle/.tmp/gradle_download13061163341355770053bin
Downloading https://dl.google.com/dl/android/maven2/androidx/appcompat/appcompat-resources/1.6.1/appcompat-resources-1.6.1.module to /home/runner/.gradle/.tmp/gradle_download17593372168324471600bin
Downloading https://dl.google.com/dl/android/maven2/androidx/emoji2/emoji2/1.3.0/emoji2-1.3.0.pom to /home/runner/.gradle/.tmp/gradle_download9820372580361923730bin
Downloading https://dl.google.com/dl/android/maven2/androidx/emoji2/emoji2/1.3.0/emoji2-1.3.0.module to /home/runner/.gradle/.tmp/gradle_download8385425216563195356bin
Downloading https://dl.google.com/dl/android/maven2/androidx/collection/collection-jvm/1.4.0/collection-jvm-1.4.0.pom to /home/runner/.gradle/.tmp/gradle_download17739994267158458858bin
Downloading https://dl.google.com/dl/android/maven2/androidx/collection/collection-jvm/1.4.0/collection-jvm-1.4.0.module to /home/runner/.gradle/.tmp/gradle_download13416577102917596721bin
Downloading https://dl.google.com/dl/android/maven2/androidx/compose/ui/ui-geometry-android/1.6.0/ui-geometry-android-1.6.0.pom to /home/runner/.gradle/.tmp/gradle_download8363586582120680261bin
Downloading https://dl.google.com/dl/android/maven2/androidx/compose/ui/ui-geometry-android/1.6.0/ui-geometry-android-1.6.0.module to /home/runner/.gradle/.tmp/gradle_download13308053533556468386bin
Downloading https://dl.google.com/dl/android/maven2/androidx/compose/ui/ui-unit-android/1.6.0/ui-unit-android-1.6.0.pom to /home/runner/.gradle/.tmp/gradle_download5970769784882350113bin
Downloading https://dl.google.com/dl/android/maven2/androidx/compose/ui/ui-unit-android/1.6.0/ui-unit-android-1.6.0.module to /home/runner/.gradle/.tmp/gradle_download15052891790615553511bin
Downloading https://dl.google.com/dl/android/maven2/androidx/annotation/annotation-jvm/1.7.0/annotation-jvm-1.7.0.pom to /home/runner/.gradle/.tmp/gradle_download8794205923185411154bin
Downloading https://dl.google.com/dl/android/maven2/androidx/annotation/annotation-jvm/1.7.0/annotation-jvm-1.7.0.module to /home/runner/.gradle/.tmp/gradle_download39374369566316613bin
Downloading https://dl.google.com/dl/android/maven2/androidx/compose/ui/ui-tooling-data-android/1.6.0/ui-tooling-data-android-1.6.0.pom to /home/runner/.gradle/.tmp/gradle_download1610060160943484324bin
Downloading https://dl.google.com/dl/android/maven2/androidx/compose/ui/ui-tooling-data-android/1.6.0/ui-tooling-data-android-1.6.0.module to /home/runner/.gradle/.tmp/gradle_download13874566148507605899bin
Downloading https://dl.google.com/dl/android/maven2/androidx/compose/animation/animation-android/1.6.0/animation-android-1.6.0.pom to /home/runner/.gradle/.tmp/gradle_download7671739891166654612bin
Downloading https://dl.google.com/dl/android/maven2/androidx/compose/animation/animation-android/1.6.0/animation-android-1.6.0.module to /home/runner/.gradle/.tmp/gradle_download2136608359015463986bin
Downloading https://dl.google.com/dl/android/maven2/androidx/compose/material/material-android/1.6.0/material-android-1.6.0.pom to /home/runner/.gradle/.tmp/gradle_download3704692083181058250bin
Downloading https://dl.google.com/dl/android/maven2/androidx/compose/material/material-android/1.6.0/material-android-1.6.0.module to /home/runner/.gradle/.tmp/gradle_download10415571134509028760bin
Resource missing. [HTTP GET: https://dl.google.com/dl/android/maven2/org/jetbrains/annotations/23.0.0/annotations-23.0.0.pom]
Downloading https://repo.maven.apache.org/maven2/org/jetbrains/annotations/23.0.0/annotations-23.0.0.pom to /home/runner/.gradle/.tmp/gradle_download973821785206381971bin
Resource missing. [HTTP GET: https://dl.google.com/dl/android/maven2/org/jetbrains/kotlinx/kotlinx-coroutines-core/1.7.3/kotlinx-coroutines-core-1.7.3.pom]
Downloading https://repo.maven.apache.org/maven2/org/jetbrains/kotlinx/kotlinx-coroutines-core/1.7.3/kotlinx-coroutines-core-1.7.3.pom to /home/runner/.gradle/.tmp/gradle_download6591186506056594318bin
Downloading https://repo.maven.apache.org/maven2/org/jetbrains/kotlinx/kotlinx-coroutines-core/1.7.3/kotlinx-coroutines-core-1.7.3.module to /home/runner/.gradle/.tmp/gradle_download12698010070809023323bin
Downloading https://dl.google.com/dl/android/maven2/androidx/vectordrawable/vectordrawable/1.1.0/vectordrawable-1.1.0.pom to /home/runner/.gradle/.tmp/gradle_download15550311443259769444bin
Downloading https://dl.google.com/dl/android/maven2/androidx/vectordrawable/vectordrawable-animated/1.1.0/vectordrawable-animated-1.1.0.pom to /home/runner/.gradle/.tmp/gradle_download15128713122145231167bin
Resource missing. [HTTP GET: https://dl.google.com/dl/android/maven2/com/squareup/okio/okio-jvm/3.6.0/okio-jvm-3.6.0.pom]
Downloading https://repo.maven.apache.org/maven2/com/squareup/okio/okio-jvm/3.6.0/okio-jvm-3.6.0.pom to /home/runner/.gradle/.tmp/gradle_download17590148246373183127bin
Downloading https://repo.maven.apache.org/maven2/com/squareup/okio/okio-jvm/3.6.0/okio-jvm-3.6.0.module to /home/runner/.gradle/.tmp/gradle_download2220788213664773798bin
Downloading https://dl.google.com/dl/android/maven2/androidx/lifecycle/lifecycle-process/2.7.0/lifecycle-process-2.7.0.pom to /home/runner/.gradle/.tmp/gradle_download5028086257401157541bin
Downloading https://dl.google.com/dl/android/maven2/androidx/lifecycle/lifecycle-process/2.7.0/lifecycle-process-2.7.0.module to /home/runner/.gradle/.tmp/gradle_download12827866976130676928bin
Downloading https://dl.google.com/dl/android/maven2/androidx/collection/collection-ktx/1.4.0/collection-ktx-1.4.0.pom to /home/runner/.gradle/.tmp/gradle_download5865240446921415085bin
Downloading https://dl.google.com/dl/android/maven2/androidx/collection/collection-ktx/1.4.0/collection-ktx-1.4.0.module to /home/runner/.gradle/.tmp/gradle_download2564070841469294208bin
Resource missing. [HTTP GET: https://dl.google.com/dl/android/maven2/org/jetbrains/kotlinx/kotlinx-coroutines-core-jvm/1.7.3/kotlinx-coroutines-core-jvm-1.7.3.pom]
Downloading https://repo.maven.apache.org/maven2/org/jetbrains/kotlinx/kotlinx-coroutines-core-jvm/1.7.3/kotlinx-coroutines-core-jvm-1.7.3.pom to /home/runner/.gradle/.tmp/gradle_download16995469569405491415bin
Downloading https://repo.maven.apache.org/maven2/org/jetbrains/kotlinx/kotlinx-coroutines-core-jvm/1.7.3/kotlinx-coroutines-core-jvm-1.7.3.module to /home/runner/.gradle/.tmp/gradle_download973674574030934780bin
Downloading https://dl.google.com/dl/android/maven2/androidx/activity/activity-ktx/1.8.2/activity-ktx-1.8.2.aar to /home/runner/.gradle/.tmp/gradle_download803654901673066373bin
Transforming activity-ktx-1.8.2.aar (androidx.activity:activity-ktx:1.8.2) with JetifyTransform
Downloading https://dl.google.com/dl/android/maven2/androidx/activity/activity/1.8.2/activity-1.8.2.aar to /home/runner/.gradle/.tmp/gradle_download6196473329072725620bin
Transforming activity-1.8.2.aar (androidx.activity:activity:1.8.2) with JetifyTransform
Caching disabled for JetifyTransform: /home/runner/.gradle/caches/modules-2/files-2.1/androidx.activity/activity/1.8.2/bce54c84024b17c34f9d4cdeaf1ce39d3e750c9e/activity-1.8.2.aar because:
  Build cache is disabled
Caching disabled for JetifyTransform: /home/runner/.gradle/caches/modules-2/files-2.1/androidx.activity/activity-ktx/1.8.2/735d4efd33db4ef032d985415be3e39edbaa65c4/activity-ktx-1.8.2.aar because:
  Build cache is disabled
JetifyTransform: /home/runner/.gradle/caches/modules-2/files-2.1/androidx.activity/activity/1.8.2/bce54c84024b17c34f9d4cdeaf1ce39d3e750c9e/activity-1.8.2.aar is not up-to-date because:
  No history is available.
JetifyTransform: /home/runner/.gradle/caches/modules-2/files-2.1/androidx.activity/activity-ktx/1.8.2/735d4efd33db4ef032d985415be3e39edbaa65c4/activity-ktx-1.8.2.aar is not up-to-date because:
  No history is available.
Downloading https://repo.maven.apache.org/maven2/io/coil-kt/coil-compose/2.5.0/coil-compose-2.5.0.aar to /home/runner/.gradle/.tmp/gradle_download17993984388718575016bin
Transforming coil-compose-2.5.0.aar (io.coil-kt:coil-compose:2.5.0) with JetifyTransform
Caching disabled for JetifyTransform: /home/runner/.gradle/caches/modules-2/files-2.1/io.coil-kt/coil-compose/2.5.0/f8a2b0dd3cd01cb613838b273ca129925bd20642/coil-compose-2.5.0.aar because:
  Build cache is disabled
JetifyTransform: /home/runner/.gradle/caches/modules-2/files-2.1/io.coil-kt/coil-compose/2.5.0/f8a2b0dd3cd01cb613838b273ca129925bd20642/coil-compose-2.5.0.aar is not up-to-date because:
  No history is available.
Transforming activity-ktx-1.8.2.aar (androidx.activity:activity-ktx:1.8.2) with ExtractAarTransform
Transforming coil-compose-2.5.0.aar (io.coil-kt:coil-compose:2.5.0) with ExtractAarTransform
Caching disabled for ExtractAarTransform: /home/runner/.gradle/caches/transforms-3/3c8da1e14a3c6c815f48d331a427c53a/transformed/jetified-activity-ktx-1.8.2.aar because:
  Build cache is disabled
ExtractAarTransform: /home/runner/.gradle/caches/transforms-3/3c8da1e14a3c6c815f48d331a427c53a/transformed/jetified-activity-ktx-1.8.2.aar is not up-to-date because:
  No history is available.
Caching disabled for ExtractAarTransform: /home/runner/.gradle/caches/transforms-3/b1764539f8d43dcdb7b4314f57ae8a97/transformed/jetified-coil-compose-2.5.0.aar because:
  Build cache is disabled
ExtractAarTransform: /home/runner/.gradle/caches/transforms-3/b1764539f8d43dcdb7b4314f57ae8a97/transformed/jetified-coil-compose-2.5.0.aar is not up-to-date because:
  No history is available.
Transforming coil-compose-2.5.0.aar (io.coil-kt:coil-compose:2.5.0) with AarTransform
Transforming activity-ktx-1.8.2.aar (androidx.activity:activity-ktx:1.8.2) with AarTransform
Caching disabled for AarTransform: /home/runner/.gradle/caches/transforms-3/32916e4361a0519dfb325dcc3e200682/transformed/jetified-coil-compose-2.5.0 because:
  Build cache is disabled
AarTransform: /home/runner/.gradle/caches/transforms-3/32916e4361a0519dfb325dcc3e200682/transformed/jetified-coil-compose-2.5.0 is not up-to-date because:
  No history is available.
Caching disabled for AarTransform: /home/runner/.gradle/caches/transforms-3/1628c2c5419cf59a3c841ba2e99fbd0f/transformed/jetified-activity-ktx-1.8.2 because:
  Build cache is disabled
AarTransform: /home/runner/.gradle/caches/transforms-3/1628c2c5419cf59a3c841ba2e99fbd0f/transformed/jetified-activity-ktx-1.8.2 is not up-to-date because:
  No history is available.
Downloading https://dl.google.com/dl/android/maven2/androidx/compose/material3/material3/1.1.2/material3-1.1.2.aar to /home/runner/.gradle/.tmp/gradle_download16206254597753296773bin
Transforming activity-1.8.2.aar (androidx.activity:activity:1.8.2) with ExtractAarTransform
Downloading https://repo.maven.apache.org/maven2/io/coil-kt/coil-compose-base/2.5.0/coil-compose-base-2.5.0.aar to /home/runner/.gradle/.tmp/gradle_download651896402745826426bin
Transforming coil-compose-base-2.5.0.aar (io.coil-kt:coil-compose-base:2.5.0) with JetifyTransform
Caching disabled for JetifyTransform: /home/runner/.gradle/caches/modules-2/files-2.1/io.coil-kt/coil-compose-base/2.5.0/e44141fcefc980376e05d0925afb2cb7e84022/coil-compose-base-2.5.0.aar because:
  Build cache is disabled
JetifyTransform: /home/runner/.gradle/caches/modules-2/files-2.1/io.coil-kt/coil-compose-base/2.5.0/e44141fcefc980376e05d0925afb2cb7e84022/coil-compose-base-2.5.0.aar is not up-to-date because:
  No history is available.
Caching disabled for ExtractAarTransform: /home/runner/.gradle/caches/transforms-3/c5f906fe9830dab63636f182974b9614/transformed/jetified-activity-1.8.2.aar because:
  Build cache is disabled
ExtractAarTransform: /home/runner/.gradle/caches/transforms-3/c5f906fe9830dab63636f182974b9614/transformed/jetified-activity-1.8.2.aar is not up-to-date because:
  No history is available.
Transforming activity-1.8.2.aar (androidx.activity:activity:1.8.2) with AarTransform
Caching disabled for AarTransform: /home/runner/.gradle/caches/transforms-3/4486cd71c0d89f8b575e26ac3b908889/transformed/jetified-activity-1.8.2 because:
  Build cache is disabled
AarTransform: /home/runner/.gradle/caches/transforms-3/4486cd71c0d89f8b575e26ac3b908889/transformed/jetified-activity-1.8.2 is not up-to-date because:
  No history is available.
Transforming coil-compose-base-2.5.0.aar (io.coil-kt:coil-compose-base:2.5.0) with ExtractAarTransform
Downloading https://dl.google.com/dl/android/maven2/androidx/compose/material/material-ripple-android/1.6.0/material-ripple-android-1.6.0.aar to /home/runner/.gradle/.tmp/gradle_download13533797985848536214bin
Downloading https://dl.google.com/dl/android/maven2/androidx/compose/material/material-icons-core-android/1.6.0/material-icons-core-android-1.6.0.aar to /home/runner/.gradle/.tmp/gradle_download16576091289388170598bin
Transforming material-ripple-release.aar (androidx.compose.material:material-ripple-android:1.6.0) with JetifyTransform
Caching disabled for ExtractAarTransform: /home/runner/.gradle/caches/transforms-3/c7325ccc2b1b210852ee1715056a2369/transformed/jetified-coil-compose-base-2.5.0.aar because:
  Build cache is disabled
ExtractAarTransform: /home/runner/.gradle/caches/transforms-3/c7325ccc2b1b210852ee1715056a2369/transformed/jetified-coil-compose-base-2.5.0.aar is not up-to-date because:
  No history is available.
Caching disabled for JetifyTransform: /home/runner/.gradle/caches/modules-2/files-2.1/androidx.compose.material/material-ripple-android/1.6.0/58b3bb04858ab72f1b9bf5909e0daf091eb01224/material-ripple-release.aar because:
  Build cache is disabled
JetifyTransform: /home/runner/.gradle/caches/modules-2/files-2.1/androidx.compose.material/material-ripple-android/1.6.0/58b3bb04858ab72f1b9bf5909e0daf091eb01224/material-ripple-release.aar is not up-to-date because:
  No history is available.
Transforming coil-compose-base-2.5.0.aar (io.coil-kt:coil-compose-base:2.5.0) with AarTransform
Transforming material-icons-core-release.aar (androidx.compose.material:material-icons-core-android:1.6.0) with JetifyTransform
Caching disabled for JetifyTransform: /home/runner/.gradle/caches/modules-2/files-2.1/androidx.compose.material/material-icons-core-android/1.6.0/392feaeeebc7b4cea64b41a5509f84a153731c0/material-icons-core-release.aar because:
  Build cache is disabled
JetifyTransform: /home/runner/.gradle/caches/modules-2/files-2.1/androidx.compose.material/material-icons-core-android/1.6.0/392feaeeebc7b4cea64b41a5509f84a153731c0/material-icons-core-release.aar is not up-to-date because:
  No history is available.
Caching disabled for AarTransform: /home/runner/.gradle/caches/transforms-3/e42332f6c3845b4ae63811bd5d1b8586/transformed/jetified-coil-compose-base-2.5.0 because:
  Build cache is disabled
AarTransform: /home/runner/.gradle/caches/transforms-3/e42332f6c3845b4ae63811bd5d1b8586/transformed/jetified-coil-compose-base-2.5.0 is not up-to-date because:
  No history is available.
Transforming material-ripple-release.aar (androidx.compose.material:material-ripple-android:1.6.0) with ExtractAarTransform
Transforming material3-1.1.2.aar (androidx.compose.material3:material3:1.1.2) with JetifyTransform
Caching disabled for ExtractAarTransform: /home/runner/.gradle/caches/transforms-3/44a01eb95dc46bcf9a2ab6f6e1afeff3/transformed/jetified-material-ripple-release.aar because:
  Build cache is disabled
ExtractAarTransform: /home/runner/.gradle/caches/transforms-3/44a01eb95dc46bcf9a2ab6f6e1afeff3/transformed/jetified-material-ripple-release.aar is not up-to-date because:
  No history is available.
Caching disabled for JetifyTransform: /home/runner/.gradle/caches/modules-2/files-2.1/androidx.compose.material3/material3/1.1.2/9cb673a30af4258e08f99c560968c02c82c6b67f/material3-1.1.2.aar because:
  Build cache is disabled
JetifyTransform: /home/runner/.gradle/caches/modules-2/files-2.1/androidx.compose.material3/material3/1.1.2/9cb673a30af4258e08f99c560968c02c82c6b67f/material3-1.1.2.aar is not up-to-date because:
  No history is available.
Transforming material-ripple-release.aar (androidx.compose.material:material-ripple-android:1.6.0) with AarTransform
Caching disabled for AarTransform: /home/runner/.gradle/caches/transforms-3/3dc43ce192fe1dab647f59ff297eacf1/transformed/jetified-material-ripple-release because:
  Build cache is disabled
AarTransform: /home/runner/.gradle/caches/transforms-3/3dc43ce192fe1dab647f59ff297eacf1/transformed/jetified-material-ripple-release is not up-to-date because:
  No history is available.
Transforming material-icons-core-release.aar (androidx.compose.material:material-icons-core-android:1.6.0) with ExtractAarTransform
Caching disabled for ExtractAarTransform: /home/runner/.gradle/caches/transforms-3/2bd722d437553c3c44e9eabfaacf6718/transformed/jetified-material-icons-core-release.aar because:
  Build cache is disabled
ExtractAarTransform: /home/runner/.gradle/caches/transforms-3/2bd722d437553c3c44e9eabfaacf6718/transformed/jetified-material-icons-core-release.aar is not up-to-date because:
  No history is available.
Downloading https://dl.google.com/dl/android/maven2/androidx/compose/material/material-android/1.6.0/material-android-1.6.0.aar to /home/runner/.gradle/.tmp/gradle_download1076295722933006744bin
Transforming material-icons-core-release.aar (androidx.compose.material:material-icons-core-android:1.6.0) with AarTransform
Downloading https://dl.google.com/dl/android/maven2/androidx/compose/animation/animation-core-android/1.6.0/animation-core-android-1.6.0.aar to /home/runner/.gradle/.tmp/gradle_download5627451351859705356bin
Caching disabled for AarTransform: /home/runner/.gradle/caches/transforms-3/73e6621120999a43cb87f253d3ce9798/transformed/jetified-material-icons-core-release because:
  Build cache is disabled
AarTransform: /home/runner/.gradle/caches/transforms-3/73e6621120999a43cb87f253d3ce9798/transformed/jetified-material-icons-core-release is not up-to-date because:
  No history is available.
Downloading https://dl.google.com/dl/android/maven2/androidx/compose/animation/animation-android/1.6.0/animation-android-1.6.0.aar to /home/runner/.gradle/.tmp/gradle_download13221407538365120320bin
Transforming material-release.aar (androidx.compose.material:material-android:1.6.0) with JetifyTransform
Transforming animation-core-release.aar (androidx.compose.animation:animation-core-android:1.6.0) with JetifyTransform
Caching disabled for JetifyTransform: /home/runner/.gradle/caches/modules-2/files-2.1/androidx.compose.material/material-android/1.6.0/a6db3816d7fbae194b30c1c90c6c364e07317983/material-release.aar because:
  Build cache is disabled
JetifyTransform: /home/runner/.gradle/caches/modules-2/files-2.1/androidx.compose.material/material-android/1.6.0/a6db3816d7fbae194b30c1c90c6c364e07317983/material-release.aar is not up-to-date because:
  No history is available.
Caching disabled for JetifyTransform: /home/runner/.gradle/caches/modules-2/files-2.1/androidx.compose.animation/animation-core-android/1.6.0/52e830e5c3c4aa14d049a3e62b3edba18e2d1061/animation-core-release.aar because:
  Build cache is disabled
JetifyTransform: /home/runner/.gradle/caches/modules-2/files-2.1/androidx.compose.animation/animation-core-android/1.6.0/52e830e5c3c4aa14d049a3e62b3edba18e2d1061/animation-core-release.aar is not up-to-date because:
  No history is available.
Transforming animation-release.aar (androidx.compose.animation:animation-android:1.6.0) with JetifyTransform
Caching disabled for JetifyTransform: /home/runner/.gradle/caches/modules-2/files-2.1/androidx.compose.animation/animation-android/1.6.0/32a9421671d6efe09d67ab9864a826daaa668c05/animation-release.aar because:
  Build cache is disabled
JetifyTransform: /home/runner/.gradle/caches/modules-2/files-2.1/androidx.compose.animation/animation-android/1.6.0/32a9421671d6efe09d67ab9864a826daaa668c05/animation-release.aar is not up-to-date because:
  No history is available.
Transforming animation-release.aar (androidx.compose.animation:animation-android:1.6.0) with ExtractAarTransform
Caching disabled for ExtractAarTransform: /home/runner/.gradle/caches/transforms-3/45e5845b3dca8e65d56b979d772f5787/transformed/jetified-animation-release.aar because:
  Build cache is disabled
ExtractAarTransform: /home/runner/.gradle/caches/transforms-3/45e5845b3dca8e65d56b979d772f5787/transformed/jetified-animation-release.aar is not up-to-date because:
  No history is available.
Transforming animation-release.aar (androidx.compose.animation:animation-android:1.6.0) with AarTransform
Caching disabled for AarTransform: /home/runner/.gradle/caches/transforms-3/d18e3e45b4d94d3858bdc59584221f19/transformed/jetified-animation-release because:
  Build cache is disabled
AarTransform: /home/runner/.gradle/caches/transforms-3/d18e3e45b4d94d3858bdc59584221f19/transformed/jetified-animation-release is not up-to-date because:
  No history is available.
Downloading https://dl.google.com/dl/android/maven2/androidx/compose/foundation/foundation-layout-android/1.6.0/foundation-layout-android-1.6.0.aar to /home/runner/.gradle/.tmp/gradle_download16458301672391327467bin
Transforming foundation-layout-release.aar (androidx.compose.foundation:foundation-layout-android:1.6.0) with JetifyTransform
Caching disabled for JetifyTransform: /home/runner/.gradle/caches/modules-2/files-2.1/androidx.compose.foundation/foundation-layout-android/1.6.0/121cc48c147b4db068eff29d2b2064a047688124/foundation-layout-release.aar because:
  Build cache is disabled
JetifyTransform: /home/runner/.gradle/caches/modules-2/files-2.1/androidx.compose.foundation/foundation-layout-android/1.6.0/121cc48c147b4db068eff29d2b2064a047688124/foundation-layout-release.aar is not up-to-date because:
  No history is available.
Transforming animation-core-release.aar (androidx.compose.animation:animation-core-android:1.6.0) with ExtractAarTransform
Caching disabled for ExtractAarTransform: /home/runner/.gradle/caches/transforms-3/f9fcd39128b4db38293fca9996d4e56e/transformed/jetified-animation-core-release.aar because:
  Build cache is disabled
ExtractAarTransform: /home/runner/.gradle/caches/transforms-3/f9fcd39128b4db38293fca9996d4e56e/transformed/jetified-animation-core-release.aar is not up-to-date because:
  No history is available.
Transforming foundation-layout-release.aar (androidx.compose.foundation:foundation-layout-android:1.6.0) with ExtractAarTransform
Transforming animation-core-release.aar (androidx.compose.animation:animation-core-android:1.6.0) with AarTransform
Caching disabled for ExtractAarTransform: /home/runner/.gradle/caches/transforms-3/9ddf2288cf1e1a386bb3b821b5cb701a/transformed/jetified-foundation-layout-release.aar because:
  Build cache is disabled
ExtractAarTransform: /home/runner/.gradle/caches/transforms-3/9ddf2288cf1e1a386bb3b821b5cb701a/transformed/jetified-foundation-layout-release.aar is not up-to-date because:
  No history is available.
Transforming material3-1.1.2.aar (androidx.compose.material3:material3:1.1.2) with ExtractAarTransform
Transforming foundation-layout-release.aar (androidx.compose.foundation:foundation-layout-android:1.6.0) with AarTransform
Caching disabled for AarTransform: /home/runner/.gradle/caches/transforms-3/ff71fba756ca4157450ef962b788a7b8/transformed/jetified-foundation-layout-release because:
  Build cache is disabled
AarTransform: /home/runner/.gradle/caches/transforms-3/ff71fba756ca4157450ef962b788a7b8/transformed/jetified-foundation-layout-release is not up-to-date because:
  No history is available.
Caching disabled for AarTransform: /home/runner/.gradle/caches/transforms-3/2e023a60b9bc95923d69649b085625a1/transformed/jetified-animation-core-release because:
  Build cache is disabled
AarTransform: /home/runner/.gradle/caches/transforms-3/2e023a60b9bc95923d69649b085625a1/transformed/jetified-animation-core-release is not up-to-date because:
  No history is available.
Caching disabled for ExtractAarTransform: /home/runner/.gradle/caches/transforms-3/b71fbaaf35be68998de3c9c474add754/transformed/jetified-material3-1.1.2.aar because:
  Build cache is disabled
ExtractAarTransform: /home/runner/.gradle/caches/transforms-3/b71fbaaf35be68998de3c9c474add754/transformed/jetified-material3-1.1.2.aar is not up-to-date because:
  No history is available.
Downloading https://dl.google.com/dl/android/maven2/androidx/compose/ui/ui-tooling-data-android/1.6.0/ui-tooling-data-android-1.6.0.aar to /home/runner/.gradle/.tmp/gradle_download5582541386845950312bin
Transforming ui-tooling-data-release.aar (androidx.compose.ui:ui-tooling-data-android:1.6.0) with JetifyTransform
Caching disabled for JetifyTransform: /home/runner/.gradle/caches/modules-2/files-2.1/androidx.compose.ui/ui-tooling-data-android/1.6.0/8e12b99d7c5fe351eacb7d900050607257df2ca5/ui-tooling-data-release.aar because:
  Build cache is disabled
JetifyTransform: /home/runner/.gradle/caches/modules-2/files-2.1/androidx.compose.ui/ui-tooling-data-android/1.6.0/8e12b99d7c5fe351eacb7d900050607257df2ca5/ui-tooling-data-release.aar is not up-to-date because:
  No history is available.
Downloading https://dl.google.com/dl/android/maven2/androidx/compose/foundation/foundation-android/1.6.0/foundation-android-1.6.0.aar to /home/runner/.gradle/.tmp/gradle_download11852082170389050804bin
Transforming material-release.aar (androidx.compose.material:material-android:1.6.0) with ExtractAarTransform
Transforming ui-tooling-data-release.aar (androidx.compose.ui:ui-tooling-data-android:1.6.0) with ExtractAarTransform
Caching disabled for ExtractAarTransform: /home/runner/.gradle/caches/transforms-3/3dd6cae6a6032c5df1813c38052b3fb0/transformed/jetified-ui-tooling-data-release.aar because:
  Build cache is disabled
ExtractAarTransform: /home/runner/.gradle/caches/transforms-3/3dd6cae6a6032c5df1813c38052b3fb0/transformed/jetified-ui-tooling-data-release.aar is not up-to-date because:
  No history is available.
Transforming ui-tooling-data-release.aar (androidx.compose.ui:ui-tooling-data-android:1.6.0) with AarTransform
Caching disabled for AarTransform: /home/runner/.gradle/caches/transforms-3/841daa78a6c7688fb1784afdf8bd8006/transformed/jetified-ui-tooling-data-release because:
  Build cache is disabled
AarTransform: /home/runner/.gradle/caches/transforms-3/841daa78a6c7688fb1784afdf8bd8006/transformed/jetified-ui-tooling-data-release is not up-to-date because:
  No history is available.
Transforming material3-1.1.2.aar (androidx.compose.material3:material3:1.1.2) with AarTransform
Caching disabled for ExtractAarTransform: /home/runner/.gradle/caches/transforms-3/8fa63e718b3934846f3daa51fcf1decd/transformed/jetified-material-release.aar because:
  Build cache is disabled
ExtractAarTransform: /home/runner/.gradle/caches/transforms-3/8fa63e718b3934846f3daa51fcf1decd/transformed/jetified-material-release.aar is not up-to-date because:
  No history is available.
Downloading https://dl.google.com/dl/android/maven2/androidx/compose/ui/ui-unit-android/1.6.0/ui-unit-android-1.6.0.aar to /home/runner/.gradle/.tmp/gradle_download804158334847689711bin
Transforming foundation-release.aar (androidx.compose.foundation:foundation-android:1.6.0) with JetifyTransform
Transforming ui-unit-release.aar (androidx.compose.ui:ui-unit-android:1.6.0) with JetifyTransform
Caching disabled for JetifyTransform: /home/runner/.gradle/caches/modules-2/files-2.1/androidx.compose.ui/ui-unit-android/1.6.0/c73d6de64db6d8cf156fdcfb68b18485047579e1/ui-unit-release.aar because:
  Build cache is disabled
JetifyTransform: /home/runner/.gradle/caches/modules-2/files-2.1/androidx.compose.ui/ui-unit-android/1.6.0/c73d6de64db6d8cf156fdcfb68b18485047579e1/ui-unit-release.aar is not up-to-date because:
  No history is available.
Caching disabled for JetifyTransform: /home/runner/.gradle/caches/modules-2/files-2.1/androidx.compose.foundation/foundation-android/1.6.0/89afcc722807b070a157d75382e80cb2c05cf694/foundation-release.aar because:
  Build cache is disabled
JetifyTransform: /home/runner/.gradle/caches/modules-2/files-2.1/androidx.compose.foundation/foundation-android/1.6.0/89afcc722807b070a157d75382e80cb2c05cf694/foundation-release.aar is not up-to-date because:
  No history is available.
Transforming ui-unit-release.aar (androidx.compose.ui:ui-unit-android:1.6.0) with ExtractAarTransform
Caching disabled for ExtractAarTransform: /home/runner/.gradle/caches/transforms-3/189d8ada9d40260281efe14f577c3bd9/transformed/jetified-ui-unit-release.aar because:
  Build cache is disabled
ExtractAarTransform: /home/runner/.gradle/caches/transforms-3/189d8ada9d40260281efe14f577c3bd9/transformed/jetified-ui-unit-release.aar is not up-to-date because:
  No history is available.
Transforming material-release.aar (androidx.compose.material:material-android:1.6.0) with AarTransform
Transforming ui-unit-release.aar (androidx.compose.ui:ui-unit-android:1.6.0) with AarTransform
Caching disabled for AarTransform: /home/runner/.gradle/caches/transforms-3/49f657191625df914dc02aaa37e2ccce/transformed/jetified-ui-unit-release because:
  Build cache is disabled
AarTransform: /home/runner/.gradle/caches/transforms-3/49f657191625df914dc02aaa37e2ccce/transformed/jetified-ui-unit-release is not up-to-date because:
  No history is available.
Caching disabled for AarTransform: /home/runner/.gradle/caches/transforms-3/e253461f05edaf7aa67d8be4b23c5378/transformed/jetified-material-release because:
  Build cache is disabled
AarTransform: /home/runner/.gradle/caches/transforms-3/e253461f05edaf7aa67d8be4b23c5378/transformed/jetified-material-release is not up-to-date because:
  No history is available.
Caching disabled for AarTransform: /home/runner/.gradle/caches/transforms-3/6b3695a9e99692f435cc63d9903ec2a9/transformed/jetified-material3-1.1.2 because:
  Build cache is disabled
AarTransform: /home/runner/.gradle/caches/transforms-3/6b3695a9e99692f435cc63d9903ec2a9/transformed/jetified-material3-1.1.2 is not up-to-date because:
  No history is available.
Downloading https://dl.google.com/dl/android/maven2/androidx/compose/ui/ui-geometry-android/1.6.0/ui-geometry-android-1.6.0.aar to /home/runner/.gradle/.tmp/gradle_download5811378043698880252bin
Transforming ui-geometry-release.aar (androidx.compose.ui:ui-geometry-android:1.6.0) with JetifyTransform
Caching disabled for JetifyTransform: /home/runner/.gradle/caches/modules-2/files-2.1/androidx.compose.ui/ui-geometry-android/1.6.0/9fb3d54aedea6dd5c2fdee73f9de8c55c388b6e1/ui-geometry-release.aar because:
  Build cache is disabled
JetifyTransform: /home/runner/.gradle/caches/modules-2/files-2.1/androidx.compose.ui/ui-geometry-android/1.6.0/9fb3d54aedea6dd5c2fdee73f9de8c55c388b6e1/ui-geometry-release.aar is not up-to-date because:
  No history is available.
Transforming ui-geometry-release.aar (androidx.compose.ui:ui-geometry-android:1.6.0) with ExtractAarTransform
Caching disabled for ExtractAarTransform: /home/runner/.gradle/caches/transforms-3/c828f8d008d3c803379f48f8a194c693/transformed/jetified-ui-geometry-release.aar because:
  Build cache is disabled
ExtractAarTransform: /home/runner/.gradle/caches/transforms-3/c828f8d008d3c803379f48f8a194c693/transformed/jetified-ui-geometry-release.aar is not up-to-date because:
  No history is available.
Transforming ui-geometry-release.aar (androidx.compose.ui:ui-geometry-android:1.6.0) with AarTransform
Caching disabled for AarTransform: /home/runner/.gradle/caches/transforms-3/510b4aecd5975c712c4d4e307818dcd4/transformed/jetified-ui-geometry-release because:
  Build cache is disabled
AarTransform: /home/runner/.gradle/caches/transforms-3/510b4aecd5975c712c4d4e307818dcd4/transformed/jetified-ui-geometry-release is not up-to-date because:
  No history is available.
Downloading https://dl.google.com/dl/android/maven2/androidx/compose/ui/ui-text-android/1.6.0/ui-text-android-1.6.0.aar to /home/runner/.gradle/.tmp/gradle_download5237521246266131021bin
Downloading https://dl.google.com/dl/android/maven2/androidx/compose/ui/ui-util-android/1.6.0/ui-util-android-1.6.0.aar to /home/runner/.gradle/.tmp/gradle_download9938560230306113543bin
Transforming ui-util-release.aar (androidx.compose.ui:ui-util-android:1.6.0) with JetifyTransform
Caching disabled for JetifyTransform: /home/runner/.gradle/caches/modules-2/files-2.1/androidx.compose.ui/ui-util-android/1.6.0/aa958af501c7d6a9de1c33070d7348fea9074337/ui-util-release.aar because:
  Build cache is disabled
JetifyTransform: /home/runner/.gradle/caches/modules-2/files-2.1/androidx.compose.ui/ui-util-android/1.6.0/aa958af501c7d6a9de1c33070d7348fea9074337/ui-util-release.aar is not up-to-date because:
  No history is available.
Transforming ui-util-release.aar (androidx.compose.ui:ui-util-android:1.6.0) with ExtractAarTransform
Caching disabled for ExtractAarTransform: /home/runner/.gradle/caches/transforms-3/fb372f59636e284a43e174d62f7b6cda/transformed/jetified-ui-util-release.aar because:
  Build cache is disabled
ExtractAarTransform: /home/runner/.gradle/caches/transforms-3/fb372f59636e284a43e174d62f7b6cda/transformed/jetified-ui-util-release.aar is not up-to-date because:
  No history is available.
Transforming ui-util-release.aar (androidx.compose.ui:ui-util-android:1.6.0) with AarTransform
Caching disabled for AarTransform: /home/runner/.gradle/caches/transforms-3/bf74d1f461dd083fb9b90c72b67dd7ae/transformed/jetified-ui-util-release because:
  Build cache is disabled
AarTransform: /home/runner/.gradle/caches/transforms-3/bf74d1f461dd083fb9b90c72b67dd7ae/transformed/jetified-ui-util-release is not up-to-date because:
  No history is available.
Transforming ui-text-release.aar (androidx.compose.ui:ui-text-android:1.6.0) with JetifyTransform
Caching disabled for JetifyTransform: /home/runner/.gradle/caches/modules-2/files-2.1/androidx.compose.ui/ui-text-android/1.6.0/dd92434c2f995c718acc4c5cb24ae9560cb8444b/ui-text-release.aar because:
  Build cache is disabled
JetifyTransform: /home/runner/.gradle/caches/modules-2/files-2.1/androidx.compose.ui/ui-text-android/1.6.0/dd92434c2f995c718acc4c5cb24ae9560cb8444b/ui-text-release.aar is not up-to-date because:
  No history is available.
Downloading https://dl.google.com/dl/android/maven2/androidx/compose/ui/ui-tooling-preview-android/1.6.0/ui-tooling-preview-android-1.6.0.aar to /home/runner/.gradle/.tmp/gradle_download6157122598883870816bin
Transforming ui-tooling-preview-release.aar (androidx.compose.ui:ui-tooling-preview-android:1.6.0) with JetifyTransform
Caching disabled for JetifyTransform: /home/runner/.gradle/caches/modules-2/files-2.1/androidx.compose.ui/ui-tooling-preview-android/1.6.0/ea4abddba6bb3f08d5d22b30985fe59610de309c/ui-tooling-preview-release.aar because:
  Build cache is disabled
JetifyTransform: /home/runner/.gradle/caches/modules-2/files-2.1/androidx.compose.ui/ui-tooling-preview-android/1.6.0/ea4abddba6bb3f08d5d22b30985fe59610de309c/ui-tooling-preview-release.aar is not up-to-date because:
  No history is available.
Transforming ui-tooling-preview-release.aar (androidx.compose.ui:ui-tooling-preview-android:1.6.0) with ExtractAarTransform
Caching disabled for ExtractAarTransform: /home/runner/.gradle/caches/transforms-3/28157fa60c7a1bc9c5ecdc6b6c140c60/transformed/jetified-ui-tooling-preview-release.aar because:
  Build cache is disabled
ExtractAarTransform: /home/runner/.gradle/caches/transforms-3/28157fa60c7a1bc9c5ecdc6b6c140c60/transformed/jetified-ui-tooling-preview-release.aar is not up-to-date because:
  No history is available.
Transforming ui-tooling-preview-release.aar (androidx.compose.ui:ui-tooling-preview-android:1.6.0) with AarTransform
Caching disabled for AarTransform: /home/runner/.gradle/caches/transforms-3/b49ca312096e0275e43db54fdf724643/transformed/jetified-ui-tooling-preview-release because:
  Build cache is disabled
AarTransform: /home/runner/.gradle/caches/transforms-3/b49ca312096e0275e43db54fdf724643/transformed/jetified-ui-tooling-preview-release is not up-to-date because:
  No history is available.
Downloading https://dl.google.com/dl/android/maven2/androidx/compose/ui/ui-graphics-android/1.6.0/ui-graphics-android-1.6.0.aar to /home/runner/.gradle/.tmp/gradle_download11778290762179330744bin
Downloading https://dl.google.com/dl/android/maven2/androidx/compose/ui/ui-test-manifest/1.6.0/ui-test-manifest-1.6.0.aar to /home/runner/.gradle/.tmp/gradle_download9134023533076224653bin
Transforming ui-test-manifest-1.6.0.aar (androidx.compose.ui:ui-test-manifest:1.6.0) with JetifyTransform
Caching disabled for JetifyTransform: /home/runner/.gradle/caches/modules-2/files-2.1/androidx.compose.ui/ui-test-manifest/1.6.0/2a94b6eb111c5b27bc82c676eb20ea31a31ed2cf/ui-test-manifest-1.6.0.aar because:
  Build cache is disabled
JetifyTransform: /home/runner/.gradle/caches/modules-2/files-2.1/androidx.compose.ui/ui-test-manifest/1.6.0/2a94b6eb111c5b27bc82c676eb20ea31a31ed2cf/ui-test-manifest-1.6.0.aar is not up-to-date because:
  No history is available.
Transforming ui-text-release.aar (androidx.compose.ui:ui-text-android:1.6.0) with ExtractAarTransform
Transforming ui-test-manifest-1.6.0.aar (androidx.compose.ui:ui-test-manifest:1.6.0) with ExtractAarTransform
Caching disabled for ExtractAarTransform: /home/runner/.gradle/caches/transforms-3/38a3040905b8591c6da5a8e52a54a7d8/transformed/jetified-ui-test-manifest-1.6.0.aar because:
  Build cache is disabled
ExtractAarTransform: /home/runner/.gradle/caches/transforms-3/38a3040905b8591c6da5a8e52a54a7d8/transformed/jetified-ui-test-manifest-1.6.0.aar is not up-to-date because:
  No history is available.
Transforming ui-test-manifest-1.6.0.aar (androidx.compose.ui:ui-test-manifest:1.6.0) with AarTransform
Caching disabled for AarTransform: /home/runner/.gradle/caches/transforms-3/1c604c0a449a91646a02b0bf81bb92a8/transformed/jetified-ui-test-manifest-1.6.0 because:
  Build cache is disabled
AarTransform: /home/runner/.gradle/caches/transforms-3/1c604c0a449a91646a02b0bf81bb92a8/transformed/jetified-ui-test-manifest-1.6.0 is not up-to-date because:
  No history is available.
Transforming ui-graphics-release.aar (androidx.compose.ui:ui-graphics-android:1.6.0) with JetifyTransform
Caching disabled for JetifyTransform: /home/runner/.gradle/caches/modules-2/files-2.1/androidx.compose.ui/ui-graphics-android/1.6.0/b9d6c7a55cbdd045a5e6ba911273fa21edafac86/ui-graphics-release.aar because:
  Build cache is disabled
JetifyTransform: /home/runner/.gradle/caches/modules-2/files-2.1/androidx.compose.ui/ui-graphics-android/1.6.0/b9d6c7a55cbdd045a5e6ba911273fa21edafac86/ui-graphics-release.aar is not up-to-date because:
  No history is available.
Caching disabled for ExtractAarTransform: /home/runner/.gradle/caches/transforms-3/21f15ad9aea63f0d071b8ee91b447f5c/transformed/jetified-ui-text-release.aar because:
  Build cache is disabled
ExtractAarTransform: /home/runner/.gradle/caches/transforms-3/21f15ad9aea63f0d071b8ee91b447f5c/transformed/jetified-ui-text-release.aar is not up-to-date because:
  No history is available.
Transforming ui-text-release.aar (androidx.compose.ui:ui-text-android:1.6.0) with AarTransform
Caching disabled for AarTransform: /home/runner/.gradle/caches/transforms-3/739ee27594ae93846d923b96306d6ce4/transformed/jetified-ui-text-release because:
  Build cache is disabled
AarTransform: /home/runner/.gradle/caches/transforms-3/739ee27594ae93846d923b96306d6ce4/transformed/jetified-ui-text-release is not up-to-date because:
  No history is available.
Downloading https://dl.google.com/dl/android/maven2/androidx/compose/ui/ui-tooling-android/1.6.0/ui-tooling-android-1.6.0.aar to /home/runner/.gradle/.tmp/gradle_download6873193276152583726bin
Downloading https://dl.google.com/dl/android/maven2/androidx/activity/activity-compose/1.8.2/activity-compose-1.8.2.aar to /home/runner/.gradle/.tmp/gradle_download16211534591101092615bin
Transforming ui-tooling-release.aar (androidx.compose.ui:ui-tooling-android:1.6.0) with JetifyTransform
Caching disabled for JetifyTransform: /home/runner/.gradle/caches/modules-2/files-2.1/androidx.compose.ui/ui-tooling-android/1.6.0/1f07c6875bd6f18acc663aa6175d87e4682cae7/ui-tooling-release.aar because:
  Build cache is disabled
JetifyTransform: /home/runner/.gradle/caches/modules-2/files-2.1/androidx.compose.ui/ui-tooling-android/1.6.0/1f07c6875bd6f18acc663aa6175d87e4682cae7/ui-tooling-release.aar is not up-to-date because:
  No history is available.
Transforming activity-compose-1.8.2.aar (androidx.activity:activity-compose:1.8.2) with JetifyTransform
Caching disabled for JetifyTransform: /home/runner/.gradle/caches/modules-2/files-2.1/androidx.activity/activity-compose/1.8.2/648fbbfd0bd3b85c4de733dd022fc86741477e43/activity-compose-1.8.2.aar because:
  Build cache is disabled
JetifyTransform: /home/runner/.gradle/caches/modules-2/files-2.1/androidx.activity/activity-compose/1.8.2/648fbbfd0bd3b85c4de733dd022fc86741477e43/activity-compose-1.8.2.aar is not up-to-date because:
  No history is available.
Transforming ui-tooling-release.aar (androidx.compose.ui:ui-tooling-android:1.6.0) with ExtractAarTransform
Caching disabled for ExtractAarTransform: /home/runner/.gradle/caches/transforms-3/4b9ef69f1806d4bcca2806cbc0c8ad25/transformed/jetified-ui-tooling-release.aar because:
  Build cache is disabled
ExtractAarTransform: /home/runner/.gradle/caches/transforms-3/4b9ef69f1806d4bcca2806cbc0c8ad25/transformed/jetified-ui-tooling-release.aar is not up-to-date because:
  No history is available.
Transforming ui-tooling-release.aar (androidx.compose.ui:ui-tooling-android:1.6.0) with AarTransform
Caching disabled for AarTransform: /home/runner/.gradle/caches/transforms-3/bf3003103bf104060019c4c4fe8f58d2/transformed/jetified-ui-tooling-release because:
  Build cache is disabled
AarTransform: /home/runner/.gradle/caches/transforms-3/bf3003103bf104060019c4c4fe8f58d2/transformed/jetified-ui-tooling-release is not up-to-date because:
  No history is available.
Transforming ui-graphics-release.aar (androidx.compose.ui:ui-graphics-android:1.6.0) with ExtractAarTransform
Downloading https://dl.google.com/dl/android/maven2/androidx/emoji2/emoji2/1.3.0/emoji2-1.3.0.aar to /home/runner/.gradle/.tmp/gradle_download17489829075479763847bin
Transforming emoji2-1.3.0.aar (androidx.emoji2:emoji2:1.3.0) with JetifyTransform
Transforming foundation-release.aar (androidx.compose.foundation:foundation-android:1.6.0) with ExtractAarTransform
Caching disabled for JetifyTransform: /home/runner/.gradle/caches/modules-2/files-2.1/androidx.emoji2/emoji2/1.3.0/37ed42991ddf77924510472dba632314aab1c9d9/emoji2-1.3.0.aar because:
  Build cache is disabled
JetifyTransform: /home/runner/.gradle/caches/modules-2/files-2.1/androidx.emoji2/emoji2/1.3.0/37ed42991ddf77924510472dba632314aab1c9d9/emoji2-1.3.0.aar is not up-to-date because:
  No history is available.
Caching disabled for ExtractAarTransform: /home/runner/.gradle/caches/transforms-3/bcb80bc8344609de4a9ab2e0271f6f71/transformed/jetified-ui-graphics-release.aar because:
  Build cache is disabled
ExtractAarTransform: /home/runner/.gradle/caches/transforms-3/bcb80bc8344609de4a9ab2e0271f6f71/transformed/jetified-ui-graphics-release.aar is not up-to-date because:
  No history is available.
Transforming emoji2-1.3.0.aar (androidx.emoji2:emoji2:1.3.0) with ExtractAarTransform
Caching disabled for ExtractAarTransform: /home/runner/.gradle/caches/transforms-3/f8ac0ac8b8600ef87ea29bd2d2877c28/transformed/jetified-emoji2-1.3.0.aar because:
  Build cache is disabled
ExtractAarTransform: /home/runner/.gradle/caches/transforms-3/f8ac0ac8b8600ef87ea29bd2d2877c28/transformed/jetified-emoji2-1.3.0.aar is not up-to-date because:
  No history is available.
Transforming ui-graphics-release.aar (androidx.compose.ui:ui-graphics-android:1.6.0) with AarTransform
Transforming emoji2-1.3.0.aar (androidx.emoji2:emoji2:1.3.0) with AarTransform
Caching disabled for AarTransform: /home/runner/.gradle/caches/transforms-3/accb67d5fa6842fc494107338777a9e8/transformed/jetified-emoji2-1.3.0 because:
  Build cache is disabled
AarTransform: /home/runner/.gradle/caches/transforms-3/accb67d5fa6842fc494107338777a9e8/transformed/jetified-emoji2-1.3.0 is not up-to-date because:
  No history is available.
Downloading https://dl.google.com/dl/android/maven2/androidx/lifecycle/lifecycle-process/2.7.0/lifecycle-process-2.7.0.aar to /home/runner/.gradle/.tmp/gradle_download7811103223046490930bin
Transforming lifecycle-process-2.7.0.aar (androidx.lifecycle:lifecycle-process:2.7.0) with JetifyTransform
Caching disabled for JetifyTransform: /home/runner/.gradle/caches/modules-2/files-2.1/androidx.lifecycle/lifecycle-process/2.7.0/10fc9ecc045a9931724c43e710c55680a772d96a/lifecycle-process-2.7.0.aar because:
  Build cache is disabled
JetifyTransform: /home/runner/.gradle/caches/modules-2/files-2.1/androidx.lifecycle/lifecycle-process/2.7.0/10fc9ecc045a9931724c43e710c55680a772d96a/lifecycle-process-2.7.0.aar is not up-to-date because:
  No history is available.
Transforming activity-compose-1.8.2.aar (androidx.activity:activity-compose:1.8.2) with ExtractAarTransform
Caching disabled for AarTransform: /home/runner/.gradle/caches/transforms-3/39b5ea9cdb3e645b6f458cbb8dfdcaa8/transformed/jetified-ui-graphics-release because:
  Build cache is disabled
AarTransform: /home/runner/.gradle/caches/transforms-3/39b5ea9cdb3e645b6f458cbb8dfdcaa8/transformed/jetified-ui-graphics-release is not up-to-date because:
  No history is available.
Transforming lifecycle-process-2.7.0.aar (androidx.lifecycle:lifecycle-process:2.7.0) with ExtractAarTransform
Caching disabled for ExtractAarTransform: /home/runner/.gradle/caches/transforms-3/1d86bd7fee37a0c0e19ff15533d43f20/transformed/jetified-lifecycle-process-2.7.0.aar because:
  Build cache is disabled
ExtractAarTransform: /home/runner/.gradle/caches/transforms-3/1d86bd7fee37a0c0e19ff15533d43f20/transformed/jetified-lifecycle-process-2.7.0.aar is not up-to-date because:
  No history is available.
Transforming lifecycle-process-2.7.0.aar (androidx.lifecycle:lifecycle-process:2.7.0) with AarTransform
Caching disabled for AarTransform: /home/runner/.gradle/caches/transforms-3/076a8f229414680308728714ada7a4b2/transformed/jetified-lifecycle-process-2.7.0 because:
  Build cache is disabled
AarTransform: /home/runner/.gradle/caches/transforms-3/076a8f229414680308728714ada7a4b2/transformed/jetified-lifecycle-process-2.7.0 is not up-to-date because:
  No history is available.
Downloading https://dl.google.com/dl/android/maven2/androidx/lifecycle/lifecycle-livedata-core/2.7.0/lifecycle-livedata-core-2.7.0.aar to /home/runner/.gradle/.tmp/gradle_download10581030954989943195bin
Transforming lifecycle-livedata-core-2.7.0.aar (androidx.lifecycle:lifecycle-livedata-core:2.7.0) with JetifyTransform
Caching disabled for JetifyTransform: /home/runner/.gradle/caches/modules-2/files-2.1/androidx.lifecycle/lifecycle-livedata-core/2.7.0/d95c9c0b74a6b9882c416c688f6cf201dc416bed/lifecycle-livedata-core-2.7.0.aar because:
  Build cache is disabled
JetifyTransform: /home/runner/.gradle/caches/modules-2/files-2.1/androidx.lifecycle/lifecycle-livedata-core/2.7.0/d95c9c0b74a6b9882c416c688f6cf201dc416bed/lifecycle-livedata-core-2.7.0.aar is not up-to-date because:
  No history is available.
Transforming lifecycle-livedata-core-2.7.0.aar (androidx.lifecycle:lifecycle-livedata-core:2.7.0) with ExtractAarTransform
Downloading https://dl.google.com/dl/android/maven2/androidx/savedstate/savedstate-ktx/1.2.1/savedstate-ktx-1.2.1.aar to /home/runner/.gradle/.tmp/gradle_download5767055014527965337bin
Caching disabled for ExtractAarTransform: /home/runner/.gradle/caches/transforms-3/269b5a0f87194d4f7b410ba56ffe4d80/transformed/jetified-foundation-release.aar because:
  Build cache is disabled
ExtractAarTransform: /home/runner/.gradle/caches/transforms-3/269b5a0f87194d4f7b410ba56ffe4d80/transformed/jetified-foundation-release.aar is not up-to-date because:
  No history is available.
Caching disabled for ExtractAarTransform: /home/runner/.gradle/caches/modules-2/files-2.1/androidx.lifecycle/lifecycle-livedata-core/2.7.0/d95c9c0b74a6b9882c416c688f6cf201dc416bed/lifecycle-livedata-core-2.7.0.aar because:
  Build cache is disabled
ExtractAarTransform: /home/runner/.gradle/caches/modules-2/files-2.1/androidx.lifecycle/lifecycle-livedata-core/2.7.0/d95c9c0b74a6b9882c416c688f6cf201dc416bed/lifecycle-livedata-core-2.7.0.aar is not up-to-date because:
  No history is available.
Transforming savedstate-ktx-1.2.1.aar (androidx.savedstate:savedstate-ktx:1.2.1) with JetifyTransform
Caching disabled for JetifyTransform: /home/runner/.gradle/caches/modules-2/files-2.1/androidx.savedstate/savedstate-ktx/1.2.1/b86d338d91b1c26193a42b1d87be9bb02123fa16/savedstate-ktx-1.2.1.aar because:
  Build cache is disabled
JetifyTransform: /home/runner/.gradle/caches/modules-2/files-2.1/androidx.savedstate/savedstate-ktx/1.2.1/b86d338d91b1c26193a42b1d87be9bb02123fa16/savedstate-ktx-1.2.1.aar is not up-to-date because:
  No history is available.
Transforming savedstate-ktx-1.2.1.aar (androidx.savedstate:savedstate-ktx:1.2.1) with ExtractAarTransform
Caching disabled for ExtractAarTransform: /home/runner/.gradle/caches/transforms-3/3a6963c9a90c902f6b408df942eb8aa8/transformed/jetified-savedstate-ktx-1.2.1.aar because:
  Build cache is disabled
ExtractAarTransform: /home/runner/.gradle/caches/transforms-3/3a6963c9a90c902f6b408df942eb8aa8/transformed/jetified-savedstate-ktx-1.2.1.aar is not up-to-date because:
  No history is available.
Transforming lifecycle-livedata-core-2.7.0.aar (androidx.lifecycle:lifecycle-livedata-core:2.7.0) with AarTransform
Caching disabled for AarTransform: /home/runner/.gradle/caches/transforms-3/86f269d9a5d25d9db3a0c3844d69e947/transformed/lifecycle-livedata-core-2.7.0 because:
  Build cache is disabled
AarTransform: /home/runner/.gradle/caches/transforms-3/86f269d9a5d25d9db3a0c3844d69e947/transformed/lifecycle-livedata-core-2.7.0 is not up-to-date because:
  No history is available.
Transforming savedstate-ktx-1.2.1.aar (androidx.savedstate:savedstate-ktx:1.2.1) with AarTransform
Caching disabled for AarTransform: /home/runner/.gradle/caches/transforms-3/dcfbdd2b03f788a16fdc2ef43289a48a/transformed/jetified-savedstate-ktx-1.2.1 because:
  Build cache is disabled
AarTransform: /home/runner/.gradle/caches/transforms-3/dcfbdd2b03f788a16fdc2ef43289a48a/transformed/jetified-savedstate-ktx-1.2.1 is not up-to-date because:
  No history is available.
Caching disabled for ExtractAarTransform: /home/runner/.gradle/caches/transforms-3/764e3abcb7245e5b9edbe5638e6a2a5d/transformed/jetified-activity-compose-1.8.2.aar because:
  Build cache is disabled
ExtractAarTransform: /home/runner/.gradle/caches/transforms-3/764e3abcb7245e5b9edbe5638e6a2a5d/transformed/jetified-activity-compose-1.8.2.aar is not up-to-date because:
  No history is available.
Downloading https://dl.google.com/dl/android/maven2/androidx/lifecycle/lifecycle-viewmodel-savedstate/2.7.0/lifecycle-viewmodel-savedstate-2.7.0.aar to /home/runner/.gradle/.tmp/gradle_download3390444618240751022bin
Transforming lifecycle-viewmodel-savedstate-2.7.0.aar (androidx.lifecycle:lifecycle-viewmodel-savedstate:2.7.0) with JetifyTransform
Caching disabled for JetifyTransform: /home/runner/.gradle/caches/modules-2/files-2.1/androidx.lifecycle/lifecycle-viewmodel-savedstate/2.7.0/1fa14bde5efb3a96fa4fb8ced995f7fdfe99dfd/lifecycle-viewmodel-savedstate-2.7.0.aar because:
  Build cache is disabled
JetifyTransform: /home/runner/.gradle/caches/modules-2/files-2.1/androidx.lifecycle/lifecycle-viewmodel-savedstate/2.7.0/1fa14bde5efb3a96fa4fb8ced995f7fdfe99dfd/lifecycle-viewmodel-savedstate-2.7.0.aar is not up-to-date because:
  No history is available.
Transforming activity-compose-1.8.2.aar (androidx.activity:activity-compose:1.8.2) with AarTransform
Transforming lifecycle-viewmodel-savedstate-2.7.0.aar (androidx.lifecycle:lifecycle-viewmodel-savedstate:2.7.0) with ExtractAarTransform
Caching disabled for ExtractAarTransform: /home/runner/.gradle/caches/transforms-3/7368985fd288e36655203f896e9fa5b0/transformed/jetified-lifecycle-viewmodel-savedstate-2.7.0.aar because:
  Build cache is disabled
ExtractAarTransform: /home/runner/.gradle/caches/transforms-3/7368985fd288e36655203f896e9fa5b0/transformed/jetified-lifecycle-viewmodel-savedstate-2.7.0.aar is not up-to-date because:
  No history is available.
Downloading https://dl.google.com/dl/android/maven2/androidx/savedstate/savedstate/1.2.1/savedstate-1.2.1.aar to /home/runner/.gradle/.tmp/gradle_download10894611896339172980bin
Transforming savedstate-1.2.1.aar (androidx.savedstate:savedstate:1.2.1) with JetifyTransform
Caching disabled for JetifyTransform: /home/runner/.gradle/caches/modules-2/files-2.1/androidx.savedstate/savedstate/1.2.1/e364fc9dec32aa569d855f85864e50250318a093/savedstate-1.2.1.aar because:
  Build cache is disabled
JetifyTransform: /home/runner/.gradle/caches/modules-2/files-2.1/androidx.savedstate/savedstate/1.2.1/e364fc9dec32aa569d855f85864e50250318a093/savedstate-1.2.1.aar is not up-to-date because:
  No history is available.
Transforming lifecycle-viewmodel-savedstate-2.7.0.aar (androidx.lifecycle:lifecycle-viewmodel-savedstate:2.7.0) with AarTransform
Caching disabled for AarTransform: /home/runner/.gradle/caches/transforms-3/3d80dbef2bfd9f638e3e23df58b28058/transformed/jetified-lifecycle-viewmodel-savedstate-2.7.0 because:
  Build cache is disabled
AarTransform: /home/runner/.gradle/caches/transforms-3/3d80dbef2bfd9f638e3e23df58b28058/transformed/jetified-lifecycle-viewmodel-savedstate-2.7.0 is not up-to-date because:
  No history is available.
Transforming savedstate-1.2.1.aar (androidx.savedstate:savedstate:1.2.1) with ExtractAarTransform
Caching disabled for ExtractAarTransform: /home/runner/.gradle/caches/transforms-3/2815e4e86150e9d0900232e7e803d0b4/transformed/jetified-savedstate-1.2.1.aar because:
  Build cache is disabled
ExtractAarTransform: /home/runner/.gradle/caches/transforms-3/2815e4e86150e9d0900232e7e803d0b4/transformed/jetified-savedstate-1.2.1.aar is not up-to-date because:
  No history is available.
Transforming savedstate-1.2.1.aar (androidx.savedstate:savedstate:1.2.1) with AarTransform
Caching disabled for AarTransform: /home/runner/.gradle/caches/transforms-3/0e3cb1d08ffd4372de833f64f3db18a8/transformed/jetified-savedstate-1.2.1 because:
  Build cache is disabled
AarTransform: /home/runner/.gradle/caches/transforms-3/0e3cb1d08ffd4372de833f64f3db18a8/transformed/jetified-savedstate-1.2.1 is not up-to-date because:
  No history is available.
Downloading https://dl.google.com/dl/android/maven2/androidx/lifecycle/lifecycle-viewmodel-ktx/2.7.0/lifecycle-viewmodel-ktx-2.7.0.aar to /home/runner/.gradle/.tmp/gradle_download13341196079037725600bin
Transforming lifecycle-viewmodel-ktx-2.7.0.aar (androidx.lifecycle:lifecycle-viewmodel-ktx:2.7.0) with JetifyTransform
Caching disabled for JetifyTransform: /home/runner/.gradle/caches/modules-2/files-2.1/androidx.lifecycle/lifecycle-viewmodel-ktx/2.7.0/421575b66dd75fa2a1bd425f9ab335461dd10721/lifecycle-viewmodel-ktx-2.7.0.aar because:
  Build cache is disabled
JetifyTransform: /home/runner/.gradle/caches/modules-2/files-2.1/androidx.lifecycle/lifecycle-viewmodel-ktx/2.7.0/421575b66dd75fa2a1bd425f9ab335461dd10721/lifecycle-viewmodel-ktx-2.7.0.aar is not up-to-date because:
  No history is available.
Caching disabled for AarTransform: /home/runner/.gradle/caches/transforms-3/cdde5d135a5c5f405b2e1a5824d1a5bf/transformed/jetified-activity-compose-1.8.2 because:
  Build cache is disabled
AarTransform: /home/runner/.gradle/caches/transforms-3/cdde5d135a5c5f405b2e1a5824d1a5bf/transformed/jetified-activity-compose-1.8.2 is not up-to-date because:
  No history is available.
Transforming lifecycle-viewmodel-ktx-2.7.0.aar (androidx.lifecycle:lifecycle-viewmodel-ktx:2.7.0) with ExtractAarTransform
Caching disabled for ExtractAarTransform: /home/runner/.gradle/caches/transforms-3/667f15b6d54e0237e3e13e059286b02a/transformed/jetified-lifecycle-viewmodel-ktx-2.7.0.aar because:
  Build cache is disabled
ExtractAarTransform: /home/runner/.gradle/caches/transforms-3/667f15b6d54e0237e3e13e059286b02a/transformed/jetified-lifecycle-viewmodel-ktx-2.7.0.aar is not up-to-date because:
  No history is available.
Downloading https://dl.google.com/dl/android/maven2/androidx/lifecycle/lifecycle-viewmodel/2.7.0/lifecycle-viewmodel-2.7.0.aar to /home/runner/.gradle/.tmp/gradle_download9702483664551940620bin
Transforming lifecycle-viewmodel-2.7.0.aar (androidx.lifecycle:lifecycle-viewmodel:2.7.0) with JetifyTransform
Caching disabled for JetifyTransform: /home/runner/.gradle/caches/modules-2/files-2.1/androidx.lifecycle/lifecycle-viewmodel/2.7.0/ea64fb2e504d200f2b7f03c76f51edd7e9ef62a9/lifecycle-viewmodel-2.7.0.aar because:
  Build cache is disabled
JetifyTransform: /home/runner/.gradle/caches/modules-2/files-2.1/androidx.lifecycle/lifecycle-viewmodel/2.7.0/ea64fb2e504d200f2b7f03c76f51edd7e9ef62a9/lifecycle-viewmodel-2.7.0.aar is not up-to-date because:
  No history is available.
Transforming foundation-release.aar (androidx.compose.foundation:foundation-android:1.6.0) with AarTransform
Transforming lifecycle-viewmodel-2.7.0.aar (androidx.lifecycle:lifecycle-viewmodel:2.7.0) with ExtractAarTransform
Caching disabled for ExtractAarTransform: /home/runner/.gradle/caches/modules-2/files-2.1/androidx.lifecycle/lifecycle-viewmodel/2.7.0/ea64fb2e504d200f2b7f03c76f51edd7e9ef62a9/lifecycle-viewmodel-2.7.0.aar because:
  Build cache is disabled
ExtractAarTransform: /home/runner/.gradle/caches/modules-2/files-2.1/androidx.lifecycle/lifecycle-viewmodel/2.7.0/ea64fb2e504d200f2b7f03c76f51edd7e9ef62a9/lifecycle-viewmodel-2.7.0.aar is not up-to-date because:
  No history is available.
Transforming lifecycle-viewmodel-ktx-2.7.0.aar (androidx.lifecycle:lifecycle-viewmodel-ktx:2.7.0) with AarTransform
Caching disabled for AarTransform: /home/runner/.gradle/caches/transforms-3/2e3aff25883e88e5e0e03fc7e5b8dddc/transformed/jetified-lifecycle-viewmodel-ktx-2.7.0 because:
  Build cache is disabled
AarTransform: /home/runner/.gradle/caches/transforms-3/2e3aff25883e88e5e0e03fc7e5b8dddc/transformed/jetified-lifecycle-viewmodel-ktx-2.7.0 is not up-to-date because:
  No history is available.
Transforming lifecycle-viewmodel-2.7.0.aar (androidx.lifecycle:lifecycle-viewmodel:2.7.0) with AarTransform
Caching disabled for AarTransform: /home/runner/.gradle/caches/transforms-3/099efc0ddbfac48f037781c2ca4851d5/transformed/lifecycle-viewmodel-2.7.0 because:
  Build cache is disabled
AarTransform: /home/runner/.gradle/caches/transforms-3/099efc0ddbfac48f037781c2ca4851d5/transformed/lifecycle-viewmodel-2.7.0 is not up-to-date because:
  No history is available.
Downloading https://dl.google.com/dl/android/maven2/androidx/lifecycle/lifecycle-runtime/2.7.0/lifecycle-runtime-2.7.0.aar to /home/runner/.gradle/.tmp/gradle_download9122917394514374672bin
Transforming lifecycle-runtime-2.7.0.aar (androidx.lifecycle:lifecycle-runtime:2.7.0) with JetifyTransform
Caching disabled for JetifyTransform: /home/runner/.gradle/caches/modules-2/files-2.1/androidx.lifecycle/lifecycle-runtime/2.7.0/e46d7c73ab6cb3e288f51a0ad96bf372e90ceb31/lifecycle-runtime-2.7.0.aar because:
  Build cache is disabled
JetifyTransform: /home/runner/.gradle/caches/modules-2/files-2.1/androidx.lifecycle/lifecycle-runtime/2.7.0/e46d7c73ab6cb3e288f51a0ad96bf372e90ceb31/lifecycle-runtime-2.7.0.aar is not up-to-date because:
  No history is available.
Downloading https://repo.maven.apache.org/maven2/io/coil-kt/coil-base/2.5.0/coil-base-2.5.0.aar to /home/runner/.gradle/.tmp/gradle_download678876974583699513bin
Downloading https://repo.maven.apache.org/maven2/io/coil-kt/coil/2.5.0/coil-2.5.0.aar to /home/runner/.gradle/.tmp/gradle_download2688945976830013855bin
Transforming coil-2.5.0.aar (io.coil-kt:coil:2.5.0) with JetifyTransform
Caching disabled for JetifyTransform: /home/runner/.gradle/caches/modules-2/files-2.1/io.coil-kt/coil/2.5.0/b8715dafc4143e853f897187f163dd32f1c8ab89/coil-2.5.0.aar because:
  Build cache is disabled
JetifyTransform: /home/runner/.gradle/caches/modules-2/files-2.1/io.coil-kt/coil/2.5.0/b8715dafc4143e853f897187f163dd32f1c8ab89/coil-2.5.0.aar is not up-to-date because:
  No history is available.
Transforming lifecycle-runtime-2.7.0.aar (androidx.lifecycle:lifecycle-runtime:2.7.0) with ExtractAarTransform
Caching disabled for ExtractAarTransform: /home/runner/.gradle/caches/modules-2/files-2.1/androidx.lifecycle/lifecycle-runtime/2.7.0/e46d7c73ab6cb3e288f51a0ad96bf372e90ceb31/lifecycle-runtime-2.7.0.aar because:
  Build cache is disabled
ExtractAarTransform: /home/runner/.gradle/caches/modules-2/files-2.1/androidx.lifecycle/lifecycle-runtime/2.7.0/e46d7c73ab6cb3e288f51a0ad96bf372e90ceb31/lifecycle-runtime-2.7.0.aar is not up-to-date because:
  No history is available.
Transforming coil-base-2.5.0.aar (io.coil-kt:coil-base:2.5.0) with JetifyTransform
Transforming lifecycle-runtime-2.7.0.aar (androidx.lifecycle:lifecycle-runtime:2.7.0) with AarTransform
Caching disabled for JetifyTransform: /home/runner/.gradle/caches/modules-2/files-2.1/io.coil-kt/coil-base/2.5.0/2781eb09c2cf68c2c0722b76a5b22f70ff1f909c/coil-base-2.5.0.aar because:
  Build cache is disabled
JetifyTransform: /home/runner/.gradle/caches/modules-2/files-2.1/io.coil-kt/coil-base/2.5.0/2781eb09c2cf68c2c0722b76a5b22f70ff1f909c/coil-base-2.5.0.aar is not up-to-date because:
  No history is available.
Caching disabled for AarTransform: /home/runner/.gradle/caches/transforms-3/c9c5c4980b082d6d2dd323ddd1701769/transformed/lifecycle-runtime-2.7.0 because:
  Build cache is disabled
AarTransform: /home/runner/.gradle/caches/transforms-3/c9c5c4980b082d6d2dd323ddd1701769/transformed/lifecycle-runtime-2.7.0 is not up-to-date because:
  No history is available.
Downloading https://dl.google.com/dl/android/maven2/androidx/lifecycle/lifecycle-runtime-ktx/2.7.0/lifecycle-runtime-ktx-2.7.0.aar to /home/runner/.gradle/.tmp/gradle_download16967960465969597519bin
Transforming lifecycle-runtime-ktx-2.7.0.aar (androidx.lifecycle:lifecycle-runtime-ktx:2.7.0) with JetifyTransform
Transforming coil-2.5.0.aar (io.coil-kt:coil:2.5.0) with ExtractAarTransform
Caching disabled for JetifyTransform: /home/runner/.gradle/caches/modules-2/files-2.1/androidx.lifecycle/lifecycle-runtime-ktx/2.7.0/99b5608d5971ae4cb95dea85cd0a2bdb1519b89d/lifecycle-runtime-ktx-2.7.0.aar because:
  Build cache is disabled
JetifyTransform: /home/runner/.gradle/caches/modules-2/files-2.1/androidx.lifecycle/lifecycle-runtime-ktx/2.7.0/99b5608d5971ae4cb95dea85cd0a2bdb1519b89d/lifecycle-runtime-ktx-2.7.0.aar is not up-to-date because:
  No history is available.
Caching disabled for AarTransform: /home/runner/.gradle/caches/transforms-3/c4e0e79cd87e6e8b15a86f479bf7fb1c/transformed/jetified-foundation-release because:
  Build cache is disabled
AarTransform: /home/runner/.gradle/caches/transforms-3/c4e0e79cd87e6e8b15a86f479bf7fb1c/transformed/jetified-foundation-release is not up-to-date because:
  No history is available.
Transforming lifecycle-runtime-ktx-2.7.0.aar (androidx.lifecycle:lifecycle-runtime-ktx:2.7.0) with ExtractAarTransform
Caching disabled for ExtractAarTransform: /home/runner/.gradle/caches/transforms-3/6f5d46b1d9acbc859a276879be976b5a/transformed/jetified-lifecycle-runtime-ktx-2.7.0.aar because:
  Build cache is disabled
ExtractAarTransform: /home/runner/.gradle/caches/transforms-3/6f5d46b1d9acbc859a276879be976b5a/transformed/jetified-lifecycle-runtime-ktx-2.7.0.aar is not up-to-date because:
  No history is available.
Transforming lifecycle-runtime-ktx-2.7.0.aar (androidx.lifecycle:lifecycle-runtime-ktx:2.7.0) with AarTransform
Caching disabled for AarTransform: /home/runner/.gradle/caches/transforms-3/b8d5a53e480a02a01d868ba62793622b/transformed/jetified-lifecycle-runtime-ktx-2.7.0 because:
  Build cache is disabled
AarTransform: /home/runner/.gradle/caches/transforms-3/b8d5a53e480a02a01d868ba62793622b/transformed/jetified-lifecycle-runtime-ktx-2.7.0 is not up-to-date because:
  No history is available.
Downloading https://repo.maven.apache.org/maven2/com/google/accompanist/accompanist-drawablepainter/0.32.0/accompanist-drawablepainter-0.32.0.aar to /home/runner/.gradle/.tmp/gradle_download1279015201151491536bin
Transforming accompanist-drawablepainter-0.32.0.aar (com.google.accompanist:accompanist-drawablepainter:0.32.0) with JetifyTransform
Caching disabled for JetifyTransform: /home/runner/.gradle/caches/modules-2/files-2.1/com.google.accompanist/accompanist-drawablepainter/0.32.0/95ccec9539314044fdff3aefac17a2983b53c340/accompanist-drawablepainter-0.32.0.aar because:
  Build cache is disabled
JetifyTransform: /home/runner/.gradle/caches/modules-2/files-2.1/com.google.accompanist/accompanist-drawablepainter/0.32.0/95ccec9539314044fdff3aefac17a2983b53c340/accompanist-drawablepainter-0.32.0.aar is not up-to-date because:
  No history is available.
Transforming accompanist-drawablepainter-0.32.0.aar (com.google.accompanist:accompanist-drawablepainter:0.32.0) with ExtractAarTransform
Caching disabled for ExtractAarTransform: /home/runner/.gradle/caches/transforms-3/03224be13dbe66b0dae831d183306b39/transformed/jetified-accompanist-drawablepainter-0.32.0.aar because:
  Build cache is disabled
ExtractAarTransform: /home/runner/.gradle/caches/transforms-3/03224be13dbe66b0dae831d183306b39/transformed/jetified-accompanist-drawablepainter-0.32.0.aar is not up-to-date because:
  No history is available.
Transforming coil-base-2.5.0.aar (io.coil-kt:coil-base:2.5.0) with ExtractAarTransform
Caching disabled for ExtractAarTransform: /home/runner/.gradle/caches/transforms-3/dee8f6a9f4155663bad52b9e3d469faa/transformed/jetified-coil-2.5.0.aar because:
  Build cache is disabled
ExtractAarTransform: /home/runner/.gradle/caches/transforms-3/dee8f6a9f4155663bad52b9e3d469faa/transformed/jetified-coil-2.5.0.aar is not up-to-date because:
  No history is available.
Transforming accompanist-drawablepainter-0.32.0.aar (com.google.accompanist:accompanist-drawablepainter:0.32.0) with AarTransform
Caching disabled for AarTransform: /home/runner/.gradle/caches/transforms-3/5c193792e17ca9669102e33e07a2e665/transformed/jetified-accompanist-drawablepainter-0.32.0 because:
  Build cache is disabled
AarTransform: /home/runner/.gradle/caches/transforms-3/5c193792e17ca9669102e33e07a2e665/transformed/jetified-accompanist-drawablepainter-0.32.0 is not up-to-date because:
  No history is available.
Transforming coil-2.5.0.aar (io.coil-kt:coil:2.5.0) with AarTransform
Caching disabled for ExtractAarTransform: /home/runner/.gradle/caches/transforms-3/416e4ab888cff4dc35b31615cb515af1/transformed/jetified-coil-base-2.5.0.aar because:
  Build cache is disabled
ExtractAarTransform: /home/runner/.gradle/caches/transforms-3/416e4ab888cff4dc35b31615cb515af1/transformed/jetified-coil-base-2.5.0.aar is not up-to-date because:
  No history is available.
Transforming coil-base-2.5.0.aar (io.coil-kt:coil-base:2.5.0) with AarTransform
Caching disabled for AarTransform: /home/runner/.gradle/caches/transforms-3/d465ee9d576c159aa28b1d9fcb29cc5c/transformed/jetified-coil-2.5.0 because:
  Build cache is disabled
AarTransform: /home/runner/.gradle/caches/transforms-3/d465ee9d576c159aa28b1d9fcb29cc5c/transformed/jetified-coil-2.5.0 is not up-to-date because:
  No history is available.
Caching disabled for AarTransform: /home/runner/.gradle/caches/transforms-3/5b6e8f4da29c5badae3df148f26f4146/transformed/jetified-coil-base-2.5.0 because:
  Build cache is disabled
AarTransform: /home/runner/.gradle/caches/transforms-3/5b6e8f4da29c5badae3df148f26f4146/transformed/jetified-coil-base-2.5.0 is not up-to-date because:
  No history is available.
Downloading https://dl.google.com/dl/android/maven2/androidx/appcompat/appcompat-resources/1.6.1/appcompat-resources-1.6.1.aar to /home/runner/.gradle/.tmp/gradle_download6282464372042121492bin
Transforming appcompat-resources-1.6.1.aar (androidx.appcompat:appcompat-resources:1.6.1) with JetifyTransform
Caching disabled for JetifyTransform: /home/runner/.gradle/caches/modules-2/files-2.1/androidx.appcompat/appcompat-resources/1.6.1/3fe43025e50b556f319b1ff82a730d5a376a31e/appcompat-resources-1.6.1.aar because:
  Build cache is disabled
JetifyTransform: /home/runner/.gradle/caches/modules-2/files-2.1/androidx.appcompat/appcompat-resources/1.6.1/3fe43025e50b556f319b1ff82a730d5a376a31e/appcompat-resources-1.6.1.aar is not up-to-date because:
  No history is available.
Downloading https://dl.google.com/dl/android/maven2/androidx/autofill/autofill/1.0.0/autofill-1.0.0.aar to /home/runner/.gradle/.tmp/gradle_download7497941761452501944bin
Transforming autofill-1.0.0.aar (androidx.autofill:autofill:1.0.0) with JetifyTransform
Caching disabled for JetifyTransform: /home/runner/.gradle/caches/modules-2/files-2.1/androidx.autofill/autofill/1.0.0/d95a6e3b895ad8f037dd01d88c87138b6d5eb507/autofill-1.0.0.aar because:
  Build cache is disabled
JetifyTransform: /home/runner/.gradle/caches/modules-2/files-2.1/androidx.autofill/autofill/1.0.0/d95a6e3b895ad8f037dd01d88c87138b6d5eb507/autofill-1.0.0.aar is not up-to-date because:
  No history is available.
Transforming autofill-1.0.0.aar (androidx.autofill:autofill:1.0.0) with ExtractAarTransform
Caching disabled for ExtractAarTransform: /home/runner/.gradle/caches/transforms-3/5f5bc5679ad36457c56c504392751dbe/transformed/jetified-autofill-1.0.0.aar because:
  Build cache is disabled
ExtractAarTransform: /home/runner/.gradle/caches/transforms-3/5f5bc5679ad36457c56c504392751dbe/transformed/jetified-autofill-1.0.0.aar is not up-to-date because:
  No history is available.
Transforming autofill-1.0.0.aar (androidx.autofill:autofill:1.0.0) with AarTransform
Caching disabled for AarTransform: /home/runner/.gradle/caches/transforms-3/af7438249dbf35e19c89c1000528720c/transformed/jetified-autofill-1.0.0 because:
  Build cache is disabled
AarTransform: /home/runner/.gradle/caches/transforms-3/af7438249dbf35e19c89c1000528720c/transformed/jetified-autofill-1.0.0 is not up-to-date because:
  No history is available.
Transforming appcompat-resources-1.6.1.aar (androidx.appcompat:appcompat-resources:1.6.1) with ExtractAarTransform
Caching disabled for ExtractAarTransform: /home/runner/.gradle/caches/transforms-3/325be1219abcc96569d483a62cbd8339/transformed/jetified-appcompat-resources-1.6.1.aar because:
  Build cache is disabled
ExtractAarTransform: /home/runner/.gradle/caches/transforms-3/325be1219abcc96569d483a62cbd8339/transformed/jetified-appcompat-resources-1.6.1.aar is not up-to-date because:
  No history is available.
Transforming appcompat-resources-1.6.1.aar (androidx.appcompat:appcompat-resources:1.6.1) with AarTransform
Caching disabled for AarTransform: /home/runner/.gradle/caches/transforms-3/3eaec48e790365cb3ddece1de5aab10f/transformed/jetified-appcompat-resources-1.6.1 because:
  Build cache is disabled
AarTransform: /home/runner/.gradle/caches/transforms-3/3eaec48e790365cb3ddece1de5aab10f/transformed/jetified-appcompat-resources-1.6.1 is not up-to-date because:
  No history is available.
Downloading https://dl.google.com/dl/android/maven2/androidx/lifecycle/lifecycle-viewmodel-compose/2.7.0/lifecycle-viewmodel-compose-2.7.0.aar to /home/runner/.gradle/.tmp/gradle_download8809461924165167699bin
Transforming lifecycle-viewmodel-compose-2.7.0.aar (androidx.lifecycle:lifecycle-viewmodel-compose:2.7.0) with JetifyTransform
Caching disabled for JetifyTransform: /home/runner/.gradle/caches/modules-2/files-2.1/androidx.lifecycle/lifecycle-viewmodel-compose/2.7.0/4b85b0835d9e85593b23862c4c129f31d38ebcd8/lifecycle-viewmodel-compose-2.7.0.aar because:
  Build cache is disabled
JetifyTransform: /home/runner/.gradle/caches/modules-2/files-2.1/androidx.lifecycle/lifecycle-viewmodel-compose/2.7.0/4b85b0835d9e85593b23862c4c129f31d38ebcd8/lifecycle-viewmodel-compose-2.7.0.aar is not up-to-date because:
  No history is available.
Downloading https://dl.google.com/dl/android/maven2/androidx/compose/ui/ui-android/1.6.0/ui-android-1.6.0.aar to /home/runner/.gradle/.tmp/gradle_download2361580913463536066bin
Transforming lifecycle-viewmodel-compose-2.7.0.aar (androidx.lifecycle:lifecycle-viewmodel-compose:2.7.0) with ExtractAarTransform
Downloading https://dl.google.com/dl/android/maven2/androidx/vectordrawable/vectordrawable-animated/1.1.0/vectordrawable-animated-1.1.0.aar to /home/runner/.gradle/.tmp/gradle_download4333940149414616864bin
Transforming vectordrawable-animated-1.1.0.aar (androidx.vectordrawable:vectordrawable-animated:1.1.0) with JetifyTransform
Caching disabled for ExtractAarTransform: /home/runner/.gradle/caches/transforms-3/54918a1b86bc13c2d8d6a030c0467f71/transformed/jetified-lifecycle-viewmodel-compose-2.7.0.aar because:
  Build cache is disabled
Caching disabled for JetifyTransform: /home/runner/.gradle/caches/modules-2/files-2.1/androidx.vectordrawable/vectordrawable-animated/1.1.0/fcda1161354501471c30a4e077af6b5c4d4eddc6/vectordrawable-animated-1.1.0.aar because:
  Build cache is disabled
ExtractAarTransform: /home/runner/.gradle/caches/transforms-3/54918a1b86bc13c2d8d6a030c0467f71/transformed/jetified-lifecycle-viewmodel-compose-2.7.0.aar is not up-to-date because:
  No history is available.
JetifyTransform: /home/runner/.gradle/caches/modules-2/files-2.1/androidx.vectordrawable/vectordrawable-animated/1.1.0/fcda1161354501471c30a4e077af6b5c4d4eddc6/vectordrawable-animated-1.1.0.aar is not up-to-date because:
  No history is available.
Transforming vectordrawable-animated-1.1.0.aar (androidx.vectordrawable:vectordrawable-animated:1.1.0) with ExtractAarTransform
Caching disabled for ExtractAarTransform: /home/runner/.gradle/caches/modules-2/files-2.1/androidx.vectordrawable/vectordrawable-animated/1.1.0/fcda1161354501471c30a4e077af6b5c4d4eddc6/vectordrawable-animated-1.1.0.aar because:
  Build cache is disabled
ExtractAarTransform: /home/runner/.gradle/caches/modules-2/files-2.1/androidx.vectordrawable/vectordrawable-animated/1.1.0/fcda1161354501471c30a4e077af6b5c4d4eddc6/vectordrawable-animated-1.1.0.aar is not up-to-date because:
  No history is available.
Transforming lifecycle-viewmodel-compose-2.7.0.aar (androidx.lifecycle:lifecycle-viewmodel-compose:2.7.0) with AarTransform
Caching disabled for AarTransform: /home/runner/.gradle/caches/transforms-3/a0123c34e88e58ea294051e8ca239094/transformed/jetified-lifecycle-viewmodel-compose-2.7.0 because:
  Build cache is disabled
AarTransform: /home/runner/.gradle/caches/transforms-3/a0123c34e88e58ea294051e8ca239094/transformed/jetified-lifecycle-viewmodel-compose-2.7.0 is not up-to-date because:
  No history is available.
Transforming vectordrawable-animated-1.1.0.aar (androidx.vectordrawable:vectordrawable-animated:1.1.0) with AarTransform
Caching disabled for AarTransform: /home/runner/.gradle/caches/transforms-3/8cc41fb51eaad97db6eafd93ec44c1e0/transformed/vectordrawable-animated-1.1.0 because:
  Build cache is disabled
AarTransform: /home/runner/.gradle/caches/transforms-3/8cc41fb51eaad97db6eafd93ec44c1e0/transformed/vectordrawable-animated-1.1.0 is not up-to-date because:
  No history is available.
Downloading https://dl.google.com/dl/android/maven2/androidx/vectordrawable/vectordrawable/1.1.0/vectordrawable-1.1.0.aar to /home/runner/.gradle/.tmp/gradle_download14054835933156005780bin
Transforming vectordrawable-1.1.0.aar (androidx.vectordrawable:vectordrawable:1.1.0) with JetifyTransform
Transforming vectordrawable-1.1.0.aar (androidx.vectordrawable:vectordrawable:1.1.0) with JetifyTransform
Caching disabled for JetifyTransform: /home/runner/.gradle/caches/modules-2/files-2.1/androidx.vectordrawable/vectordrawable/1.1.0/eac7a364fff534035a2a6cb17770a1288315f69f/vectordrawable-1.1.0.aar because:
  Build cache is disabled
JetifyTransform: /home/runner/.gradle/caches/modules-2/files-2.1/androidx.vectordrawable/vectordrawable/1.1.0/eac7a364fff534035a2a6cb17770a1288315f69f/vectordrawable-1.1.0.aar is not up-to-date because:
  No history is available.
Transforming vectordrawable-1.1.0.aar (androidx.vectordrawable:vectordrawable:1.1.0) with ExtractAarTransform
Transforming vectordrawable-1.1.0.aar (androidx.vectordrawable:vectordrawable:1.1.0) with ExtractAarTransform
Caching disabled for ExtractAarTransform: /home/runner/.gradle/caches/modules-2/files-2.1/androidx.vectordrawable/vectordrawable/1.1.0/eac7a364fff534035a2a6cb17770a1288315f69f/vectordrawable-1.1.0.aar because:
  Build cache is disabled
ExtractAarTransform: /home/runner/.gradle/caches/modules-2/files-2.1/androidx.vectordrawable/vectordrawable/1.1.0/eac7a364fff534035a2a6cb17770a1288315f69f/vectordrawable-1.1.0.aar is not up-to-date because:
  No history is available.
Transforming vectordrawable-1.1.0.aar (androidx.vectordrawable:vectordrawable:1.1.0) with AarTransform
Transforming vectordrawable-1.1.0.aar (androidx.vectordrawable:vectordrawable:1.1.0) with AarTransform
Caching disabled for AarTransform: /home/runner/.gradle/caches/transforms-3/3faa838f61968b207718ebdff448e42e/transformed/vectordrawable-1.1.0 because:
  Build cache is disabled
AarTransform: /home/runner/.gradle/caches/transforms-3/3faa838f61968b207718ebdff448e42e/transformed/vectordrawable-1.1.0 is not up-to-date because:
  No history is available.
Downloading https://dl.google.com/dl/android/maven2/androidx/core/core/1.12.0/core-1.12.0.aar to /home/runner/.gradle/.tmp/gradle_download7260136552846042814bin
Transforming core-1.12.0.aar (androidx.core:core:1.12.0) with JetifyTransform
Transforming core-1.12.0.aar (androidx.core:core:1.12.0) with JetifyTransform
Transforming core-1.12.0.aar (androidx.core:core:1.12.0) with JetifyTransform
Caching disabled for JetifyTransform: /home/runner/.gradle/caches/modules-2/files-2.1/androidx.core/core/1.12.0/5aa3088ed93ba8ebaea2b8a83befdfa829339e7a/core-1.12.0.aar because:
  Build cache is disabled
JetifyTransform: /home/runner/.gradle/caches/modules-2/files-2.1/androidx.core/core/1.12.0/5aa3088ed93ba8ebaea2b8a83befdfa829339e7a/core-1.12.0.aar is not up-to-date because:
  No history is available.
Transforming core-1.12.0.aar (androidx.core:core:1.12.0) with ExtractAarTransform
Transforming core-1.12.0.aar (androidx.core:core:1.12.0) with ExtractAarTransform
Transforming core-1.12.0.aar (androidx.core:core:1.12.0) with ExtractAarTransform
Caching disabled for ExtractAarTransform: /home/runner/.gradle/caches/modules-2/files-2.1/androidx.core/core/1.12.0/5aa3088ed93ba8ebaea2b8a83befdfa829339e7a/core-1.12.0.aar because:
  Build cache is disabled
ExtractAarTransform: /home/runner/.gradle/caches/modules-2/files-2.1/androidx.core/core/1.12.0/5aa3088ed93ba8ebaea2b8a83befdfa829339e7a/core-1.12.0.aar is not up-to-date because:
  No history is available.
Transforming ui-release.aar (androidx.compose.ui:ui-android:1.6.0) with JetifyTransform
Caching disabled for JetifyTransform: /home/runner/.gradle/caches/modules-2/files-2.1/androidx.compose.ui/ui-android/1.6.0/761eae858e15f53a8a921dc6532b669f15addbac/ui-release.aar because:
  Build cache is disabled
JetifyTransform: /home/runner/.gradle/caches/modules-2/files-2.1/androidx.compose.ui/ui-android/1.6.0/761eae858e15f53a8a921dc6532b669f15addbac/ui-release.aar is not up-to-date because:
  No history is available.
Transforming core-1.12.0.aar (androidx.core:core:1.12.0) with AarTransform
Transforming core-1.12.0.aar (androidx.core:core:1.12.0) with AarTransform
Transforming core-1.12.0.aar (androidx.core:core:1.12.0) with AarTransform
Caching disabled for AarTransform: /home/runner/.gradle/caches/transforms-3/4dde0fce54f6341b6da19770f76a2130/transformed/core-1.12.0 because:
  Build cache is disabled
AarTransform: /home/runner/.gradle/caches/transforms-3/4dde0fce54f6341b6da19770f76a2130/transformed/core-1.12.0 is not up-to-date because:
  No history is available.
Downloading https://dl.google.com/dl/android/maven2/androidx/annotation/annotation-experimental/1.3.0/annotation-experimental-1.3.0.aar to /home/runner/.gradle/.tmp/gradle_download7491731413019134715bin
Transforming annotation-experimental-1.3.0.aar (androidx.annotation:annotation-experimental:1.3.0) with JetifyTransform
Caching disabled for JetifyTransform: /home/runner/.gradle/caches/modules-2/files-2.1/androidx.annotation/annotation-experimental/1.3.0/5087c6f545117dcd474e69e1a93cacec9d7334af/annotation-experimental-1.3.0.aar because:
  Build cache is disabled
JetifyTransform: /home/runner/.gradle/caches/modules-2/files-2.1/androidx.annotation/annotation-experimental/1.3.0/5087c6f545117dcd474e69e1a93cacec9d7334af/annotation-experimental-1.3.0.aar is not up-to-date because:
  No history is available.
Downloading https://dl.google.com/dl/android/maven2/androidx/customview/customview-poolingcontainer/1.0.0/customview-poolingcontainer-1.0.0.aar to /home/runner/.gradle/.tmp/gradle_download3084068193096799025bin
Transforming customview-poolingcontainer-1.0.0.aar (androidx.customview:customview-poolingcontainer:1.0.0) with JetifyTransform
Caching disabled for JetifyTransform: /home/runner/.gradle/caches/modules-2/files-2.1/androidx.customview/customview-poolingcontainer/1.0.0/579fc832cf0e5be08d8d9571850b50d22d9de3c/customview-poolingcontainer-1.0.0.aar because:
  Build cache is disabled
JetifyTransform: /home/runner/.gradle/caches/modules-2/files-2.1/androidx.customview/customview-poolingcontainer/1.0.0/579fc832cf0e5be08d8d9571850b50d22d9de3c/customview-poolingcontainer-1.0.0.aar is not up-to-date because:
  No history is available.
Transforming annotation-experimental-1.3.0.aar (androidx.annotation:annotation-experimental:1.3.0) with ExtractAarTransform
Transforming customview-poolingcontainer-1.0.0.aar (androidx.customview:customview-poolingcontainer:1.0.0) with ExtractAarTransform
Caching disabled for ExtractAarTransform: /home/runner/.gradle/caches/transforms-3/26b5850cd55dcc1e1b5134ab12d18ac5/transformed/jetified-annotation-experimental-1.3.0.aar because:
  Build cache is disabled
ExtractAarTransform: /home/runner/.gradle/caches/transforms-3/26b5850cd55dcc1e1b5134ab12d18ac5/transformed/jetified-annotation-experimental-1.3.0.aar is not up-to-date because:
  No history is available.
Caching disabled for ExtractAarTransform: /home/runner/.gradle/caches/transforms-3/fb4dd617130702c28bc33a48019b4ddf/transformed/jetified-customview-poolingcontainer-1.0.0.aar because:
  Build cache is disabled
ExtractAarTransform: /home/runner/.gradle/caches/transforms-3/fb4dd617130702c28bc33a48019b4ddf/transformed/jetified-customview-poolingcontainer-1.0.0.aar is not up-to-date because:
  No history is available.
Transforming annotation-experimental-1.3.0.aar (androidx.annotation:annotation-experimental:1.3.0) with AarTransform
Downloading https://dl.google.com/dl/android/maven2/androidx/core/core-ktx/1.12.0/core-ktx-1.12.0.aar to /home/runner/.gradle/.tmp/gradle_download8266960511644725166bin
Caching disabled for AarTransform: /home/runner/.gradle/caches/transforms-3/1f3abe10d1870e2a226e8cc9c7e7eb3b/transformed/jetified-annotation-experimental-1.3.0 because:
  Build cache is disabled
AarTransform: /home/runner/.gradle/caches/transforms-3/1f3abe10d1870e2a226e8cc9c7e7eb3b/transformed/jetified-annotation-experimental-1.3.0 is not up-to-date because:
  No history is available.
Transforming customview-poolingcontainer-1.0.0.aar (androidx.customview:customview-poolingcontainer:1.0.0) with AarTransform
Transforming core-ktx-1.12.0.aar (androidx.core:core-ktx:1.12.0) with JetifyTransform
Caching disabled for JetifyTransform: /home/runner/.gradle/caches/modules-2/files-2.1/androidx.core/core-ktx/1.12.0/1b80a40d6f34eb52c8de87c186feb57aa2a43ada/core-ktx-1.12.0.aar because:
  Build cache is disabled
JetifyTransform: /home/runner/.gradle/caches/modules-2/files-2.1/androidx.core/core-ktx/1.12.0/1b80a40d6f34eb52c8de87c186feb57aa2a43ada/core-ktx-1.12.0.aar is not up-to-date because:
  No history is available.
Caching disabled for AarTransform: /home/runner/.gradle/caches/transforms-3/328141f1afd86b20c170f8a445d30e19/transformed/jetified-customview-poolingcontainer-1.0.0 because:
  Build cache is disabled
AarTransform: /home/runner/.gradle/caches/transforms-3/328141f1afd86b20c170f8a445d30e19/transformed/jetified-customview-poolingcontainer-1.0.0 is not up-to-date because:
  No history is available.
Transforming core-ktx-1.12.0.aar (androidx.core:core-ktx:1.12.0) with ExtractAarTransform
Caching disabled for ExtractAarTransform: /home/runner/.gradle/caches/transforms-3/b3e5225cee5c0b32ddd94fdb14c779c6/transformed/jetified-core-ktx-1.12.0.aar because:
  Build cache is disabled
ExtractAarTransform: /home/runner/.gradle/caches/transforms-3/b3e5225cee5c0b32ddd94fdb14c779c6/transformed/jetified-core-ktx-1.12.0.aar is not up-to-date because:
  No history is available.
Transforming core-ktx-1.12.0.aar (androidx.core:core-ktx:1.12.0) with AarTransform
Caching disabled for AarTransform: /home/runner/.gradle/caches/transforms-3/86d4a3973c7d015dcddc3636b26d31c0/transformed/jetified-core-ktx-1.12.0 because:
  Build cache is disabled
AarTransform: /home/runner/.gradle/caches/transforms-3/86d4a3973c7d015dcddc3636b26d31c0/transformed/jetified-core-ktx-1.12.0 is not up-to-date because:
  No history is available.
Downloading https://dl.google.com/dl/android/maven2/androidx/compose/runtime/runtime-saveable-android/1.6.0/runtime-saveable-android-1.6.0.aar to /home/runner/.gradle/.tmp/gradle_download18305885833021161748bin
Downloading https://dl.google.com/dl/android/maven2/androidx/versionedparcelable/versionedparcelable/1.1.1/versionedparcelable-1.1.1.aar to /home/runner/.gradle/.tmp/gradle_download8281581325829343175bin
Transforming versionedparcelable-1.1.1.aar (androidx.versionedparcelable:versionedparcelable:1.1.1) with JetifyTransform
Caching disabled for JetifyTransform: /home/runner/.gradle/caches/modules-2/files-2.1/androidx.versionedparcelable/versionedparcelable/1.1.1/18e18071e7715679e0593c570217edeb5ca48b9e/versionedparcelable-1.1.1.aar because:
  Build cache is disabled
JetifyTransform: /home/runner/.gradle/caches/modules-2/files-2.1/androidx.versionedparcelable/versionedparcelable/1.1.1/18e18071e7715679e0593c570217edeb5ca48b9e/versionedparcelable-1.1.1.aar is not up-to-date because:
  No history is available.
Transforming versionedparcelable-1.1.1.aar (androidx.versionedparcelable:versionedparcelable:1.1.1) with ExtractAarTransform
Caching disabled for ExtractAarTransform: /home/runner/.gradle/caches/modules-2/files-2.1/androidx.versionedparcelable/versionedparcelable/1.1.1/18e18071e7715679e0593c570217edeb5ca48b9e/versionedparcelable-1.1.1.aar because:
  Build cache is disabled
ExtractAarTransform: /home/runner/.gradle/caches/modules-2/files-2.1/androidx.versionedparcelable/versionedparcelable/1.1.1/18e18071e7715679e0593c570217edeb5ca48b9e/versionedparcelable-1.1.1.aar is not up-to-date because:
  No history is available.
Transforming versionedparcelable-1.1.1.aar (androidx.versionedparcelable:versionedparcelable:1.1.1) with AarTransform
Caching disabled for AarTransform: /home/runner/.gradle/caches/transforms-3/096095fb3f46b0f49569eff3850aad1c/transformed/versionedparcelable-1.1.1 because:
  Build cache is disabled
AarTransform: /home/runner/.gradle/caches/transforms-3/096095fb3f46b0f49569eff3850aad1c/transformed/versionedparcelable-1.1.1 is not up-to-date because:
  No history is available.
Transforming runtime-saveable-release.aar (androidx.compose.runtime:runtime-saveable-android:1.6.0) with JetifyTransform
Downloading https://dl.google.com/dl/android/maven2/androidx/interpolator/interpolator/1.0.0/interpolator-1.0.0.aar to /home/runner/.gradle/.tmp/gradle_download18336670357575890477bin
Caching disabled for JetifyTransform: /home/runner/.gradle/caches/modules-2/files-2.1/androidx.compose.runtime/runtime-saveable-android/1.6.0/518370b2220d70e10f77c56bf93c8ae5761cbe29/runtime-saveable-release.aar because:
  Build cache is disabled
JetifyTransform: /home/runner/.gradle/caches/modules-2/files-2.1/androidx.compose.runtime/runtime-saveable-android/1.6.0/518370b2220d70e10f77c56bf93c8ae5761cbe29/runtime-saveable-release.aar is not up-to-date because:
  No history is available.
Transforming interpolator-1.0.0.aar (androidx.interpolator:interpolator:1.0.0) with JetifyTransform
Caching disabled for JetifyTransform: /home/runner/.gradle/caches/modules-2/files-2.1/androidx.interpolator/interpolator/1.0.0/8a01fa254a23b9388571eb6334b03707c7d122d7/interpolator-1.0.0.aar because:
  Build cache is disabled
JetifyTransform: /home/runner/.gradle/caches/modules-2/files-2.1/androidx.interpolator/interpolator/1.0.0/8a01fa254a23b9388571eb6334b03707c7d122d7/interpolator-1.0.0.aar is not up-to-date because:
  No history is available.
Transforming interpolator-1.0.0.aar (androidx.interpolator:interpolator:1.0.0) with ExtractAarTransform
Caching disabled for ExtractAarTransform: /home/runner/.gradle/caches/modules-2/files-2.1/androidx.interpolator/interpolator/1.0.0/8a01fa254a23b9388571eb6334b03707c7d122d7/interpolator-1.0.0.aar because:
  Build cache is disabled
ExtractAarTransform: /home/runner/.gradle/caches/modules-2/files-2.1/androidx.interpolator/interpolator/1.0.0/8a01fa254a23b9388571eb6334b03707c7d122d7/interpolator-1.0.0.aar is not up-to-date because:
  No history is available.
Downloading https://dl.google.com/dl/android/maven2/androidx/compose/runtime/runtime-android/1.6.0/runtime-android-1.6.0.aar to /home/runner/.gradle/.tmp/gradle_download11805517612436590595bin
Transforming interpolator-1.0.0.aar (androidx.interpolator:interpolator:1.0.0) with AarTransform
Caching disabled for AarTransform: /home/runner/.gradle/caches/transforms-3/da2de8c6ac4d0cdf9dede0c7637f3f2f/transformed/interpolator-1.0.0 because:
  Build cache is disabled
AarTransform: /home/runner/.gradle/caches/transforms-3/da2de8c6ac4d0cdf9dede0c7637f3f2f/transformed/interpolator-1.0.0 is not up-to-date because:
  No history is available.
Transforming interpolator-1.0.0.aar (androidx.interpolator:interpolator:1.0.0) with JetifyTransform
Transforming interpolator-1.0.0.aar (androidx.interpolator:interpolator:1.0.0) with ExtractAarTransform
Transforming interpolator-1.0.0.aar (androidx.interpolator:interpolator:1.0.0) with AarTransform
Downloading https://dl.google.com/dl/android/maven2/androidx/arch/core/core-runtime/2.2.0/core-runtime-2.2.0.aar to /home/runner/.gradle/.tmp/gradle_download10245490502447449437bin
Transforming core-runtime-2.2.0.aar (androidx.arch.core:core-runtime:2.2.0) with JetifyTransform
Caching disabled for JetifyTransform: /home/runner/.gradle/caches/modules-2/files-2.1/androidx.arch.core/core-runtime/2.2.0/39705982680d78556b679ef9d5400d4f17509b0b/core-runtime-2.2.0.aar because:
  Build cache is disabled
JetifyTransform: /home/runner/.gradle/caches/modules-2/files-2.1/androidx.arch.core/core-runtime/2.2.0/39705982680d78556b679ef9d5400d4f17509b0b/core-runtime-2.2.0.aar is not up-to-date because:
  No history is available.
Transforming core-runtime-2.2.0.aar (androidx.arch.core:core-runtime:2.2.0) with ExtractAarTransform
Caching disabled for ExtractAarTransform: /home/runner/.gradle/caches/modules-2/files-2.1/androidx.arch.core/core-runtime/2.2.0/39705982680d78556b679ef9d5400d4f17509b0b/core-runtime-2.2.0.aar because:
  Build cache is disabled
ExtractAarTransform: /home/runner/.gradle/caches/modules-2/files-2.1/androidx.arch.core/core-runtime/2.2.0/39705982680d78556b679ef9d5400d4f17509b0b/core-runtime-2.2.0.aar is not up-to-date because:
  No history is available.
Transforming core-runtime-2.2.0.aar (androidx.arch.core:core-runtime:2.2.0) with AarTransform
Caching disabled for AarTransform: /home/runner/.gradle/caches/transforms-3/cb64fc0a0422f37738c7cc6bed1d58f4/transformed/core-runtime-2.2.0 because:
  Build cache is disabled
AarTransform: /home/runner/.gradle/caches/transforms-3/cb64fc0a0422f37738c7cc6bed1d58f4/transformed/core-runtime-2.2.0 is not up-to-date because:
  No history is available.
Downloading https://dl.google.com/dl/android/maven2/androidx/profileinstaller/profileinstaller/1.3.1/profileinstaller-1.3.1.aar to /home/runner/.gradle/.tmp/gradle_download3973589611370828188bin
Transforming runtime-release.aar (androidx.compose.runtime:runtime-android:1.6.0) with JetifyTransform
Transforming profileinstaller-1.3.1.aar (androidx.profileinstaller:profileinstaller:1.3.1) with JetifyTransform
Caching disabled for JetifyTransform: /home/runner/.gradle/caches/modules-2/files-2.1/androidx.profileinstaller/profileinstaller/1.3.1/c0bac819b4f88a648011542273373d1e5093e3a7/profileinstaller-1.3.1.aar because:
  Build cache is disabled
JetifyTransform: /home/runner/.gradle/caches/modules-2/files-2.1/androidx.profileinstaller/profileinstaller/1.3.1/c0bac819b4f88a648011542273373d1e5093e3a7/profileinstaller-1.3.1.aar is not up-to-date because:
  No history is available.
Caching disabled for JetifyTransform: /home/runner/.gradle/caches/modules-2/files-2.1/androidx.compose.runtime/runtime-android/1.6.0/bd0484db65822141b611b6fe05446efb0250c2e/runtime-release.aar because:
  Build cache is disabled
JetifyTransform: /home/runner/.gradle/caches/modules-2/files-2.1/androidx.compose.runtime/runtime-android/1.6.0/bd0484db65822141b611b6fe05446efb0250c2e/runtime-release.aar is not up-to-date because:
  No history is available.
Transforming profileinstaller-1.3.1.aar (androidx.profileinstaller:profileinstaller:1.3.1) with ExtractAarTransform
Caching disabled for ExtractAarTransform: /home/runner/.gradle/caches/transforms-3/add268b700eb70f920c14f535e2e5c60/transformed/jetified-profileinstaller-1.3.1.aar because:
  Build cache is disabled
ExtractAarTransform: /home/runner/.gradle/caches/transforms-3/add268b700eb70f920c14f535e2e5c60/transformed/jetified-profileinstaller-1.3.1.aar is not up-to-date because:
  No history is available.
Transforming profileinstaller-1.3.1.aar (androidx.profileinstaller:profileinstaller:1.3.1) with AarTransform
Caching disabled for AarTransform: /home/runner/.gradle/caches/transforms-3/ed2a99777db40be16c6b391443781293/transformed/jetified-profileinstaller-1.3.1 because:
  Build cache is disabled
AarTransform: /home/runner/.gradle/caches/transforms-3/ed2a99777db40be16c6b391443781293/transformed/jetified-profileinstaller-1.3.1 is not up-to-date because:
  No history is available.
Downloading https://dl.google.com/dl/android/maven2/androidx/startup/startup-runtime/1.1.1/startup-runtime-1.1.1.aar to /home/runner/.gradle/.tmp/gradle_download5739959561895443822bin
Transforming startup-runtime-1.1.1.aar (androidx.startup:startup-runtime:1.1.1) with JetifyTransform
Caching disabled for JetifyTransform: /home/runner/.gradle/caches/modules-2/files-2.1/androidx.startup/startup-runtime/1.1.1/9d4ba67056aff98b69eadc1477c19a1e67cb9470/startup-runtime-1.1.1.aar because:
  Build cache is disabled
JetifyTransform: /home/runner/.gradle/caches/modules-2/files-2.1/androidx.startup/startup-runtime/1.1.1/9d4ba67056aff98b69eadc1477c19a1e67cb9470/startup-runtime-1.1.1.aar is not up-to-date because:
  No history is available.
Transforming startup-runtime-1.1.1.aar (androidx.startup:startup-runtime:1.1.1) with ExtractAarTransform
Caching disabled for ExtractAarTransform: /home/runner/.gradle/caches/transforms-3/01fedcf61e9f4e048264a9595197052e/transformed/jetified-startup-runtime-1.1.1.aar because:
  Build cache is disabled
ExtractAarTransform: /home/runner/.gradle/caches/transforms-3/01fedcf61e9f4e048264a9595197052e/transformed/jetified-startup-runtime-1.1.1.aar is not up-to-date because:
  No history is available.
Transforming startup-runtime-1.1.1.aar (androidx.startup:startup-runtime:1.1.1) with AarTransform
Caching disabled for AarTransform: /home/runner/.gradle/caches/transforms-3/e38763203da2274fe32ea162c1ebfd07/transformed/jetified-startup-runtime-1.1.1 because:
  Build cache is disabled
AarTransform: /home/runner/.gradle/caches/transforms-3/e38763203da2274fe32ea162c1ebfd07/transformed/jetified-startup-runtime-1.1.1 is not up-to-date because:
  No history is available.
Transforming runtime-saveable-release.aar (androidx.compose.runtime:runtime-saveable-android:1.6.0) with ExtractAarTransform
Transforming ui-release.aar (androidx.compose.ui:ui-android:1.6.0) with ExtractAarTransform
Downloading https://dl.google.com/dl/android/maven2/androidx/tracing/tracing/1.0.0/tracing-1.0.0.aar to /home/runner/.gradle/.tmp/gradle_download11868667728904645653bin
Transforming tracing-1.0.0.aar (androidx.tracing:tracing:1.0.0) with JetifyTransform
Caching disabled for JetifyTransform: /home/runner/.gradle/caches/modules-2/files-2.1/androidx.tracing/tracing/1.0.0/69cef34711dffbc517e7a0a419ec4a98f84f496a/tracing-1.0.0.aar because:
  Build cache is disabled
JetifyTransform: /home/runner/.gradle/caches/modules-2/files-2.1/androidx.tracing/tracing/1.0.0/69cef34711dffbc517e7a0a419ec4a98f84f496a/tracing-1.0.0.aar is not up-to-date because:
  No history is available.
Transforming tracing-1.0.0.aar (androidx.tracing:tracing:1.0.0) with ExtractAarTransform
Caching disabled for ExtractAarTransform: /home/runner/.gradle/caches/transforms-3/e2ee69c536130f423265b1cf06696487/transformed/jetified-tracing-1.0.0.aar because:
  Build cache is disabled
ExtractAarTransform: /home/runner/.gradle/caches/transforms-3/e2ee69c536130f423265b1cf06696487/transformed/jetified-tracing-1.0.0.aar is not up-to-date because:
  No history is available.
Transforming tracing-1.0.0.aar (androidx.tracing:tracing:1.0.0) with AarTransform
Caching disabled for AarTransform: /home/runner/.gradle/caches/transforms-3/77845b546bce7c968a64544941173c93/transformed/jetified-tracing-1.0.0 because:
  Build cache is disabled
AarTransform: /home/runner/.gradle/caches/transforms-3/77845b546bce7c968a64544941173c93/transformed/jetified-tracing-1.0.0 is not up-to-date because:
  No history is available.
Caching disabled for ExtractAarTransform: /home/runner/.gradle/caches/transforms-3/7b02a4008fbebde6e777aa784767dd04/transformed/jetified-runtime-saveable-release.aar because:
  Build cache is disabled
ExtractAarTransform: /home/runner/.gradle/caches/transforms-3/7b02a4008fbebde6e777aa784767dd04/transformed/jetified-runtime-saveable-release.aar is not up-to-date because:
  No history is available.
Transforming runtime-saveable-release.aar (androidx.compose.runtime:runtime-saveable-android:1.6.0) with AarTransform
Caching disabled for AarTransform: /home/runner/.gradle/caches/transforms-3/88742612a934cebcd0be91fdda997a16/transformed/jetified-runtime-saveable-release because:
  Build cache is disabled
AarTransform: /home/runner/.gradle/caches/transforms-3/88742612a934cebcd0be91fdda997a16/transformed/jetified-runtime-saveable-release is not up-to-date because:
  No history is available.
Downloading https://dl.google.com/dl/android/maven2/androidx/exifinterface/exifinterface/1.3.6/exifinterface-1.3.6.aar to /home/runner/.gradle/.tmp/gradle_download468756758888458307bin
Transforming exifinterface-1.3.6.aar (androidx.exifinterface:exifinterface:1.3.6) with JetifyTransform
Caching disabled for JetifyTransform: /home/runner/.gradle/caches/modules-2/files-2.1/androidx.exifinterface/exifinterface/1.3.6/66c4f85fbe44c6556b05ecd28ea1af00cff3655e/exifinterface-1.3.6.aar because:
  Build cache is disabled
JetifyTransform: /home/runner/.gradle/caches/modules-2/files-2.1/androidx.exifinterface/exifinterface/1.3.6/66c4f85fbe44c6556b05ecd28ea1af00cff3655e/exifinterface-1.3.6.aar is not up-to-date because:
  No history is available.
Transforming exifinterface-1.3.6.aar (androidx.exifinterface:exifinterface:1.3.6) with ExtractAarTransform
Caching disabled for ExtractAarTransform: /home/runner/.gradle/caches/modules-2/files-2.1/androidx.exifinterface/exifinterface/1.3.6/66c4f85fbe44c6556b05ecd28ea1af00cff3655e/exifinterface-1.3.6.aar because:
  Build cache is disabled
ExtractAarTransform: /home/runner/.gradle/caches/modules-2/files-2.1/androidx.exifinterface/exifinterface/1.3.6/66c4f85fbe44c6556b05ecd28ea1af00cff3655e/exifinterface-1.3.6.aar is not up-to-date because:
  No history is available.
Transforming exifinterface-1.3.6.aar (androidx.exifinterface:exifinterface:1.3.6) with AarTransform
Caching disabled for AarTransform: /home/runner/.gradle/caches/transforms-3/c0080d546a3a59f6f620959026c16997/transformed/exifinterface-1.3.6 because:
  Build cache is disabled
AarTransform: /home/runner/.gradle/caches/transforms-3/c0080d546a3a59f6f620959026c16997/transformed/exifinterface-1.3.6 is not up-to-date because:
  No history is available.
Caching disabled for ExtractAarTransform: /home/runner/.gradle/caches/transforms-3/fa5f692f6058d7cb82aa000a5d5edc8d/transformed/jetified-ui-release.aar because:
  Build cache is disabled
ExtractAarTransform: /home/runner/.gradle/caches/transforms-3/fa5f692f6058d7cb82aa000a5d5edc8d/transformed/jetified-ui-release.aar is not up-to-date because:
  No history is available.
Transforming ui-release.aar (androidx.compose.ui:ui-android:1.6.0) with AarTransform
Transforming runtime-release.aar (androidx.compose.runtime:runtime-android:1.6.0) with ExtractAarTransform
Caching disabled for AarTransform: /home/runner/.gradle/caches/transforms-3/7c1fde5ba7832962763da54cbb5017fc/transformed/jetified-ui-release because:
  Build cache is disabled
AarTransform: /home/runner/.gradle/caches/transforms-3/7c1fde5ba7832962763da54cbb5017fc/transformed/jetified-ui-release is not up-to-date because:
  No history is available.
Caching disabled for ExtractAarTransform: /home/runner/.gradle/caches/transforms-3/21bbe4e827b858305a8f04fc21e1465b/transformed/jetified-runtime-release.aar because:
  Build cache is disabled
ExtractAarTransform: /home/runner/.gradle/caches/transforms-3/21bbe4e827b858305a8f04fc21e1465b/transformed/jetified-runtime-release.aar is not up-to-date because:
  No history is available.
Transforming runtime-release.aar (androidx.compose.runtime:runtime-android:1.6.0) with AarTransform
Caching disabled for AarTransform: /home/runner/.gradle/caches/transforms-3/37655ed3604b6c69200879d0500f2a9b/transformed/jetified-runtime-release because:
  Build cache is disabled
AarTransform: /home/runner/.gradle/caches/transforms-3/37655ed3604b6c69200879d0500f2a9b/transformed/jetified-runtime-release is not up-to-date because:
  No history is available.
Caching disabled for task ':app-v3:checkDebugAarMetadata' because:
  Build cache is disabled
Task ':app-v3:checkDebugAarMetadata' is not up-to-date because:
  No history is available.

Resolve mutations for :app-v3:generateDebugResValues (Thread[included builds,5,main]) started.
:app-v3:generateDebugResValues (Thread[included builds,5,main]) started.

> Task :app-v3:generateDebugResValues
Caching disabled for task ':app-v3:generateDebugResValues' because:
  Build cache is disabled
Task ':app-v3:generateDebugResValues' is not up-to-date because:
  No history is available.
Resolve mutations for :app-v3:mapDebugSourceSetPaths (Thread[included builds,5,main]) started.
:app-v3:mapDebugSourceSetPaths (Thread[included builds,5,main]) started.

> Task :app-v3:mapDebugSourceSetPaths
Transforming material3-1.1.2.aar (androidx.compose.material3:material3:1.1.2) with JetifyTransform
Transforming material3-1.1.2.aar (androidx.compose.material3:material3:1.1.2) with ExtractAarTransform
Transforming material3-1.1.2.aar (androidx.compose.material3:material3:1.1.2) with AarTransform
Transforming activity-1.8.2.aar (androidx.activity:activity:1.8.2) with JetifyTransform
Transforming activity-1.8.2.aar (androidx.activity:activity:1.8.2) with ExtractAarTransform
Transforming activity-1.8.2.aar (androidx.activity:activity:1.8.2) with AarTransform
Transforming activity-ktx-1.8.2.aar (androidx.activity:activity-ktx:1.8.2) with JetifyTransform
Transforming activity-ktx-1.8.2.aar (androidx.activity:activity-ktx:1.8.2) with ExtractAarTransform
Transforming activity-ktx-1.8.2.aar (androidx.activity:activity-ktx:1.8.2) with AarTransform
Transforming coil-compose-2.5.0.aar (io.coil-kt:coil-compose:2.5.0) with JetifyTransform
Transforming coil-compose-2.5.0.aar (io.coil-kt:coil-compose:2.5.0) with ExtractAarTransform
Transforming coil-compose-2.5.0.aar (io.coil-kt:coil-compose:2.5.0) with AarTransform
Caching disabled for AarTransform: /home/runner/.gradle/caches/transforms-3/6b3695a9e99692f435cc63d9903ec2a9/transformed/jetified-material3-1.1.2 because:
  Build cache is disabled
Caching disabled for AarTransform: /home/runner/.gradle/caches/transforms-3/4486cd71c0d89f8b575e26ac3b908889/transformed/jetified-activity-1.8.2 because:
  Build cache is disabled
AarTransform: /home/runner/.gradle/caches/transforms-3/4486cd71c0d89f8b575e26ac3b908889/transformed/jetified-activity-1.8.2 is not up-to-date because:
  No history is available.
Transforming coil-compose-base-2.5.0.aar (io.coil-kt:coil-compose-base:2.5.0) with JetifyTransform
Transforming coil-compose-base-2.5.0.aar (io.coil-kt:coil-compose-base:2.5.0) with ExtractAarTransform
Transforming coil-compose-base-2.5.0.aar (io.coil-kt:coil-compose-base:2.5.0) with AarTransform
Transforming material-ripple-release.aar (androidx.compose.material:material-ripple-android:1.6.0) with JetifyTransform
Transforming material-ripple-release.aar (androidx.compose.material:material-ripple-android:1.6.0) with ExtractAarTransform
Transforming material-ripple-release.aar (androidx.compose.material:material-ripple-android:1.6.0) with AarTransform
Transforming material-icons-core-release.aar (androidx.compose.material:material-icons-core-android:1.6.0) with JetifyTransform
Transforming material-icons-core-release.aar (androidx.compose.material:material-icons-core-android:1.6.0) with ExtractAarTransform
Transforming material-icons-core-release.aar (androidx.compose.material:material-icons-core-android:1.6.0) with AarTransform
AarTransform: /home/runner/.gradle/caches/transforms-3/6b3695a9e99692f435cc63d9903ec2a9/transformed/jetified-material3-1.1.2 is not up-to-date because:
  No history is available.
Transforming material-release.aar (androidx.compose.material:material-android:1.6.0) with JetifyTransform
Transforming material-release.aar (androidx.compose.material:material-android:1.6.0) with ExtractAarTransform
Transforming material-release.aar (androidx.compose.material:material-android:1.6.0) with AarTransform
Transforming animation-core-release.aar (androidx.compose.animation:animation-core-android:1.6.0) with JetifyTransform
Transforming animation-core-release.aar (androidx.compose.animation:animation-core-android:1.6.0) with ExtractAarTransform
Transforming animation-core-release.aar (androidx.compose.animation:animation-core-android:1.6.0) with AarTransform
Transforming animation-release.aar (androidx.compose.animation:animation-android:1.6.0) with JetifyTransform
Transforming animation-release.aar (androidx.compose.animation:animation-android:1.6.0) with ExtractAarTransform
Transforming animation-release.aar (androidx.compose.animation:animation-android:1.6.0) with AarTransform
Transforming foundation-layout-release.aar (androidx.compose.foundation:foundation-layout-android:1.6.0) with JetifyTransform
Transforming foundation-layout-release.aar (androidx.compose.foundation:foundation-layout-android:1.6.0) with ExtractAarTransform
Transforming foundation-layout-release.aar (androidx.compose.foundation:foundation-layout-android:1.6.0) with AarTransform
Transforming foundation-release.aar (androidx.compose.foundation:foundation-android:1.6.0) with JetifyTransform
Transforming foundation-release.aar (androidx.compose.foundation:foundation-android:1.6.0) with ExtractAarTransform
Transforming foundation-release.aar (androidx.compose.foundation:foundation-android:1.6.0) with AarTransform
Transforming ui-tooling-data-release.aar (androidx.compose.ui:ui-tooling-data-android:1.6.0) with JetifyTransform
Transforming ui-tooling-data-release.aar (androidx.compose.ui:ui-tooling-data-android:1.6.0) with ExtractAarTransform
Caching disabled for AarTransform: /home/runner/.gradle/caches/transforms-3/32916e4361a0519dfb325dcc3e200682/transformed/jetified-coil-compose-2.5.0 because:
  Build cache is disabled
AarTransform: /home/runner/.gradle/caches/transforms-3/32916e4361a0519dfb325dcc3e200682/transformed/jetified-coil-compose-2.5.0 is not up-to-date because:
  No history is available.
Caching disabled for AarTransform: /home/runner/.gradle/caches/transforms-3/1628c2c5419cf59a3c841ba2e99fbd0f/transformed/jetified-activity-ktx-1.8.2 because:
  Build cache is disabled
AarTransform: /home/runner/.gradle/caches/transforms-3/1628c2c5419cf59a3c841ba2e99fbd0f/transformed/jetified-activity-ktx-1.8.2 is not up-to-date because:
  No history is available.
Caching disabled for AarTransform: /home/runner/.gradle/caches/transforms-3/e42332f6c3845b4ae63811bd5d1b8586/transformed/jetified-coil-compose-base-2.5.0 because:
  Build cache is disabled
AarTransform: /home/runner/.gradle/caches/transforms-3/e42332f6c3845b4ae63811bd5d1b8586/transformed/jetified-coil-compose-base-2.5.0 is not up-to-date because:
  No history is available.
Transforming ui-tooling-data-release.aar (androidx.compose.ui:ui-tooling-data-android:1.6.0) with AarTransform
Transforming ui-unit-release.aar (androidx.compose.ui:ui-unit-android:1.6.0) with JetifyTransform
Transforming ui-unit-release.aar (androidx.compose.ui:ui-unit-android:1.6.0) with ExtractAarTransform
Transforming ui-unit-release.aar (androidx.compose.ui:ui-unit-android:1.6.0) with AarTransform
Transforming ui-geometry-release.aar (androidx.compose.ui:ui-geometry-android:1.6.0) with JetifyTransform
Transforming ui-geometry-release.aar (androidx.compose.ui:ui-geometry-android:1.6.0) with ExtractAarTransform
Transforming ui-geometry-release.aar (androidx.compose.ui:ui-geometry-android:1.6.0) with AarTransform
Transforming ui-util-release.aar (androidx.compose.ui:ui-util-android:1.6.0) with JetifyTransform
Transforming ui-util-release.aar (androidx.compose.ui:ui-util-android:1.6.0) with ExtractAarTransform
Transforming ui-util-release.aar (androidx.compose.ui:ui-util-android:1.6.0) with AarTransform
Caching disabled for AarTransform: /home/runner/.gradle/caches/transforms-3/3dc43ce192fe1dab647f59ff297eacf1/transformed/jetified-material-ripple-release because:
  Build cache is disabled
Transforming ui-text-release.aar (androidx.compose.ui:ui-text-android:1.6.0) with JetifyTransform
AarTransform: /home/runner/.gradle/caches/transforms-3/3dc43ce192fe1dab647f59ff297eacf1/transformed/jetified-material-ripple-release is not up-to-date because:
  No history is available.
Transforming ui-text-release.aar (androidx.compose.ui:ui-text-android:1.6.0) with ExtractAarTransform
Transforming ui-text-release.aar (androidx.compose.ui:ui-text-android:1.6.0) with AarTransform
Transforming ui-tooling-preview-release.aar (androidx.compose.ui:ui-tooling-preview-android:1.6.0) with JetifyTransform
Transforming ui-tooling-preview-release.aar (androidx.compose.ui:ui-tooling-preview-android:1.6.0) with ExtractAarTransform
Transforming ui-tooling-preview-release.aar (androidx.compose.ui:ui-tooling-preview-android:1.6.0) with AarTransform
Transforming ui-graphics-release.aar (androidx.compose.ui:ui-graphics-android:1.6.0) with JetifyTransform
Transforming ui-graphics-release.aar (androidx.compose.ui:ui-graphics-android:1.6.0) with ExtractAarTransform
Transforming ui-graphics-release.aar (androidx.compose.ui:ui-graphics-android:1.6.0) with AarTransform
Transforming ui-test-manifest-1.6.0.aar (androidx.compose.ui:ui-test-manifest:1.6.0) with JetifyTransform
Transforming ui-test-manifest-1.6.0.aar (androidx.compose.ui:ui-test-manifest:1.6.0) with ExtractAarTransform
Transforming ui-test-manifest-1.6.0.aar (androidx.compose.ui:ui-test-manifest:1.6.0) with AarTransform
Transforming ui-tooling-release.aar (androidx.compose.ui:ui-tooling-android:1.6.0) with JetifyTransform
Transforming ui-tooling-release.aar (androidx.compose.ui:ui-tooling-android:1.6.0) with ExtractAarTransform
Transforming ui-tooling-release.aar (androidx.compose.ui:ui-tooling-android:1.6.0) with AarTransform
Transforming activity-compose-1.8.2.aar (androidx.activity:activity-compose:1.8.2) with JetifyTransform
Transforming activity-compose-1.8.2.aar (androidx.activity:activity-compose:1.8.2) with ExtractAarTransform
Transforming activity-compose-1.8.2.aar (androidx.activity:activity-compose:1.8.2) with AarTransform
Transforming emoji2-1.3.0.aar (androidx.emoji2:emoji2:1.3.0) with JetifyTransform
Transforming emoji2-1.3.0.aar (androidx.emoji2:emoji2:1.3.0) with ExtractAarTransform
Transforming emoji2-1.3.0.aar (androidx.emoji2:emoji2:1.3.0) with AarTransform
Transforming lifecycle-process-2.7.0.aar (androidx.lifecycle:lifecycle-process:2.7.0) with JetifyTransform
Transforming lifecycle-process-2.7.0.aar (androidx.lifecycle:lifecycle-process:2.7.0) with ExtractAarTransform
Transforming lifecycle-process-2.7.0.aar (androidx.lifecycle:lifecycle-process:2.7.0) with AarTransform
Transforming lifecycle-livedata-core-2.7.0.aar (androidx.lifecycle:lifecycle-livedata-core:2.7.0) with JetifyTransform
Transforming lifecycle-livedata-core-2.7.0.aar (androidx.lifecycle:lifecycle-livedata-core:2.7.0) with ExtractAarTransform
Transforming lifecycle-livedata-core-2.7.0.aar (androidx.lifecycle:lifecycle-livedata-core:2.7.0) with AarTransform
Caching disabled for AarTransform: /home/runner/.gradle/caches/transforms-3/73e6621120999a43cb87f253d3ce9798/transformed/jetified-material-icons-core-release because:
  Build cache is disabled
AarTransform: /home/runner/.gradle/caches/transforms-3/73e6621120999a43cb87f253d3ce9798/transformed/jetified-material-icons-core-release is not up-to-date because:
  No history is available.
Transforming savedstate-ktx-1.2.1.aar (androidx.savedstate:savedstate-ktx:1.2.1) with JetifyTransform
Transforming savedstate-ktx-1.2.1.aar (androidx.savedstate:savedstate-ktx:1.2.1) with ExtractAarTransform
Transforming savedstate-ktx-1.2.1.aar (androidx.savedstate:savedstate-ktx:1.2.1) with AarTransform
Transforming savedstate-1.2.1.aar (androidx.savedstate:savedstate:1.2.1) with JetifyTransform
Transforming savedstate-1.2.1.aar (androidx.savedstate:savedstate:1.2.1) with ExtractAarTransform
Transforming savedstate-1.2.1.aar (androidx.savedstate:savedstate:1.2.1) with AarTransform
Transforming lifecycle-viewmodel-savedstate-2.7.0.aar (androidx.lifecycle:lifecycle-viewmodel-savedstate:2.7.0) with JetifyTransform
Transforming lifecycle-viewmodel-savedstate-2.7.0.aar (androidx.lifecycle:lifecycle-viewmodel-savedstate:2.7.0) with ExtractAarTransform
Transforming lifecycle-viewmodel-savedstate-2.7.0.aar (androidx.lifecycle:lifecycle-viewmodel-savedstate:2.7.0) with AarTransform
Transforming lifecycle-viewmodel-ktx-2.7.0.aar (androidx.lifecycle:lifecycle-viewmodel-ktx:2.7.0) with JetifyTransform
Transforming lifecycle-viewmodel-ktx-2.7.0.aar (androidx.lifecycle:lifecycle-viewmodel-ktx:2.7.0) with ExtractAarTransform
Transforming lifecycle-viewmodel-ktx-2.7.0.aar (androidx.lifecycle:lifecycle-viewmodel-ktx:2.7.0) with AarTransform
Transforming lifecycle-viewmodel-2.7.0.aar (androidx.lifecycle:lifecycle-viewmodel:2.7.0) with JetifyTransform
Transforming lifecycle-viewmodel-2.7.0.aar (androidx.lifecycle:lifecycle-viewmodel:2.7.0) with ExtractAarTransform
Transforming lifecycle-viewmodel-2.7.0.aar (androidx.lifecycle:lifecycle-viewmodel:2.7.0) with AarTransform
Transforming coil-2.5.0.aar (io.coil-kt:coil:2.5.0) with JetifyTransform
Transforming coil-2.5.0.aar (io.coil-kt:coil:2.5.0) with ExtractAarTransform
Transforming coil-2.5.0.aar (io.coil-kt:coil:2.5.0) with AarTransform
Transforming coil-base-2.5.0.aar (io.coil-kt:coil-base:2.5.0) with JetifyTransform
Transforming coil-base-2.5.0.aar (io.coil-kt:coil-base:2.5.0) with ExtractAarTransform
Transforming coil-base-2.5.0.aar (io.coil-kt:coil-base:2.5.0) with AarTransform
Caching disabled for AarTransform: /home/runner/.gradle/caches/transforms-3/e253461f05edaf7aa67d8be4b23c5378/transformed/jetified-material-release because:
  Build cache is disabled
Transforming lifecycle-runtime-2.7.0.aar (androidx.lifecycle:lifecycle-runtime:2.7.0) with JetifyTransform
AarTransform: /home/runner/.gradle/caches/transforms-3/e253461f05edaf7aa67d8be4b23c5378/transformed/jetified-material-release is not up-to-date because:
  No history is available.
Transforming lifecycle-runtime-2.7.0.aar (androidx.lifecycle:lifecycle-runtime:2.7.0) with ExtractAarTransform
Transforming lifecycle-runtime-2.7.0.aar (androidx.lifecycle:lifecycle-runtime:2.7.0) with AarTransform
Transforming lifecycle-runtime-ktx-2.7.0.aar (androidx.lifecycle:lifecycle-runtime-ktx:2.7.0) with JetifyTransform
Transforming lifecycle-runtime-ktx-2.7.0.aar (androidx.lifecycle:lifecycle-runtime-ktx:2.7.0) with ExtractAarTransform
Transforming lifecycle-runtime-ktx-2.7.0.aar (androidx.lifecycle:lifecycle-runtime-ktx:2.7.0) with AarTransform
Transforming lifecycle-viewmodel-compose-2.7.0.aar (androidx.lifecycle:lifecycle-viewmodel-compose:2.7.0) with JetifyTransform
Transforming lifecycle-viewmodel-compose-2.7.0.aar (androidx.lifecycle:lifecycle-viewmodel-compose:2.7.0) with ExtractAarTransform
Transforming lifecycle-viewmodel-compose-2.7.0.aar (androidx.lifecycle:lifecycle-viewmodel-compose:2.7.0) with AarTransform
Transforming accompanist-drawablepainter-0.32.0.aar (com.google.accompanist:accompanist-drawablepainter:0.32.0) with JetifyTransform
Transforming accompanist-drawablepainter-0.32.0.aar (com.google.accompanist:accompanist-drawablepainter:0.32.0) with ExtractAarTransform
Transforming accompanist-drawablepainter-0.32.0.aar (com.google.accompanist:accompanist-drawablepainter:0.32.0) with AarTransform
Transforming ui-release.aar (androidx.compose.ui:ui-android:1.6.0) with JetifyTransform
Transforming ui-release.aar (androidx.compose.ui:ui-android:1.6.0) with ExtractAarTransform
Transforming ui-release.aar (androidx.compose.ui:ui-android:1.6.0) with AarTransform
Transforming autofill-1.0.0.aar (androidx.autofill:autofill:1.0.0) with JetifyTransform
Transforming autofill-1.0.0.aar (androidx.autofill:autofill:1.0.0) with ExtractAarTransform
Transforming autofill-1.0.0.aar (androidx.autofill:autofill:1.0.0) with AarTransform
Transforming appcompat-resources-1.6.1.aar (androidx.appcompat:appcompat-resources:1.6.1) with JetifyTransform
Transforming appcompat-resources-1.6.1.aar (androidx.appcompat:appcompat-resources:1.6.1) with ExtractAarTransform
Caching disabled for AarTransform: /home/runner/.gradle/caches/transforms-3/2e023a60b9bc95923d69649b085625a1/transformed/jetified-animation-core-release because:
  Build cache is disabled
Transforming appcompat-resources-1.6.1.aar (androidx.appcompat:appcompat-resources:1.6.1) with AarTransform
AarTransform: /home/runner/.gradle/caches/transforms-3/2e023a60b9bc95923d69649b085625a1/transformed/jetified-animation-core-release is not up-to-date because:
  No history is available.
Transforming vectordrawable-animated-1.1.0.aar (androidx.vectordrawable:vectordrawable-animated:1.1.0) with JetifyTransform
Transforming vectordrawable-animated-1.1.0.aar (androidx.vectordrawable:vectordrawable-animated:1.1.0) with ExtractAarTransform
Transforming vectordrawable-animated-1.1.0.aar (androidx.vectordrawable:vectordrawable-animated:1.1.0) with AarTransform
Transforming vectordrawable-1.1.0.aar (androidx.vectordrawable:vectordrawable:1.1.0) with JetifyTransform
Transforming vectordrawable-1.1.0.aar (androidx.vectordrawable:vectordrawable:1.1.0) with ExtractAarTransform
Transforming vectordrawable-1.1.0.aar (androidx.vectordrawable:vectordrawable:1.1.0) with AarTransform
Transforming vectordrawable-1.1.0.aar (androidx.vectordrawable:vectordrawable:1.1.0) with JetifyTransform
Transforming vectordrawable-1.1.0.aar (androidx.vectordrawable:vectordrawable:1.1.0) with ExtractAarTransform
Transforming vectordrawable-1.1.0.aar (androidx.vectordrawable:vectordrawable:1.1.0) with AarTransform
Transforming core-1.12.0.aar (androidx.core:core:1.12.0) with JetifyTransform
Transforming core-1.12.0.aar (androidx.core:core:1.12.0) with ExtractAarTransform
Transforming core-1.12.0.aar (androidx.core:core:1.12.0) with AarTransform
Transforming core-1.12.0.aar (androidx.core:core:1.12.0) with JetifyTransform
Transforming core-1.12.0.aar (androidx.core:core:1.12.0) with ExtractAarTransform
Transforming core-1.12.0.aar (androidx.core:core:1.12.0) with AarTransform
Transforming core-1.12.0.aar (androidx.core:core:1.12.0) with JetifyTransform
Transforming core-1.12.0.aar (androidx.core:core:1.12.0) with ExtractAarTransform
Transforming core-1.12.0.aar (androidx.core:core:1.12.0) with AarTransform
Transforming customview-poolingcontainer-1.0.0.aar (androidx.customview:customview-poolingcontainer:1.0.0) with JetifyTransform
Transforming customview-poolingcontainer-1.0.0.aar (androidx.customview:customview-poolingcontainer:1.0.0) with ExtractAarTransform
Transforming customview-poolingcontainer-1.0.0.aar (androidx.customview:customview-poolingcontainer:1.0.0) with AarTransform
Transforming core-ktx-1.12.0.aar (androidx.core:core-ktx:1.12.0) with JetifyTransform
Transforming core-ktx-1.12.0.aar (androidx.core:core-ktx:1.12.0) with ExtractAarTransform
Transforming core-ktx-1.12.0.aar (androidx.core:core-ktx:1.12.0) with AarTransform
Transforming annotation-experimental-1.3.0.aar (androidx.annotation:annotation-experimental:1.3.0) with JetifyTransform
Transforming annotation-experimental-1.3.0.aar (androidx.annotation:annotation-experimental:1.3.0) with ExtractAarTransform
Transforming annotation-experimental-1.3.0.aar (androidx.annotation:annotation-experimental:1.3.0) with AarTransform
Transforming runtime-saveable-release.aar (androidx.compose.runtime:runtime-saveable-android:1.6.0) with JetifyTransform
Transforming runtime-saveable-release.aar (androidx.compose.runtime:runtime-saveable-android:1.6.0) with ExtractAarTransform
Caching disabled for AarTransform: /home/runner/.gradle/caches/transforms-3/ff71fba756ca4157450ef962b788a7b8/transformed/jetified-foundation-layout-release because:
  Build cache is disabled
Transforming runtime-saveable-release.aar (androidx.compose.runtime:runtime-saveable-android:1.6.0) with AarTransform
AarTransform: /home/runner/.gradle/caches/transforms-3/ff71fba756ca4157450ef962b788a7b8/transformed/jetified-foundation-layout-release is not up-to-date because:
  No history is available.
Transforming runtime-release.aar (androidx.compose.runtime:runtime-android:1.6.0) with JetifyTransform
Transforming runtime-release.aar (androidx.compose.runtime:runtime-android:1.6.0) with ExtractAarTransform
Transforming runtime-release.aar (androidx.compose.runtime:runtime-android:1.6.0) with AarTransform
Transforming versionedparcelable-1.1.1.aar (androidx.versionedparcelable:versionedparcelable:1.1.1) with JetifyTransform
Transforming versionedparcelable-1.1.1.aar (androidx.versionedparcelable:versionedparcelable:1.1.1) with ExtractAarTransform
Transforming versionedparcelable-1.1.1.aar (androidx.versionedparcelable:versionedparcelable:1.1.1) with AarTransform
Transforming interpolator-1.0.0.aar (androidx.interpolator:interpolator:1.0.0) with JetifyTransform
Transforming interpolator-1.0.0.aar (androidx.interpolator:interpolator:1.0.0) with ExtractAarTransform
Transforming interpolator-1.0.0.aar (androidx.interpolator:interpolator:1.0.0) with AarTransform
Transforming interpolator-1.0.0.aar (androidx.interpolator:interpolator:1.0.0) with JetifyTransform
Transforming interpolator-1.0.0.aar (androidx.interpolator:interpolator:1.0.0) with ExtractAarTransform
Transforming interpolator-1.0.0.aar (androidx.interpolator:interpolator:1.0.0) with AarTransform
Transforming core-runtime-2.2.0.aar (androidx.arch.core:core-runtime:2.2.0) with JetifyTransform
Transforming core-runtime-2.2.0.aar (androidx.arch.core:core-runtime:2.2.0) with ExtractAarTransform
Transforming core-runtime-2.2.0.aar (androidx.arch.core:core-runtime:2.2.0) with AarTransform
Transforming profileinstaller-1.3.1.aar (androidx.profileinstaller:profileinstaller:1.3.1) with JetifyTransform
Transforming profileinstaller-1.3.1.aar (androidx.profileinstaller:profileinstaller:1.3.1) with ExtractAarTransform
Transforming profileinstaller-1.3.1.aar (androidx.profileinstaller:profileinstaller:1.3.1) with AarTransform
Transforming startup-runtime-1.1.1.aar (androidx.startup:startup-runtime:1.1.1) with JetifyTransform
Transforming startup-runtime-1.1.1.aar (androidx.startup:startup-runtime:1.1.1) with ExtractAarTransform
Transforming startup-runtime-1.1.1.aar (androidx.startup:startup-runtime:1.1.1) with AarTransform
Transforming tracing-1.0.0.aar (androidx.tracing:tracing:1.0.0) with JetifyTransform
Transforming tracing-1.0.0.aar (androidx.tracing:tracing:1.0.0) with ExtractAarTransform
Transforming tracing-1.0.0.aar (androidx.tracing:tracing:1.0.0) with AarTransform
Transforming exifinterface-1.3.6.aar (androidx.exifinterface:exifinterface:1.3.6) with JetifyTransform
Caching disabled for AarTransform: /home/runner/.gradle/caches/transforms-3/d18e3e45b4d94d3858bdc59584221f19/transformed/jetified-animation-release because:
  Build cache is disabled
AarTransform: /home/runner/.gradle/caches/transforms-3/d18e3e45b4d94d3858bdc59584221f19/transformed/jetified-animation-release is not up-to-date because:
  No history is available.
Transforming exifinterface-1.3.6.aar (androidx.exifinterface:exifinterface:1.3.6) with ExtractAarTransform
Transforming exifinterface-1.3.6.aar (androidx.exifinterface:exifinterface:1.3.6) with AarTransform
Caching disabled for AarTransform: /home/runner/.gradle/caches/transforms-3/c4e0e79cd87e6e8b15a86f479bf7fb1c/transformed/jetified-foundation-release because:
  Build cache is disabled
AarTransform: /home/runner/.gradle/caches/transforms-3/c4e0e79cd87e6e8b15a86f479bf7fb1c/transformed/jetified-foundation-release is not up-to-date because:
  No history is available.
Caching disabled for AarTransform: /home/runner/.gradle/caches/transforms-3/841daa78a6c7688fb1784afdf8bd8006/transformed/jetified-ui-tooling-data-release because:
  Build cache is disabled
AarTransform: /home/runner/.gradle/caches/transforms-3/841daa78a6c7688fb1784afdf8bd8006/transformed/jetified-ui-tooling-data-release is not up-to-date because:
  No history is available.
Caching disabled for AarTransform: /home/runner/.gradle/caches/transforms-3/bf74d1f461dd083fb9b90c72b67dd7ae/transformed/jetified-ui-util-release because:
  Build cache is disabled
AarTransform: /home/runner/.gradle/caches/transforms-3/bf74d1f461dd083fb9b90c72b67dd7ae/transformed/jetified-ui-util-release is not up-to-date because:
  No history is available.
Caching disabled for AarTransform: /home/runner/.gradle/caches/transforms-3/49f657191625df914dc02aaa37e2ccce/transformed/jetified-ui-unit-release because:
  Build cache is disabled
AarTransform: /home/runner/.gradle/caches/transforms-3/49f657191625df914dc02aaa37e2ccce/transformed/jetified-ui-unit-release is not up-to-date because:
  No history is available.
Caching disabled for AarTransform: /home/runner/.gradle/caches/transforms-3/510b4aecd5975c712c4d4e307818dcd4/transformed/jetified-ui-geometry-release because:
  Build cache is disabled
AarTransform: /home/runner/.gradle/caches/transforms-3/510b4aecd5975c712c4d4e307818dcd4/transformed/jetified-ui-geometry-release is not up-to-date because:
  No history is available.
Caching disabled for AarTransform: /home/runner/.gradle/caches/transforms-3/739ee27594ae93846d923b96306d6ce4/transformed/jetified-ui-text-release because:
  Build cache is disabled
AarTransform: /home/runner/.gradle/caches/transforms-3/739ee27594ae93846d923b96306d6ce4/transformed/jetified-ui-text-release is not up-to-date because:
  No history is available.
Caching disabled for AarTransform: /home/runner/.gradle/caches/transforms-3/b49ca312096e0275e43db54fdf724643/transformed/jetified-ui-tooling-preview-release because:
  Build cache is disabled
AarTransform: /home/runner/.gradle/caches/transforms-3/b49ca312096e0275e43db54fdf724643/transformed/jetified-ui-tooling-preview-release is not up-to-date because:
  No history is available.
Caching disabled for AarTransform: /home/runner/.gradle/caches/transforms-3/1c604c0a449a91646a02b0bf81bb92a8/transformed/jetified-ui-test-manifest-1.6.0 because:
  Build cache is disabled
Caching disabled for AarTransform: /home/runner/.gradle/caches/transforms-3/39b5ea9cdb3e645b6f458cbb8dfdcaa8/transformed/jetified-ui-graphics-release because:
  Build cache is disabled
AarTransform: /home/runner/.gradle/caches/transforms-3/1c604c0a449a91646a02b0bf81bb92a8/transformed/jetified-ui-test-manifest-1.6.0 is not up-to-date because:
  No history is available.
AarTransform: /home/runner/.gradle/caches/transforms-3/39b5ea9cdb3e645b6f458cbb8dfdcaa8/transformed/jetified-ui-graphics-release is not up-to-date because:
  No history is available.
Caching disabled for AarTransform: /home/runner/.gradle/caches/transforms-3/bf3003103bf104060019c4c4fe8f58d2/transformed/jetified-ui-tooling-release because:
  Build cache is disabled
AarTransform: /home/runner/.gradle/caches/transforms-3/bf3003103bf104060019c4c4fe8f58d2/transformed/jetified-ui-tooling-release is not up-to-date because:
  No history is available.
Caching disabled for AarTransform: /home/runner/.gradle/caches/transforms-3/cdde5d135a5c5f405b2e1a5824d1a5bf/transformed/jetified-activity-compose-1.8.2 because:
  Build cache is disabled
AarTransform: /home/runner/.gradle/caches/transforms-3/cdde5d135a5c5f405b2e1a5824d1a5bf/transformed/jetified-activity-compose-1.8.2 is not up-to-date because:
  No history is available.
Caching disabled for AarTransform: /home/runner/.gradle/caches/transforms-3/accb67d5fa6842fc494107338777a9e8/transformed/jetified-emoji2-1.3.0 because:
  Build cache is disabled
AarTransform: /home/runner/.gradle/caches/transforms-3/accb67d5fa6842fc494107338777a9e8/transformed/jetified-emoji2-1.3.0 is not up-to-date because:
  No history is available.
Caching disabled for AarTransform: /home/runner/.gradle/caches/transforms-3/076a8f229414680308728714ada7a4b2/transformed/jetified-lifecycle-process-2.7.0 because:
  Build cache is disabled
AarTransform: /home/runner/.gradle/caches/transforms-3/076a8f229414680308728714ada7a4b2/transformed/jetified-lifecycle-process-2.7.0 is not up-to-date because:
  No history is available.
Caching disabled for AarTransform: /home/runner/.gradle/caches/transforms-3/dcfbdd2b03f788a16fdc2ef43289a48a/transformed/jetified-savedstate-ktx-1.2.1 because:
  Build cache is disabled
AarTransform: /home/runner/.gradle/caches/transforms-3/dcfbdd2b03f788a16fdc2ef43289a48a/transformed/jetified-savedstate-ktx-1.2.1 is not up-to-date because:
  No history is available.
Caching disabled for AarTransform: /home/runner/.gradle/caches/transforms-3/86f269d9a5d25d9db3a0c3844d69e947/transformed/lifecycle-livedata-core-2.7.0 because:
  Build cache is disabled
AarTransform: /home/runner/.gradle/caches/transforms-3/86f269d9a5d25d9db3a0c3844d69e947/transformed/lifecycle-livedata-core-2.7.0 is not up-to-date because:
  No history is available.
Caching disabled for AarTransform: /home/runner/.gradle/caches/transforms-3/3d80dbef2bfd9f638e3e23df58b28058/transformed/jetified-lifecycle-viewmodel-savedstate-2.7.0 because:
  Build cache is disabled
AarTransform: /home/runner/.gradle/caches/transforms-3/3d80dbef2bfd9f638e3e23df58b28058/transformed/jetified-lifecycle-viewmodel-savedstate-2.7.0 is not up-to-date because:
  No history is available.
Caching disabled for AarTransform: /home/runner/.gradle/caches/transforms-3/0e3cb1d08ffd4372de833f64f3db18a8/transformed/jetified-savedstate-1.2.1 because:
  Build cache is disabled
AarTransform: /home/runner/.gradle/caches/transforms-3/0e3cb1d08ffd4372de833f64f3db18a8/transformed/jetified-savedstate-1.2.1 is not up-to-date because:
  No history is available.
Caching disabled for AarTransform: /home/runner/.gradle/caches/transforms-3/2e3aff25883e88e5e0e03fc7e5b8dddc/transformed/jetified-lifecycle-viewmodel-ktx-2.7.0 because:
  Build cache is disabled
AarTransform: /home/runner/.gradle/caches/transforms-3/2e3aff25883e88e5e0e03fc7e5b8dddc/transformed/jetified-lifecycle-viewmodel-ktx-2.7.0 is not up-to-date because:
  No history is available.
Caching disabled for AarTransform: /home/runner/.gradle/caches/transforms-3/099efc0ddbfac48f037781c2ca4851d5/transformed/lifecycle-viewmodel-2.7.0 because:
  Build cache is disabled
AarTransform: /home/runner/.gradle/caches/transforms-3/099efc0ddbfac48f037781c2ca4851d5/transformed/lifecycle-viewmodel-2.7.0 is not up-to-date because:
  No history is available.
Caching disabled for AarTransform: /home/runner/.gradle/caches/transforms-3/d465ee9d576c159aa28b1d9fcb29cc5c/transformed/jetified-coil-2.5.0 because:
  Build cache is disabled
AarTransform: /home/runner/.gradle/caches/transforms-3/d465ee9d576c159aa28b1d9fcb29cc5c/transformed/jetified-coil-2.5.0 is not up-to-date because:
  No history is available.
Caching disabled for AarTransform: /home/runner/.gradle/caches/transforms-3/5b6e8f4da29c5badae3df148f26f4146/transformed/jetified-coil-base-2.5.0 because:
  Build cache is disabled
AarTransform: /home/runner/.gradle/caches/transforms-3/5b6e8f4da29c5badae3df148f26f4146/transformed/jetified-coil-base-2.5.0 is not up-to-date because:
  No history is available.
Caching disabled for AarTransform: /home/runner/.gradle/caches/transforms-3/c9c5c4980b082d6d2dd323ddd1701769/transformed/lifecycle-runtime-2.7.0 because:
  Build cache is disabled
AarTransform: /home/runner/.gradle/caches/transforms-3/c9c5c4980b082d6d2dd323ddd1701769/transformed/lifecycle-runtime-2.7.0 is not up-to-date because:
  No history is available.
Caching disabled for AarTransform: /home/runner/.gradle/caches/transforms-3/a0123c34e88e58ea294051e8ca239094/transformed/jetified-lifecycle-viewmodel-compose-2.7.0 because:
  Build cache is disabled
AarTransform: /home/runner/.gradle/caches/transforms-3/a0123c34e88e58ea294051e8ca239094/transformed/jetified-lifecycle-viewmodel-compose-2.7.0 is not up-to-date because:
  No history is available.
Caching disabled for AarTransform: /home/runner/.gradle/caches/transforms-3/b8d5a53e480a02a01d868ba62793622b/transformed/jetified-lifecycle-runtime-ktx-2.7.0 because:
  Build cache is disabled
AarTransform: /home/runner/.gradle/caches/transforms-3/b8d5a53e480a02a01d868ba62793622b/transformed/jetified-lifecycle-runtime-ktx-2.7.0 is not up-to-date because:
  No history is available.
Caching disabled for AarTransform: /home/runner/.gradle/caches/transforms-3/af7438249dbf35e19c89c1000528720c/transformed/jetified-autofill-1.0.0 because:
  Build cache is disabled
Caching disabled for AarTransform: /home/runner/.gradle/caches/transforms-3/5c193792e17ca9669102e33e07a2e665/transformed/jetified-accompanist-drawablepainter-0.32.0 because:
  Build cache is disabled
AarTransform: /home/runner/.gradle/caches/transforms-3/af7438249dbf35e19c89c1000528720c/transformed/jetified-autofill-1.0.0 is not up-to-date because:
  No history is available.
Caching disabled for AarTransform: /home/runner/.gradle/caches/transforms-3/3eaec48e790365cb3ddece1de5aab10f/transformed/jetified-appcompat-resources-1.6.1 because:
  Build cache is disabled
AarTransform: /home/runner/.gradle/caches/transforms-3/3eaec48e790365cb3ddece1de5aab10f/transformed/jetified-appcompat-resources-1.6.1 is not up-to-date because:
  No history is available.
Caching disabled for AarTransform: /home/runner/.gradle/caches/transforms-3/7c1fde5ba7832962763da54cbb5017fc/transformed/jetified-ui-release because:
  Build cache is disabled
AarTransform: /home/runner/.gradle/caches/transforms-3/7c1fde5ba7832962763da54cbb5017fc/transformed/jetified-ui-release is not up-to-date because:
  No history is available.
AarTransform: /home/runner/.gradle/caches/transforms-3/5c193792e17ca9669102e33e07a2e665/transformed/jetified-accompanist-drawablepainter-0.32.0 is not up-to-date because:
  No history is available.
Caching disabled for AarTransform: /home/runner/.gradle/caches/transforms-3/8cc41fb51eaad97db6eafd93ec44c1e0/transformed/vectordrawable-animated-1.1.0 because:
  Build cache is disabled
AarTransform: /home/runner/.gradle/caches/transforms-3/8cc41fb51eaad97db6eafd93ec44c1e0/transformed/vectordrawable-animated-1.1.0 is not up-to-date because:
  No history is available.
Caching disabled for AarTransform: /home/runner/.gradle/caches/transforms-3/3faa838f61968b207718ebdff448e42e/transformed/vectordrawable-1.1.0 because:
  Build cache is disabled
AarTransform: /home/runner/.gradle/caches/transforms-3/3faa838f61968b207718ebdff448e42e/transformed/vectordrawable-1.1.0 is not up-to-date because:
  No history is available.
Caching disabled for AarTransform: /home/runner/.gradle/caches/transforms-3/4dde0fce54f6341b6da19770f76a2130/transformed/core-1.12.0 because:
  Build cache is disabled
AarTransform: /home/runner/.gradle/caches/transforms-3/4dde0fce54f6341b6da19770f76a2130/transformed/core-1.12.0 is not up-to-date because:
  No history is available.
Caching disabled for AarTransform: /home/runner/.gradle/caches/transforms-3/328141f1afd86b20c170f8a445d30e19/transformed/jetified-customview-poolingcontainer-1.0.0 because:
  Build cache is disabled
AarTransform: /home/runner/.gradle/caches/transforms-3/328141f1afd86b20c170f8a445d30e19/transformed/jetified-customview-poolingcontainer-1.0.0 is not up-to-date because:
  No history is available.
Caching disabled for AarTransform: /home/runner/.gradle/caches/transforms-3/86d4a3973c7d015dcddc3636b26d31c0/transformed/jetified-core-ktx-1.12.0 because:
  Build cache is disabled
AarTransform: /home/runner/.gradle/caches/transforms-3/86d4a3973c7d015dcddc3636b26d31c0/transformed/jetified-core-ktx-1.12.0 is not up-to-date because:
  No history is available.
Caching disabled for AarTransform: /home/runner/.gradle/caches/transforms-3/1f3abe10d1870e2a226e8cc9c7e7eb3b/transformed/jetified-annotation-experimental-1.3.0 because:
  Build cache is disabled
AarTransform: /home/runner/.gradle/caches/transforms-3/1f3abe10d1870e2a226e8cc9c7e7eb3b/transformed/jetified-annotation-experimental-1.3.0 is not up-to-date because:
  No history is available.
Caching disabled for AarTransform: /home/runner/.gradle/caches/transforms-3/88742612a934cebcd0be91fdda997a16/transformed/jetified-runtime-saveable-release because:
  Build cache is disabled
AarTransform: /home/runner/.gradle/caches/transforms-3/88742612a934cebcd0be91fdda997a16/transformed/jetified-runtime-saveable-release is not up-to-date because:
  No history is available.
Caching disabled for AarTransform: /home/runner/.gradle/caches/transforms-3/37655ed3604b6c69200879d0500f2a9b/transformed/jetified-runtime-release because:
  Build cache is disabled
AarTransform: /home/runner/.gradle/caches/transforms-3/37655ed3604b6c69200879d0500f2a9b/transformed/jetified-runtime-release is not up-to-date because:
  No history is available.
Caching disabled for AarTransform: /home/runner/.gradle/caches/transforms-3/096095fb3f46b0f49569eff3850aad1c/transformed/versionedparcelable-1.1.1 because:
  Build cache is disabled
AarTransform: /home/runner/.gradle/caches/transforms-3/096095fb3f46b0f49569eff3850aad1c/transformed/versionedparcelable-1.1.1 is not up-to-date because:
  No history is available.
Caching disabled for AarTransform: /home/runner/.gradle/caches/transforms-3/ed2a99777db40be16c6b391443781293/transformed/jetified-profileinstaller-1.3.1 because:
  Build cache is disabled
AarTransform: /home/runner/.gradle/caches/transforms-3/ed2a99777db40be16c6b391443781293/transformed/jetified-profileinstaller-1.3.1 is not up-to-date because:
  No history is available.
Caching disabled for AarTransform: /home/runner/.gradle/caches/transforms-3/da2de8c6ac4d0cdf9dede0c7637f3f2f/transformed/interpolator-1.0.0 because:
  Build cache is disabled
AarTransform: /home/runner/.gradle/caches/transforms-3/da2de8c6ac4d0cdf9dede0c7637f3f2f/transformed/interpolator-1.0.0 is not up-to-date because:
  No history is available.
Caching disabled for AarTransform: /home/runner/.gradle/caches/transforms-3/cb64fc0a0422f37738c7cc6bed1d58f4/transformed/core-runtime-2.2.0 because:
  Build cache is disabled
AarTransform: /home/runner/.gradle/caches/transforms-3/cb64fc0a0422f37738c7cc6bed1d58f4/transformed/core-runtime-2.2.0 is not up-to-date because:
  No history is available.
Caching disabled for AarTransform: /home/runner/.gradle/caches/transforms-3/e38763203da2274fe32ea162c1ebfd07/transformed/jetified-startup-runtime-1.1.1 because:
  Build cache is disabled
AarTransform: /home/runner/.gradle/caches/transforms-3/e38763203da2274fe32ea162c1ebfd07/transformed/jetified-startup-runtime-1.1.1 is not up-to-date because:
  No history is available.
Caching disabled for AarTransform: /home/runner/.gradle/caches/transforms-3/77845b546bce7c968a64544941173c93/transformed/jetified-tracing-1.0.0 because:
  Build cache is disabled
AarTransform: /home/runner/.gradle/caches/transforms-3/77845b546bce7c968a64544941173c93/transformed/jetified-tracing-1.0.0 is not up-to-date because:
  No history is available.
Caching disabled for AarTransform: /home/runner/.gradle/caches/transforms-3/c0080d546a3a59f6f620959026c16997/transformed/exifinterface-1.3.6 because:
  Build cache is disabled
AarTransform: /home/runner/.gradle/caches/transforms-3/c0080d546a3a59f6f620959026c16997/transformed/exifinterface-1.3.6 is not up-to-date because:
  No history is available.
Caching disabled for task ':app-v3:mapDebugSourceSetPaths' because:
  Build cache is disabled
Task ':app-v3:mapDebugSourceSetPaths' is not up-to-date because:
  No history is available.
Resolve mutations for :app-v3:generateDebugResources (Thread[included builds,5,main]) started.
:app-v3:generateDebugResources (Thread[included builds,5,main]) started.

> Task :app-v3:generateDebugResources
Skipping task ':app-v3:generateDebugResources' as it has no actions.
Resolve mutations for :app-v3:mergeDebugResources (Thread[included builds,5,main]) started.
:app-v3:mergeDebugResources (Thread[included builds,5,main]) started.
Resolve mutations for :app-v3:packageDebugResources (Thread[Execution worker Thread 2,5,main]) started.
:app-v3:packageDebugResources (Thread[Execution worker Thread 2,5,main]) started.

> Task :app-v3:packageDebugResources
Caching disabled for task ':app-v3:packageDebugResources' because:
  Build cache is disabled
Task ':app-v3:packageDebugResources' is not up-to-date because:
  No history is available.
The input changes require a full rebuild for incremental task ':app-v3:packageDebugResources'.
[MergeResources] Inputs are non-incremental full task action.
Resolve mutations for :app-v3:parseDebugLocalResources (Thread[Execution worker Thread 2,5,main]) started.
:app-v3:parseDebugLocalResources (Thread[Execution worker Thread 2,5,main]) started.

> Task :app-v3:mergeDebugResources
Caching disabled for task ':app-v3:mergeDebugResources' because:
  Build cache is disabled
Task ':app-v3:mergeDebugResources' is not up-to-date because:
  No history is available.
The input changes require a full rebuild for incremental task ':app-v3:mergeDebugResources'.
[MergeResources] Inputs are non-incremental full task action.
Compiling XML table /home/runner/work/Asd-app/Asd-app/app-v3/build/intermediates/incremental/debug/mergeDebugResources/merged.dir/values/values.xml to /home/runner/work/Asd-app/Asd-app/app-v3/build/intermediates/merged_res/debug/values_values.arsc.flat
Compiling XML table /home/runner/work/Asd-app/Asd-app/app-v3/build/intermediates/incremental/debug/mergeDebugResources/merged.dir/values-hi/values-hi.xml to /home/runner/work/Asd-app/Asd-app/app-v3/build/intermediates/merged_res/debug/values-hi_values-hi.arsc.flat
Compiling XML table /home/runner/work/Asd-app/Asd-app/app-v3/build/intermediates/incremental/debug/mergeDebugResources/merged.dir/values-de/values-de.xml to /home/runner/work/Asd-app/Asd-app/app-v3/build/intermediates/merged_res/debug/values-de_values-de.arsc.flat
Compiling XML table /home/runner/work/Asd-app/Asd-app/app-v3/build/intermediates/incremental/debug/mergeDebugResources/merged.dir/values-lv/values-lv.xml to /home/runner/work/Asd-app/Asd-app/app-v3/build/intermediates/merged_res/debug/values-lv_values-lv.arsc.flat
Compiling XML table /home/runner/work/Asd-app/Asd-app/app-v3/build/intermediates/incremental/debug/mergeDebugResources/merged.dir/values-lt/values-lt.xml to /home/runner/work/Asd-app/Asd-app/app-v3/build/intermediates/merged_res/debug/values-lt_values-lt.arsc.flat
Compiling XML table /home/runner/work/Asd-app/Asd-app/app-v3/build/intermediates/incremental/debug/mergeDebugResources/merged.dir/values-pt/values-pt.xml to /home/runner/work/Asd-app/Asd-app/app-v3/build/intermediates/merged_res/debug/values-pt_values-pt.arsc.flat
Compiling XML table /home/runner/work/Asd-app/Asd-app/app-v3/build/intermediates/incremental/debug/mergeDebugResources/merged.dir/values-hu/values-hu.xml to /home/runner/work/Asd-app/Asd-app/app-v3/build/intermediates/merged_res/debug/values-hu_values-hu.arsc.flat
Compiling XML table /home/runner/work/Asd-app/Asd-app/app-v3/build/intermediates/incremental/debug/mergeDebugResources/merged.dir/values-hy/values-hy.xml to /home/runner/work/Asd-app/Asd-app/app-v3/build/intermediates/merged_res/debug/values-hy_values-hy.arsc.flat
Compiling XML table /home/runner/work/Asd-app/Asd-app/app-v3/build/intermediates/incremental/debug/mergeDebugResources/merged.dir/values-en-rIN/values-en-rIN.xml to /home/runner/work/Asd-app/Asd-app/app-v3/build/intermediates/merged_res/debug/values-en-rIN_values-en-rIN.arsc.flat
Compiling XML table /home/runner/work/Asd-app/Asd-app/app-v3/build/intermediates/incremental/debug/mergeDebugResources/merged.dir/values-v16/values-v16.xml to /home/runner/work/Asd-app/Asd-app/app-v3/build/intermediates/merged_res/debug/values-v16_values-v16.arsc.flat
Compiling XML table /home/runner/work/Asd-app/Asd-app/app-v3/build/intermediates/incremental/debug/mergeDebugResources/merged.dir/values-mn/values-mn.xml to /home/runner/work/Asd-app/Asd-app/app-v3/build/intermediates/merged_res/debug/values-mn_values-mn.arsc.flat
Compiling XML table /home/runner/work/Asd-app/Asd-app/app-v3/build/intermediates/incremental/debug/mergeDebugResources/merged.dir/values-mk/values-mk.xml to /home/runner/work/Asd-app/Asd-app/app-v3/build/intermediates/merged_res/debug/values-mk_values-mk.arsc.flat
Compiling XML table /home/runner/work/Asd-app/Asd-app/app-v3/build/intermediates/incremental/debug/mergeDebugResources/merged.dir/values-ur/values-ur.xml to /home/runner/work/Asd-app/Asd-app/app-v3/build/intermediates/merged_res/debug/values-ur_values-ur.arsc.flat
Compiling XML table /home/runner/work/Asd-app/Asd-app/app-v3/build/intermediates/incremental/debug/mergeDebugResources/merged.dir/values-af/values-af.xml to /home/runner/work/Asd-app/Asd-app/app-v3/build/intermediates/merged_res/debug/values-af_values-af.arsc.flat
Compiling XML table /home/runner/work/Asd-app/Asd-app/app-v3/build/intermediates/incremental/debug/mergeDebugResources/merged.dir/values-fr-rCA/values-fr-rCA.xml to /home/runner/work/Asd-app/Asd-app/app-v3/build/intermediates/merged_res/debug/values-fr-rCA_values-fr-rCA.arsc.flat
Compiling XML table /home/runner/work/Asd-app/Asd-app/app-v3/build/intermediates/incremental/debug/mergeDebugResources/merged.dir/values-zh-rTW/values-zh-rTW.xml to /home/runner/work/Asd-app/Asd-app/app-v3/build/intermediates/merged_res/debug/values-zh-rTW_values-zh-rTW.arsc.flat
Compiling XML table /home/runner/work/Asd-app/Asd-app/app-v3/build/intermediates/incremental/debug/mergeDebugResources/merged.dir/values-uz/values-uz.xml to /home/runner/work/Asd-app/Asd-app/app-v3/build/intermediates/merged_res/debug/values-uz_values-uz.arsc.flat
Compiling XML table /home/runner/work/Asd-app/Asd-app/app-v3/build/intermediates/incremental/debug/mergeDebugResources/merged.dir/values-am/values-am.xml to /home/runner/work/Asd-app/Asd-app/app-v3/build/intermediates/merged_res/debug/values-am_values-am.arsc.flat
Compiling XML table /home/runner/work/Asd-app/Asd-app/app-v3/build/intermediates/incremental/debug/mergeDebugResources/merged.dir/values-ms/values-ms.xml to /home/runner/work/Asd-app/Asd-app/app-v3/build/intermediates/merged_res/debug/values-ms_values-ms.arsc.flat
Compiling XML table /home/runner/work/Asd-app/Asd-app/app-v3/build/intermediates/incremental/debug/mergeDebugResources/merged.dir/values-es/values-es.xml to /home/runner/work/Asd-app/Asd-app/app-v3/build/intermediates/merged_res/debug/values-es_values-es.arsc.flat
Compiling XML table /home/runner/work/Asd-app/Asd-app/app-v3/build/intermediates/incremental/debug/mergeDebugResources/merged.dir/values-is/values-is.xml to /home/runner/work/Asd-app/Asd-app/app-v3/build/intermediates/merged_res/debug/values-is_values-is.arsc.flat
Compiling XML table /home/runner/work/Asd-app/Asd-app/app-v3/build/intermediates/incremental/debug/mergeDebugResources/merged.dir/values-as/values-as.xml to /home/runner/work/Asd-app/Asd-app/app-v3/build/intermediates/merged_res/debug/values-as_values-as.arsc.flat
Compiling XML table /home/runner/work/Asd-app/Asd-app/app-v3/build/intermediates/incremental/debug/mergeDebugResources/merged.dir/values-in/values-in.xml to /home/runner/work/Asd-app/Asd-app/app-v3/build/intermediates/merged_res/debug/values-in_values-in.arsc.flat
Compiling XML table /home/runner/work/Asd-app/Asd-app/app-v3/build/intermediates/incremental/debug/mergeDebugResources/merged.dir/values-es-rUS/values-es-rUS.xml to /home/runner/work/Asd-app/Asd-app/app-v3/build/intermediates/merged_res/debug/values-es-rUS_values-es-rUS.arsc.flat
Compiling XML table /home/runner/work/Asd-app/Asd-app/app-v3/build/intermediates/incremental/debug/mergeDebugResources/merged.dir/values-b+sr+Latn/values-b+sr+Latn.xml to /home/runner/work/Asd-app/Asd-app/app-v3/build/intermediates/merged_res/debug/values-b+sr+Latn_values-b+sr+Latn.arsc.flat
Compiling XML table /home/runner/work/Asd-app/Asd-app/app-v3/build/intermediates/incremental/debug/mergeDebugResources/merged.dir/values-pt-rPT/values-pt-rPT.xml to /home/runner/work/Asd-app/Asd-app/app-v3/build/intermediates/merged_res/debug/values-pt-rPT_values-pt-rPT.arsc.flat
Compiling XML table /home/runner/work/Asd-app/Asd-app/app-v3/build/intermediates/incremental/debug/mergeDebugResources/merged.dir/values-zh-rHK/values-zh-rHK.xml to /home/runner/work/Asd-app/Asd-app/app-v3/build/intermediates/merged_res/debug/values-zh-rHK_values-zh-rHK.arsc.flat
Compiling XML table /home/runner/work/Asd-app/Asd-app/app-v3/build/intermediates/incremental/debug/mergeDebugResources/merged.dir/values-eu/values-eu.xml to /home/runner/work/Asd-app/Asd-app/app-v3/build/intermediates/merged_res/debug/values-eu_values-eu.arsc.flat
Compiling XML table /home/runner/work/Asd-app/Asd-app/app-v3/build/intermediates/incremental/debug/mergeDebugResources/merged.dir/values-nl/values-nl.xml to /home/runner/work/Asd-app/Asd-app/app-v3/build/intermediates/merged_res/debug/values-nl_values-nl.arsc.flat
Compiling XML table /home/runner/work/Asd-app/Asd-app/app-v3/build/intermediates/incremental/debug/mergeDebugResources/merged.dir/values-fi/values-fi.xml to /home/runner/work/Asd-app/Asd-app/app-v3/build/intermediates/merged_res/debug/values-fi_values-fi.arsc.flat
Compiling XML table /home/runner/work/Asd-app/Asd-app/app-v3/build/intermediates/incremental/debug/mergeDebugResources/merged.dir/values-v21/values-v21.xml to /home/runner/work/Asd-app/Asd-app/app-v3/build/intermediates/merged_res/debug/values-v21_values-v21.arsc.flat
Compiling XML table /home/runner/work/Asd-app/Asd-app/app-v3/build/intermediates/incremental/debug/mergeDebugResources/merged.dir/values-ne/values-ne.xml to /home/runner/work/Asd-app/Asd-app/app-v3/build/intermediates/merged_res/debug/values-ne_values-ne.arsc.flat
Compiling XML table /home/runner/work/Asd-app/Asd-app/app-v3/build/intermediates/incremental/debug/mergeDebugResources/merged.dir/values-bn/values-bn.xml to /home/runner/work/Asd-app/Asd-app/app-v3/build/intermediates/merged_res/debug/values-bn_values-bn.arsc.flat
Compiling XML table /home/runner/work/Asd-app/Asd-app/app-v3/build/intermediates/incremental/debug/mergeDebugResources/merged.dir/values-my/values-my.xml to /home/runner/work/Asd-app/Asd-app/app-v3/build/intermediates/merged_res/debug/values-my_values-my.arsc.flat
Compiling XML table /home/runner/work/Asd-app/Asd-app/app-v3/build/intermediates/incremental/debug/mergeDebugResources/merged.dir/values-si/values-si.xml to /home/runner/work/Asd-app/Asd-app/app-v3/build/intermediates/merged_res/debug/values-si_values-si.arsc.flat
Compiling XML table /home/runner/work/Asd-app/Asd-app/app-v3/build/intermediates/incremental/debug/mergeDebugResources/merged.dir/values-fa/values-fa.xml to /home/runner/work/Asd-app/Asd-app/app-v3/build/intermediates/merged_res/debug/values-fa_values-fa.arsc.flat
Compiling XML table /home/runner/work/Asd-app/Asd-app/app-v3/build/intermediates/incremental/debug/mergeDebugResources/merged.dir/values-ca/values-ca.xml to /home/runner/work/Asd-app/Asd-app/app-v3/build/intermediates/merged_res/debug/values-ca_values-ca.arsc.flat
Compiling XML table /home/runner/work/Asd-app/Asd-app/app-v3/build/intermediates/incremental/debug/mergeDebugResources/merged.dir/values-et/values-et.xml to /home/runner/work/Asd-app/Asd-app/app-v3/build/intermediates/merged_res/debug/values-et_values-et.arsc.flat
Compiling XML table /home/runner/work/Asd-app/Asd-app/app-v3/build/intermediates/incremental/debug/mergeDebugResources/merged.dir/values-km/values-km.xml to /home/runner/work/Asd-app/Asd-app/app-v3/build/intermediates/merged_res/debug/values-km_values-km.arsc.flat
Compiling XML table /home/runner/work/Asd-app/Asd-app/app-v3/build/intermediates/incremental/debug/mergeDebugResources/merged.dir/values-ko/values-ko.xml to /home/runner/work/Asd-app/Asd-app/app-v3/build/intermediates/merged_res/debug/values-ko_values-ko.arsc.flat
Compiling XML table /home/runner/work/Asd-app/Asd-app/app-v3/build/intermediates/incremental/debug/mergeDebugResources/merged.dir/values-ru/values-ru.xml to /home/runner/work/Asd-app/Asd-app/app-v3/build/intermediates/merged_res/debug/values-ru_values-ru.arsc.flat
Compiling XML table /home/runner/work/Asd-app/Asd-app/app-v3/build/intermediates/incremental/debug/mergeDebugResources/merged.dir/values-ky/values-ky.xml to /home/runner/work/Asd-app/Asd-app/app-v3/build/intermediates/merged_res/debug/values-ky_values-ky.arsc.flat
Compiling XML table /home/runner/work/Asd-app/Asd-app/app-v3/build/intermediates/incremental/debug/mergeDebugResources/merged.dir/values-vi/values-vi.xml to /home/runner/work/Asd-app/Asd-app/app-v3/build/intermediates/merged_res/debug/values-vi_values-vi.arsc.flat
Compiling XML table /home/runner/work/Asd-app/Asd-app/app-v3/build/intermediates/incremental/debug/mergeDebugResources/merged.dir/values-te/values-te.xml to /home/runner/work/Asd-app/Asd-app/app-v3/build/intermediates/merged_res/debug/values-te_values-te.arsc.flat
Compiling XML table /home/runner/work/Asd-app/Asd-app/app-v3/build/intermediates/incremental/debug/mergeDebugResources/merged.dir/values-bg/values-bg.xml to /home/runner/work/Asd-app/Asd-app/app-v3/build/intermediates/merged_res/debug/values-bg_values-bg.arsc.flat
Compiling XML table /home/runner/work/Asd-app/Asd-app/app-v3/build/intermediates/incremental/debug/mergeDebugResources/merged.dir/values-pl/values-pl.xml to /home/runner/work/Asd-app/Asd-app/app-v3/build/intermediates/merged_res/debug/values-pl_values-pl.arsc.flat
Compiling XML table /home/runner/work/Asd-app/Asd-app/app-v3/build/intermediates/incremental/debug/mergeDebugResources/merged.dir/values-ja/values-ja.xml to /home/runner/work/Asd-app/Asd-app/app-v3/build/intermediates/merged_res/debug/values-ja_values-ja.arsc.flat
Compiling xml file /home/runner/work/Asd-app/Asd-app/app-v3/src/main/res/mipmap-anydpi-v26/ic_launcher.xml to /home/runner/work/Asd-app/Asd-app/app-v3/build/intermediates/merged_res/debug/mipmap-anydpi-v26_ic_launcher.xml.flat
Compiling XML table /home/runner/work/Asd-app/Asd-app/app-v3/build/intermediates/incremental/debug/mergeDebugResources/merged.dir/values-bs/values-bs.xml to /home/runner/work/Asd-app/Asd-app/app-v3/build/intermediates/merged_res/debug/values-bs_values-bs.arsc.flat
Compiling XML table /home/runner/work/Asd-app/Asd-app/app-v3/build/intermediates/incremental/debug/mergeDebugResources/merged.dir/values-zu/values-zu.xml to /home/runner/work/Asd-app/Asd-app/app-v3/build/intermediates/merged_res/debug/values-zu_values-zu.arsc.flat
Compiling XML table /home/runner/work/Asd-app/Asd-app/app-v3/build/intermediates/incremental/debug/mergeDebugResources/merged.dir/values-sk/values-sk.xml to /home/runner/work/Asd-app/Asd-app/app-v3/build/intermediates/merged_res/debug/values-sk_values-sk.arsc.flat
Compiling XML table /home/runner/work/Asd-app/Asd-app/app-v3/build/intermediates/incremental/debug/mergeDebugResources/merged.dir/values-zh-rCN/values-zh-rCN.xml to /home/runner/work/Asd-app/Asd-app/app-v3/build/intermediates/merged_res/debug/values-zh-rCN_values-zh-rCN.arsc.flat
Compiling XML table /home/runner/work/Asd-app/Asd-app/app-v3/build/intermediates/incremental/debug/mergeDebugResources/merged.dir/values-sr/values-sr.xml to /home/runner/work/Asd-app/Asd-app/app-v3/build/intermediates/merged_res/debug/values-sr_values-sr.arsc.flat
Compiling XML table /home/runner/work/Asd-app/Asd-app/app-v3/build/intermediates/incremental/debug/mergeDebugResources/merged.dir/values-en-rXC/values-en-rXC.xml to /home/runner/work/Asd-app/Asd-app/app-v3/build/intermediates/merged_res/debug/values-en-rXC_values-en-rXC.arsc.flat
Compiling XML table /home/runner/work/Asd-app/Asd-app/app-v3/build/intermediates/incremental/debug/mergeDebugResources/merged.dir/values-en-rCA/values-en-rCA.xml to /home/runner/work/Asd-app/Asd-app/app-v3/build/intermediates/merged_res/debug/values-en-rCA_values-en-rCA.arsc.flat
Compiling XML table /home/runner/work/Asd-app/Asd-app/app-v3/build/intermediates/incremental/debug/mergeDebugResources/merged.dir/values-kn/values-kn.xml to /home/runner/work/Asd-app/Asd-app/app-v3/build/intermediates/merged_res/debug/values-kn_values-kn.arsc.flat
Compiling XML table /home/runner/work/Asd-app/Asd-app/app-v3/build/intermediates/incremental/debug/mergeDebugResources/merged.dir/values-ka/values-ka.xml to /home/runner/work/Asd-app/Asd-app/app-v3/build/intermediates/merged_res/debug/values-ka_values-ka.arsc.flat
Compiling XML table /home/runner/work/Asd-app/Asd-app/app-v3/build/intermediates/incremental/debug/mergeDebugResources/merged.dir/values-sq/values-sq.xml to /home/runner/work/Asd-app/Asd-app/app-v3/build/intermediates/merged_res/debug/values-sq_values-sq.arsc.flat
Compiling XML table /home/runner/work/Asd-app/Asd-app/app-v3/build/intermediates/incremental/debug/mergeDebugResources/merged.dir/values-lo/values-lo.xml to /home/runner/work/Asd-app/Asd-app/app-v3/build/intermediates/merged_res/debug/values-lo_values-lo.arsc.flat
Compiling XML table /home/runner/work/Asd-app/Asd-app/app-v3/build/intermediates/incremental/debug/mergeDebugResources/merged.dir/values-or/values-or.xml to /home/runner/work/Asd-app/Asd-app/app-v3/build/intermediates/merged_res/debug/values-or_values-or.arsc.flat
Compiling XML table /home/runner/work/Asd-app/Asd-app/app-v3/build/intermediates/incremental/debug/mergeDebugResources/merged.dir/values-gl/values-gl.xml to /home/runner/work/Asd-app/Asd-app/app-v3/build/intermediates/merged_res/debug/values-gl_values-gl.arsc.flat
Compiling XML table /home/runner/work/Asd-app/Asd-app/app-v3/build/intermediates/incremental/debug/mergeDebugResources/merged.dir/values-sw/values-sw.xml to /home/runner/work/Asd-app/Asd-app/app-v3/build/intermediates/merged_res/debug/values-sw_values-sw.arsc.flat
Compiling XML table /home/runner/work/Asd-app/Asd-app/app-v3/build/intermediates/incremental/debug/mergeDebugResources/merged.dir/values-pt-rBR/values-pt-rBR.xml to /home/runner/work/Asd-app/Asd-app/app-v3/build/intermediates/merged_res/debug/values-pt-rBR_values-pt-rBR.arsc.flat
Compiling XML table /home/runner/work/Asd-app/Asd-app/app-v3/build/intermediates/incremental/debug/mergeDebugResources/merged.dir/values-gu/values-gu.xml to /home/runner/work/Asd-app/Asd-app/app-v3/build/intermediates/merged_res/debug/values-gu_values-gu.arsc.flat
Compiling XML table /home/runner/work/Asd-app/Asd-app/app-v3/build/intermediates/incremental/debug/mergeDebugResources/merged.dir/values-hr/values-hr.xml to /home/runner/work/Asd-app/Asd-app/app-v3/build/intermediates/merged_res/debug/values-hr_values-hr.arsc.flat
Compiling XML table /home/runner/work/Asd-app/Asd-app/app-v3/build/intermediates/incremental/debug/mergeDebugResources/merged.dir/values-pa/values-pa.xml to /home/runner/work/Asd-app/Asd-app/app-v3/build/intermediates/merged_res/debug/values-pa_values-pa.arsc.flat
Compiling XML table /home/runner/work/Asd-app/Asd-app/app-v3/build/intermediates/incremental/debug/mergeDebugResources/merged.dir/values-th/values-th.xml to /home/runner/work/Asd-app/Asd-app/app-v3/build/intermediates/merged_res/debug/values-th_values-th.arsc.flat
Compiling XML table /home/runner/work/Asd-app/Asd-app/app-v3/build/intermediates/incremental/debug/mergeDebugResources/merged.dir/values-da/values-da.xml to /home/runner/work/Asd-app/Asd-app/app-v3/build/intermediates/merged_res/debug/values-da_values-da.arsc.flat
Compiling XML table /home/runner/work/Asd-app/Asd-app/app-v3/build/intermediates/incremental/debug/mergeDebugResources/merged.dir/values-uk/values-uk.xml to /home/runner/work/Asd-app/Asd-app/app-v3/build/intermediates/merged_res/debug/values-uk_values-uk.arsc.flat
Compiling xml file /home/runner/work/Asd-app/Asd-app/app-v3/src/main/res/drawable/ic_launcher_foreground.xml to /home/runner/work/Asd-app/Asd-app/app-v3/build/intermediates/merged_res/debug/drawable_ic_launcher_foreground.xml.flat
Compiling XML table /home/runner/work/Asd-app/Asd-app/app-v3/build/intermediates/incremental/debug/mergeDebugResources/merged.dir/values-ml/values-ml.xml to /home/runner/work/Asd-app/Asd-app/app-v3/build/intermediates/merged_res/debug/values-ml_values-ml.arsc.flat
Compiling XML table /home/runner/work/Asd-app/Asd-app/app-v3/build/intermediates/incremental/debug/mergeDebugResources/merged.dir/values-tr/values-tr.xml to /home/runner/work/Asd-app/Asd-app/app-v3/build/intermediates/merged_res/debug/values-tr_values-tr.arsc.flat
Compiling XML table /home/runner/work/Asd-app/Asd-app/app-v3/build/intermediates/incremental/debug/mergeDebugResources/merged.dir/values-mr/values-mr.xml to /home/runner/work/Asd-app/Asd-app/app-v3/build/intermediates/merged_res/debug/values-mr_values-mr.arsc.flat
Compiling XML table /home/runner/work/Asd-app/Asd-app/app-v3/build/intermediates/incremental/debug/mergeDebugResources/merged.dir/values-el/values-el.xml to /home/runner/work/Asd-app/Asd-app/app-v3/build/intermediates/merged_res/debug/values-el_values-el.arsc.flat
Compiling xml file /home/runner/work/Asd-app/Asd-app/app-v3/src/main/res/drawable/ic_launcher_background.xml to /home/runner/work/Asd-app/Asd-app/app-v3/build/intermediates/merged_res/debug/drawable_ic_launcher_background.xml.flat
Compiling XML table /home/runner/work/Asd-app/Asd-app/app-v3/build/intermediates/incremental/debug/mergeDebugResources/merged.dir/values-it/values-it.xml to /home/runner/work/Asd-app/Asd-app/app-v3/build/intermediates/merged_res/debug/values-it_values-it.arsc.flat
Compiling XML table /home/runner/work/Asd-app/Asd-app/app-v3/build/intermediates/incremental/debug/mergeDebugResources/merged.dir/values-iw/values-iw.xml to /home/runner/work/Asd-app/Asd-app/app-v3/build/intermediates/merged_res/debug/values-iw_values-iw.arsc.flat
Compiling XML table /home/runner/work/Asd-app/Asd-app/app-v3/build/intermediates/incremental/debug/mergeDebugResources/merged.dir/values-ar/values-ar.xml to /home/runner/work/Asd-app/Asd-app/app-v3/build/intermediates/merged_res/debug/values-ar_values-ar.arsc.flat
Compiling XML table /home/runner/work/Asd-app/Asd-app/app-v3/build/intermediates/incremental/debug/mergeDebugResources/merged.dir/values-nb/values-nb.xml to /home/runner/work/Asd-app/Asd-app/app-v3/build/intermediates/merged_res/debug/values-nb_values-nb.arsc.flat
Compiling XML table /home/runner/work/Asd-app/Asd-app/app-v3/build/intermediates/incremental/debug/mergeDebugResources/merged.dir/values-az/values-az.xml to /home/runner/work/Asd-app/Asd-app/app-v3/build/intermediates/merged_res/debug/values-az_values-az.arsc.flat
Compiling XML table /home/runner/work/Asd-app/Asd-app/app-v3/build/intermediates/incremental/debug/mergeDebugResources/merged.dir/values-ro/values-ro.xml to /home/runner/work/Asd-app/Asd-app/app-v3/build/intermediates/merged_res/debug/values-ro_values-ro.arsc.flat
Compiling XML table /home/runner/work/Asd-app/Asd-app/app-v3/build/intermediates/incremental/debug/mergeDebugResources/merged.dir/values-be/values-be.xml to /home/runner/work/Asd-app/Asd-app/app-v3/build/intermediates/merged_res/debug/values-be_values-be.arsc.flat
Compiling XML table /home/runner/work/Asd-app/Asd-app/app-v3/build/intermediates/incremental/debug/mergeDebugResources/merged.dir/values-fr/values-fr.xml to /home/runner/work/Asd-app/Asd-app/app-v3/build/intermediates/merged_res/debug/values-fr_values-fr.arsc.flat
Compiling XML table /home/runner/work/Asd-app/Asd-app/app-v3/build/intermediates/incremental/debug/mergeDebugResources/merged.dir/values-en-rGB/values-en-rGB.xml to /home/runner/work/Asd-app/Asd-app/app-v3/build/intermediates/merged_res/debug/values-en-rGB_values-en-rGB.arsc.flat
Compiling XML table /home/runner/work/Asd-app/Asd-app/app-v3/build/intermediates/incremental/debug/mergeDebugResources/merged.dir/values-sl/values-sl.xml to /home/runner/work/Asd-app/Asd-app/app-v3/build/intermediates/merged_res/debug/values-sl_values-sl.arsc.flat
Compiling XML table /home/runner/work/Asd-app/Asd-app/app-v3/build/intermediates/incremental/debug/mergeDebugResources/merged.dir/values-kk/values-kk.xml to /home/runner/work/Asd-app/Asd-app/app-v3/build/intermediates/merged_res/debug/values-kk_values-kk.arsc.flat
Compiling XML table /home/runner/work/Asd-app/Asd-app/app-v3/build/intermediates/incremental/debug/mergeDebugResources/merged.dir/values-sv/values-sv.xml to /home/runner/work/Asd-app/Asd-app/app-v3/build/intermediates/merged_res/debug/values-sv_values-sv.arsc.flat
Compiling XML table /home/runner/work/Asd-app/Asd-app/app-v3/build/intermediates/incremental/debug/mergeDebugResources/merged.dir/values-ta/values-ta.xml to /home/runner/work/Asd-app/Asd-app/app-v3/build/intermediates/merged_res/debug/values-ta_values-ta.arsc.flat
Compiling XML table /home/runner/work/Asd-app/Asd-app/app-v3/build/intermediates/incremental/debug/mergeDebugResources/merged.dir/values-cs/values-cs.xml to /home/runner/work/Asd-app/Asd-app/app-v3/build/intermediates/merged_res/debug/values-cs_values-cs.arsc.flat
Compiling XML table /home/runner/work/Asd-app/Asd-app/app-v3/build/intermediates/incremental/debug/mergeDebugResources/merged.dir/values-tl/values-tl.xml to /home/runner/work/Asd-app/Asd-app/app-v3/build/intermediates/merged_res/debug/values-tl_values-tl.arsc.flat
Compiling XML table /home/runner/work/Asd-app/Asd-app/app-v3/build/intermediates/incremental/debug/mergeDebugResources/merged.dir/values-en-rAU/values-en-rAU.xml to /home/runner/work/Asd-app/Asd-app/app-v3/build/intermediates/merged_res/debug/values-en-rAU_values-en-rAU.arsc.flat
Resolve mutations for :app-v3:createDebugCompatibleScreenManifests (Thread[included builds,5,main]) started.
:app-v3:createDebugCompatibleScreenManifests (Thread[included builds,5,main]) started.

> Task :app-v3:createDebugCompatibleScreenManifests
Caching disabled for task ':app-v3:createDebugCompatibleScreenManifests' because:
  Build cache is disabled
Task ':app-v3:createDebugCompatibleScreenManifests' is not up-to-date because:
  No history is available.
Resolve mutations for :app-v3:extractDeepLinksDebug (Thread[included builds,5,main]) started.
:app-v3:extractDeepLinksDebug (Thread[included builds,5,main]) started.

> Task :app-v3:extractDeepLinksDebug
Caching disabled for task ':app-v3:extractDeepLinksDebug' because:
  Build cache is disabled
Task ':app-v3:extractDeepLinksDebug' is not up-to-date because:
  No history is available.
Resolve mutations for :app-v3:processDebugMainManifest (Thread[included builds,5,main]) started.
:app-v3:processDebugMainManifest (Thread[included builds,5,main]) started.

> Task :app-v3:parseDebugLocalResources
Transforming android.jar with PlatformAttrTransform
Caching disabled for PlatformAttrTransform: /usr/local/lib/android/sdk/platforms/android-35/android.jar because:
  Build cache is disabled
PlatformAttrTransform: /usr/local/lib/android/sdk/platforms/android-35/android.jar is not up-to-date because:
  No history is available.
Transforming android.jar with PlatformAttrTransform
Caching disabled for task ':app-v3:parseDebugLocalResources' because:
  Build cache is disabled
Task ':app-v3:parseDebugLocalResources' is not up-to-date because:
  No history is available.
The input changes require a full rebuild for incremental task ':app-v3:parseDebugLocalResources'.
Transforming android.jar with PlatformAttrTransform

> Task :app-v3:processDebugMainManifest
Transforming material3-1.1.2.aar (androidx.compose.material3:material3:1.1.2) with JetifyTransform
Transforming material3-1.1.2.aar (androidx.compose.material3:material3:1.1.2) with ExtractAarTransform
Transforming material3-1.1.2.aar (androidx.compose.material3:material3:1.1.2) with AarTransform
Transforming activity-1.8.2.aar (androidx.activity:activity:1.8.2) with JetifyTransform
Transforming activity-1.8.2.aar (androidx.activity:activity:1.8.2) with ExtractAarTransform
Transforming activity-1.8.2.aar (androidx.activity:activity:1.8.2) with AarTransform
Transforming activity-ktx-1.8.2.aar (androidx.activity:activity-ktx:1.8.2) with JetifyTransform
Transforming activity-ktx-1.8.2.aar (androidx.activity:activity-ktx:1.8.2) with ExtractAarTransform
Transforming activity-ktx-1.8.2.aar (androidx.activity:activity-ktx:1.8.2) with AarTransform
Transforming coil-compose-2.5.0.aar (io.coil-kt:coil-compose:2.5.0) with JetifyTransform
Transforming coil-compose-2.5.0.aar (io.coil-kt:coil-compose:2.5.0) with ExtractAarTransform
Transforming coil-compose-2.5.0.aar (io.coil-kt:coil-compose:2.5.0) with AarTransform
Transforming coil-compose-base-2.5.0.aar (io.coil-kt:coil-compose-base:2.5.0) with JetifyTransform
Transforming coil-compose-base-2.5.0.aar (io.coil-kt:coil-compose-base:2.5.0) with ExtractAarTransform
Transforming coil-compose-base-2.5.0.aar (io.coil-kt:coil-compose-base:2.5.0) with AarTransform
Transforming material-ripple-release.aar (androidx.compose.material:material-ripple-android:1.6.0) with JetifyTransform
Transforming material-ripple-release.aar (androidx.compose.material:material-ripple-android:1.6.0) with ExtractAarTransform
Transforming material-ripple-release.aar (androidx.compose.material:material-ripple-android:1.6.0) with AarTransform
Transforming material-icons-core-release.aar (androidx.compose.material:material-icons-core-android:1.6.0) with JetifyTransform
Transforming material-icons-core-release.aar (androidx.compose.material:material-icons-core-android:1.6.0) with ExtractAarTransform
Transforming material-icons-core-release.aar (androidx.compose.material:material-icons-core-android:1.6.0) with AarTransform
Transforming material-release.aar (androidx.compose.material:material-android:1.6.0) with JetifyTransform
Transforming material-release.aar (androidx.compose.material:material-android:1.6.0) with ExtractAarTransform
Transforming material-release.aar (androidx.compose.material:material-android:1.6.0) with AarTransform
Transforming animation-core-release.aar (androidx.compose.animation:animation-core-android:1.6.0) with JetifyTransform
Caching disabled for AarTransform: /home/runner/.gradle/caches/transforms-3/6b3695a9e99692f435cc63d9903ec2a9/transformed/jetified-material3-1.1.2 because:
  Build cache is disabled
Transforming animation-core-release.aar (androidx.compose.animation:animation-core-android:1.6.0) with ExtractAarTransform
AarTransform: /home/runner/.gradle/caches/transforms-3/6b3695a9e99692f435cc63d9903ec2a9/transformed/jetified-material3-1.1.2 is not up-to-date because:
  No history is available.
Transforming animation-core-release.aar (androidx.compose.animation:animation-core-android:1.6.0) with AarTransform
Transforming animation-release.aar (androidx.compose.animation:animation-android:1.6.0) with JetifyTransform
Transforming animation-release.aar (androidx.compose.animation:animation-android:1.6.0) with ExtractAarTransform
Transforming animation-release.aar (androidx.compose.animation:animation-android:1.6.0) with AarTransform
Transforming foundation-layout-release.aar (androidx.compose.foundation:foundation-layout-android:1.6.0) with JetifyTransform
Transforming foundation-layout-release.aar (androidx.compose.foundation:foundation-layout-android:1.6.0) with ExtractAarTransform
Transforming foundation-layout-release.aar (androidx.compose.foundation:foundation-layout-android:1.6.0) with AarTransform
Transforming foundation-release.aar (androidx.compose.foundation:foundation-android:1.6.0) with JetifyTransform
Transforming foundation-release.aar (androidx.compose.foundation:foundation-android:1.6.0) with ExtractAarTransform
Transforming foundation-release.aar (androidx.compose.foundation:foundation-android:1.6.0) with AarTransform
Transforming ui-tooling-data-release.aar (androidx.compose.ui:ui-tooling-data-android:1.6.0) with JetifyTransform
Transforming ui-tooling-data-release.aar (androidx.compose.ui:ui-tooling-data-android:1.6.0) with ExtractAarTransform
Transforming ui-tooling-data-release.aar (androidx.compose.ui:ui-tooling-data-android:1.6.0) with AarTransform
Transforming ui-unit-release.aar (androidx.compose.ui:ui-unit-android:1.6.0) with JetifyTransform
Transforming ui-unit-release.aar (androidx.compose.ui:ui-unit-android:1.6.0) with ExtractAarTransform
Transforming ui-unit-release.aar (androidx.compose.ui:ui-unit-android:1.6.0) with AarTransform
Transforming ui-geometry-release.aar (androidx.compose.ui:ui-geometry-android:1.6.0) with JetifyTransform
Transforming ui-geometry-release.aar (androidx.compose.ui:ui-geometry-android:1.6.0) with ExtractAarTransform
Transforming ui-geometry-release.aar (androidx.compose.ui:ui-geometry-android:1.6.0) with AarTransform
Transforming ui-util-release.aar (androidx.compose.ui:ui-util-android:1.6.0) with JetifyTransform
Caching disabled for AarTransform: /home/runner/.gradle/caches/transforms-3/4486cd71c0d89f8b575e26ac3b908889/transformed/jetified-activity-1.8.2 because:
  Build cache is disabled
Transforming ui-util-release.aar (androidx.compose.ui:ui-util-android:1.6.0) with ExtractAarTransform
AarTransform: /home/runner/.gradle/caches/transforms-3/4486cd71c0d89f8b575e26ac3b908889/transformed/jetified-activity-1.8.2 is not up-to-date because:
  No history is available.
Transforming ui-util-release.aar (androidx.compose.ui:ui-util-android:1.6.0) with AarTransform
Transforming ui-text-release.aar (androidx.compose.ui:ui-text-android:1.6.0) with JetifyTransform
Transforming ui-text-release.aar (androidx.compose.ui:ui-text-android:1.6.0) with ExtractAarTransform
Transforming ui-text-release.aar (androidx.compose.ui:ui-text-android:1.6.0) with AarTransform
Transforming ui-tooling-preview-release.aar (androidx.compose.ui:ui-tooling-preview-android:1.6.0) with JetifyTransform
Transforming ui-tooling-preview-release.aar (androidx.compose.ui:ui-tooling-preview-android:1.6.0) with ExtractAarTransform
Transforming ui-tooling-preview-release.aar (androidx.compose.ui:ui-tooling-preview-android:1.6.0) with AarTransform
Transforming ui-graphics-release.aar (androidx.compose.ui:ui-graphics-android:1.6.0) with JetifyTransform
Transforming ui-graphics-release.aar (androidx.compose.ui:ui-graphics-android:1.6.0) with ExtractAarTransform
Transforming ui-graphics-release.aar (androidx.compose.ui:ui-graphics-android:1.6.0) with AarTransform
Transforming ui-test-manifest-1.6.0.aar (androidx.compose.ui:ui-test-manifest:1.6.0) with JetifyTransform
Transforming ui-test-manifest-1.6.0.aar (androidx.compose.ui:ui-test-manifest:1.6.0) with ExtractAarTransform
Transforming ui-test-manifest-1.6.0.aar (androidx.compose.ui:ui-test-manifest:1.6.0) with AarTransform
Transforming ui-tooling-release.aar (androidx.compose.ui:ui-tooling-android:1.6.0) with JetifyTransform
Transforming ui-tooling-release.aar (androidx.compose.ui:ui-tooling-android:1.6.0) with ExtractAarTransform
Transforming ui-tooling-release.aar (androidx.compose.ui:ui-tooling-android:1.6.0) with AarTransform
Transforming activity-compose-1.8.2.aar (androidx.activity:activity-compose:1.8.2) with JetifyTransform
Transforming activity-compose-1.8.2.aar (androidx.activity:activity-compose:1.8.2) with ExtractAarTransform
Transforming activity-compose-1.8.2.aar (androidx.activity:activity-compose:1.8.2) with AarTransform
Transforming emoji2-1.3.0.aar (androidx.emoji2:emoji2:1.3.0) with JetifyTransform
Transforming emoji2-1.3.0.aar (androidx.emoji2:emoji2:1.3.0) with ExtractAarTransform
Transforming emoji2-1.3.0.aar (androidx.emoji2:emoji2:1.3.0) with AarTransform
Transforming lifecycle-process-2.7.0.aar (androidx.lifecycle:lifecycle-process:2.7.0) with JetifyTransform
Transforming lifecycle-process-2.7.0.aar (androidx.lifecycle:lifecycle-process:2.7.0) with ExtractAarTransform
Transforming lifecycle-process-2.7.0.aar (androidx.lifecycle:lifecycle-process:2.7.0) with AarTransform
Transforming lifecycle-livedata-core-2.7.0.aar (androidx.lifecycle:lifecycle-livedata-core:2.7.0) with JetifyTransform
Transforming lifecycle-livedata-core-2.7.0.aar (androidx.lifecycle:lifecycle-livedata-core:2.7.0) with ExtractAarTransform
Transforming lifecycle-livedata-core-2.7.0.aar (androidx.lifecycle:lifecycle-livedata-core:2.7.0) with AarTransform
Transforming savedstate-ktx-1.2.1.aar (androidx.savedstate:savedstate-ktx:1.2.1) with JetifyTransform
Transforming savedstate-ktx-1.2.1.aar (androidx.savedstate:savedstate-ktx:1.2.1) with ExtractAarTransform
Transforming savedstate-ktx-1.2.1.aar (androidx.savedstate:savedstate-ktx:1.2.1) with AarTransform
Transforming savedstate-1.2.1.aar (androidx.savedstate:savedstate:1.2.1) with JetifyTransform
Transforming savedstate-1.2.1.aar (androidx.savedstate:savedstate:1.2.1) with ExtractAarTransform
Transforming savedstate-1.2.1.aar (androidx.savedstate:savedstate:1.2.1) with AarTransform
Transforming lifecycle-viewmodel-savedstate-2.7.0.aar (androidx.lifecycle:lifecycle-viewmodel-savedstate:2.7.0) with JetifyTransform
Transforming lifecycle-viewmodel-savedstate-2.7.0.aar (androidx.lifecycle:lifecycle-viewmodel-savedstate:2.7.0) with ExtractAarTransform
Transforming lifecycle-viewmodel-savedstate-2.7.0.aar (androidx.lifecycle:lifecycle-viewmodel-savedstate:2.7.0) with AarTransform
Transforming lifecycle-viewmodel-ktx-2.7.0.aar (androidx.lifecycle:lifecycle-viewmodel-ktx:2.7.0) with JetifyTransform
Caching disabled for AarTransform: /home/runner/.gradle/caches/transforms-3/32916e4361a0519dfb325dcc3e200682/transformed/jetified-coil-compose-2.5.0 because:
  Build cache is disabled
Transforming lifecycle-viewmodel-ktx-2.7.0.aar (androidx.lifecycle:lifecycle-viewmodel-ktx:2.7.0) with ExtractAarTransform
AarTransform: /home/runner/.gradle/caches/transforms-3/32916e4361a0519dfb325dcc3e200682/transformed/jetified-coil-compose-2.5.0 is not up-to-date because:
  No history is available.
Transforming lifecycle-viewmodel-ktx-2.7.0.aar (androidx.lifecycle:lifecycle-viewmodel-ktx:2.7.0) with AarTransform
Transforming lifecycle-viewmodel-2.7.0.aar (androidx.lifecycle:lifecycle-viewmodel:2.7.0) with JetifyTransform
Transforming lifecycle-viewmodel-2.7.0.aar (androidx.lifecycle:lifecycle-viewmodel:2.7.0) with ExtractAarTransform
Transforming lifecycle-viewmodel-2.7.0.aar (androidx.lifecycle:lifecycle-viewmodel:2.7.0) with AarTransform
Transforming coil-2.5.0.aar (io.coil-kt:coil:2.5.0) with JetifyTransform
Transforming coil-2.5.0.aar (io.coil-kt:coil:2.5.0) with ExtractAarTransform
Transforming coil-2.5.0.aar (io.coil-kt:coil:2.5.0) with AarTransform
Transforming coil-base-2.5.0.aar (io.coil-kt:coil-base:2.5.0) with JetifyTransform
Caching disabled for AarTransform: /home/runner/.gradle/caches/transforms-3/e42332f6c3845b4ae63811bd5d1b8586/transformed/jetified-coil-compose-base-2.5.0 because:
  Build cache is disabled
Transforming coil-base-2.5.0.aar (io.coil-kt:coil-base:2.5.0) with ExtractAarTransform
AarTransform: /home/runner/.gradle/caches/transforms-3/e42332f6c3845b4ae63811bd5d1b8586/transformed/jetified-coil-compose-base-2.5.0 is not up-to-date because:
  No history is available.
Transforming coil-base-2.5.0.aar (io.coil-kt:coil-base:2.5.0) with AarTransform
Transforming lifecycle-runtime-2.7.0.aar (androidx.lifecycle:lifecycle-runtime:2.7.0) with JetifyTransform
Transforming lifecycle-runtime-2.7.0.aar (androidx.lifecycle:lifecycle-runtime:2.7.0) with ExtractAarTransform
Transforming lifecycle-runtime-2.7.0.aar (androidx.lifecycle:lifecycle-runtime:2.7.0) with AarTransform
Transforming lifecycle-runtime-ktx-2.7.0.aar (androidx.lifecycle:lifecycle-runtime-ktx:2.7.0) with JetifyTransform
Transforming lifecycle-runtime-ktx-2.7.0.aar (androidx.lifecycle:lifecycle-runtime-ktx:2.7.0) with ExtractAarTransform
Transforming lifecycle-runtime-ktx-2.7.0.aar (androidx.lifecycle:lifecycle-runtime-ktx:2.7.0) with AarTransform
Caching disabled for AarTransform: /home/runner/.gradle/caches/transforms-3/3dc43ce192fe1dab647f59ff297eacf1/transformed/jetified-material-ripple-release because:
  Build cache is disabled
AarTransform: /home/runner/.gradle/caches/transforms-3/3dc43ce192fe1dab647f59ff297eacf1/transformed/jetified-material-ripple-release is not up-to-date because:
  No history is available.
Transforming lifecycle-viewmodel-compose-2.7.0.aar (androidx.lifecycle:lifecycle-viewmodel-compose:2.7.0) with JetifyTransform
Transforming lifecycle-viewmodel-compose-2.7.0.aar (androidx.lifecycle:lifecycle-viewmodel-compose:2.7.0) with ExtractAarTransform
Transforming lifecycle-viewmodel-compose-2.7.0.aar (androidx.lifecycle:lifecycle-viewmodel-compose:2.7.0) with AarTransform
Transforming accompanist-drawablepainter-0.32.0.aar (com.google.accompanist:accompanist-drawablepainter:0.32.0) with JetifyTransform
Transforming accompanist-drawablepainter-0.32.0.aar (com.google.accompanist:accompanist-drawablepainter:0.32.0) with ExtractAarTransform
Transforming accompanist-drawablepainter-0.32.0.aar (com.google.accompanist:accompanist-drawablepainter:0.32.0) with AarTransform
Transforming ui-release.aar (androidx.compose.ui:ui-android:1.6.0) with JetifyTransform
Transforming ui-release.aar (androidx.compose.ui:ui-android:1.6.0) with ExtractAarTransform
Transforming ui-release.aar (androidx.compose.ui:ui-android:1.6.0) with AarTransform
Transforming autofill-1.0.0.aar (androidx.autofill:autofill:1.0.0) with JetifyTransform
Transforming autofill-1.0.0.aar (androidx.autofill:autofill:1.0.0) with ExtractAarTransform
Transforming autofill-1.0.0.aar (androidx.autofill:autofill:1.0.0) with AarTransform
Transforming appcompat-resources-1.6.1.aar (androidx.appcompat:appcompat-resources:1.6.1) with JetifyTransform
Transforming appcompat-resources-1.6.1.aar (androidx.appcompat:appcompat-resources:1.6.1) with ExtractAarTransform
Transforming appcompat-resources-1.6.1.aar (androidx.appcompat:appcompat-resources:1.6.1) with AarTransform
Caching disabled for AarTransform: /home/runner/.gradle/caches/transforms-3/73e6621120999a43cb87f253d3ce9798/transformed/jetified-material-icons-core-release because:
  Build cache is disabled
Transforming vectordrawable-animated-1.1.0.aar (androidx.vectordrawable:vectordrawable-animated:1.1.0) with JetifyTransform
Transforming vectordrawable-animated-1.1.0.aar (androidx.vectordrawable:vectordrawable-animated:1.1.0) with ExtractAarTransform
Transforming vectordrawable-animated-1.1.0.aar (androidx.vectordrawable:vectordrawable-animated:1.1.0) with AarTransform
Transforming vectordrawable-1.1.0.aar (androidx.vectordrawable:vectordrawable:1.1.0) with JetifyTransform
Transforming vectordrawable-1.1.0.aar (androidx.vectordrawable:vectordrawable:1.1.0) with ExtractAarTransform
AarTransform: /home/runner/.gradle/caches/transforms-3/73e6621120999a43cb87f253d3ce9798/transformed/jetified-material-icons-core-release is not up-to-date because:
  No history is available.
Transforming vectordrawable-1.1.0.aar (androidx.vectordrawable:vectordrawable:1.1.0) with AarTransform
Transforming vectordrawable-1.1.0.aar (androidx.vectordrawable:vectordrawable:1.1.0) with JetifyTransform
Transforming vectordrawable-1.1.0.aar (androidx.vectordrawable:vectordrawable:1.1.0) with ExtractAarTransform
Transforming vectordrawable-1.1.0.aar (androidx.vectordrawable:vectordrawable:1.1.0) with AarTransform
Transforming core-1.12.0.aar (androidx.core:core:1.12.0) with JetifyTransform
Transforming core-1.12.0.aar (androidx.core:core:1.12.0) with ExtractAarTransform
Transforming core-1.12.0.aar (androidx.core:core:1.12.0) with AarTransform
Transforming core-1.12.0.aar (androidx.core:core:1.12.0) with JetifyTransform
Transforming core-1.12.0.aar (androidx.core:core:1.12.0) with ExtractAarTransform
Transforming core-1.12.0.aar (androidx.core:core:1.12.0) with AarTransform
Transforming core-1.12.0.aar (androidx.core:core:1.12.0) with JetifyTransform
Transforming core-1.12.0.aar (androidx.core:core:1.12.0) with ExtractAarTransform
Transforming core-1.12.0.aar (androidx.core:core:1.12.0) with AarTransform
Transforming customview-poolingcontainer-1.0.0.aar (androidx.customview:customview-poolingcontainer:1.0.0) with JetifyTransform
Transforming customview-poolingcontainer-1.0.0.aar (androidx.customview:customview-poolingcontainer:1.0.0) with ExtractAarTransform
Transforming customview-poolingcontainer-1.0.0.aar (androidx.customview:customview-poolingcontainer:1.0.0) with AarTransform
Transforming core-ktx-1.12.0.aar (androidx.core:core-ktx:1.12.0) with JetifyTransform
Transforming core-ktx-1.12.0.aar (androidx.core:core-ktx:1.12.0) with ExtractAarTransform
Transforming core-ktx-1.12.0.aar (androidx.core:core-ktx:1.12.0) with AarTransform
Transforming annotation-experimental-1.3.0.aar (androidx.annotation:annotation-experimental:1.3.0) with JetifyTransform
Transforming annotation-experimental-1.3.0.aar (androidx.annotation:annotation-experimental:1.3.0) with ExtractAarTransform
Transforming annotation-experimental-1.3.0.aar (androidx.annotation:annotation-experimental:1.3.0) with AarTransform
Transforming runtime-saveable-release.aar (androidx.compose.runtime:runtime-saveable-android:1.6.0) with JetifyTransform
Transforming runtime-saveable-release.aar (androidx.compose.runtime:runtime-saveable-android:1.6.0) with ExtractAarTransform
Transforming runtime-saveable-release.aar (androidx.compose.runtime:runtime-saveable-android:1.6.0) with AarTransform
Transforming runtime-release.aar (androidx.compose.runtime:runtime-android:1.6.0) with JetifyTransform
Transforming runtime-release.aar (androidx.compose.runtime:runtime-android:1.6.0) with ExtractAarTransform
Transforming runtime-release.aar (androidx.compose.runtime:runtime-android:1.6.0) with AarTransform
Transforming versionedparcelable-1.1.1.aar (androidx.versionedparcelable:versionedparcelable:1.1.1) with JetifyTransform
Transforming versionedparcelable-1.1.1.aar (androidx.versionedparcelable:versionedparcelable:1.1.1) with ExtractAarTransform
Transforming versionedparcelable-1.1.1.aar (androidx.versionedparcelable:versionedparcelable:1.1.1) with AarTransform
Transforming interpolator-1.0.0.aar (androidx.interpolator:interpolator:1.0.0) with JetifyTransform
Transforming interpolator-1.0.0.aar (androidx.interpolator:interpolator:1.0.0) with ExtractAarTransform
Transforming interpolator-1.0.0.aar (androidx.interpolator:interpolator:1.0.0) with AarTransform
Transforming interpolator-1.0.0.aar (androidx.interpolator:interpolator:1.0.0) with JetifyTransform
Transforming interpolator-1.0.0.aar (androidx.interpolator:interpolator:1.0.0) with ExtractAarTransform
Transforming interpolator-1.0.0.aar (androidx.interpolator:interpolator:1.0.0) with AarTransform
Transforming core-runtime-2.2.0.aar (androidx.arch.core:core-runtime:2.2.0) with JetifyTransform
Caching disabled for AarTransform: /home/runner/.gradle/caches/transforms-3/e253461f05edaf7aa67d8be4b23c5378/transformed/jetified-material-release because:
  Build cache is disabled
Transforming core-runtime-2.2.0.aar (androidx.arch.core:core-runtime:2.2.0) with ExtractAarTransform
AarTransform: /home/runner/.gradle/caches/transforms-3/e253461f05edaf7aa67d8be4b23c5378/transformed/jetified-material-release is not up-to-date because:
  No history is available.
Transforming core-runtime-2.2.0.aar (androidx.arch.core:core-runtime:2.2.0) with AarTransform
Transforming profileinstaller-1.3.1.aar (androidx.profileinstaller:profileinstaller:1.3.1) with JetifyTransform
Transforming profileinstaller-1.3.1.aar (androidx.profileinstaller:profileinstaller:1.3.1) with ExtractAarTransform
Transforming profileinstaller-1.3.1.aar (androidx.profileinstaller:profileinstaller:1.3.1) with AarTransform
Transforming startup-runtime-1.1.1.aar (androidx.startup:startup-runtime:1.1.1) with JetifyTransform
Transforming startup-runtime-1.1.1.aar (androidx.startup:startup-runtime:1.1.1) with ExtractAarTransform
Transforming startup-runtime-1.1.1.aar (androidx.startup:startup-runtime:1.1.1) with AarTransform
Transforming tracing-1.0.0.aar (androidx.tracing:tracing:1.0.0) with JetifyTransform
Transforming tracing-1.0.0.aar (androidx.tracing:tracing:1.0.0) with ExtractAarTransform
Transforming tracing-1.0.0.aar (androidx.tracing:tracing:1.0.0) with AarTransform
Transforming exifinterface-1.3.6.aar (androidx.exifinterface:exifinterface:1.3.6) with JetifyTransform
Transforming exifinterface-1.3.6.aar (androidx.exifinterface:exifinterface:1.3.6) with ExtractAarTransform
Transforming exifinterface-1.3.6.aar (androidx.exifinterface:exifinterface:1.3.6) with AarTransform
Caching disabled for AarTransform: /home/runner/.gradle/caches/transforms-3/d18e3e45b4d94d3858bdc59584221f19/transformed/jetified-animation-release because:
  Build cache is disabled
AarTransform: /home/runner/.gradle/caches/transforms-3/d18e3e45b4d94d3858bdc59584221f19/transformed/jetified-animation-release is not up-to-date because:
  No history is available.
Caching disabled for AarTransform: /home/runner/.gradle/caches/transforms-3/2e023a60b9bc95923d69649b085625a1/transformed/jetified-animation-core-release because:
  Build cache is disabled
AarTransform: /home/runner/.gradle/caches/transforms-3/2e023a60b9bc95923d69649b085625a1/transformed/jetified-animation-core-release is not up-to-date because:
  No history is available.
Caching disabled for AarTransform: /home/runner/.gradle/caches/transforms-3/ff71fba756ca4157450ef962b788a7b8/transformed/jetified-foundation-layout-release because:
  Build cache is disabled
AarTransform: /home/runner/.gradle/caches/transforms-3/ff71fba756ca4157450ef962b788a7b8/transformed/jetified-foundation-layout-release is not up-to-date because:
  No history is available.
Caching disabled for AarTransform: /home/runner/.gradle/caches/transforms-3/c4e0e79cd87e6e8b15a86f479bf7fb1c/transformed/jetified-foundation-release because:
  Build cache is disabled
AarTransform: /home/runner/.gradle/caches/transforms-3/c4e0e79cd87e6e8b15a86f479bf7fb1c/transformed/jetified-foundation-release is not up-to-date because:
  No history is available.
Caching disabled for AarTransform: /home/runner/.gradle/caches/transforms-3/841daa78a6c7688fb1784afdf8bd8006/transformed/jetified-ui-tooling-data-release because:
  Build cache is disabled
AarTransform: /home/runner/.gradle/caches/transforms-3/841daa78a6c7688fb1784afdf8bd8006/transformed/jetified-ui-tooling-data-release is not up-to-date because:
  No history is available.
Caching disabled for AarTransform: /home/runner/.gradle/caches/transforms-3/49f657191625df914dc02aaa37e2ccce/transformed/jetified-ui-unit-release because:
  Build cache is disabled
AarTransform: /home/runner/.gradle/caches/transforms-3/49f657191625df914dc02aaa37e2ccce/transformed/jetified-ui-unit-release is not up-to-date because:
  No history is available.
Caching disabled for AarTransform: /home/runner/.gradle/caches/transforms-3/bf74d1f461dd083fb9b90c72b67dd7ae/transformed/jetified-ui-util-release because:
  Build cache is disabled
AarTransform: /home/runner/.gradle/caches/transforms-3/bf74d1f461dd083fb9b90c72b67dd7ae/transformed/jetified-ui-util-release is not up-to-date because:
  No history is available.
Caching disabled for AarTransform: /home/runner/.gradle/caches/transforms-3/510b4aecd5975c712c4d4e307818dcd4/transformed/jetified-ui-geometry-release because:
  Build cache is disabled
AarTransform: /home/runner/.gradle/caches/transforms-3/510b4aecd5975c712c4d4e307818dcd4/transformed/jetified-ui-geometry-release is not up-to-date because:
  No history is available.
Caching disabled for AarTransform: /home/runner/.gradle/caches/transforms-3/739ee27594ae93846d923b96306d6ce4/transformed/jetified-ui-text-release because:
  Build cache is disabled
AarTransform: /home/runner/.gradle/caches/transforms-3/739ee27594ae93846d923b96306d6ce4/transformed/jetified-ui-text-release is not up-to-date because:
  No history is available.
Caching disabled for AarTransform: /home/runner/.gradle/caches/transforms-3/39b5ea9cdb3e645b6f458cbb8dfdcaa8/transformed/jetified-ui-graphics-release because:
  Build cache is disabled
AarTransform: /home/runner/.gradle/caches/transforms-3/39b5ea9cdb3e645b6f458cbb8dfdcaa8/transformed/jetified-ui-graphics-release is not up-to-date because:
  No history is available.
Caching disabled for AarTransform: /home/runner/.gradle/caches/transforms-3/b49ca312096e0275e43db54fdf724643/transformed/jetified-ui-tooling-preview-release because:
  Build cache is disabled
AarTransform: /home/runner/.gradle/caches/transforms-3/b49ca312096e0275e43db54fdf724643/transformed/jetified-ui-tooling-preview-release is not up-to-date because:
  No history is available.
Caching disabled for AarTransform: /home/runner/.gradle/caches/transforms-3/1c604c0a449a91646a02b0bf81bb92a8/transformed/jetified-ui-test-manifest-1.6.0 because:
  Build cache is disabled
AarTransform: /home/runner/.gradle/caches/transforms-3/1c604c0a449a91646a02b0bf81bb92a8/transformed/jetified-ui-test-manifest-1.6.0 is not up-to-date because:
  No history is available.
Caching disabled for AarTransform: /home/runner/.gradle/caches/transforms-3/bf3003103bf104060019c4c4fe8f58d2/transformed/jetified-ui-tooling-release because:
  Build cache is disabled
AarTransform: /home/runner/.gradle/caches/transforms-3/bf3003103bf104060019c4c4fe8f58d2/transformed/jetified-ui-tooling-release is not up-to-date because:
  No history is available.
Caching disabled for AarTransform: /home/runner/.gradle/caches/transforms-3/cdde5d135a5c5f405b2e1a5824d1a5bf/transformed/jetified-activity-compose-1.8.2 because:
  Build cache is disabled
AarTransform: /home/runner/.gradle/caches/transforms-3/cdde5d135a5c5f405b2e1a5824d1a5bf/transformed/jetified-activity-compose-1.8.2 is not up-to-date because:
  No history is available.
Caching disabled for AarTransform: /home/runner/.gradle/caches/transforms-3/accb67d5fa6842fc494107338777a9e8/transformed/jetified-emoji2-1.3.0 because:
  Build cache is disabled
AarTransform: /home/runner/.gradle/caches/transforms-3/accb67d5fa6842fc494107338777a9e8/transformed/jetified-emoji2-1.3.0 is not up-to-date because:
  No history is available.
Caching disabled for AarTransform: /home/runner/.gradle/caches/transforms-3/86f269d9a5d25d9db3a0c3844d69e947/transformed/lifecycle-livedata-core-2.7.0 because:
  Build cache is disabled
AarTransform: /home/runner/.gradle/caches/transforms-3/86f269d9a5d25d9db3a0c3844d69e947/transformed/lifecycle-livedata-core-2.7.0 is not up-to-date because:
  No history is available.
Caching disabled for AarTransform: /home/runner/.gradle/caches/transforms-3/076a8f229414680308728714ada7a4b2/transformed/jetified-lifecycle-process-2.7.0 because:
  Build cache is disabled
AarTransform: /home/runner/.gradle/caches/transforms-3/076a8f229414680308728714ada7a4b2/transformed/jetified-lifecycle-process-2.7.0 is not up-to-date because:
  No history is available.
Caching disabled for AarTransform: /home/runner/.gradle/caches/transforms-3/dcfbdd2b03f788a16fdc2ef43289a48a/transformed/jetified-savedstate-ktx-1.2.1 because:
  Build cache is disabled
AarTransform: /home/runner/.gradle/caches/transforms-3/dcfbdd2b03f788a16fdc2ef43289a48a/transformed/jetified-savedstate-ktx-1.2.1 is not up-to-date because:
  No history is available.
Caching disabled for AarTransform: /home/runner/.gradle/caches/transforms-3/0e3cb1d08ffd4372de833f64f3db18a8/transformed/jetified-savedstate-1.2.1 because:
  Build cache is disabled
AarTransform: /home/runner/.gradle/caches/transforms-3/0e3cb1d08ffd4372de833f64f3db18a8/transformed/jetified-savedstate-1.2.1 is not up-to-date because:
  No history is available.
Caching disabled for AarTransform: /home/runner/.gradle/caches/transforms-3/3d80dbef2bfd9f638e3e23df58b28058/transformed/jetified-lifecycle-viewmodel-savedstate-2.7.0 because:
  Build cache is disabled
AarTransform: /home/runner/.gradle/caches/transforms-3/3d80dbef2bfd9f638e3e23df58b28058/transformed/jetified-lifecycle-viewmodel-savedstate-2.7.0 is not up-to-date because:
  No history is available.
Caching disabled for AarTransform: /home/runner/.gradle/caches/transforms-3/099efc0ddbfac48f037781c2ca4851d5/transformed/lifecycle-viewmodel-2.7.0 because:
  Build cache is disabled
Caching disabled for AarTransform: /home/runner/.gradle/caches/transforms-3/2e3aff25883e88e5e0e03fc7e5b8dddc/transformed/jetified-lifecycle-viewmodel-ktx-2.7.0 because:
  Build cache is disabled
AarTransform: /home/runner/.gradle/caches/transforms-3/099efc0ddbfac48f037781c2ca4851d5/transformed/lifecycle-viewmodel-2.7.0 is not up-to-date because:
  No history is available.
AarTransform: /home/runner/.gradle/caches/transforms-3/2e3aff25883e88e5e0e03fc7e5b8dddc/transformed/jetified-lifecycle-viewmodel-ktx-2.7.0 is not up-to-date because:
  No history is available.
Caching disabled for AarTransform: /home/runner/.gradle/caches/transforms-3/5b6e8f4da29c5badae3df148f26f4146/transformed/jetified-coil-base-2.5.0 because:
  Build cache is disabled
Caching disabled for AarTransform: /home/runner/.gradle/caches/transforms-3/d465ee9d576c159aa28b1d9fcb29cc5c/transformed/jetified-coil-2.5.0 because:
  Build cache is disabled
AarTransform: /home/runner/.gradle/caches/transforms-3/5b6e8f4da29c5badae3df148f26f4146/transformed/jetified-coil-base-2.5.0 is not up-to-date because:
  No history is available.
AarTransform: /home/runner/.gradle/caches/transforms-3/d465ee9d576c159aa28b1d9fcb29cc5c/transformed/jetified-coil-2.5.0 is not up-to-date because:
  No history is available.
Caching disabled for AarTransform: /home/runner/.gradle/caches/transforms-3/c9c5c4980b082d6d2dd323ddd1701769/transformed/lifecycle-runtime-2.7.0 because:
  Build cache is disabled
AarTransform: /home/runner/.gradle/caches/transforms-3/c9c5c4980b082d6d2dd323ddd1701769/transformed/lifecycle-runtime-2.7.0 is not up-to-date because:
  No history is available.
Caching disabled for AarTransform: /home/runner/.gradle/caches/transforms-3/b8d5a53e480a02a01d868ba62793622b/transformed/jetified-lifecycle-runtime-ktx-2.7.0 because:
  Build cache is disabled
AarTransform: /home/runner/.gradle/caches/transforms-3/b8d5a53e480a02a01d868ba62793622b/transformed/jetified-lifecycle-runtime-ktx-2.7.0 is not up-to-date because:
  No history is available.
Caching disabled for AarTransform: /home/runner/.gradle/caches/transforms-3/5c193792e17ca9669102e33e07a2e665/transformed/jetified-accompanist-drawablepainter-0.32.0 because:
  Build cache is disabled
Caching disabled for AarTransform: /home/runner/.gradle/caches/transforms-3/a0123c34e88e58ea294051e8ca239094/transformed/jetified-lifecycle-viewmodel-compose-2.7.0 because:
  Build cache is disabled
AarTransform: /home/runner/.gradle/caches/transforms-3/5c193792e17ca9669102e33e07a2e665/transformed/jetified-accompanist-drawablepainter-0.32.0 is not up-to-date because:
  No history is available.
AarTransform: /home/runner/.gradle/caches/transforms-3/a0123c34e88e58ea294051e8ca239094/transformed/jetified-lifecycle-viewmodel-compose-2.7.0 is not up-to-date because:
  No history is available.
Caching disabled for AarTransform: /home/runner/.gradle/caches/transforms-3/af7438249dbf35e19c89c1000528720c/transformed/jetified-autofill-1.0.0 because:
  Build cache is disabled
Caching disabled for AarTransform: /home/runner/.gradle/caches/transforms-3/7c1fde5ba7832962763da54cbb5017fc/transformed/jetified-ui-release because:
  Build cache is disabled
AarTransform: /home/runner/.gradle/caches/transforms-3/af7438249dbf35e19c89c1000528720c/transformed/jetified-autofill-1.0.0 is not up-to-date because:
  No history is available.
AarTransform: /home/runner/.gradle/caches/transforms-3/7c1fde5ba7832962763da54cbb5017fc/transformed/jetified-ui-release is not up-to-date because:
  No history is available.
Caching disabled for AarTransform: /home/runner/.gradle/caches/transforms-3/3eaec48e790365cb3ddece1de5aab10f/transformed/jetified-appcompat-resources-1.6.1 because:
  Build cache is disabled
AarTransform: /home/runner/.gradle/caches/transforms-3/3eaec48e790365cb3ddece1de5aab10f/transformed/jetified-appcompat-resources-1.6.1 is not up-to-date because:
  No history is available.
Caching disabled for AarTransform: /home/runner/.gradle/caches/transforms-3/8cc41fb51eaad97db6eafd93ec44c1e0/transformed/vectordrawable-animated-1.1.0 because:
  Build cache is disabled
AarTransform: /home/runner/.gradle/caches/transforms-3/8cc41fb51eaad97db6eafd93ec44c1e0/transformed/vectordrawable-animated-1.1.0 is not up-to-date because:
  No history is available.
Caching disabled for AarTransform: /home/runner/.gradle/caches/transforms-3/3faa838f61968b207718ebdff448e42e/transformed/vectordrawable-1.1.0 because:
  Build cache is disabled
AarTransform: /home/runner/.gradle/caches/transforms-3/3faa838f61968b207718ebdff448e42e/transformed/vectordrawable-1.1.0 is not up-to-date because:
  No history is available.
Caching disabled for AarTransform: /home/runner/.gradle/caches/transforms-3/4dde0fce54f6341b6da19770f76a2130/transformed/core-1.12.0 because:
  Build cache is disabled
AarTransform: /home/runner/.gradle/caches/transforms-3/4dde0fce54f6341b6da19770f76a2130/transformed/core-1.12.0 is not up-to-date because:
  No history is available.
Caching disabled for AarTransform: /home/runner/.gradle/caches/transforms-3/328141f1afd86b20c170f8a445d30e19/transformed/jetified-customview-poolingcontainer-1.0.0 because:
  Build cache is disabled
AarTransform: /home/runner/.gradle/caches/transforms-3/328141f1afd86b20c170f8a445d30e19/transformed/jetified-customview-poolingcontainer-1.0.0 is not up-to-date because:
  No history is available.
Caching disabled for AarTransform: /home/runner/.gradle/caches/transforms-3/86d4a3973c7d015dcddc3636b26d31c0/transformed/jetified-core-ktx-1.12.0 because:
  Build cache is disabled
AarTransform: /home/runner/.gradle/caches/transforms-3/86d4a3973c7d015dcddc3636b26d31c0/transformed/jetified-core-ktx-1.12.0 is not up-to-date because:
  No history is available.
Caching disabled for AarTransform: /home/runner/.gradle/caches/transforms-3/1f3abe10d1870e2a226e8cc9c7e7eb3b/transformed/jetified-annotation-experimental-1.3.0 because:
  Build cache is disabled
AarTransform: /home/runner/.gradle/caches/transforms-3/1f3abe10d1870e2a226e8cc9c7e7eb3b/transformed/jetified-annotation-experimental-1.3.0 is not up-to-date because:
  No history is available.
Caching disabled for AarTransform: /home/runner/.gradle/caches/transforms-3/88742612a934cebcd0be91fdda997a16/transformed/jetified-runtime-saveable-release because:
  Build cache is disabled
AarTransform: /home/runner/.gradle/caches/transforms-3/88742612a934cebcd0be91fdda997a16/transformed/jetified-runtime-saveable-release is not up-to-date because:
  No history is available.
Caching disabled for AarTransform: /home/runner/.gradle/caches/transforms-3/37655ed3604b6c69200879d0500f2a9b/transformed/jetified-runtime-release because:
  Build cache is disabled
AarTransform: /home/runner/.gradle/caches/transforms-3/37655ed3604b6c69200879d0500f2a9b/transformed/jetified-runtime-release is not up-to-date because:
  No history is available.
Caching disabled for AarTransform: /home/runner/.gradle/caches/transforms-3/096095fb3f46b0f49569eff3850aad1c/transformed/versionedparcelable-1.1.1 because:
  Build cache is disabled
AarTransform: /home/runner/.gradle/caches/transforms-3/096095fb3f46b0f49569eff3850aad1c/transformed/versionedparcelable-1.1.1 is not up-to-date because:
  No history is available.
Caching disabled for AarTransform: /home/runner/.gradle/caches/transforms-3/1628c2c5419cf59a3c841ba2e99fbd0f/transformed/jetified-activity-ktx-1.8.2 because:
  Build cache is disabled
AarTransform: /home/runner/.gradle/caches/transforms-3/1628c2c5419cf59a3c841ba2e99fbd0f/transformed/jetified-activity-ktx-1.8.2 is not up-to-date because:
  No history is available.
Caching disabled for AarTransform: /home/runner/.gradle/caches/transforms-3/da2de8c6ac4d0cdf9dede0c7637f3f2f/transformed/interpolator-1.0.0 because:
  Build cache is disabled
AarTransform: /home/runner/.gradle/caches/transforms-3/da2de8c6ac4d0cdf9dede0c7637f3f2f/transformed/interpolator-1.0.0 is not up-to-date because:
  No history is available.
Caching disabled for AarTransform: /home/runner/.gradle/caches/transforms-3/cb64fc0a0422f37738c7cc6bed1d58f4/transformed/core-runtime-2.2.0 because:
  Build cache is disabled
AarTransform: /home/runner/.gradle/caches/transforms-3/cb64fc0a0422f37738c7cc6bed1d58f4/transformed/core-runtime-2.2.0 is not up-to-date because:
  No history is available.
Caching disabled for AarTransform: /home/runner/.gradle/caches/transforms-3/ed2a99777db40be16c6b391443781293/transformed/jetified-profileinstaller-1.3.1 because:
  Build cache is disabled
AarTransform: /home/runner/.gradle/caches/transforms-3/ed2a99777db40be16c6b391443781293/transformed/jetified-profileinstaller-1.3.1 is not up-to-date because:
  No history is available.
Caching disabled for AarTransform: /home/runner/.gradle/caches/transforms-3/77845b546bce7c968a64544941173c93/transformed/jetified-tracing-1.0.0 because:
  Build cache is disabled
AarTransform: /home/runner/.gradle/caches/transforms-3/77845b546bce7c968a64544941173c93/transformed/jetified-tracing-1.0.0 is not up-to-date because:
  No history is available.
Caching disabled for AarTransform: /home/runner/.gradle/caches/transforms-3/e38763203da2274fe32ea162c1ebfd07/transformed/jetified-startup-runtime-1.1.1 because:
  Build cache is disabled
AarTransform: /home/runner/.gradle/caches/transforms-3/e38763203da2274fe32ea162c1ebfd07/transformed/jetified-startup-runtime-1.1.1 is not up-to-date because:
  No history is available.
Caching disabled for AarTransform: /home/runner/.gradle/caches/transforms-3/c0080d546a3a59f6f620959026c16997/transformed/exifinterface-1.3.6 because:
  Build cache is disabled
AarTransform: /home/runner/.gradle/caches/transforms-3/c0080d546a3a59f6f620959026c16997/transformed/exifinterface-1.3.6 is not up-to-date because:
  No history is available.
Transforming material3-1.1.2.aar (androidx.compose.material3:material3:1.1.2) with JetifyTransform
Transforming material3-1.1.2.aar (androidx.compose.material3:material3:1.1.2) with ExtractAarTransform
Transforming material3-1.1.2.aar (androidx.compose.material3:material3:1.1.2) with AarTransform
Transforming activity-1.8.2.aar (androidx.activity:activity:1.8.2) with JetifyTransform
Transforming activity-1.8.2.aar (androidx.activity:activity:1.8.2) with ExtractAarTransform
Transforming activity-1.8.2.aar (androidx.activity:activity:1.8.2) with AarTransform
Transforming activity-ktx-1.8.2.aar (androidx.activity:activity-ktx:1.8.2) with JetifyTransform
Transforming activity-ktx-1.8.2.aar (androidx.activity:activity-ktx:1.8.2) with ExtractAarTransform
Transforming activity-ktx-1.8.2.aar (androidx.activity:activity-ktx:1.8.2) with AarTransform
Transforming coil-compose-2.5.0.aar (io.coil-kt:coil-compose:2.5.0) with JetifyTransform
Transforming coil-compose-2.5.0.aar (io.coil-kt:coil-compose:2.5.0) with ExtractAarTransform
Transforming coil-compose-2.5.0.aar (io.coil-kt:coil-compose:2.5.0) with AarTransform
Transforming coil-compose-base-2.5.0.aar (io.coil-kt:coil-compose-base:2.5.0) with JetifyTransform
Transforming coil-compose-base-2.5.0.aar (io.coil-kt:coil-compose-base:2.5.0) with ExtractAarTransform
Transforming coil-compose-base-2.5.0.aar (io.coil-kt:coil-compose-base:2.5.0) with AarTransform
Caching disabled for AarTransform: /home/runner/.gradle/caches/transforms-3/6b3695a9e99692f435cc63d9903ec2a9/transformed/jetified-material3-1.1.2 because:
  Build cache is disabled
AarTransform: /home/runner/.gradle/caches/transforms-3/6b3695a9e99692f435cc63d9903ec2a9/transformed/jetified-material3-1.1.2 is not up-to-date because:
  No history is available.
Transforming material-ripple-release.aar (androidx.compose.material:material-ripple-android:1.6.0) with JetifyTransform
Transforming material-ripple-release.aar (androidx.compose.material:material-ripple-android:1.6.0) with ExtractAarTransform
Transforming material-ripple-release.aar (androidx.compose.material:material-ripple-android:1.6.0) with AarTransform
Transforming material-icons-core-release.aar (androidx.compose.material:material-icons-core-android:1.6.0) with JetifyTransform
Transforming material-icons-core-release.aar (androidx.compose.material:material-icons-core-android:1.6.0) with ExtractAarTransform
Transforming material-icons-core-release.aar (androidx.compose.material:material-icons-core-android:1.6.0) with AarTransform
Transforming material-release.aar (androidx.compose.material:material-android:1.6.0) with JetifyTransform
Transforming material-release.aar (androidx.compose.material:material-android:1.6.0) with ExtractAarTransform
Caching disabled for AarTransform: /home/runner/.gradle/caches/transforms-3/4486cd71c0d89f8b575e26ac3b908889/transformed/jetified-activity-1.8.2 because:
  Build cache is disabled
Transforming material-release.aar (androidx.compose.material:material-android:1.6.0) with AarTransform
AarTransform: /home/runner/.gradle/caches/transforms-3/4486cd71c0d89f8b575e26ac3b908889/transformed/jetified-activity-1.8.2 is not up-to-date because:
  No history is available.
Transforming animation-core-release.aar (androidx.compose.animation:animation-core-android:1.6.0) with JetifyTransform
Transforming animation-core-release.aar (androidx.compose.animation:animation-core-android:1.6.0) with ExtractAarTransform
Transforming animation-core-release.aar (androidx.compose.animation:animation-core-android:1.6.0) with AarTransform
Transforming animation-release.aar (androidx.compose.animation:animation-android:1.6.0) with JetifyTransform
Caching disabled for AarTransform: /home/runner/.gradle/caches/transforms-3/1628c2c5419cf59a3c841ba2e99fbd0f/transformed/jetified-activity-ktx-1.8.2 because:
  Build cache is disabled
AarTransform: /home/runner/.gradle/caches/transforms-3/1628c2c5419cf59a3c841ba2e99fbd0f/transformed/jetified-activity-ktx-1.8.2 is not up-to-date because:
  No history is available.
Transforming animation-release.aar (androidx.compose.animation:animation-android:1.6.0) with ExtractAarTransform
Transforming animation-release.aar (androidx.compose.animation:animation-android:1.6.0) with AarTransform
Transforming foundation-layout-release.aar (androidx.compose.foundation:foundation-layout-android:1.6.0) with JetifyTransform
Transforming foundation-layout-release.aar (androidx.compose.foundation:foundation-layout-android:1.6.0) with ExtractAarTransform
Transforming foundation-layout-release.aar (androidx.compose.foundation:foundation-layout-android:1.6.0) with AarTransform
Transforming foundation-release.aar (androidx.compose.foundation:foundation-android:1.6.0) with JetifyTransform
Transforming foundation-release.aar (androidx.compose.foundation:foundation-android:1.6.0) with ExtractAarTransform
Transforming foundation-release.aar (androidx.compose.foundation:foundation-android:1.6.0) with AarTransform
Transforming ui-tooling-data-release.aar (androidx.compose.ui:ui-tooling-data-android:1.6.0) with JetifyTransform
Transforming ui-tooling-data-release.aar (androidx.compose.ui:ui-tooling-data-android:1.6.0) with ExtractAarTransform
Transforming ui-tooling-data-release.aar (androidx.compose.ui:ui-tooling-data-android:1.6.0) with AarTransform
Transforming ui-unit-release.aar (androidx.compose.ui:ui-unit-android:1.6.0) with JetifyTransform
Transforming ui-unit-release.aar (androidx.compose.ui:ui-unit-android:1.6.0) with ExtractAarTransform
Transforming ui-unit-release.aar (androidx.compose.ui:ui-unit-android:1.6.0) with AarTransform
Transforming ui-geometry-release.aar (androidx.compose.ui:ui-geometry-android:1.6.0) with JetifyTransform
Transforming ui-geometry-release.aar (androidx.compose.ui:ui-geometry-android:1.6.0) with ExtractAarTransform
Transforming ui-geometry-release.aar (androidx.compose.ui:ui-geometry-android:1.6.0) with AarTransform
Transforming ui-util-release.aar (androidx.compose.ui:ui-util-android:1.6.0) with JetifyTransform
Transforming ui-util-release.aar (androidx.compose.ui:ui-util-android:1.6.0) with ExtractAarTransform
Transforming ui-util-release.aar (androidx.compose.ui:ui-util-android:1.6.0) with AarTransform
Transforming ui-text-release.aar (androidx.compose.ui:ui-text-android:1.6.0) with JetifyTransform
Transforming ui-text-release.aar (androidx.compose.ui:ui-text-android:1.6.0) with ExtractAarTransform
Transforming ui-text-release.aar (androidx.compose.ui:ui-text-android:1.6.0) with AarTransform
Transforming ui-tooling-preview-release.aar (androidx.compose.ui:ui-tooling-preview-android:1.6.0) with JetifyTransform
Transforming ui-tooling-preview-release.aar (androidx.compose.ui:ui-tooling-preview-android:1.6.0) with ExtractAarTransform
Transforming ui-tooling-preview-release.aar (androidx.compose.ui:ui-tooling-preview-android:1.6.0) with AarTransform
Transforming ui-graphics-release.aar (androidx.compose.ui:ui-graphics-android:1.6.0) with JetifyTransform
Transforming ui-graphics-release.aar (androidx.compose.ui:ui-graphics-android:1.6.0) with ExtractAarTransform
Transforming ui-graphics-release.aar (androidx.compose.ui:ui-graphics-android:1.6.0) with AarTransform
Caching disabled for AarTransform: /home/runner/.gradle/caches/transforms-3/32916e4361a0519dfb325dcc3e200682/transformed/jetified-coil-compose-2.5.0 because:
  Build cache is disabled
AarTransform: /home/runner/.gradle/caches/transforms-3/32916e4361a0519dfb325dcc3e200682/transformed/jetified-coil-compose-2.5.0 is not up-to-date because:
  No history is available.
Caching disabled for AarTransform: /home/runner/.gradle/caches/transforms-3/e42332f6c3845b4ae63811bd5d1b8586/transformed/jetified-coil-compose-base-2.5.0 because:
  Build cache is disabled
AarTransform: /home/runner/.gradle/caches/transforms-3/e42332f6c3845b4ae63811bd5d1b8586/transformed/jetified-coil-compose-base-2.5.0 is not up-to-date because:
  No history is available.
Transforming ui-test-manifest-1.6.0.aar (androidx.compose.ui:ui-test-manifest:1.6.0) with JetifyTransform
Transforming ui-test-manifest-1.6.0.aar (androidx.compose.ui:ui-test-manifest:1.6.0) with ExtractAarTransform
Transforming ui-test-manifest-1.6.0.aar (androidx.compose.ui:ui-test-manifest:1.6.0) with AarTransform
Transforming ui-tooling-release.aar (androidx.compose.ui:ui-tooling-android:1.6.0) with JetifyTransform
Transforming ui-tooling-release.aar (androidx.compose.ui:ui-tooling-android:1.6.0) with ExtractAarTransform
Caching disabled for AarTransform: /home/runner/.gradle/caches/transforms-3/3dc43ce192fe1dab647f59ff297eacf1/transformed/jetified-material-ripple-release because:
  Build cache is disabled
Transforming ui-tooling-release.aar (androidx.compose.ui:ui-tooling-android:1.6.0) with AarTransform
AarTransform: /home/runner/.gradle/caches/transforms-3/3dc43ce192fe1dab647f59ff297eacf1/transformed/jetified-material-ripple-release is not up-to-date because:
  No history is available.
Transforming activity-compose-1.8.2.aar (androidx.activity:activity-compose:1.8.2) with JetifyTransform
Transforming activity-compose-1.8.2.aar (androidx.activity:activity-compose:1.8.2) with ExtractAarTransform
Transforming activity-compose-1.8.2.aar (androidx.activity:activity-compose:1.8.2) with AarTransform
Transforming emoji2-1.3.0.aar (androidx.emoji2:emoji2:1.3.0) with JetifyTransform
Transforming emoji2-1.3.0.aar (androidx.emoji2:emoji2:1.3.0) with ExtractAarTransform
Transforming emoji2-1.3.0.aar (androidx.emoji2:emoji2:1.3.0) with AarTransform
Transforming lifecycle-process-2.7.0.aar (androidx.lifecycle:lifecycle-process:2.7.0) with JetifyTransform
Transforming lifecycle-process-2.7.0.aar (androidx.lifecycle:lifecycle-process:2.7.0) with ExtractAarTransform
Caching disabled for AarTransform: /home/runner/.gradle/caches/transforms-3/73e6621120999a43cb87f253d3ce9798/transformed/jetified-material-icons-core-release because:
  Build cache is disabled
AarTransform: /home/runner/.gradle/caches/transforms-3/73e6621120999a43cb87f253d3ce9798/transformed/jetified-material-icons-core-release is not up-to-date because:
  No history is available.
Transforming lifecycle-process-2.7.0.aar (androidx.lifecycle:lifecycle-process:2.7.0) with AarTransform
Transforming lifecycle-livedata-core-2.7.0.aar (androidx.lifecycle:lifecycle-livedata-core:2.7.0) with JetifyTransform
Transforming lifecycle-livedata-core-2.7.0.aar (androidx.lifecycle:lifecycle-livedata-core:2.7.0) with ExtractAarTransform
Transforming lifecycle-livedata-core-2.7.0.aar (androidx.lifecycle:lifecycle-livedata-core:2.7.0) with AarTransform
Transforming savedstate-ktx-1.2.1.aar (androidx.savedstate:savedstate-ktx:1.2.1) with JetifyTransform
Transforming savedstate-ktx-1.2.1.aar (androidx.savedstate:savedstate-ktx:1.2.1) with ExtractAarTransform
Transforming savedstate-ktx-1.2.1.aar (androidx.savedstate:savedstate-ktx:1.2.1) with AarTransform
Transforming savedstate-1.2.1.aar (androidx.savedstate:savedstate:1.2.1) with JetifyTransform
Transforming savedstate-1.2.1.aar (androidx.savedstate:savedstate:1.2.1) with ExtractAarTransform
Transforming savedstate-1.2.1.aar (androidx.savedstate:savedstate:1.2.1) with AarTransform
Transforming lifecycle-viewmodel-savedstate-2.7.0.aar (androidx.lifecycle:lifecycle-viewmodel-savedstate:2.7.0) with JetifyTransform
Transforming lifecycle-viewmodel-savedstate-2.7.0.aar (androidx.lifecycle:lifecycle-viewmodel-savedstate:2.7.0) with ExtractAarTransform
Transforming lifecycle-viewmodel-savedstate-2.7.0.aar (androidx.lifecycle:lifecycle-viewmodel-savedstate:2.7.0) with AarTransform
Transforming lifecycle-viewmodel-ktx-2.7.0.aar (androidx.lifecycle:lifecycle-viewmodel-ktx:2.7.0) with JetifyTransform
Transforming lifecycle-viewmodel-ktx-2.7.0.aar (androidx.lifecycle:lifecycle-viewmodel-ktx:2.7.0) with ExtractAarTransform
Transforming lifecycle-viewmodel-ktx-2.7.0.aar (androidx.lifecycle:lifecycle-viewmodel-ktx:2.7.0) with AarTransform
Transforming lifecycle-viewmodel-2.7.0.aar (androidx.lifecycle:lifecycle-viewmodel:2.7.0) with JetifyTransform
Transforming lifecycle-viewmodel-2.7.0.aar (androidx.lifecycle:lifecycle-viewmodel:2.7.0) with ExtractAarTransform
Transforming lifecycle-viewmodel-2.7.0.aar (androidx.lifecycle:lifecycle-viewmodel:2.7.0) with AarTransform
Caching disabled for AarTransform: /home/runner/.gradle/caches/transforms-3/2e023a60b9bc95923d69649b085625a1/transformed/jetified-animation-core-release because:
  Build cache is disabled
AarTransform: /home/runner/.gradle/caches/transforms-3/2e023a60b9bc95923d69649b085625a1/transformed/jetified-animation-core-release is not up-to-date because:
  No history is available.
Transforming coil-2.5.0.aar (io.coil-kt:coil:2.5.0) with JetifyTransform
Transforming coil-2.5.0.aar (io.coil-kt:coil:2.5.0) with ExtractAarTransform
Transforming coil-2.5.0.aar (io.coil-kt:coil:2.5.0) with AarTransform
Transforming coil-base-2.5.0.aar (io.coil-kt:coil-base:2.5.0) with JetifyTransform
Transforming coil-base-2.5.0.aar (io.coil-kt:coil-base:2.5.0) with ExtractAarTransform
Transforming coil-base-2.5.0.aar (io.coil-kt:coil-base:2.5.0) with AarTransform
Transforming lifecycle-runtime-2.7.0.aar (androidx.lifecycle:lifecycle-runtime:2.7.0) with JetifyTransform
Transforming lifecycle-runtime-2.7.0.aar (androidx.lifecycle:lifecycle-runtime:2.7.0) with ExtractAarTransform
Transforming lifecycle-runtime-2.7.0.aar (androidx.lifecycle:lifecycle-runtime:2.7.0) with AarTransform
Transforming lifecycle-runtime-ktx-2.7.0.aar (androidx.lifecycle:lifecycle-runtime-ktx:2.7.0) with JetifyTransform
Transforming lifecycle-runtime-ktx-2.7.0.aar (androidx.lifecycle:lifecycle-runtime-ktx:2.7.0) with ExtractAarTransform
Transforming lifecycle-runtime-ktx-2.7.0.aar (androidx.lifecycle:lifecycle-runtime-ktx:2.7.0) with AarTransform
Transforming lifecycle-viewmodel-compose-2.7.0.aar (androidx.lifecycle:lifecycle-viewmodel-compose:2.7.0) with JetifyTransform
Caching disabled for AarTransform: /home/runner/.gradle/caches/transforms-3/e253461f05edaf7aa67d8be4b23c5378/transformed/jetified-material-release because:
  Build cache is disabled
AarTransform: /home/runner/.gradle/caches/transforms-3/e253461f05edaf7aa67d8be4b23c5378/transformed/jetified-material-release is not up-to-date because:
  No history is available.
Caching disabled for AarTransform: /home/runner/.gradle/caches/transforms-3/d18e3e45b4d94d3858bdc59584221f19/transformed/jetified-animation-release because:
  Build cache is disabled
AarTransform: /home/runner/.gradle/caches/transforms-3/d18e3e45b4d94d3858bdc59584221f19/transformed/jetified-animation-release is not up-to-date because:
  No history is available.
Transforming lifecycle-viewmodel-compose-2.7.0.aar (androidx.lifecycle:lifecycle-viewmodel-compose:2.7.0) with ExtractAarTransform
Transforming lifecycle-viewmodel-compose-2.7.0.aar (androidx.lifecycle:lifecycle-viewmodel-compose:2.7.0) with AarTransform
Transforming accompanist-drawablepainter-0.32.0.aar (com.google.accompanist:accompanist-drawablepainter:0.32.0) with JetifyTransform
Transforming accompanist-drawablepainter-0.32.0.aar (com.google.accompanist:accompanist-drawablepainter:0.32.0) with ExtractAarTransform
Transforming accompanist-drawablepainter-0.32.0.aar (com.google.accompanist:accompanist-drawablepainter:0.32.0) with AarTransform
Transforming ui-release.aar (androidx.compose.ui:ui-android:1.6.0) with JetifyTransform
Transforming ui-release.aar (androidx.compose.ui:ui-android:1.6.0) with ExtractAarTransform
Transforming ui-release.aar (androidx.compose.ui:ui-android:1.6.0) with AarTransform
Transforming autofill-1.0.0.aar (androidx.autofill:autofill:1.0.0) with JetifyTransform
Transforming autofill-1.0.0.aar (androidx.autofill:autofill:1.0.0) with ExtractAarTransform
Transforming autofill-1.0.0.aar (androidx.autofill:autofill:1.0.0) with AarTransform
Transforming appcompat-resources-1.6.1.aar (androidx.appcompat:appcompat-resources:1.6.1) with JetifyTransform
Transforming appcompat-resources-1.6.1.aar (androidx.appcompat:appcompat-resources:1.6.1) with ExtractAarTransform
Transforming appcompat-resources-1.6.1.aar (androidx.appcompat:appcompat-resources:1.6.1) with AarTransform
Transforming vectordrawable-animated-1.1.0.aar (androidx.vectordrawable:vectordrawable-animated:1.1.0) with JetifyTransform
Transforming vectordrawable-animated-1.1.0.aar (androidx.vectordrawable:vectordrawable-animated:1.1.0) with ExtractAarTransform
Transforming vectordrawable-animated-1.1.0.aar (androidx.vectordrawable:vectordrawable-animated:1.1.0) with AarTransform
Transforming vectordrawable-1.1.0.aar (androidx.vectordrawable:vectordrawable:1.1.0) with JetifyTransform
Transforming vectordrawable-1.1.0.aar (androidx.vectordrawable:vectordrawable:1.1.0) with ExtractAarTransform
Transforming vectordrawable-1.1.0.aar (androidx.vectordrawable:vectordrawable:1.1.0) with AarTransform
Transforming vectordrawable-1.1.0.aar (androidx.vectordrawable:vectordrawable:1.1.0) with JetifyTransform
Transforming vectordrawable-1.1.0.aar (androidx.vectordrawable:vectordrawable:1.1.0) with ExtractAarTransform
Transforming vectordrawable-1.1.0.aar (androidx.vectordrawable:vectordrawable:1.1.0) with AarTransform
Transforming core-1.12.0.aar (androidx.core:core:1.12.0) with JetifyTransform
Transforming core-1.12.0.aar (androidx.core:core:1.12.0) with ExtractAarTransform
Transforming core-1.12.0.aar (androidx.core:core:1.12.0) with AarTransform
Transforming core-1.12.0.aar (androidx.core:core:1.12.0) with JetifyTransform
Transforming core-1.12.0.aar (androidx.core:core:1.12.0) with ExtractAarTransform
Transforming core-1.12.0.aar (androidx.core:core:1.12.0) with AarTransform
Transforming core-1.12.0.aar (androidx.core:core:1.12.0) with JetifyTransform
Caching disabled for AarTransform: /home/runner/.gradle/caches/transforms-3/ff71fba756ca4157450ef962b788a7b8/transformed/jetified-foundation-layout-release because:
  Build cache is disabled
Transforming core-1.12.0.aar (androidx.core:core:1.12.0) with ExtractAarTransform
AarTransform: /home/runner/.gradle/caches/transforms-3/ff71fba756ca4157450ef962b788a7b8/transformed/jetified-foundation-layout-release is not up-to-date because:
  No history is available.
Transforming core-1.12.0.aar (androidx.core:core:1.12.0) with AarTransform
Transforming customview-poolingcontainer-1.0.0.aar (androidx.customview:customview-poolingcontainer:1.0.0) with JetifyTransform
Transforming customview-poolingcontainer-1.0.0.aar (androidx.customview:customview-poolingcontainer:1.0.0) with ExtractAarTransform
Transforming customview-poolingcontainer-1.0.0.aar (androidx.customview:customview-poolingcontainer:1.0.0) with AarTransform
Transforming core-ktx-1.12.0.aar (androidx.core:core-ktx:1.12.0) with JetifyTransform
Transforming core-ktx-1.12.0.aar (androidx.core:core-ktx:1.12.0) with ExtractAarTransform
Transforming core-ktx-1.12.0.aar (androidx.core:core-ktx:1.12.0) with AarTransform
Transforming annotation-experimental-1.3.0.aar (androidx.annotation:annotation-experimental:1.3.0) with JetifyTransform
Transforming annotation-experimental-1.3.0.aar (androidx.annotation:annotation-experimental:1.3.0) with ExtractAarTransform
Transforming annotation-experimental-1.3.0.aar (androidx.annotation:annotation-experimental:1.3.0) with AarTransform
Transforming runtime-saveable-release.aar (androidx.compose.runtime:runtime-saveable-android:1.6.0) with JetifyTransform
Transforming runtime-saveable-release.aar (androidx.compose.runtime:runtime-saveable-android:1.6.0) with ExtractAarTransform
Transforming runtime-saveable-release.aar (androidx.compose.runtime:runtime-saveable-android:1.6.0) with AarTransform
Transforming runtime-release.aar (androidx.compose.runtime:runtime-android:1.6.0) with JetifyTransform
Caching disabled for AarTransform: /home/runner/.gradle/caches/transforms-3/c4e0e79cd87e6e8b15a86f479bf7fb1c/transformed/jetified-foundation-release because:
  Build cache is disabled
Transforming runtime-release.aar (androidx.compose.runtime:runtime-android:1.6.0) with ExtractAarTransform
AarTransform: /home/runner/.gradle/caches/transforms-3/c4e0e79cd87e6e8b15a86f479bf7fb1c/transformed/jetified-foundation-release is not up-to-date because:
  No history is available.
Transforming runtime-release.aar (androidx.compose.runtime:runtime-android:1.6.0) with AarTransform
Transforming versionedparcelable-1.1.1.aar (androidx.versionedparcelable:versionedparcelable:1.1.1) with JetifyTransform
Transforming versionedparcelable-1.1.1.aar (androidx.versionedparcelable:versionedparcelable:1.1.1) with ExtractAarTransform
Transforming versionedparcelable-1.1.1.aar (androidx.versionedparcelable:versionedparcelable:1.1.1) with AarTransform
Transforming interpolator-1.0.0.aar (androidx.interpolator:interpolator:1.0.0) with JetifyTransform
Caching disabled for AarTransform: /home/runner/.gradle/caches/transforms-3/49f657191625df914dc02aaa37e2ccce/transformed/jetified-ui-unit-release because:
  Build cache is disabled
Transforming interpolator-1.0.0.aar (androidx.interpolator:interpolator:1.0.0) with ExtractAarTransform
AarTransform: /home/runner/.gradle/caches/transforms-3/49f657191625df914dc02aaa37e2ccce/transformed/jetified-ui-unit-release is not up-to-date because:
  No history is available.
Transforming interpolator-1.0.0.aar (androidx.interpolator:interpolator:1.0.0) with AarTransform
Transforming interpolator-1.0.0.aar (androidx.interpolator:interpolator:1.0.0) with JetifyTransform
Transforming interpolator-1.0.0.aar (androidx.interpolator:interpolator:1.0.0) with ExtractAarTransform
Transforming interpolator-1.0.0.aar (androidx.interpolator:interpolator:1.0.0) with AarTransform
Transforming core-runtime-2.2.0.aar (androidx.arch.core:core-runtime:2.2.0) with JetifyTransform
Transforming core-runtime-2.2.0.aar (androidx.arch.core:core-runtime:2.2.0) with ExtractAarTransform
Transforming core-runtime-2.2.0.aar (androidx.arch.core:core-runtime:2.2.0) with AarTransform
Transforming profileinstaller-1.3.1.aar (androidx.profileinstaller:profileinstaller:1.3.1) with JetifyTransform
Transforming profileinstaller-1.3.1.aar (androidx.profileinstaller:profileinstaller:1.3.1) with ExtractAarTransform
Transforming profileinstaller-1.3.1.aar (androidx.profileinstaller:profileinstaller:1.3.1) with AarTransform
Transforming startup-runtime-1.1.1.aar (androidx.startup:startup-runtime:1.1.1) with JetifyTransform
Transforming startup-runtime-1.1.1.aar (androidx.startup:startup-runtime:1.1.1) with ExtractAarTransform
Transforming startup-runtime-1.1.1.aar (androidx.startup:startup-runtime:1.1.1) with AarTransform
Transforming tracing-1.0.0.aar (androidx.tracing:tracing:1.0.0) with JetifyTransform
Transforming tracing-1.0.0.aar (androidx.tracing:tracing:1.0.0) with ExtractAarTransform
Transforming tracing-1.0.0.aar (androidx.tracing:tracing:1.0.0) with AarTransform
Transforming exifinterface-1.3.6.aar (androidx.exifinterface:exifinterface:1.3.6) with JetifyTransform
Transforming exifinterface-1.3.6.aar (androidx.exifinterface:exifinterface:1.3.6) with ExtractAarTransform
Transforming exifinterface-1.3.6.aar (androidx.exifinterface:exifinterface:1.3.6) with AarTransform
Caching disabled for AarTransform: /home/runner/.gradle/caches/transforms-3/510b4aecd5975c712c4d4e307818dcd4/transformed/jetified-ui-geometry-release because:
  Build cache is disabled
AarTransform: /home/runner/.gradle/caches/transforms-3/510b4aecd5975c712c4d4e307818dcd4/transformed/jetified-ui-geometry-release is not up-to-date because:
  No history is available.
Caching disabled for AarTransform: /home/runner/.gradle/caches/transforms-3/841daa78a6c7688fb1784afdf8bd8006/transformed/jetified-ui-tooling-data-release because:
  Build cache is disabled
AarTransform: /home/runner/.gradle/caches/transforms-3/841daa78a6c7688fb1784afdf8bd8006/transformed/jetified-ui-tooling-data-release is not up-to-date because:
  No history is available.
Caching disabled for AarTransform: /home/runner/.gradle/caches/transforms-3/bf74d1f461dd083fb9b90c72b67dd7ae/transformed/jetified-ui-util-release because:
  Build cache is disabled
AarTransform: /home/runner/.gradle/caches/transforms-3/bf74d1f461dd083fb9b90c72b67dd7ae/transformed/jetified-ui-util-release is not up-to-date because:
  No history is available.
Caching disabled for AarTransform: /home/runner/.gradle/caches/transforms-3/739ee27594ae93846d923b96306d6ce4/transformed/jetified-ui-text-release because:
  Build cache is disabled
AarTransform: /home/runner/.gradle/caches/transforms-3/739ee27594ae93846d923b96306d6ce4/transformed/jetified-ui-text-release is not up-to-date because:
  No history is available.
Caching disabled for AarTransform: /home/runner/.gradle/caches/transforms-3/b49ca312096e0275e43db54fdf724643/transformed/jetified-ui-tooling-preview-release because:
  Build cache is disabled
AarTransform: /home/runner/.gradle/caches/transforms-3/b49ca312096e0275e43db54fdf724643/transformed/jetified-ui-tooling-preview-release is not up-to-date because:
  No history is available.
Caching disabled for AarTransform: /home/runner/.gradle/caches/transforms-3/39b5ea9cdb3e645b6f458cbb8dfdcaa8/transformed/jetified-ui-graphics-release because:
  Build cache is disabled
AarTransform: /home/runner/.gradle/caches/transforms-3/39b5ea9cdb3e645b6f458cbb8dfdcaa8/transformed/jetified-ui-graphics-release is not up-to-date because:
  No history is available.
Caching disabled for AarTransform: /home/runner/.gradle/caches/transforms-3/cdde5d135a5c5f405b2e1a5824d1a5bf/transformed/jetified-activity-compose-1.8.2 because:
  Build cache is disabled
AarTransform: /home/runner/.gradle/caches/transforms-3/cdde5d135a5c5f405b2e1a5824d1a5bf/transformed/jetified-activity-compose-1.8.2 is not up-to-date because:
  No history is available.
Caching disabled for AarTransform: /home/runner/.gradle/caches/transforms-3/1c604c0a449a91646a02b0bf81bb92a8/transformed/jetified-ui-test-manifest-1.6.0 because:
  Build cache is disabled
AarTransform: /home/runner/.gradle/caches/transforms-3/1c604c0a449a91646a02b0bf81bb92a8/transformed/jetified-ui-test-manifest-1.6.0 is not up-to-date because:
  No history is available.
Caching disabled for AarTransform: /home/runner/.gradle/caches/transforms-3/bf3003103bf104060019c4c4fe8f58d2/transformed/jetified-ui-tooling-release because:
  Build cache is disabled
AarTransform: /home/runner/.gradle/caches/transforms-3/bf3003103bf104060019c4c4fe8f58d2/transformed/jetified-ui-tooling-release is not up-to-date because:
  No history is available.
Caching disabled for AarTransform: /home/runner/.gradle/caches/transforms-3/accb67d5fa6842fc494107338777a9e8/transformed/jetified-emoji2-1.3.0 because:
  Build cache is disabled
AarTransform: /home/runner/.gradle/caches/transforms-3/accb67d5fa6842fc494107338777a9e8/transformed/jetified-emoji2-1.3.0 is not up-to-date because:
  No history is available.
Caching disabled for AarTransform: /home/runner/.gradle/caches/transforms-3/076a8f229414680308728714ada7a4b2/transformed/jetified-lifecycle-process-2.7.0 because:
  Build cache is disabled
AarTransform: /home/runner/.gradle/caches/transforms-3/076a8f229414680308728714ada7a4b2/transformed/jetified-lifecycle-process-2.7.0 is not up-to-date because:
  No history is available.
Caching disabled for AarTransform: /home/runner/.gradle/caches/transforms-3/0e3cb1d08ffd4372de833f64f3db18a8/transformed/jetified-savedstate-1.2.1 because:
  Build cache is disabled
AarTransform: /home/runner/.gradle/caches/transforms-3/0e3cb1d08ffd4372de833f64f3db18a8/transformed/jetified-savedstate-1.2.1 is not up-to-date because:
  No history is available.
Caching disabled for AarTransform: /home/runner/.gradle/caches/transforms-3/dcfbdd2b03f788a16fdc2ef43289a48a/transformed/jetified-savedstate-ktx-1.2.1 because:
  Build cache is disabled
AarTransform: /home/runner/.gradle/caches/transforms-3/dcfbdd2b03f788a16fdc2ef43289a48a/transformed/jetified-savedstate-ktx-1.2.1 is not up-to-date because:
  No history is available.
Caching disabled for AarTransform: /home/runner/.gradle/caches/transforms-3/86f269d9a5d25d9db3a0c3844d69e947/transformed/lifecycle-livedata-core-2.7.0 because:
  Build cache is disabled
AarTransform: /home/runner/.gradle/caches/transforms-3/86f269d9a5d25d9db3a0c3844d69e947/transformed/lifecycle-livedata-core-2.7.0 is not up-to-date because:
  No history is available.
Caching disabled for AarTransform: /home/runner/.gradle/caches/transforms-3/3d80dbef2bfd9f638e3e23df58b28058/transformed/jetified-lifecycle-viewmodel-savedstate-2.7.0 because:
  Build cache is disabled
AarTransform: /home/runner/.gradle/caches/transforms-3/3d80dbef2bfd9f638e3e23df58b28058/transformed/jetified-lifecycle-viewmodel-savedstate-2.7.0 is not up-to-date because:
  No history is available.
Caching disabled for AarTransform: /home/runner/.gradle/caches/transforms-3/2e3aff25883e88e5e0e03fc7e5b8dddc/transformed/jetified-lifecycle-viewmodel-ktx-2.7.0 because:
  Build cache is disabled
AarTransform: /home/runner/.gradle/caches/transforms-3/2e3aff25883e88e5e0e03fc7e5b8dddc/transformed/jetified-lifecycle-viewmodel-ktx-2.7.0 is not up-to-date because:
  No history is available.
Caching disabled for AarTransform: /home/runner/.gradle/caches/transforms-3/d465ee9d576c159aa28b1d9fcb29cc5c/transformed/jetified-coil-2.5.0 because:
  Build cache is disabled
AarTransform: /home/runner/.gradle/caches/transforms-3/d465ee9d576c159aa28b1d9fcb29cc5c/transformed/jetified-coil-2.5.0 is not up-to-date because:
  No history is available.
Caching disabled for AarTransform: /home/runner/.gradle/caches/transforms-3/099efc0ddbfac48f037781c2ca4851d5/transformed/lifecycle-viewmodel-2.7.0 because:
  Build cache is disabled
AarTransform: /home/runner/.gradle/caches/transforms-3/099efc0ddbfac48f037781c2ca4851d5/transformed/lifecycle-viewmodel-2.7.0 is not up-to-date because:
  No history is available.
Caching disabled for AarTransform: /home/runner/.gradle/caches/transforms-3/c9c5c4980b082d6d2dd323ddd1701769/transformed/lifecycle-runtime-2.7.0 because:
  Build cache is disabled
AarTransform: /home/runner/.gradle/caches/transforms-3/c9c5c4980b082d6d2dd323ddd1701769/transformed/lifecycle-runtime-2.7.0 is not up-to-date because:
  No history is available.
Caching disabled for AarTransform: /home/runner/.gradle/caches/transforms-3/5b6e8f4da29c5badae3df148f26f4146/transformed/jetified-coil-base-2.5.0 because:
  Build cache is disabled
AarTransform: /home/runner/.gradle/caches/transforms-3/5b6e8f4da29c5badae3df148f26f4146/transformed/jetified-coil-base-2.5.0 is not up-to-date because:
  No history is available.
Caching disabled for AarTransform: /home/runner/.gradle/caches/transforms-3/b8d5a53e480a02a01d868ba62793622b/transformed/jetified-lifecycle-runtime-ktx-2.7.0 because:
  Build cache is disabled
AarTransform: /home/runner/.gradle/caches/transforms-3/b8d5a53e480a02a01d868ba62793622b/transformed/jetified-lifecycle-runtime-ktx-2.7.0 is not up-to-date because:
  No history is available.
Caching disabled for AarTransform: /home/runner/.gradle/caches/transforms-3/a0123c34e88e58ea294051e8ca239094/transformed/jetified-lifecycle-viewmodel-compose-2.7.0 because:
  Build cache is disabled
AarTransform: /home/runner/.gradle/caches/transforms-3/a0123c34e88e58ea294051e8ca239094/transformed/jetified-lifecycle-viewmodel-compose-2.7.0 is not up-to-date because:
  No history is available.
Caching disabled for AarTransform: /home/runner/.gradle/caches/transforms-3/5c193792e17ca9669102e33e07a2e665/transformed/jetified-accompanist-drawablepainter-0.32.0 because:
  Build cache is disabled
AarTransform: /home/runner/.gradle/caches/transforms-3/5c193792e17ca9669102e33e07a2e665/transformed/jetified-accompanist-drawablepainter-0.32.0 is not up-to-date because:
  No history is available.
Caching disabled for AarTransform: /home/runner/.gradle/caches/transforms-3/af7438249dbf35e19c89c1000528720c/transformed/jetified-autofill-1.0.0 because:
  Build cache is disabled
AarTransform: /home/runner/.gradle/caches/transforms-3/af7438249dbf35e19c89c1000528720c/transformed/jetified-autofill-1.0.0 is not up-to-date because:
  No history is available.
Caching disabled for AarTransform: /home/runner/.gradle/caches/transforms-3/7c1fde5ba7832962763da54cbb5017fc/transformed/jetified-ui-release because:
  Build cache is disabled
AarTransform: /home/runner/.gradle/caches/transforms-3/7c1fde5ba7832962763da54cbb5017fc/transformed/jetified-ui-release is not up-to-date because:
  No history is available.
Caching disabled for AarTransform: /home/runner/.gradle/caches/transforms-3/3eaec48e790365cb3ddece1de5aab10f/transformed/jetified-appcompat-resources-1.6.1 because:
  Build cache is disabled
AarTransform: /home/runner/.gradle/caches/transforms-3/3eaec48e790365cb3ddece1de5aab10f/transformed/jetified-appcompat-resources-1.6.1 is not up-to-date because:
  No history is available.
Caching disabled for AarTransform: /home/runner/.gradle/caches/transforms-3/8cc41fb51eaad97db6eafd93ec44c1e0/transformed/vectordrawable-animated-1.1.0 because:
  Build cache is disabled
AarTransform: /home/runner/.gradle/caches/transforms-3/8cc41fb51eaad97db6eafd93ec44c1e0/transformed/vectordrawable-animated-1.1.0 is not up-to-date because:
  No history is available.
Caching disabled for AarTransform: /home/runner/.gradle/caches/transforms-3/3faa838f61968b207718ebdff448e42e/transformed/vectordrawable-1.1.0 because:
  Build cache is disabled
AarTransform: /home/runner/.gradle/caches/transforms-3/3faa838f61968b207718ebdff448e42e/transformed/vectordrawable-1.1.0 is not up-to-date because:
  No history is available.
Caching disabled for AarTransform: /home/runner/.gradle/caches/transforms-3/4dde0fce54f6341b6da19770f76a2130/transformed/core-1.12.0 because:
  Build cache is disabled
AarTransform: /home/runner/.gradle/caches/transforms-3/4dde0fce54f6341b6da19770f76a2130/transformed/core-1.12.0 is not up-to-date because:
  No history is available.
Caching disabled for AarTransform: /home/runner/.gradle/caches/transforms-3/328141f1afd86b20c170f8a445d30e19/transformed/jetified-customview-poolingcontainer-1.0.0 because:
  Build cache is disabled
AarTransform: /home/runner/.gradle/caches/transforms-3/328141f1afd86b20c170f8a445d30e19/transformed/jetified-customview-poolingcontainer-1.0.0 is not up-to-date because:
  No history is available.
Caching disabled for AarTransform: /home/runner/.gradle/caches/transforms-3/86d4a3973c7d015dcddc3636b26d31c0/transformed/jetified-core-ktx-1.12.0 because:
  Build cache is disabled
AarTransform: /home/runner/.gradle/caches/transforms-3/86d4a3973c7d015dcddc3636b26d31c0/transformed/jetified-core-ktx-1.12.0 is not up-to-date because:
  No history is available.
Caching disabled for AarTransform: /home/runner/.gradle/caches/transforms-3/1f3abe10d1870e2a226e8cc9c7e7eb3b/transformed/jetified-annotation-experimental-1.3.0 because:
  Build cache is disabled
AarTransform: /home/runner/.gradle/caches/transforms-3/1f3abe10d1870e2a226e8cc9c7e7eb3b/transformed/jetified-annotation-experimental-1.3.0 is not up-to-date because:
  No history is available.
Caching disabled for AarTransform: /home/runner/.gradle/caches/transforms-3/88742612a934cebcd0be91fdda997a16/transformed/jetified-runtime-saveable-release because:
  Build cache is disabled
AarTransform: /home/runner/.gradle/caches/transforms-3/88742612a934cebcd0be91fdda997a16/transformed/jetified-runtime-saveable-release is not up-to-date because:
  No history is available.
Caching disabled for AarTransform: /home/runner/.gradle/caches/transforms-3/da2de8c6ac4d0cdf9dede0c7637f3f2f/transformed/interpolator-1.0.0 because:
  Build cache is disabled
AarTransform: /home/runner/.gradle/caches/transforms-3/da2de8c6ac4d0cdf9dede0c7637f3f2f/transformed/interpolator-1.0.0 is not up-to-date because:
  No history is available.
Caching disabled for AarTransform: /home/runner/.gradle/caches/transforms-3/37655ed3604b6c69200879d0500f2a9b/transformed/jetified-runtime-release because:
  Build cache is disabled
Caching disabled for AarTransform: /home/runner/.gradle/caches/transforms-3/096095fb3f46b0f49569eff3850aad1c/transformed/versionedparcelable-1.1.1 because:
  Build cache is disabled
AarTransform: /home/runner/.gradle/caches/transforms-3/37655ed3604b6c69200879d0500f2a9b/transformed/jetified-runtime-release is not up-to-date because:
  No history is available.
AarTransform: /home/runner/.gradle/caches/transforms-3/096095fb3f46b0f49569eff3850aad1c/transformed/versionedparcelable-1.1.1 is not up-to-date because:
  No history is available.
Caching disabled for AarTransform: /home/runner/.gradle/caches/transforms-3/cb64fc0a0422f37738c7cc6bed1d58f4/transformed/core-runtime-2.2.0 because:
  Build cache is disabled
AarTransform: /home/runner/.gradle/caches/transforms-3/cb64fc0a0422f37738c7cc6bed1d58f4/transformed/core-runtime-2.2.0 is not up-to-date because:
  No history is available.
Caching disabled for AarTransform: /home/runner/.gradle/caches/transforms-3/ed2a99777db40be16c6b391443781293/transformed/jetified-profileinstaller-1.3.1 because:
  Build cache is disabled
AarTransform: /home/runner/.gradle/caches/transforms-3/ed2a99777db40be16c6b391443781293/transformed/jetified-profileinstaller-1.3.1 is not up-to-date because:
  No history is available.
Caching disabled for AarTransform: /home/runner/.gradle/caches/transforms-3/e38763203da2274fe32ea162c1ebfd07/transformed/jetified-startup-runtime-1.1.1 because:
  Build cache is disabled
AarTransform: /home/runner/.gradle/caches/transforms-3/e38763203da2274fe32ea162c1ebfd07/transformed/jetified-startup-runtime-1.1.1 is not up-to-date because:
  No history is available.
Caching disabled for AarTransform: /home/runner/.gradle/caches/transforms-3/77845b546bce7c968a64544941173c93/transformed/jetified-tracing-1.0.0 because:
  Build cache is disabled
AarTransform: /home/runner/.gradle/caches/transforms-3/77845b546bce7c968a64544941173c93/transformed/jetified-tracing-1.0.0 is not up-to-date because:
  No history is available.
Caching disabled for AarTransform: /home/runner/.gradle/caches/transforms-3/c0080d546a3a59f6f620959026c16997/transformed/exifinterface-1.3.6 because:
  Build cache is disabled
AarTransform: /home/runner/.gradle/caches/transforms-3/c0080d546a3a59f6f620959026c16997/transformed/exifinterface-1.3.6 is not up-to-date because:
  No history is available.
Caching disabled for task ':app-v3:processDebugMainManifest' because:
  Build cache is disabled
Task ':app-v3:processDebugMainManifest' is not up-to-date because:
  No history is available.
Loading library manifest /home/runner/.gradle/caches/transforms-3/6b3695a9e99692f435cc63d9903ec2a9/transformed/jetified-material3-1.1.2/AndroidManifest.xml
Loading library manifest /home/runner/.gradle/caches/transforms-3/4486cd71c0d89f8b575e26ac3b908889/transformed/jetified-activity-1.8.2/AndroidManifest.xml
Loading library manifest /home/runner/.gradle/caches/transforms-3/1628c2c5419cf59a3c841ba2e99fbd0f/transformed/jetified-activity-ktx-1.8.2/AndroidManifest.xml
Loading library manifest /home/runner/.gradle/caches/transforms-3/32916e4361a0519dfb325dcc3e200682/transformed/jetified-coil-compose-2.5.0/AndroidManifest.xml
Loading library manifest /home/runner/.gradle/caches/transforms-3/e42332f6c3845b4ae63811bd5d1b8586/transformed/jetified-coil-compose-base-2.5.0/AndroidManifest.xml
Loading library manifest /home/runner/.gradle/caches/transforms-3/3dc43ce192fe1dab647f59ff297eacf1/transformed/jetified-material-ripple-release/AndroidManifest.xml
Loading library manifest /home/runner/.gradle/caches/transforms-3/73e6621120999a43cb87f253d3ce9798/transformed/jetified-material-icons-core-release/AndroidManifest.xml
Loading library manifest /home/runner/.gradle/caches/transforms-3/e253461f05edaf7aa67d8be4b23c5378/transformed/jetified-material-release/AndroidManifest.xml
Loading library manifest /home/runner/.gradle/caches/transforms-3/2e023a60b9bc95923d69649b085625a1/transformed/jetified-animation-core-release/AndroidManifest.xml
Loading library manifest /home/runner/.gradle/caches/transforms-3/d18e3e45b4d94d3858bdc59584221f19/transformed/jetified-animation-release/AndroidManifest.xml
Loading library manifest /home/runner/.gradle/caches/transforms-3/ff71fba756ca4157450ef962b788a7b8/transformed/jetified-foundation-layout-release/AndroidManifest.xml
Loading library manifest /home/runner/.gradle/caches/transforms-3/c4e0e79cd87e6e8b15a86f479bf7fb1c/transformed/jetified-foundation-release/AndroidManifest.xml
Loading library manifest /home/runner/.gradle/caches/transforms-3/841daa78a6c7688fb1784afdf8bd8006/transformed/jetified-ui-tooling-data-release/AndroidManifest.xml
Loading library manifest /home/runner/.gradle/caches/transforms-3/49f657191625df914dc02aaa37e2ccce/transformed/jetified-ui-unit-release/AndroidManifest.xml
Loading library manifest /home/runner/.gradle/caches/transforms-3/510b4aecd5975c712c4d4e307818dcd4/transformed/jetified-ui-geometry-release/AndroidManifest.xml
Loading library manifest /home/runner/.gradle/caches/transforms-3/bf74d1f461dd083fb9b90c72b67dd7ae/transformed/jetified-ui-util-release/AndroidManifest.xml
Loading library manifest /home/runner/.gradle/caches/transforms-3/739ee27594ae93846d923b96306d6ce4/transformed/jetified-ui-text-release/AndroidManifest.xml
Loading library manifest /home/runner/.gradle/caches/transforms-3/b49ca312096e0275e43db54fdf724643/transformed/jetified-ui-tooling-preview-release/AndroidManifest.xml
Loading library manifest /home/runner/.gradle/caches/transforms-3/39b5ea9cdb3e645b6f458cbb8dfdcaa8/transformed/jetified-ui-graphics-release/AndroidManifest.xml
Loading library manifest /home/runner/.gradle/caches/transforms-3/1c604c0a449a91646a02b0bf81bb92a8/transformed/jetified-ui-test-manifest-1.6.0/AndroidManifest.xml
Loading library manifest /home/runner/.gradle/caches/transforms-3/bf3003103bf104060019c4c4fe8f58d2/transformed/jetified-ui-tooling-release/AndroidManifest.xml
Loading library manifest /home/runner/.gradle/caches/transforms-3/cdde5d135a5c5f405b2e1a5824d1a5bf/transformed/jetified-activity-compose-1.8.2/AndroidManifest.xml
Loading library manifest /home/runner/.gradle/caches/transforms-3/accb67d5fa6842fc494107338777a9e8/transformed/jetified-emoji2-1.3.0/AndroidManifest.xml
Loading library manifest /home/runner/.gradle/caches/transforms-3/076a8f229414680308728714ada7a4b2/transformed/jetified-lifecycle-process-2.7.0/AndroidManifest.xml
Loading library manifest /home/runner/.gradle/caches/transforms-3/86f269d9a5d25d9db3a0c3844d69e947/transformed/lifecycle-livedata-core-2.7.0/AndroidManifest.xml
Loading library manifest /home/runner/.gradle/caches/transforms-3/dcfbdd2b03f788a16fdc2ef43289a48a/transformed/jetified-savedstate-ktx-1.2.1/AndroidManifest.xml
Loading library manifest /home/runner/.gradle/caches/transforms-3/0e3cb1d08ffd4372de833f64f3db18a8/transformed/jetified-savedstate-1.2.1/AndroidManifest.xml
Loading library manifest /home/runner/.gradle/caches/transforms-3/3d80dbef2bfd9f638e3e23df58b28058/transformed/jetified-lifecycle-viewmodel-savedstate-2.7.0/AndroidManifest.xml
Loading library manifest /home/runner/.gradle/caches/transforms-3/2e3aff25883e88e5e0e03fc7e5b8dddc/transformed/jetified-lifecycle-viewmodel-ktx-2.7.0/AndroidManifest.xml
Loading library manifest /home/runner/.gradle/caches/transforms-3/099efc0ddbfac48f037781c2ca4851d5/transformed/lifecycle-viewmodel-2.7.0/AndroidManifest.xml
Loading library manifest /home/runner/.gradle/caches/transforms-3/d465ee9d576c159aa28b1d9fcb29cc5c/transformed/jetified-coil-2.5.0/AndroidManifest.xml
Loading library manifest /home/runner/.gradle/caches/transforms-3/5b6e8f4da29c5badae3df148f26f4146/transformed/jetified-coil-base-2.5.0/AndroidManifest.xml
Loading library manifest /home/runner/.gradle/caches/transforms-3/c9c5c4980b082d6d2dd323ddd1701769/transformed/lifecycle-runtime-2.7.0/AndroidManifest.xml
Loading library manifest /home/runner/.gradle/caches/transforms-3/b8d5a53e480a02a01d868ba62793622b/transformed/jetified-lifecycle-runtime-ktx-2.7.0/AndroidManifest.xml
Loading library manifest /home/runner/.gradle/caches/transforms-3/a0123c34e88e58ea294051e8ca239094/transformed/jetified-lifecycle-viewmodel-compose-2.7.0/AndroidManifest.xml
Loading library manifest /home/runner/.gradle/caches/transforms-3/5c193792e17ca9669102e33e07a2e665/transformed/jetified-accompanist-drawablepainter-0.32.0/AndroidManifest.xml
Loading library manifest /home/runner/.gradle/caches/transforms-3/7c1fde5ba7832962763da54cbb5017fc/transformed/jetified-ui-release/AndroidManifest.xml
Loading library manifest /home/runner/.gradle/caches/transforms-3/af7438249dbf35e19c89c1000528720c/transformed/jetified-autofill-1.0.0/AndroidManifest.xml
Loading library manifest /home/runner/.gradle/caches/transforms-3/3eaec48e790365cb3ddece1de5aab10f/transformed/jetified-appcompat-resources-1.6.1/AndroidManifest.xml
Loading library manifest /home/runner/.gradle/caches/transforms-3/8cc41fb51eaad97db6eafd93ec44c1e0/transformed/vectordrawable-animated-1.1.0/AndroidManifest.xml
Loading library manifest /home/runner/.gradle/caches/transforms-3/3faa838f61968b207718ebdff448e42e/transformed/vectordrawable-1.1.0/AndroidManifest.xml
Loading library manifest /home/runner/.gradle/caches/transforms-3/4dde0fce54f6341b6da19770f76a2130/transformed/core-1.12.0/AndroidManifest.xml
Loading library manifest /home/runner/.gradle/caches/transforms-3/328141f1afd86b20c170f8a445d30e19/transformed/jetified-customview-poolingcontainer-1.0.0/AndroidManifest.xml
Loading library manifest /home/runner/.gradle/caches/transforms-3/86d4a3973c7d015dcddc3636b26d31c0/transformed/jetified-core-ktx-1.12.0/AndroidManifest.xml
Loading library manifest /home/runner/.gradle/caches/transforms-3/1f3abe10d1870e2a226e8cc9c7e7eb3b/transformed/jetified-annotation-experimental-1.3.0/AndroidManifest.xml
Loading library manifest /home/runner/.gradle/caches/transforms-3/88742612a934cebcd0be91fdda997a16/transformed/jetified-runtime-saveable-release/AndroidManifest.xml
Loading library manifest /home/runner/.gradle/caches/transforms-3/37655ed3604b6c69200879d0500f2a9b/transformed/jetified-runtime-release/AndroidManifest.xml
Loading library manifest /home/runner/.gradle/caches/transforms-3/096095fb3f46b0f49569eff3850aad1c/transformed/versionedparcelable-1.1.1/AndroidManifest.xml
Loading library manifest /home/runner/.gradle/caches/transforms-3/da2de8c6ac4d0cdf9dede0c7637f3f2f/transformed/interpolator-1.0.0/AndroidManifest.xml
Loading library manifest /home/runner/.gradle/caches/transforms-3/cb64fc0a0422f37738c7cc6bed1d58f4/transformed/core-runtime-2.2.0/AndroidManifest.xml
Loading library manifest /home/runner/.gradle/caches/transforms-3/ed2a99777db40be16c6b391443781293/transformed/jetified-profileinstaller-1.3.1/AndroidManifest.xml
Loading library manifest /home/runner/.gradle/caches/transforms-3/e38763203da2274fe32ea162c1ebfd07/transformed/jetified-startup-runtime-1.1.1/AndroidManifest.xml
Loading library manifest /home/runner/.gradle/caches/transforms-3/77845b546bce7c968a64544941173c93/transformed/jetified-tracing-1.0.0/AndroidManifest.xml
Loading library manifest /home/runner/.gradle/caches/transforms-3/c0080d546a3a59f6f620959026c16997/transformed/exifinterface-1.3.6/AndroidManifest.xml
Merging main manifest /home/runner/work/Asd-app/Asd-app/app-v3/src/main/AndroidManifest.xml

Merging library manifest /home/runner/.gradle/caches/transforms-3/6b3695a9e99692f435cc63d9903ec2a9/transformed/jetified-material3-1.1.2/AndroidManifest.xml
Merging manifest with lower [androidx.compose.material3:material3:1.1.2] AndroidManifest.xml:17:1-22:12
uses-sdk defined in both files...
Merging uses-sdk with lower [androidx.compose.material3:material3:1.1.2] AndroidManifest.xml:20:5-44
Merging library manifest /home/runner/.gradle/caches/transforms-3/4486cd71c0d89f8b575e26ac3b908889/transformed/jetified-activity-1.8.2/AndroidManifest.xml
Merging manifest with lower [androidx.activity:activity:1.8.2] AndroidManifest.xml:17:1-22:12
uses-sdk defined in both files...
Merging uses-sdk with lower [androidx.activity:activity:1.8.2] AndroidManifest.xml:20:5-44
Merging library manifest /home/runner/.gradle/caches/transforms-3/1628c2c5419cf59a3c841ba2e99fbd0f/transformed/jetified-activity-ktx-1.8.2/AndroidManifest.xml
Merging manifest with lower [androidx.activity:activity-ktx:1.8.2] AndroidManifest.xml:2:1-7:12
uses-sdk defined in both files...
Merging uses-sdk with lower [androidx.activity:activity-ktx:1.8.2] AndroidManifest.xml:5:5-44
Merging library manifest /home/runner/.gradle/caches/transforms-3/32916e4361a0519dfb325dcc3e200682/transformed/jetified-coil-compose-2.5.0/AndroidManifest.xml
Merging manifest with lower [io.coil-kt:coil-compose:2.5.0] AndroidManifest.xml:2:1-7:12
uses-sdk defined in both files...
Merging uses-sdk with lower [io.coil-kt:coil-compose:2.5.0] AndroidManifest.xml:5:5-44
Merging library manifest /home/runner/.gradle/caches/transforms-3/e42332f6c3845b4ae63811bd5d1b8586/transformed/jetified-coil-compose-base-2.5.0/AndroidManifest.xml
Merging manifest with lower [io.coil-kt:coil-compose-base:2.5.0] AndroidManifest.xml:2:1-7:12
uses-sdk defined in both files...
Merging uses-sdk with lower [io.coil-kt:coil-compose-base:2.5.0] AndroidManifest.xml:5:5-44
Merging library manifest /home/runner/.gradle/caches/transforms-3/3dc43ce192fe1dab647f59ff297eacf1/transformed/jetified-material-ripple-release/AndroidManifest.xml
Merging manifest with lower [androidx.compose.material:material-ripple-android:1.6.0] AndroidManifest.xml:2:1-7:12
uses-sdk defined in both files...
Merging uses-sdk with lower [androidx.compose.material:material-ripple-android:1.6.0] AndroidManifest.xml:5:5-44
Merging library manifest /home/runner/.gradle/caches/transforms-3/73e6621120999a43cb87f253d3ce9798/transformed/jetified-material-icons-core-release/AndroidManifest.xml
Merging manifest with lower [androidx.compose.material:material-icons-core-android:1.6.0] AndroidManifest.xml:2:1-7:12
uses-sdk defined in both files...
Merging uses-sdk with lower [androidx.compose.material:material-icons-core-android:1.6.0] AndroidManifest.xml:5:5-44
Merging library manifest /home/runner/.gradle/caches/transforms-3/e253461f05edaf7aa67d8be4b23c5378/transformed/jetified-material-release/AndroidManifest.xml
Merging manifest with lower [androidx.compose.material:material-android:1.6.0] AndroidManifest.xml:2:1-7:12
uses-sdk defined in both files...
Merging uses-sdk with lower [androidx.compose.material:material-android:1.6.0] AndroidManifest.xml:5:5-44
Merging library manifest /home/runner/.gradle/caches/transforms-3/2e023a60b9bc95923d69649b085625a1/transformed/jetified-animation-core-release/AndroidManifest.xml
Merging manifest with lower [androidx.compose.animation:animation-core-android:1.6.0] AndroidManifest.xml:2:1-7:12
uses-sdk defined in both files...
Merging uses-sdk with lower [androidx.compose.animation:animation-core-android:1.6.0] AndroidManifest.xml:5:5-44
Merging library manifest /home/runner/.gradle/caches/transforms-3/d18e3e45b4d94d3858bdc59584221f19/transformed/jetified-animation-release/AndroidManifest.xml
Merging manifest with lower [androidx.compose.animation:animation-android:1.6.0] AndroidManifest.xml:2:1-7:12
uses-sdk defined in both files...
Merging uses-sdk with lower [androidx.compose.animation:animation-android:1.6.0] AndroidManifest.xml:5:5-44
Merging library manifest /home/runner/.gradle/caches/transforms-3/ff71fba756ca4157450ef962b788a7b8/transformed/jetified-foundation-layout-release/AndroidManifest.xml
Merging manifest with lower [androidx.compose.foundation:foundation-layout-android:1.6.0] AndroidManifest.xml:2:1-7:12
uses-sdk defined in both files...
Merging uses-sdk with lower [androidx.compose.foundation:foundation-layout-android:1.6.0] AndroidManifest.xml:5:5-44
Merging library manifest /home/runner/.gradle/caches/transforms-3/c4e0e79cd87e6e8b15a86f479bf7fb1c/transformed/jetified-foundation-release/AndroidManifest.xml
Merging manifest with lower [androidx.compose.foundation:foundation-android:1.6.0] AndroidManifest.xml:2:1-7:12
uses-sdk defined in both files...
Merging uses-sdk with lower [androidx.compose.foundation:foundation-android:1.6.0] AndroidManifest.xml:5:5-44
Merging library manifest /home/runner/.gradle/caches/transforms-3/841daa78a6c7688fb1784afdf8bd8006/transformed/jetified-ui-tooling-data-release/AndroidManifest.xml
Merging manifest with lower [androidx.compose.ui:ui-tooling-data-android:1.6.0] AndroidManifest.xml:2:1-7:12
uses-sdk defined in both files...
Merging uses-sdk with lower [androidx.compose.ui:ui-tooling-data-android:1.6.0] AndroidManifest.xml:5:5-44
Merging library manifest /home/runner/.gradle/caches/transforms-3/49f657191625df914dc02aaa37e2ccce/transformed/jetified-ui-unit-release/AndroidManifest.xml
Merging manifest with lower [androidx.compose.ui:ui-unit-android:1.6.0] AndroidManifest.xml:2:1-7:12
uses-sdk defined in both files...
Merging uses-sdk with lower [androidx.compose.ui:ui-unit-android:1.6.0] AndroidManifest.xml:5:5-44
Merging library manifest /home/runner/.gradle/caches/transforms-3/510b4aecd5975c712c4d4e307818dcd4/transformed/jetified-ui-geometry-release/AndroidManifest.xml
Merging manifest with lower [androidx.compose.ui:ui-geometry-android:1.6.0] AndroidManifest.xml:2:1-7:12
uses-sdk defined in both files...
Merging uses-sdk with lower [androidx.compose.ui:ui-geometry-android:1.6.0] AndroidManifest.xml:5:5-44
Merging library manifest /home/runner/.gradle/caches/transforms-3/bf74d1f461dd083fb9b90c72b67dd7ae/transformed/jetified-ui-util-release/AndroidManifest.xml
Merging manifest with lower [androidx.compose.ui:ui-util-android:1.6.0] AndroidManifest.xml:2:1-7:12
uses-sdk defined in both files...
Merging uses-sdk with lower [androidx.compose.ui:ui-util-android:1.6.0] AndroidManifest.xml:5:5-44
Merging library manifest /home/runner/.gradle/caches/transforms-3/739ee27594ae93846d923b96306d6ce4/transformed/jetified-ui-text-release/AndroidManifest.xml
Merging manifest with lower [androidx.compose.ui:ui-text-android:1.6.0] AndroidManifest.xml:2:1-7:12
uses-sdk defined in both files...
Merging uses-sdk with lower [androidx.compose.ui:ui-text-android:1.6.0] AndroidManifest.xml:5:5-44
Merging library manifest /home/runner/.gradle/caches/transforms-3/b49ca312096e0275e43db54fdf724643/transformed/jetified-ui-tooling-preview-release/AndroidManifest.xml
Merging manifest with lower [androidx.compose.ui:ui-tooling-preview-android:1.6.0] AndroidManifest.xml:17:1-22:12
uses-sdk defined in both files...
Merging uses-sdk with lower [androidx.compose.ui:ui-tooling-preview-android:1.6.0] AndroidManifest.xml:20:5-44
Merging library manifest /home/runner/.gradle/caches/transforms-3/39b5ea9cdb3e645b6f458cbb8dfdcaa8/transformed/jetified-ui-graphics-release/AndroidManifest.xml
Merging manifest with lower [androidx.compose.ui:ui-graphics-android:1.6.0] AndroidManifest.xml:2:1-7:12
uses-sdk defined in both files...
Merging uses-sdk with lower [androidx.compose.ui:ui-graphics-android:1.6.0] AndroidManifest.xml:5:5-44
Merging library manifest /home/runner/.gradle/caches/transforms-3/1c604c0a449a91646a02b0bf81bb92a8/transformed/jetified-ui-test-manifest-1.6.0/AndroidManifest.xml
Merging manifest with lower [androidx.compose.ui:ui-test-manifest:1.6.0] AndroidManifest.xml:17:1-28:12
uses-sdk defined in both files...
Merging uses-sdk with lower [androidx.compose.ui:ui-test-manifest:1.6.0] AndroidManifest.xml:20:5-44
application defined in both files...
Merging application with lower [androidx.compose.ui:ui-test-manifest:1.6.0] AndroidManifest.xml:22:5-26:19
Adopted [activity: null]
Merging library manifest /home/runner/.gradle/caches/transforms-3/bf3003103bf104060019c4c4fe8f58d2/transformed/jetified-ui-tooling-release/AndroidManifest.xml
Merging manifest with lower [androidx.compose.ui:ui-tooling-android:1.6.0] AndroidManifest.xml:17:1-28:12
uses-sdk defined in both files...
Merging uses-sdk with lower [androidx.compose.ui:ui-tooling-android:1.6.0] AndroidManifest.xml:20:5-44
application defined in both files...
Merging application with lower [androidx.compose.ui:ui-tooling-android:1.6.0] AndroidManifest.xml:22:5-26:19
Adopted [activity: null]
Merging library manifest /home/runner/.gradle/caches/transforms-3/cdde5d135a5c5f405b2e1a5824d1a5bf/transformed/jetified-activity-compose-1.8.2/AndroidManifest.xml
Merging manifest with lower [androidx.activity:activity-compose:1.8.2] AndroidManifest.xml:2:1-7:12
uses-sdk defined in both files...
Merging uses-sdk with lower [androidx.activity:activity-compose:1.8.2] AndroidManifest.xml:5:5-44
Merging library manifest /home/runner/.gradle/caches/transforms-3/accb67d5fa6842fc494107338777a9e8/transformed/jetified-emoji2-1.3.0/AndroidManifest.xml
Merging manifest with lower [androidx.emoji2:emoji2:1.3.0] AndroidManifest.xml:17:1-35:12
uses-sdk defined in both files...
Merging uses-sdk with lower [androidx.emoji2:emoji2:1.3.0] AndroidManifest.xml:21:5-44
application defined in both files...
Merging application with lower [androidx.emoji2:emoji2:1.3.0] AndroidManifest.xml:23:5-33:19
Adopted [provider: null]
Merging library manifest /home/runner/.gradle/caches/transforms-3/076a8f229414680308728714ada7a4b2/transformed/jetified-lifecycle-process-2.7.0/AndroidManifest.xml
Merging manifest with lower [androidx.lifecycle:lifecycle-process:2.7.0] AndroidManifest.xml:17:1-35:12
uses-sdk defined in both files...
Merging uses-sdk with lower [androidx.lifecycle:lifecycle-process:2.7.0] AndroidManifest.xml:21:5-44
application defined in both files...
Merging application with lower [androidx.lifecycle:lifecycle-process:2.7.0] AndroidManifest.xml:23:5-33:19
provider#androidx.startup.InitializationProvider defined in both files...
Merging provider#androidx.startup.InitializationProvider with lower [androidx.lifecycle:lifecycle-process:2.7.0] AndroidManifest.xml:24:9-32:20
Adopted [meta-data: null]
Merging library manifest /home/runner/.gradle/caches/transforms-3/86f269d9a5d25d9db3a0c3844d69e947/transformed/lifecycle-livedata-core-2.7.0/AndroidManifest.xml
Merging manifest with lower [androidx.lifecycle:lifecycle-livedata-core:2.7.0] AndroidManifest.xml:17:1-22:12
uses-sdk defined in both files...
Merging uses-sdk with lower [androidx.lifecycle:lifecycle-livedata-core:2.7.0] AndroidManifest.xml:20:5-44
Merging library manifest /home/runner/.gradle/caches/transforms-3/dcfbdd2b03f788a16fdc2ef43289a48a/transformed/jetified-savedstate-ktx-1.2.1/AndroidManifest.xml
Merging manifest with lower [androidx.savedstate:savedstate-ktx:1.2.1] AndroidManifest.xml:17:1-22:12
uses-sdk defined in both files...
Merging uses-sdk with lower [androidx.savedstate:savedstate-ktx:1.2.1] AndroidManifest.xml:20:5-44
Merging library manifest /home/runner/.gradle/caches/transforms-3/0e3cb1d08ffd4372de833f64f3db18a8/transformed/jetified-savedstate-1.2.1/AndroidManifest.xml
Merging manifest with lower [androidx.savedstate:savedstate:1.2.1] AndroidManifest.xml:17:1-22:12
uses-sdk defined in both files...
Merging uses-sdk with lower [androidx.savedstate:savedstate:1.2.1] AndroidManifest.xml:20:5-44
Merging library manifest /home/runner/.gradle/caches/transforms-3/3d80dbef2bfd9f638e3e23df58b28058/transformed/jetified-lifecycle-viewmodel-savedstate-2.7.0/AndroidManifest.xml
Merging manifest with lower [androidx.lifecycle:lifecycle-viewmodel-savedstate:2.7.0] AndroidManifest.xml:17:1-22:12
uses-sdk defined in both files...
Merging uses-sdk with lower [androidx.lifecycle:lifecycle-viewmodel-savedstate:2.7.0] AndroidManifest.xml:20:5-44
Merging library manifest /home/runner/.gradle/caches/transforms-3/2e3aff25883e88e5e0e03fc7e5b8dddc/transformed/jetified-lifecycle-viewmodel-ktx-2.7.0/AndroidManifest.xml
Merging manifest with lower [androidx.lifecycle:lifecycle-viewmodel-ktx:2.7.0] AndroidManifest.xml:2:1-7:12
uses-sdk defined in both files...
Merging uses-sdk with lower [androidx.lifecycle:lifecycle-viewmodel-ktx:2.7.0] AndroidManifest.xml:5:5-44
Merging library manifest /home/runner/.gradle/caches/transforms-3/099efc0ddbfac48f037781c2ca4851d5/transformed/lifecycle-viewmodel-2.7.0/AndroidManifest.xml
Merging manifest with lower [androidx.lifecycle:lifecycle-viewmodel:2.7.0] AndroidManifest.xml:17:1-22:12
uses-sdk defined in both files...
Merging uses-sdk with lower [androidx.lifecycle:lifecycle-viewmodel:2.7.0] AndroidManifest.xml:20:5-44
Merging library manifest /home/runner/.gradle/caches/transforms-3/d465ee9d576c159aa28b1d9fcb29cc5c/transformed/jetified-coil-2.5.0/AndroidManifest.xml
Merging manifest with lower [io.coil-kt:coil:2.5.0] AndroidManifest.xml:2:1-7:12
uses-sdk defined in both files...
Merging uses-sdk with lower [io.coil-kt:coil:2.5.0] AndroidManifest.xml:5:5-44
Merging library manifest /home/runner/.gradle/caches/transforms-3/5b6e8f4da29c5badae3df148f26f4146/transformed/jetified-coil-base-2.5.0/AndroidManifest.xml
Merging manifest with lower [io.coil-kt:coil-base:2.5.0] AndroidManifest.xml:2:1-7:12
uses-sdk defined in both files...
Merging uses-sdk with lower [io.coil-kt:coil-base:2.5.0] AndroidManifest.xml:5:5-44
Merging library manifest /home/runner/.gradle/caches/transforms-3/c9c5c4980b082d6d2dd323ddd1701769/transformed/lifecycle-runtime-2.7.0/AndroidManifest.xml
Merging manifest with lower [androidx.lifecycle:lifecycle-runtime:2.7.0] AndroidManifest.xml:2:1-7:12
uses-sdk defined in both files...
Merging uses-sdk with lower [androidx.lifecycle:lifecycle-runtime:2.7.0] AndroidManifest.xml:5:5-44
Merging library manifest /home/runner/.gradle/caches/transforms-3/b8d5a53e480a02a01d868ba62793622b/transformed/jetified-lifecycle-runtime-ktx-2.7.0/AndroidManifest.xml
Merging manifest with lower [androidx.lifecycle:lifecycle-runtime-ktx:2.7.0] AndroidManifest.xml:17:1-22:12
uses-sdk defined in both files...
Merging uses-sdk with lower [androidx.lifecycle:lifecycle-runtime-ktx:2.7.0] AndroidManifest.xml:20:5-44
Merging library manifest /home/runner/.gradle/caches/transforms-3/a0123c34e88e58ea294051e8ca239094/transformed/jetified-lifecycle-viewmodel-compose-2.7.0/AndroidManifest.xml
Merging manifest with lower [androidx.lifecycle:lifecycle-viewmodel-compose:2.7.0] AndroidManifest.xml:2:1-7:12
uses-sdk defined in both files...
Merging uses-sdk with lower [androidx.lifecycle:lifecycle-viewmodel-compose:2.7.0] AndroidManifest.xml:5:5-44
Merging library manifest /home/runner/.gradle/caches/transforms-3/5c193792e17ca9669102e33e07a2e665/transformed/jetified-accompanist-drawablepainter-0.32.0/AndroidManifest.xml
Merging manifest with lower [com.google.accompanist:accompanist-drawablepainter:0.32.0] AndroidManifest.xml:17:1-23:12
uses-sdk defined in both files...
Merging uses-sdk with lower [com.google.accompanist:accompanist-drawablepainter:0.32.0] AndroidManifest.xml:21:5-44
Merging library manifest /home/runner/.gradle/caches/transforms-3/7c1fde5ba7832962763da54cbb5017fc/transformed/jetified-ui-release/AndroidManifest.xml
Merging manifest with lower [androidx.compose.ui:ui-android:1.6.0] AndroidManifest.xml:2:1-7:12
uses-sdk defined in both files...
Merging uses-sdk with lower [androidx.compose.ui:ui-android:1.6.0] AndroidManifest.xml:5:5-44
Merging library manifest /home/runner/.gradle/caches/transforms-3/af7438249dbf35e19c89c1000528720c/transformed/jetified-autofill-1.0.0/AndroidManifest.xml
Merging manifest with lower [androidx.autofill:autofill:1.0.0] AndroidManifest.xml:17:1-24:12
uses-sdk defined in both files...
Merging uses-sdk with lower [androidx.autofill:autofill:1.0.0] AndroidManifest.xml:20:5-22:41
Merging library manifest /home/runner/.gradle/caches/transforms-3/3eaec48e790365cb3ddece1de5aab10f/transformed/jetified-appcompat-resources-1.6.1/AndroidManifest.xml
Merging manifest with lower [androidx.appcompat:appcompat-resources:1.6.1] AndroidManifest.xml:17:1-22:12
uses-sdk defined in both files...
Merging uses-sdk with lower [androidx.appcompat:appcompat-resources:1.6.1] AndroidManifest.xml:20:5-44
Merging library manifest /home/runner/.gradle/caches/transforms-3/8cc41fb51eaad97db6eafd93ec44c1e0/transformed/vectordrawable-animated-1.1.0/AndroidManifest.xml
Merging manifest with lower [androidx.vectordrawable:vectordrawable-animated:1.1.0] AndroidManifest.xml:17:1-24:12
uses-sdk defined in both files...
Merging uses-sdk with lower [androidx.vectordrawable:vectordrawable-animated:1.1.0] AndroidManifest.xml:20:5-22:41
Merging library manifest /home/runner/.gradle/caches/transforms-3/3faa838f61968b207718ebdff448e42e/transformed/vectordrawable-1.1.0/AndroidManifest.xml
Merging manifest with lower [androidx.vectordrawable:vectordrawable:1.1.0] AndroidManifest.xml:17:1-24:12
uses-sdk defined in both files...
Merging uses-sdk with lower [androidx.vectordrawable:vectordrawable:1.1.0] AndroidManifest.xml:20:5-22:41
Merging library manifest /home/runner/.gradle/caches/transforms-3/4dde0fce54f6341b6da19770f76a2130/transformed/core-1.12.0/AndroidManifest.xml
Merging manifest with lower [androidx.core:core:1.12.0] AndroidManifest.xml:17:1-30:12
uses-sdk defined in both files...
Merging uses-sdk with lower [androidx.core:core:1.12.0] AndroidManifest.xml:20:5-44
Adopted [permission: null]
Adopted [uses-permission: null]
application defined in both files...
Merging application with lower [androidx.core:core:1.12.0] AndroidManifest.xml:28:5-89
Merging library manifest /home/runner/.gradle/caches/transforms-3/328141f1afd86b20c170f8a445d30e19/transformed/jetified-customview-poolingcontainer-1.0.0/AndroidManifest.xml
Merging manifest with lower [androidx.customview:customview-poolingcontainer:1.0.0] AndroidManifest.xml:17:1-23:12
uses-sdk defined in both files...
Merging uses-sdk with lower [androidx.customview:customview-poolingcontainer:1.0.0] AndroidManifest.xml:20:5-21:38
Merging library manifest /home/runner/.gradle/caches/transforms-3/86d4a3973c7d015dcddc3636b26d31c0/transformed/jetified-core-ktx-1.12.0/AndroidManifest.xml
Merging manifest with lower [androidx.core:core-ktx:1.12.0] AndroidManifest.xml:2:1-7:12
uses-sdk defined in both files...
Merging uses-sdk with lower [androidx.core:core-ktx:1.12.0] AndroidManifest.xml:5:5-44
Merging library manifest /home/runner/.gradle/caches/transforms-3/1f3abe10d1870e2a226e8cc9c7e7eb3b/transformed/jetified-annotation-experimental-1.3.0/AndroidManifest.xml
Merging manifest with lower [androidx.annotation:annotation-experimental:1.3.0] AndroidManifest.xml:17:1-22:12
uses-sdk defined in both files...
Merging uses-sdk with lower [androidx.annotation:annotation-experimental:1.3.0] AndroidManifest.xml:20:5-44
Merging library manifest /home/runner/.gradle/caches/transforms-3/88742612a934cebcd0be91fdda997a16/transformed/jetified-runtime-saveable-release/AndroidManifest.xml
Merging manifest with lower [androidx.compose.runtime:runtime-saveable-android:1.6.0] AndroidManifest.xml:2:1-7:12
uses-sdk defined in both files...
Merging uses-sdk with lower [androidx.compose.runtime:runtime-saveable-android:1.6.0] AndroidManifest.xml:5:5-44
Merging library manifest /home/runner/.gradle/caches/transforms-3/37655ed3604b6c69200879d0500f2a9b/transformed/jetified-runtime-release/AndroidManifest.xml
Merging manifest with lower [androidx.compose.runtime:runtime-android:1.6.0] AndroidManifest.xml:2:1-7:12
uses-sdk defined in both files...
Merging uses-sdk with lower [androidx.compose.runtime:runtime-android:1.6.0] AndroidManifest.xml:5:5-44
Merging library manifest /home/runner/.gradle/caches/transforms-3/096095fb3f46b0f49569eff3850aad1c/transformed/versionedparcelable-1.1.1/AndroidManifest.xml
Merging manifest with lower [androidx.versionedparcelable:versionedparcelable:1.1.1] AndroidManifest.xml:17:1-27:12
uses-sdk defined in both files...
Merging uses-sdk with lower [androidx.versionedparcelable:versionedparcelable:1.1.1] AndroidManifest.xml:20:5-22:41
application defined in both files...
Merging application with lower [androidx.versionedparcelable:versionedparcelable:1.1.1] AndroidManifest.xml:24:5-25:19
Merging library manifest /home/runner/.gradle/caches/transforms-3/da2de8c6ac4d0cdf9dede0c7637f3f2f/transformed/interpolator-1.0.0/AndroidManifest.xml
Merging manifest with lower [androidx.interpolator:interpolator:1.0.0] AndroidManifest.xml:17:1-22:12
uses-sdk defined in both files...
Merging uses-sdk with lower [androidx.interpolator:interpolator:1.0.0] AndroidManifest.xml:20:5-44
Merging library manifest /home/runner/.gradle/caches/transforms-3/cb64fc0a0422f37738c7cc6bed1d58f4/transformed/core-runtime-2.2.0/AndroidManifest.xml
Merging manifest with lower [androidx.arch.core:core-runtime:2.2.0] AndroidManifest.xml:17:1-22:12
uses-sdk defined in both files...
Merging uses-sdk with lower [androidx.arch.core:core-runtime:2.2.0] AndroidManifest.xml:20:5-44
Merging library manifest /home/runner/.gradle/caches/transforms-3/ed2a99777db40be16c6b391443781293/transformed/jetified-profileinstaller-1.3.1/AndroidManifest.xml
Merging manifest with lower [androidx.profileinstaller:profileinstaller:1.3.1] AndroidManifest.xml:17:1-55:12
uses-sdk defined in both files...
Merging uses-sdk with lower [androidx.profileinstaller:profileinstaller:1.3.1] AndroidManifest.xml:21:5-44
application defined in both files...
Merging application with lower [androidx.profileinstaller:profileinstaller:1.3.1] AndroidManifest.xml:23:5-53:19
provider#androidx.startup.InitializationProvider defined in both files...
Merging provider#androidx.startup.InitializationProvider with lower [androidx.profileinstaller:profileinstaller:1.3.1] AndroidManifest.xml:24:9-32:20
Adopted [meta-data: null]
Adopted [receiver: null]
Merging library manifest /home/runner/.gradle/caches/transforms-3/e38763203da2274fe32ea162c1ebfd07/transformed/jetified-startup-runtime-1.1.1/AndroidManifest.xml
Merging manifest with lower [androidx.startup:startup-runtime:1.1.1] AndroidManifest.xml:17:1-33:12
uses-sdk defined in both files...
Merging uses-sdk with lower [androidx.startup:startup-runtime:1.1.1] AndroidManifest.xml:21:5-23:41
application defined in both files...
Merging application with lower [androidx.startup:startup-runtime:1.1.1] AndroidManifest.xml:25:5-31:19
provider#androidx.startup.InitializationProvider defined in both files...
Merging provider#androidx.startup.InitializationProvider with lower [androidx.startup:startup-runtime:1.1.1] AndroidManifest.xml:26:9-30:34
Merging library manifest /home/runner/.gradle/caches/transforms-3/77845b546bce7c968a64544941173c93/transformed/jetified-tracing-1.0.0/AndroidManifest.xml
Merging manifest with lower [androidx.tracing:tracing:1.0.0] AndroidManifest.xml:17:1-24:12
uses-sdk defined in both files...
Merging uses-sdk with lower [androidx.tracing:tracing:1.0.0] AndroidManifest.xml:20:5-22:41
Merging library manifest /home/runner/.gradle/caches/transforms-3/c0080d546a3a59f6f620959026c16997/transformed/exifinterface-1.3.6/AndroidManifest.xml
Merging manifest with lower [androidx.exifinterface:exifinterface:1.3.6] AndroidManifest.xml:17:1-24:12
uses-sdk defined in both files...
Merging uses-sdk with lower [androidx.exifinterface:exifinterface:1.3.6] AndroidManifest.xml:20:5-22:41
Merging result: SUCCESS
1<?xml version="1.0" encoding="utf-8"?>
2<manifest xmlns:android="http://schemas.android.com/apk/res/android"
3    package="com.example.picturesoundpanels.v3"
4    android:versionCode="1"
5    android:versionName="3.0" >
6
7    <uses-sdk
8        android:minSdkVersion="24"
9        android:targetSdkVersion="35" />
10
11    <uses-permission android:name="android.permission.RECORD_AUDIO" />
11-->/home/runner/work/Asd-app/Asd-app/app-v3/src/main/AndroidManifest.xml:4:5-71
11-->/home/runner/work/Asd-app/Asd-app/app-v3/src/main/AndroidManifest.xml:4:22-68
12    <uses-permission android:name="android.permission.READ_EXTERNAL_STORAGE" />
12-->/home/runner/work/Asd-app/Asd-app/app-v3/src/main/AndroidManifest.xml:5:5-80
12-->/home/runner/work/Asd-app/Asd-app/app-v3/src/main/AndroidManifest.xml:5:22-77
13    <uses-permission android:name="android.permission.READ_MEDIA_IMAGES" />
13-->/home/runner/work/Asd-app/Asd-app/app-v3/src/main/AndroidManifest.xml:6:5-76
13-->/home/runner/work/Asd-app/Asd-app/app-v3/src/main/AndroidManifest.xml:6:22-73
14
15    <permission
15-->[androidx.core:core:1.12.0] /home/runner/.gradle/caches/transforms-3/4dde0fce54f6341b6da19770f76a2130/transformed/core-1.12.0/AndroidManifest.xml:22:5-24:47
16        android:name="com.example.picturesoundpanels.v3.DYNAMIC_RECEIVER_NOT_EXPORTED_PERMISSION"
16-->[androidx.core:core:1.12.0] /home/runner/.gradle/caches/transforms-3/4dde0fce54f6341b6da19770f76a2130/transformed/core-1.12.0/AndroidManifest.xml:23:9-81
17        android:protectionLevel="signature" />
17-->[androidx.core:core:1.12.0] /home/runner/.gradle/caches/transforms-3/4dde0fce54f6341b6da19770f76a2130/transformed/core-1.12.0/AndroidManifest.xml:24:9-44
18
19    <uses-permission android:name="com.example.picturesoundpanels.v3.DYNAMIC_RECEIVER_NOT_EXPORTED_PERMISSION" />
19-->[androidx.core:core:1.12.0] /home/runner/.gradle/caches/transforms-3/4dde0fce54f6341b6da19770f76a2130/transformed/core-1.12.0/AndroidManifest.xml:26:5-97
19-->[androidx.core:core:1.12.0] /home/runner/.gradle/caches/transforms-3/4dde0fce54f6341b6da19770f76a2130/transformed/core-1.12.0/AndroidManifest.xml:26:22-94
20
21    <application
21-->/home/runner/work/Asd-app/Asd-app/app-v3/src/main/AndroidManifest.xml:8:5-24:19
22        android:allowBackup="true"
22-->/home/runner/work/Asd-app/Asd-app/app-v3/src/main/AndroidManifest.xml:9:9-35
23        android:appComponentFactory="androidx.core.app.CoreComponentFactory"
23-->[androidx.core:core:1.12.0] /home/runner/.gradle/caches/transforms-3/4dde0fce54f6341b6da19770f76a2130/transformed/core-1.12.0/AndroidManifest.xml:28:18-86
24        android:debuggable="true"
25        android:extractNativeLibs="false"
26        android:icon="@mipmap/ic_launcher"
26-->/home/runner/work/Asd-app/Asd-app/app-v3/src/main/AndroidManifest.xml:10:9-43
27        android:label="@string/app_name"
27-->/home/runner/work/Asd-app/Asd-app/app-v3/src/main/AndroidManifest.xml:11:9-41
28        android:theme="@style/Theme.AppCompat.Light.NoActionBar" >
28-->/home/runner/work/Asd-app/Asd-app/app-v3/src/main/AndroidManifest.xml:12:9-65
29        <activity
29-->/home/runner/work/Asd-app/Asd-app/app-v3/src/main/AndroidManifest.xml:13:9-23:20
30            android:name="com.example.picturesoundpanels.v3.MainActivity"
30-->/home/runner/work/Asd-app/Asd-app/app-v3/src/main/AndroidManifest.xml:14:13-41
31            android:configChanges="orientation|screenSize|keyboardHidden"
31-->/home/runner/work/Asd-app/Asd-app/app-v3/src/main/AndroidManifest.xml:17:13-74
32            android:exported="true"
32-->/home/runner/work/Asd-app/Asd-app/app-v3/src/main/AndroidManifest.xml:15:13-36
33            android:screenOrientation="landscape"
33-->/home/runner/work/Asd-app/Asd-app/app-v3/src/main/AndroidManifest.xml:16:13-50
34            android:theme="@style/Theme.AppCompat.Light.NoActionBar" >
34-->/home/runner/work/Asd-app/Asd-app/app-v3/src/main/AndroidManifest.xml:18:13-69
35            <intent-filter>
35-->/home/runner/work/Asd-app/Asd-app/app-v3/src/main/AndroidManifest.xml:19:13-22:29
36                <action android:name="android.intent.action.MAIN" />
36-->/home/runner/work/Asd-app/Asd-app/app-v3/src/main/AndroidManifest.xml:20:17-69
36-->/home/runner/work/Asd-app/Asd-app/app-v3/src/main/AndroidManifest.xml:20:25-66
37
38                <category android:name="android.intent.category.LAUNCHER" />
38-->/home/runner/work/Asd-app/Asd-app/app-v3/src/main/AndroidManifest.xml:21:17-77
38-->/home/runner/work/Asd-app/Asd-app/app-v3/src/main/AndroidManifest.xml:21:27-74
39            </intent-filter>
40        </activity>
41        <activity
41-->[androidx.compose.ui:ui-test-manifest:1.6.0] /home/runner/.gradle/caches/transforms-3/1c604c0a449a91646a02b0bf81bb92a8/transformed/jetified-ui-test-manifest-1.6.0/AndroidManifest.xml:23:9-25:39
42            android:name="androidx.activity.ComponentActivity"
42-->[androidx.compose.ui:ui-test-manifest:1.6.0] /home/runner/.gradle/caches/transforms-3/1c604c0a449a91646a02b0bf81bb92a8/transformed/jetified-ui-test-manifest-1.6.0/AndroidManifest.xml:24:13-63
43            android:exported="true" />
43-->[androidx.compose.ui:ui-test-manifest:1.6.0] /home/runner/.gradle/caches/transforms-3/1c604c0a449a91646a02b0bf81bb92a8/transformed/jetified-ui-test-manifest-1.6.0/AndroidManifest.xml:25:13-36
44        <activity
44-->[androidx.compose.ui:ui-tooling-android:1.6.0] /home/runner/.gradle/caches/transforms-3/bf3003103bf104060019c4c4fe8f58d2/transformed/jetified-ui-tooling-release/AndroidManifest.xml:23:9-25:39
45            android:name="androidx.compose.ui.tooling.PreviewActivity"
45-->[androidx.compose.ui:ui-tooling-android:1.6.0] /home/runner/.gradle/caches/transforms-3/bf3003103bf104060019c4c4fe8f58d2/transformed/jetified-ui-tooling-release/AndroidManifest.xml:24:13-71
46            android:exported="true" />
46-->[androidx.compose.ui:ui-tooling-android:1.6.0] /home/runner/.gradle/caches/transforms-3/bf3003103bf104060019c4c4fe8f58d2/transformed/jetified-ui-tooling-release/AndroidManifest.xml:25:13-36
47
48        <provider
48-->[androidx.emoji2:emoji2:1.3.0] /home/runner/.gradle/caches/transforms-3/accb67d5fa6842fc494107338777a9e8/transformed/jetified-emoji2-1.3.0/AndroidManifest.xml:24:9-32:20
49            android:name="androidx.startup.InitializationProvider"
49-->[androidx.emoji2:emoji2:1.3.0] /home/runner/.gradle/caches/transforms-3/accb67d5fa6842fc494107338777a9e8/transformed/jetified-emoji2-1.3.0/AndroidManifest.xml:25:13-67
50            android:authorities="com.example.picturesoundpanels.v3.androidx-startup"
50-->[androidx.emoji2:emoji2:1.3.0] /home/runner/.gradle/caches/transforms-3/accb67d5fa6842fc494107338777a9e8/transformed/jetified-emoji2-1.3.0/AndroidManifest.xml:26:13-68
51            android:exported="false" >
51-->[androidx.emoji2:emoji2:1.3.0] /home/runner/.gradle/caches/transforms-3/accb67d5fa6842fc494107338777a9e8/transformed/jetified-emoji2-1.3.0/AndroidManifest.xml:27:13-37
52            <meta-data
52-->[androidx.emoji2:emoji2:1.3.0] /home/runner/.gradle/caches/transforms-3/accb67d5fa6842fc494107338777a9e8/transformed/jetified-emoji2-1.3.0/AndroidManifest.xml:29:13-31:52
53                android:name="androidx.emoji2.text.EmojiCompatInitializer"
53-->[androidx.emoji2:emoji2:1.3.0] /home/runner/.gradle/caches/transforms-3/accb67d5fa6842fc494107338777a9e8/transformed/jetified-emoji2-1.3.0/AndroidManifest.xml:30:17-75
54                android:value="androidx.startup" />
54-->[androidx.emoji2:emoji2:1.3.0] /home/runner/.gradle/caches/transforms-3/accb67d5fa6842fc494107338777a9e8/transformed/jetified-emoji2-1.3.0/AndroidManifest.xml:31:17-49
55            <meta-data
55-->[androidx.lifecycle:lifecycle-process:2.7.0] /home/runner/.gradle/caches/transforms-3/076a8f229414680308728714ada7a4b2/transformed/jetified-lifecycle-process-2.7.0/AndroidManifest.xml:29:13-31:52
56                android:name="androidx.lifecycle.ProcessLifecycleInitializer"
56-->[androidx.lifecycle:lifecycle-process:2.7.0] /home/runner/.gradle/caches/transforms-3/076a8f229414680308728714ada7a4b2/transformed/jetified-lifecycle-process-2.7.0/AndroidManifest.xml:30:17-78
57                android:value="androidx.startup" />
57-->[androidx.lifecycle:lifecycle-process:2.7.0] /home/runner/.gradle/caches/transforms-3/076a8f229414680308728714ada7a4b2/transformed/jetified-lifecycle-process-2.7.0/AndroidManifest.xml:31:17-49
58            <meta-data
58-->[androidx.profileinstaller:profileinstaller:1.3.1] /home/runner/.gradle/caches/transforms-3/ed2a99777db40be16c6b391443781293/transformed/jetified-profileinstaller-1.3.1/AndroidManifest.xml:29:13-31:52
59                android:name="androidx.profileinstaller.ProfileInstallerInitializer"
59-->[androidx.profileinstaller:profileinstaller:1.3.1] /home/runner/.gradle/caches/transforms-3/ed2a99777db40be16c6b391443781293/transformed/jetified-profileinstaller-1.3.1/AndroidManifest.xml:30:17-85
60                android:value="androidx.startup" />
60-->[androidx.profileinstaller:profileinstaller:1.3.1] /home/runner/.gradle/caches/transforms-3/ed2a99777db40be16c6b391443781293/transformed/jetified-profileinstaller-1.3.1/AndroidManifest.xml:31:17-49
61        </provider>
62
63        <receiver
63-->[androidx.profileinstaller:profileinstaller:1.3.1] /home/runner/.gradle/caches/transforms-3/ed2a99777db40be16c6b391443781293/transformed/jetified-profileinstaller-1.3.1/AndroidManifest.xml:34:9-52:20
64            android:name="androidx.profileinstaller.ProfileInstallReceiver"
64-->[androidx.profileinstaller:profileinstaller:1.3.1] /home/runner/.gradle/caches/transforms-3/ed2a99777db40be16c6b391443781293/transformed/jetified-profileinstaller-1.3.1/AndroidManifest.xml:35:13-76
65            android:directBootAware="false"
65-->[androidx.profileinstaller:profileinstaller:1.3.1] /home/runner/.gradle/caches/transforms-3/ed2a99777db40be16c6b391443781293/transformed/jetified-profileinstaller-1.3.1/AndroidManifest.xml:36:13-44
66            android:enabled="true"
66-->[androidx.profileinstaller:profileinstaller:1.3.1] /home/runner/.gradle/caches/transforms-3/ed2a99777db40be16c6b391443781293/transformed/jetified-profileinstaller-1.3.1/AndroidManifest.xml:37:13-35
67            android:exported="true"
67-->[androidx.profileinstaller:profileinstaller:1.3.1] /home/runner/.gradle/caches/transforms-3/ed2a99777db40be16c6b391443781293/transformed/jetified-profileinstaller-1.3.1/AndroidManifest.xml:38:13-36
68            android:permission="android.permission.DUMP" >
68-->[androidx.profileinstaller:profileinstaller:1.3.1] /home/runner/.gradle/caches/transforms-3/ed2a99777db40be16c6b391443781293/transformed/jetified-profileinstaller-1.3.1/AndroidManifest.xml:39:13-57
69            <intent-filter>
69-->[androidx.profileinstaller:profileinstaller:1.3.1] /home/runner/.gradle/caches/transforms-3/ed2a99777db40be16c6b391443781293/transformed/jetified-profileinstaller-1.3.1/AndroidManifest.xml:40:13-42:29
70                <action android:name="androidx.profileinstaller.action.INSTALL_PROFILE" />
70-->[androidx.profileinstaller:profileinstaller:1.3.1] /home/runner/.gradle/caches/transforms-3/ed2a99777db40be16c6b391443781293/transformed/jetified-profileinstaller-1.3.1/AndroidManifest.xml:41:17-91
70-->[androidx.profileinstaller:profileinstaller:1.3.1] /home/runner/.gradle/caches/transforms-3/ed2a99777db40be16c6b391443781293/transformed/jetified-profileinstaller-1.3.1/AndroidManifest.xml:41:25-88
71            </intent-filter>
72            <intent-filter>
72-->[androidx.profileinstaller:profileinstaller:1.3.1] /home/runner/.gradle/caches/transforms-3/ed2a99777db40be16c6b391443781293/transformed/jetified-profileinstaller-1.3.1/AndroidManifest.xml:43:13-45:29
73                <action android:name="androidx.profileinstaller.action.SKIP_FILE" />
73-->[androidx.profileinstaller:profileinstaller:1.3.1] /home/runner/.gradle/caches/transforms-3/ed2a99777db40be16c6b391443781293/transformed/jetified-profileinstaller-1.3.1/AndroidManifest.xml:44:17-85
73-->[androidx.profileinstaller:profileinstaller:1.3.1] /home/runner/.gradle/caches/transforms-3/ed2a99777db40be16c6b391443781293/transformed/jetified-profileinstaller-1.3.1/AndroidManifest.xml:44:25-82
74            </intent-filter>
75            <intent-filter>
75-->[androidx.profileinstaller:profileinstaller:1.3.1] /home/runner/.gradle/caches/transforms-3/ed2a99777db40be16c6b391443781293/transformed/jetified-profileinstaller-1.3.1/AndroidManifest.xml:46:13-48:29
76                <action android:name="androidx.profileinstaller.action.SAVE_PROFILE" />
76-->[androidx.profileinstaller:profileinstaller:1.3.1] /home/runner/.gradle/caches/transforms-3/ed2a99777db40be16c6b391443781293/transformed/jetified-profileinstaller-1.3.1/AndroidManifest.xml:47:17-88
76-->[androidx.profileinstaller:profileinstaller:1.3.1] /home/runner/.gradle/caches/transforms-3/ed2a99777db40be16c6b391443781293/transformed/jetified-profileinstaller-1.3.1/AndroidManifest.xml:47:25-85
77            </intent-filter>
78            <intent-filter>
78-->[androidx.profileinstaller:profileinstaller:1.3.1] /home/runner/.gradle/caches/transforms-3/ed2a99777db40be16c6b391443781293/transformed/jetified-profileinstaller-1.3.1/AndroidManifest.xml:49:13-51:29
79                <action android:name="androidx.profileinstaller.action.BENCHMARK_OPERATION" />
79-->[androidx.profileinstaller:profileinstaller:1.3.1] /home/runner/.gradle/caches/transforms-3/ed2a99777db40be16c6b391443781293/transformed/jetified-profileinstaller-1.3.1/AndroidManifest.xml:50:17-95
79-->[androidx.profileinstaller:profileinstaller:1.3.1] /home/runner/.gradle/caches/transforms-3/ed2a99777db40be16c6b391443781293/transformed/jetified-profileinstaller-1.3.1/AndroidManifest.xml:50:25-92
80            </intent-filter>
81        </receiver>
82    </application>
83
84</manifest>

Merged manifest saved to /home/runner/work/Asd-app/Asd-app/app-v3/build/intermediates/merged_manifest/debug/AndroidManifest.xml
Resolve mutations for :app-v3:processDebugManifest (Thread[Execution worker Thread 2,5,main]) started.
:app-v3:processDebugManifest (Thread[Execution worker Thread 2,5,main]) started.

> Task :app-v3:processDebugManifest
Caching disabled for task ':app-v3:processDebugManifest' because:
  Build cache is disabled
Task ':app-v3:processDebugManifest' is not up-to-date because:
  No history is available.
Resolve mutations for :app-v3:processDebugManifestForPackage (Thread[included builds,5,main]) started.
:app-v3:processDebugManifestForPackage (Thread[included builds,5,main]) started.
Resolve mutations for :app-v3:javaPreCompileDebug (Thread[Execution worker Thread 2,5,main]) started.
:app-v3:javaPreCompileDebug (Thread[Execution worker Thread 2,5,main]) started.
Resolve mutations for :app-v3:mergeDebugShaders (Thread[Execution worker Thread 3,5,main]) started.
:app-v3:mergeDebugShaders (Thread[Execution worker Thread 3,5,main]) started.

> Task :app-v3:javaPreCompileDebug
Caching disabled for task ':app-v3:javaPreCompileDebug' because:
  Build cache is disabled
Task ':app-v3:javaPreCompileDebug' is not up-to-date because:
  No history is available.

> Task :app-v3:mergeDebugShaders
Caching disabled for task ':app-v3:mergeDebugShaders' because:
  Build cache is disabled
Task ':app-v3:mergeDebugShaders' is not up-to-date because:
  No history is available.
The input changes require a full rebuild for incremental task ':app-v3:mergeDebugShaders'.
Resolve mutations for :app-v3:compileDebugShaders (Thread[Execution worker Thread 2,5,main]) started.
:app-v3:compileDebugShaders (Thread[Execution worker Thread 2,5,main]) started.

> Task :app-v3:compileDebugShaders NO-SOURCE
Skipping task ':app-v3:compileDebugShaders' as it has no source files and no previous output files.
Resolve mutations for :app-v3:generateDebugAssets (Thread[Execution worker Thread 2,5,main]) started.
:app-v3:generateDebugAssets (Thread[Execution worker Thread 2,5,main]) started.

> Task :app-v3:generateDebugAssets UP-TO-DATE
Skipping task ':app-v3:generateDebugAssets' as it has no actions.
Resolve mutations for :app-v3:mergeDebugAssets (Thread[Execution worker Thread 2,5,main]) started.
:app-v3:mergeDebugAssets (Thread[Execution worker Thread 2,5,main]) started.

> Task :app-v3:mergeDebugAssets
Transforming material3-1.1.2.aar (androidx.compose.material3:material3:1.1.2) with JetifyTransform
Transforming material3-1.1.2.aar (androidx.compose.material3:material3:1.1.2) with ExtractAarTransform
Transforming material3-1.1.2.aar (androidx.compose.material3:material3:1.1.2) with AarTransform
Transforming activity-1.8.2.aar (androidx.activity:activity:1.8.2) with JetifyTransform
Transforming activity-1.8.2.aar (androidx.activity:activity:1.8.2) with ExtractAarTransform
Transforming activity-1.8.2.aar (androidx.activity:activity:1.8.2) with AarTransform
Transforming activity-ktx-1.8.2.aar (androidx.activity:activity-ktx:1.8.2) with JetifyTransform
Transforming activity-ktx-1.8.2.aar (androidx.activity:activity-ktx:1.8.2) with ExtractAarTransform
Transforming activity-ktx-1.8.2.aar (androidx.activity:activity-ktx:1.8.2) with AarTransform
Transforming coil-compose-2.5.0.aar (io.coil-kt:coil-compose:2.5.0) with JetifyTransform
Transforming coil-compose-2.5.0.aar (io.coil-kt:coil-compose:2.5.0) with ExtractAarTransform
Transforming coil-compose-2.5.0.aar (io.coil-kt:coil-compose:2.5.0) with AarTransform
Transforming coil-compose-base-2.5.0.aar (io.coil-kt:coil-compose-base:2.5.0) with JetifyTransform
Transforming coil-compose-base-2.5.0.aar (io.coil-kt:coil-compose-base:2.5.0) with ExtractAarTransform
Transforming coil-compose-base-2.5.0.aar (io.coil-kt:coil-compose-base:2.5.0) with AarTransform
Transforming material-ripple-release.aar (androidx.compose.material:material-ripple-android:1.6.0) with JetifyTransform
Transforming material-ripple-release.aar (androidx.compose.material:material-ripple-android:1.6.0) with ExtractAarTransform
Transforming material-ripple-release.aar (androidx.compose.material:material-ripple-android:1.6.0) with AarTransform
Transforming material-icons-core-release.aar (androidx.compose.material:material-icons-core-android:1.6.0) with JetifyTransform
Transforming material-icons-core-release.aar (androidx.compose.material:material-icons-core-android:1.6.0) with ExtractAarTransform
Transforming material-icons-core-release.aar (androidx.compose.material:material-icons-core-android:1.6.0) with AarTransform
Transforming material-release.aar (androidx.compose.material:material-android:1.6.0) with JetifyTransform
Transforming material-release.aar (androidx.compose.material:material-android:1.6.0) with ExtractAarTransform
Transforming material-release.aar (androidx.compose.material:material-android:1.6.0) with AarTransform
Transforming animation-core-release.aar (androidx.compose.animation:animation-core-android:1.6.0) with JetifyTransform
Transforming animation-core-release.aar (androidx.compose.animation:animation-core-android:1.6.0) with ExtractAarTransform
Transforming animation-core-release.aar (androidx.compose.animation:animation-core-android:1.6.0) with AarTransform
Transforming animation-release.aar (androidx.compose.animation:animation-android:1.6.0) with JetifyTransform
Transforming animation-release.aar (androidx.compose.animation:animation-android:1.6.0) with ExtractAarTransform
Transforming animation-release.aar (androidx.compose.animation:animation-android:1.6.0) with AarTransform
Transforming foundation-layout-release.aar (androidx.compose.foundation:foundation-layout-android:1.6.0) with JetifyTransform
Caching disabled for AarTransform: /home/runner/.gradle/caches/transforms-3/1628c2c5419cf59a3c841ba2e99fbd0f/transformed/jetified-activity-ktx-1.8.2 because:
  Build cache is disabled
AarTransform: /home/runner/.gradle/caches/transforms-3/1628c2c5419cf59a3c841ba2e99fbd0f/transformed/jetified-activity-ktx-1.8.2 is not up-to-date because:
  No history is available.
Caching disabled for AarTransform: /home/runner/.gradle/caches/transforms-3/6b3695a9e99692f435cc63d9903ec2a9/transformed/jetified-material3-1.1.2 because:
  Build cache is disabled
Caching disabled for AarTransform: /home/runner/.gradle/caches/transforms-3/4486cd71c0d89f8b575e26ac3b908889/transformed/jetified-activity-1.8.2 because:
  Build cache is disabled
AarTransform: /home/runner/.gradle/caches/transforms-3/6b3695a9e99692f435cc63d9903ec2a9/transformed/jetified-material3-1.1.2 is not up-to-date because:
  No history is available.
AarTransform: /home/runner/.gradle/caches/transforms-3/4486cd71c0d89f8b575e26ac3b908889/transformed/jetified-activity-1.8.2 is not up-to-date because:
  No history is available.
Transforming foundation-layout-release.aar (androidx.compose.foundation:foundation-layout-android:1.6.0) with ExtractAarTransform
Transforming foundation-layout-release.aar (androidx.compose.foundation:foundation-layout-android:1.6.0) with AarTransform
Transforming foundation-release.aar (androidx.compose.foundation:foundation-android:1.6.0) with JetifyTransform
Transforming foundation-release.aar (androidx.compose.foundation:foundation-android:1.6.0) with ExtractAarTransform
Transforming foundation-release.aar (androidx.compose.foundation:foundation-android:1.6.0) with AarTransform
Transforming ui-tooling-data-release.aar (androidx.compose.ui:ui-tooling-data-android:1.6.0) with JetifyTransform
Transforming ui-tooling-data-release.aar (androidx.compose.ui:ui-tooling-data-android:1.6.0) with ExtractAarTransform
Transforming ui-tooling-data-release.aar (androidx.compose.ui:ui-tooling-data-android:1.6.0) with AarTransform
Transforming ui-unit-release.aar (androidx.compose.ui:ui-unit-android:1.6.0) with JetifyTransform
Transforming ui-unit-release.aar (androidx.compose.ui:ui-unit-android:1.6.0) with ExtractAarTransform
Transforming ui-unit-release.aar (androidx.compose.ui:ui-unit-android:1.6.0) with AarTransform
Transforming ui-geometry-release.aar (androidx.compose.ui:ui-geometry-android:1.6.0) with JetifyTransform
Transforming ui-geometry-release.aar (androidx.compose.ui:ui-geometry-android:1.6.0) with ExtractAarTransform
Transforming ui-geometry-release.aar (androidx.compose.ui:ui-geometry-android:1.6.0) with AarTransform
Transforming ui-util-release.aar (androidx.compose.ui:ui-util-android:1.6.0) with JetifyTransform
Transforming ui-util-release.aar (androidx.compose.ui:ui-util-android:1.6.0) with ExtractAarTransform
Transforming ui-util-release.aar (androidx.compose.ui:ui-util-android:1.6.0) with AarTransform
Transforming ui-text-release.aar (androidx.compose.ui:ui-text-android:1.6.0) with JetifyTransform
Transforming ui-text-release.aar (androidx.compose.ui:ui-text-android:1.6.0) with ExtractAarTransform
Transforming ui-text-release.aar (androidx.compose.ui:ui-text-android:1.6.0) with AarTransform
Transforming ui-tooling-preview-release.aar (androidx.compose.ui:ui-tooling-preview-android:1.6.0) with JetifyTransform
Transforming ui-tooling-preview-release.aar (androidx.compose.ui:ui-tooling-preview-android:1.6.0) with ExtractAarTransform
Transforming ui-tooling-preview-release.aar (androidx.compose.ui:ui-tooling-preview-android:1.6.0) with AarTransform
Transforming ui-graphics-release.aar (androidx.compose.ui:ui-graphics-android:1.6.0) with JetifyTransform
Transforming ui-graphics-release.aar (androidx.compose.ui:ui-graphics-android:1.6.0) with ExtractAarTransform
Transforming ui-graphics-release.aar (androidx.compose.ui:ui-graphics-android:1.6.0) with AarTransform
Transforming ui-test-manifest-1.6.0.aar (androidx.compose.ui:ui-test-manifest:1.6.0) with JetifyTransform
Transforming ui-test-manifest-1.6.0.aar (androidx.compose.ui:ui-test-manifest:1.6.0) with ExtractAarTransform
Transforming ui-test-manifest-1.6.0.aar (androidx.compose.ui:ui-test-manifest:1.6.0) with AarTransform
Transforming ui-tooling-release.aar (androidx.compose.ui:ui-tooling-android:1.6.0) with JetifyTransform
Transforming ui-tooling-release.aar (androidx.compose.ui:ui-tooling-android:1.6.0) with ExtractAarTransform
Transforming ui-tooling-release.aar (androidx.compose.ui:ui-tooling-android:1.6.0) with AarTransform
Transforming activity-compose-1.8.2.aar (androidx.activity:activity-compose:1.8.2) with JetifyTransform
Transforming activity-compose-1.8.2.aar (androidx.activity:activity-compose:1.8.2) with ExtractAarTransform
Transforming activity-compose-1.8.2.aar (androidx.activity:activity-compose:1.8.2) with AarTransform
Transforming emoji2-1.3.0.aar (androidx.emoji2:emoji2:1.3.0) with JetifyTransform
Transforming emoji2-1.3.0.aar (androidx.emoji2:emoji2:1.3.0) with ExtractAarTransform
Transforming emoji2-1.3.0.aar (androidx.emoji2:emoji2:1.3.0) with AarTransform
Transforming lifecycle-process-2.7.0.aar (androidx.lifecycle:lifecycle-process:2.7.0) with JetifyTransform
Transforming lifecycle-process-2.7.0.aar (androidx.lifecycle:lifecycle-process:2.7.0) with ExtractAarTransform
Transforming lifecycle-process-2.7.0.aar (androidx.lifecycle:lifecycle-process:2.7.0) with AarTransform
Transforming lifecycle-livedata-core-2.7.0.aar (androidx.lifecycle:lifecycle-livedata-core:2.7.0) with JetifyTransform
Transforming lifecycle-livedata-core-2.7.0.aar (androidx.lifecycle:lifecycle-livedata-core:2.7.0) with ExtractAarTransform
Transforming lifecycle-livedata-core-2.7.0.aar (androidx.lifecycle:lifecycle-livedata-core:2.7.0) with AarTransform
Transforming savedstate-ktx-1.2.1.aar (androidx.savedstate:savedstate-ktx:1.2.1) with JetifyTransform
Transforming savedstate-ktx-1.2.1.aar (androidx.savedstate:savedstate-ktx:1.2.1) with ExtractAarTransform
Transforming savedstate-ktx-1.2.1.aar (androidx.savedstate:savedstate-ktx:1.2.1) with AarTransform
Transforming savedstate-1.2.1.aar (androidx.savedstate:savedstate:1.2.1) with JetifyTransform
Transforming savedstate-1.2.1.aar (androidx.savedstate:savedstate:1.2.1) with ExtractAarTransform
Transforming savedstate-1.2.1.aar (androidx.savedstate:savedstate:1.2.1) with AarTransform
Transforming lifecycle-viewmodel-savedstate-2.7.0.aar (androidx.lifecycle:lifecycle-viewmodel-savedstate:2.7.0) with JetifyTransform
Transforming lifecycle-viewmodel-savedstate-2.7.0.aar (androidx.lifecycle:lifecycle-viewmodel-savedstate:2.7.0) with ExtractAarTransform
Transforming lifecycle-viewmodel-savedstate-2.7.0.aar (androidx.lifecycle:lifecycle-viewmodel-savedstate:2.7.0) with AarTransform
Transforming lifecycle-viewmodel-ktx-2.7.0.aar (androidx.lifecycle:lifecycle-viewmodel-ktx:2.7.0) with JetifyTransform
Transforming lifecycle-viewmodel-ktx-2.7.0.aar (androidx.lifecycle:lifecycle-viewmodel-ktx:2.7.0) with ExtractAarTransform
Transforming lifecycle-viewmodel-ktx-2.7.0.aar (androidx.lifecycle:lifecycle-viewmodel-ktx:2.7.0) with AarTransform
Transforming lifecycle-viewmodel-2.7.0.aar (androidx.lifecycle:lifecycle-viewmodel:2.7.0) with JetifyTransform
Transforming lifecycle-viewmodel-2.7.0.aar (androidx.lifecycle:lifecycle-viewmodel:2.7.0) with ExtractAarTransform
Transforming lifecycle-viewmodel-2.7.0.aar (androidx.lifecycle:lifecycle-viewmodel:2.7.0) with AarTransform
Transforming coil-2.5.0.aar (io.coil-kt:coil:2.5.0) with JetifyTransform
Transforming coil-2.5.0.aar (io.coil-kt:coil:2.5.0) with ExtractAarTransform
Transforming coil-2.5.0.aar (io.coil-kt:coil:2.5.0) with AarTransform
Transforming coil-base-2.5.0.aar (io.coil-kt:coil-base:2.5.0) with JetifyTransform
Transforming coil-base-2.5.0.aar (io.coil-kt:coil-base:2.5.0) with ExtractAarTransform
Transforming coil-base-2.5.0.aar (io.coil-kt:coil-base:2.5.0) with AarTransform
Transforming lifecycle-runtime-2.7.0.aar (androidx.lifecycle:lifecycle-runtime:2.7.0) with JetifyTransform
Transforming lifecycle-runtime-2.7.0.aar (androidx.lifecycle:lifecycle-runtime:2.7.0) with ExtractAarTransform
Transforming lifecycle-runtime-2.7.0.aar (androidx.lifecycle:lifecycle-runtime:2.7.0) with AarTransform
Transforming lifecycle-runtime-ktx-2.7.0.aar (androidx.lifecycle:lifecycle-runtime-ktx:2.7.0) with JetifyTransform
Transforming lifecycle-runtime-ktx-2.7.0.aar (androidx.lifecycle:lifecycle-runtime-ktx:2.7.0) with ExtractAarTransform
Transforming lifecycle-runtime-ktx-2.7.0.aar (androidx.lifecycle:lifecycle-runtime-ktx:2.7.0) with AarTransform
Transforming lifecycle-viewmodel-compose-2.7.0.aar (androidx.lifecycle:lifecycle-viewmodel-compose:2.7.0) with JetifyTransform
Transforming lifecycle-viewmodel-compose-2.7.0.aar (androidx.lifecycle:lifecycle-viewmodel-compose:2.7.0) with ExtractAarTransform
Transforming lifecycle-viewmodel-compose-2.7.0.aar (androidx.lifecycle:lifecycle-viewmodel-compose:2.7.0) with AarTransform
Caching disabled for AarTransform: /home/runner/.gradle/caches/transforms-3/32916e4361a0519dfb325dcc3e200682/transformed/jetified-coil-compose-2.5.0 because:
  Build cache is disabled
AarTransform: /home/runner/.gradle/caches/transforms-3/32916e4361a0519dfb325dcc3e200682/transformed/jetified-coil-compose-2.5.0 is not up-to-date because:
  No history is available.
Caching disabled for AarTransform: /home/runner/.gradle/caches/transforms-3/e42332f6c3845b4ae63811bd5d1b8586/transformed/jetified-coil-compose-base-2.5.0 because:
  Build cache is disabled
AarTransform: /home/runner/.gradle/caches/transforms-3/e42332f6c3845b4ae63811bd5d1b8586/transformed/jetified-coil-compose-base-2.5.0 is not up-to-date because:
  No history is available.
Caching disabled for AarTransform: /home/runner/.gradle/caches/transforms-3/3dc43ce192fe1dab647f59ff297eacf1/transformed/jetified-material-ripple-release because:
  Build cache is disabled
AarTransform: /home/runner/.gradle/caches/transforms-3/3dc43ce192fe1dab647f59ff297eacf1/transformed/jetified-material-ripple-release is not up-to-date because:
  No history is available.
Transforming accompanist-drawablepainter-0.32.0.aar (com.google.accompanist:accompanist-drawablepainter:0.32.0) with JetifyTransform
Transforming accompanist-drawablepainter-0.32.0.aar (com.google.accompanist:accompanist-drawablepainter:0.32.0) with ExtractAarTransform
Transforming accompanist-drawablepainter-0.32.0.aar (com.google.accompanist:accompanist-drawablepainter:0.32.0) with AarTransform
Transforming ui-release.aar (androidx.compose.ui:ui-android:1.6.0) with JetifyTransform
Transforming ui-release.aar (androidx.compose.ui:ui-android:1.6.0) with ExtractAarTransform
Transforming ui-release.aar (androidx.compose.ui:ui-android:1.6.0) with AarTransform
Transforming autofill-1.0.0.aar (androidx.autofill:autofill:1.0.0) with JetifyTransform
Transforming autofill-1.0.0.aar (androidx.autofill:autofill:1.0.0) with ExtractAarTransform
Transforming autofill-1.0.0.aar (androidx.autofill:autofill:1.0.0) with AarTransform
Transforming appcompat-resources-1.6.1.aar (androidx.appcompat:appcompat-resources:1.6.1) with JetifyTransform
Transforming appcompat-resources-1.6.1.aar (androidx.appcompat:appcompat-resources:1.6.1) with ExtractAarTransform
Transforming appcompat-resources-1.6.1.aar (androidx.appcompat:appcompat-resources:1.6.1) with AarTransform
Transforming vectordrawable-animated-1.1.0.aar (androidx.vectordrawable:vectordrawable-animated:1.1.0) with JetifyTransform
Transforming vectordrawable-animated-1.1.0.aar (androidx.vectordrawable:vectordrawable-animated:1.1.0) with ExtractAarTransform
Transforming vectordrawable-animated-1.1.0.aar (androidx.vectordrawable:vectordrawable-animated:1.1.0) with AarTransform
Transforming vectordrawable-1.1.0.aar (androidx.vectordrawable:vectordrawable:1.1.0) with JetifyTransform
Transforming vectordrawable-1.1.0.aar (androidx.vectordrawable:vectordrawable:1.1.0) with ExtractAarTransform
Transforming vectordrawable-1.1.0.aar (androidx.vectordrawable:vectordrawable:1.1.0) with AarTransform
Transforming vectordrawable-1.1.0.aar (androidx.vectordrawable:vectordrawable:1.1.0) with JetifyTransform
Transforming vectordrawable-1.1.0.aar (androidx.vectordrawable:vectordrawable:1.1.0) with ExtractAarTransform
Transforming vectordrawable-1.1.0.aar (androidx.vectordrawable:vectordrawable:1.1.0) with AarTransform
Transforming core-1.12.0.aar (androidx.core:core:1.12.0) with JetifyTransform
Transforming core-1.12.0.aar (androidx.core:core:1.12.0) with ExtractAarTransform
Transforming core-1.12.0.aar (androidx.core:core:1.12.0) with AarTransform
Transforming core-1.12.0.aar (androidx.core:core:1.12.0) with JetifyTransform
Transforming core-1.12.0.aar (androidx.core:core:1.12.0) with ExtractAarTransform
Transforming core-1.12.0.aar (androidx.core:core:1.12.0) with AarTransform
Transforming core-1.12.0.aar (androidx.core:core:1.12.0) with JetifyTransform
Transforming core-1.12.0.aar (androidx.core:core:1.12.0) with ExtractAarTransform
Transforming core-1.12.0.aar (androidx.core:core:1.12.0) with AarTransform
Transforming customview-poolingcontainer-1.0.0.aar (androidx.customview:customview-poolingcontainer:1.0.0) with JetifyTransform
Transforming customview-poolingcontainer-1.0.0.aar (androidx.customview:customview-poolingcontainer:1.0.0) with ExtractAarTransform
Transforming customview-poolingcontainer-1.0.0.aar (androidx.customview:customview-poolingcontainer:1.0.0) with AarTransform
Transforming core-ktx-1.12.0.aar (androidx.core:core-ktx:1.12.0) with JetifyTransform
Transforming core-ktx-1.12.0.aar (androidx.core:core-ktx:1.12.0) with ExtractAarTransform
Transforming core-ktx-1.12.0.aar (androidx.core:core-ktx:1.12.0) with AarTransform
Transforming annotation-experimental-1.3.0.aar (androidx.annotation:annotation-experimental:1.3.0) with JetifyTransform
Transforming annotation-experimental-1.3.0.aar (androidx.annotation:annotation-experimental:1.3.0) with ExtractAarTransform
Transforming annotation-experimental-1.3.0.aar (androidx.annotation:annotation-experimental:1.3.0) with AarTransform
Transforming runtime-saveable-release.aar (androidx.compose.runtime:runtime-saveable-android:1.6.0) with JetifyTransform
Transforming runtime-saveable-release.aar (androidx.compose.runtime:runtime-saveable-android:1.6.0) with ExtractAarTransform
Transforming runtime-saveable-release.aar (androidx.compose.runtime:runtime-saveable-android:1.6.0) with AarTransform
Transforming runtime-release.aar (androidx.compose.runtime:runtime-android:1.6.0) with JetifyTransform
Transforming runtime-release.aar (androidx.compose.runtime:runtime-android:1.6.0) with ExtractAarTransform
Transforming runtime-release.aar (androidx.compose.runtime:runtime-android:1.6.0) with AarTransform
Transforming versionedparcelable-1.1.1.aar (androidx.versionedparcelable:versionedparcelable:1.1.1) with JetifyTransform
Transforming versionedparcelable-1.1.1.aar (androidx.versionedparcelable:versionedparcelable:1.1.1) with ExtractAarTransform
Transforming versionedparcelable-1.1.1.aar (androidx.versionedparcelable:versionedparcelable:1.1.1) with AarTransform
Transforming interpolator-1.0.0.aar (androidx.interpolator:interpolator:1.0.0) with JetifyTransform
Caching disabled for AarTransform: /home/runner/.gradle/caches/transforms-3/73e6621120999a43cb87f253d3ce9798/transformed/jetified-material-icons-core-release because:
  Build cache is disabled
Transforming interpolator-1.0.0.aar (androidx.interpolator:interpolator:1.0.0) with ExtractAarTransform
AarTransform: /home/runner/.gradle/caches/transforms-3/73e6621120999a43cb87f253d3ce9798/transformed/jetified-material-icons-core-release is not up-to-date because:
  No history is available.
Transforming interpolator-1.0.0.aar (androidx.interpolator:interpolator:1.0.0) with AarTransform
Transforming interpolator-1.0.0.aar (androidx.interpolator:interpolator:1.0.0) with JetifyTransform
Transforming interpolator-1.0.0.aar (androidx.interpolator:interpolator:1.0.0) with ExtractAarTransform
Transforming interpolator-1.0.0.aar (androidx.interpolator:interpolator:1.0.0) with AarTransform
Transforming core-runtime-2.2.0.aar (androidx.arch.core:core-runtime:2.2.0) with JetifyTransform
Transforming core-runtime-2.2.0.aar (androidx.arch.core:core-runtime:2.2.0) with ExtractAarTransform
Transforming core-runtime-2.2.0.aar (androidx.arch.core:core-runtime:2.2.0) with AarTransform
Transforming profileinstaller-1.3.1.aar (androidx.profileinstaller:profileinstaller:1.3.1) with JetifyTransform
Transforming profileinstaller-1.3.1.aar (androidx.profileinstaller:profileinstaller:1.3.1) with ExtractAarTransform
Transforming profileinstaller-1.3.1.aar (androidx.profileinstaller:profileinstaller:1.3.1) with AarTransform
Transforming startup-runtime-1.1.1.aar (androidx.startup:startup-runtime:1.1.1) with JetifyTransform
Transforming startup-runtime-1.1.1.aar (androidx.startup:startup-runtime:1.1.1) with ExtractAarTransform
Transforming startup-runtime-1.1.1.aar (androidx.startup:startup-runtime:1.1.1) with AarTransform
Transforming tracing-1.0.0.aar (androidx.tracing:tracing:1.0.0) with JetifyTransform
Transforming tracing-1.0.0.aar (androidx.tracing:tracing:1.0.0) with ExtractAarTransform
Transforming tracing-1.0.0.aar (androidx.tracing:tracing:1.0.0) with AarTransform
Transforming exifinterface-1.3.6.aar (androidx.exifinterface:exifinterface:1.3.6) with JetifyTransform
Transforming exifinterface-1.3.6.aar (androidx.exifinterface:exifinterface:1.3.6) with ExtractAarTransform
Transforming exifinterface-1.3.6.aar (androidx.exifinterface:exifinterface:1.3.6) with AarTransform
Caching disabled for AarTransform: /home/runner/.gradle/caches/transforms-3/d18e3e45b4d94d3858bdc59584221f19/transformed/jetified-animation-release because:
  Build cache is disabled
AarTransform: /home/runner/.gradle/caches/transforms-3/d18e3e45b4d94d3858bdc59584221f19/transformed/jetified-animation-release is not up-to-date because:
  No history is available.
Caching disabled for AarTransform: /home/runner/.gradle/caches/transforms-3/e253461f05edaf7aa67d8be4b23c5378/transformed/jetified-material-release because:
  Build cache is disabled
AarTransform: /home/runner/.gradle/caches/transforms-3/e253461f05edaf7aa67d8be4b23c5378/transformed/jetified-material-release is not up-to-date because:
  No history is available.
Caching disabled for AarTransform: /home/runner/.gradle/caches/transforms-3/ff71fba756ca4157450ef962b788a7b8/transformed/jetified-foundation-layout-release because:
  Build cache is disabled
AarTransform: /home/runner/.gradle/caches/transforms-3/ff71fba756ca4157450ef962b788a7b8/transformed/jetified-foundation-layout-release is not up-to-date because:
  No history is available.
Caching disabled for AarTransform: /home/runner/.gradle/caches/transforms-3/2e023a60b9bc95923d69649b085625a1/transformed/jetified-animation-core-release because:
  Build cache is disabled
AarTransform: /home/runner/.gradle/caches/transforms-3/2e023a60b9bc95923d69649b085625a1/transformed/jetified-animation-core-release is not up-to-date because:
  No history is available.
Caching disabled for AarTransform: /home/runner/.gradle/caches/transforms-3/c4e0e79cd87e6e8b15a86f479bf7fb1c/transformed/jetified-foundation-release because:
  Build cache is disabled
AarTransform: /home/runner/.gradle/caches/transforms-3/c4e0e79cd87e6e8b15a86f479bf7fb1c/transformed/jetified-foundation-release is not up-to-date because:
  No history is available.
Caching disabled for AarTransform: /home/runner/.gradle/caches/transforms-3/841daa78a6c7688fb1784afdf8bd8006/transformed/jetified-ui-tooling-data-release because:
  Build cache is disabled
AarTransform: /home/runner/.gradle/caches/transforms-3/841daa78a6c7688fb1784afdf8bd8006/transformed/jetified-ui-tooling-data-release is not up-to-date because:
  No history is available.
Caching disabled for AarTransform: /home/runner/.gradle/caches/transforms-3/49f657191625df914dc02aaa37e2ccce/transformed/jetified-ui-unit-release because:
  Build cache is disabled
AarTransform: /home/runner/.gradle/caches/transforms-3/49f657191625df914dc02aaa37e2ccce/transformed/jetified-ui-unit-release is not up-to-date because:
  No history is available.
Caching disabled for AarTransform: /home/runner/.gradle/caches/transforms-3/510b4aecd5975c712c4d4e307818dcd4/transformed/jetified-ui-geometry-release because:
  Build cache is disabled
AarTransform: /home/runner/.gradle/caches/transforms-3/510b4aecd5975c712c4d4e307818dcd4/transformed/jetified-ui-geometry-release is not up-to-date because:
  No history is available.
Caching disabled for AarTransform: /home/runner/.gradle/caches/transforms-3/bf74d1f461dd083fb9b90c72b67dd7ae/transformed/jetified-ui-util-release because:
  Build cache is disabled
AarTransform: /home/runner/.gradle/caches/transforms-3/bf74d1f461dd083fb9b90c72b67dd7ae/transformed/jetified-ui-util-release is not up-to-date because:
  No history is available.
Caching disabled for AarTransform: /home/runner/.gradle/caches/transforms-3/739ee27594ae93846d923b96306d6ce4/transformed/jetified-ui-text-release because:
  Build cache is disabled
AarTransform: /home/runner/.gradle/caches/transforms-3/739ee27594ae93846d923b96306d6ce4/transformed/jetified-ui-text-release is not up-to-date because:
  No history is available.
Caching disabled for AarTransform: /home/runner/.gradle/caches/transforms-3/b49ca312096e0275e43db54fdf724643/transformed/jetified-ui-tooling-preview-release because:
  Build cache is disabled
AarTransform: /home/runner/.gradle/caches/transforms-3/b49ca312096e0275e43db54fdf724643/transformed/jetified-ui-tooling-preview-release is not up-to-date because:
  No history is available.
Caching disabled for AarTransform: /home/runner/.gradle/caches/transforms-3/39b5ea9cdb3e645b6f458cbb8dfdcaa8/transformed/jetified-ui-graphics-release because:
  Build cache is disabled
AarTransform: /home/runner/.gradle/caches/transforms-3/39b5ea9cdb3e645b6f458cbb8dfdcaa8/transformed/jetified-ui-graphics-release is not up-to-date because:
  No history is available.
Caching disabled for AarTransform: /home/runner/.gradle/caches/transforms-3/1c604c0a449a91646a02b0bf81bb92a8/transformed/jetified-ui-test-manifest-1.6.0 because:
  Build cache is disabled
AarTransform: /home/runner/.gradle/caches/transforms-3/1c604c0a449a91646a02b0bf81bb92a8/transformed/jetified-ui-test-manifest-1.6.0 is not up-to-date because:
  No history is available.
Caching disabled for AarTransform: /home/runner/.gradle/caches/transforms-3/cdde5d135a5c5f405b2e1a5824d1a5bf/transformed/jetified-activity-compose-1.8.2 because:
  Build cache is disabled
AarTransform: /home/runner/.gradle/caches/transforms-3/cdde5d135a5c5f405b2e1a5824d1a5bf/transformed/jetified-activity-compose-1.8.2 is not up-to-date because:
  No history is available.
Caching disabled for AarTransform: /home/runner/.gradle/caches/transforms-3/accb67d5fa6842fc494107338777a9e8/transformed/jetified-emoji2-1.3.0 because:
  Build cache is disabled
AarTransform: /home/runner/.gradle/caches/transforms-3/accb67d5fa6842fc494107338777a9e8/transformed/jetified-emoji2-1.3.0 is not up-to-date because:
  No history is available.
Caching disabled for AarTransform: /home/runner/.gradle/caches/transforms-3/bf3003103bf104060019c4c4fe8f58d2/transformed/jetified-ui-tooling-release because:
  Build cache is disabled
AarTransform: /home/runner/.gradle/caches/transforms-3/bf3003103bf104060019c4c4fe8f58d2/transformed/jetified-ui-tooling-release is not up-to-date because:
  No history is available.
Caching disabled for AarTransform: /home/runner/.gradle/caches/transforms-3/076a8f229414680308728714ada7a4b2/transformed/jetified-lifecycle-process-2.7.0 because:
  Build cache is disabled
Caching disabled for AarTransform: /home/runner/.gradle/caches/transforms-3/86f269d9a5d25d9db3a0c3844d69e947/transformed/lifecycle-livedata-core-2.7.0 because:
  Build cache is disabled
AarTransform: /home/runner/.gradle/caches/transforms-3/076a8f229414680308728714ada7a4b2/transformed/jetified-lifecycle-process-2.7.0 is not up-to-date because:
  No history is available.
AarTransform: /home/runner/.gradle/caches/transforms-3/86f269d9a5d25d9db3a0c3844d69e947/transformed/lifecycle-livedata-core-2.7.0 is not up-to-date because:
  No history is available.
Caching disabled for AarTransform: /home/runner/.gradle/caches/transforms-3/dcfbdd2b03f788a16fdc2ef43289a48a/transformed/jetified-savedstate-ktx-1.2.1 because:
  Build cache is disabled
AarTransform: /home/runner/.gradle/caches/transforms-3/dcfbdd2b03f788a16fdc2ef43289a48a/transformed/jetified-savedstate-ktx-1.2.1 is not up-to-date because:
  No history is available.
Caching disabled for AarTransform: /home/runner/.gradle/caches/transforms-3/3d80dbef2bfd9f638e3e23df58b28058/transformed/jetified-lifecycle-viewmodel-savedstate-2.7.0 because:
  Build cache is disabled
AarTransform: /home/runner/.gradle/caches/transforms-3/3d80dbef2bfd9f638e3e23df58b28058/transformed/jetified-lifecycle-viewmodel-savedstate-2.7.0 is not up-to-date because:
  No history is available.
Caching disabled for AarTransform: /home/runner/.gradle/caches/transforms-3/2e3aff25883e88e5e0e03fc7e5b8dddc/transformed/jetified-lifecycle-viewmodel-ktx-2.7.0 because:
  Build cache is disabled
AarTransform: /home/runner/.gradle/caches/transforms-3/2e3aff25883e88e5e0e03fc7e5b8dddc/transformed/jetified-lifecycle-viewmodel-ktx-2.7.0 is not up-to-date because:
  No history is available.
Caching disabled for AarTransform: /home/runner/.gradle/caches/transforms-3/0e3cb1d08ffd4372de833f64f3db18a8/transformed/jetified-savedstate-1.2.1 because:
  Build cache is disabled
AarTransform: /home/runner/.gradle/caches/transforms-3/0e3cb1d08ffd4372de833f64f3db18a8/transformed/jetified-savedstate-1.2.1 is not up-to-date because:
  No history is available.
Caching disabled for AarTransform: /home/runner/.gradle/caches/transforms-3/d465ee9d576c159aa28b1d9fcb29cc5c/transformed/jetified-coil-2.5.0 because:
  Build cache is disabled
AarTransform: /home/runner/.gradle/caches/transforms-3/d465ee9d576c159aa28b1d9fcb29cc5c/transformed/jetified-coil-2.5.0 is not up-to-date because:
  No history is available.
Caching disabled for AarTransform: /home/runner/.gradle/caches/transforms-3/099efc0ddbfac48f037781c2ca4851d5/transformed/lifecycle-viewmodel-2.7.0 because:
  Build cache is disabled
AarTransform: /home/runner/.gradle/caches/transforms-3/099efc0ddbfac48f037781c2ca4851d5/transformed/lifecycle-viewmodel-2.7.0 is not up-to-date because:
  No history is available.
Caching disabled for AarTransform: /home/runner/.gradle/caches/transforms-3/5b6e8f4da29c5badae3df148f26f4146/transformed/jetified-coil-base-2.5.0 because:
  Build cache is disabled
AarTransform: /home/runner/.gradle/caches/transforms-3/5b6e8f4da29c5badae3df148f26f4146/transformed/jetified-coil-base-2.5.0 is not up-to-date because:
  No history is available.
Caching disabled for AarTransform: /home/runner/.gradle/caches/transforms-3/c9c5c4980b082d6d2dd323ddd1701769/transformed/lifecycle-runtime-2.7.0 because:
  Build cache is disabled
AarTransform: /home/runner/.gradle/caches/transforms-3/c9c5c4980b082d6d2dd323ddd1701769/transformed/lifecycle-runtime-2.7.0 is not up-to-date because:
  No history is available.
Caching disabled for AarTransform: /home/runner/.gradle/caches/transforms-3/a0123c34e88e58ea294051e8ca239094/transformed/jetified-lifecycle-viewmodel-compose-2.7.0 because:
  Build cache is disabled
AarTransform: /home/runner/.gradle/caches/transforms-3/a0123c34e88e58ea294051e8ca239094/transformed/jetified-lifecycle-viewmodel-compose-2.7.0 is not up-to-date because:
  No history is available.
Caching disabled for AarTransform: /home/runner/.gradle/caches/transforms-3/b8d5a53e480a02a01d868ba62793622b/transformed/jetified-lifecycle-runtime-ktx-2.7.0 because:
  Build cache is disabled
AarTransform: /home/runner/.gradle/caches/transforms-3/b8d5a53e480a02a01d868ba62793622b/transformed/jetified-lifecycle-runtime-ktx-2.7.0 is not up-to-date because:
  No history is available.
Caching disabled for AarTransform: /home/runner/.gradle/caches/transforms-3/5c193792e17ca9669102e33e07a2e665/transformed/jetified-accompanist-drawablepainter-0.32.0 because:
  Build cache is disabled
AarTransform: /home/runner/.gradle/caches/transforms-3/5c193792e17ca9669102e33e07a2e665/transformed/jetified-accompanist-drawablepainter-0.32.0 is not up-to-date because:
  No history is available.
Caching disabled for AarTransform: /home/runner/.gradle/caches/transforms-3/7c1fde5ba7832962763da54cbb5017fc/transformed/jetified-ui-release because:
  Build cache is disabled
AarTransform: /home/runner/.gradle/caches/transforms-3/7c1fde5ba7832962763da54cbb5017fc/transformed/jetified-ui-release is not up-to-date because:
  No history is available.
Caching disabled for AarTransform: /home/runner/.gradle/caches/transforms-3/af7438249dbf35e19c89c1000528720c/transformed/jetified-autofill-1.0.0 because:
  Build cache is disabled
AarTransform: /home/runner/.gradle/caches/transforms-3/af7438249dbf35e19c89c1000528720c/transformed/jetified-autofill-1.0.0 is not up-to-date because:
  No history is available.
Caching disabled for AarTransform: /home/runner/.gradle/caches/transforms-3/8cc41fb51eaad97db6eafd93ec44c1e0/transformed/vectordrawable-animated-1.1.0 because:
  Build cache is disabled
Caching disabled for AarTransform: /home/runner/.gradle/caches/transforms-3/3eaec48e790365cb3ddece1de5aab10f/transformed/jetified-appcompat-resources-1.6.1 because:
  Build cache is disabled
AarTransform: /home/runner/.gradle/caches/transforms-3/8cc41fb51eaad97db6eafd93ec44c1e0/transformed/vectordrawable-animated-1.1.0 is not up-to-date because:
  No history is available.
AarTransform: /home/runner/.gradle/caches/transforms-3/3eaec48e790365cb3ddece1de5aab10f/transformed/jetified-appcompat-resources-1.6.1 is not up-to-date because:
  No history is available.
Caching disabled for AarTransform: /home/runner/.gradle/caches/transforms-3/3faa838f61968b207718ebdff448e42e/transformed/vectordrawable-1.1.0 because:
  Build cache is disabled
AarTransform: /home/runner/.gradle/caches/transforms-3/3faa838f61968b207718ebdff448e42e/transformed/vectordrawable-1.1.0 is not up-to-date because:
  No history is available.
Caching disabled for AarTransform: /home/runner/.gradle/caches/transforms-3/328141f1afd86b20c170f8a445d30e19/transformed/jetified-customview-poolingcontainer-1.0.0 because:
  Build cache is disabled
AarTransform: /home/runner/.gradle/caches/transforms-3/328141f1afd86b20c170f8a445d30e19/transformed/jetified-customview-poolingcontainer-1.0.0 is not up-to-date because:
  No history is available.
Caching disabled for AarTransform: /home/runner/.gradle/caches/transforms-3/4dde0fce54f6341b6da19770f76a2130/transformed/core-1.12.0 because:
  Build cache is disabled
AarTransform: /home/runner/.gradle/caches/transforms-3/4dde0fce54f6341b6da19770f76a2130/transformed/core-1.12.0 is not up-to-date because:
  No history is available.
Caching disabled for AarTransform: /home/runner/.gradle/caches/transforms-3/86d4a3973c7d015dcddc3636b26d31c0/transformed/jetified-core-ktx-1.12.0 because:
  Build cache is disabled
AarTransform: /home/runner/.gradle/caches/transforms-3/86d4a3973c7d015dcddc3636b26d31c0/transformed/jetified-core-ktx-1.12.0 is not up-to-date because:
  No history is available.
Caching disabled for AarTransform: /home/runner/.gradle/caches/transforms-3/1f3abe10d1870e2a226e8cc9c7e7eb3b/transformed/jetified-annotation-experimental-1.3.0 because:
  Build cache is disabled
AarTransform: /home/runner/.gradle/caches/transforms-3/1f3abe10d1870e2a226e8cc9c7e7eb3b/transformed/jetified-annotation-experimental-1.3.0 is not up-to-date because:
  No history is available.
Caching disabled for AarTransform: /home/runner/.gradle/caches/transforms-3/88742612a934cebcd0be91fdda997a16/transformed/jetified-runtime-saveable-release because:
  Build cache is disabled
AarTransform: /home/runner/.gradle/caches/transforms-3/88742612a934cebcd0be91fdda997a16/transformed/jetified-runtime-saveable-release is not up-to-date because:
  No history is available.
Caching disabled for AarTransform: /home/runner/.gradle/caches/transforms-3/37655ed3604b6c69200879d0500f2a9b/transformed/jetified-runtime-release because:
  Build cache is disabled
AarTransform: /home/runner/.gradle/caches/transforms-3/37655ed3604b6c69200879d0500f2a9b/transformed/jetified-runtime-release is not up-to-date because:
  No history is available.
Caching disabled for AarTransform: /home/runner/.gradle/caches/transforms-3/096095fb3f46b0f49569eff3850aad1c/transformed/versionedparcelable-1.1.1 because:
  Build cache is disabled
AarTransform: /home/runner/.gradle/caches/transforms-3/096095fb3f46b0f49569eff3850aad1c/transformed/versionedparcelable-1.1.1 is not up-to-date because:
  No history is available.
Caching disabled for AarTransform: /home/runner/.gradle/caches/transforms-3/da2de8c6ac4d0cdf9dede0c7637f3f2f/transformed/interpolator-1.0.0 because:
  Build cache is disabled
AarTransform: /home/runner/.gradle/caches/transforms-3/da2de8c6ac4d0cdf9dede0c7637f3f2f/transformed/interpolator-1.0.0 is not up-to-date because:
  No history is available.
Caching disabled for AarTransform: /home/runner/.gradle/caches/transforms-3/cb64fc0a0422f37738c7cc6bed1d58f4/transformed/core-runtime-2.2.0 because:
  Build cache is disabled
AarTransform: /home/runner/.gradle/caches/transforms-3/cb64fc0a0422f37738c7cc6bed1d58f4/transformed/core-runtime-2.2.0 is not up-to-date because:
  No history is available.
Caching disabled for AarTransform: /home/runner/.gradle/caches/transforms-3/ed2a99777db40be16c6b391443781293/transformed/jetified-profileinstaller-1.3.1 because:
  Build cache is disabled
AarTransform: /home/runner/.gradle/caches/transforms-3/ed2a99777db40be16c6b391443781293/transformed/jetified-profileinstaller-1.3.1 is not up-to-date because:
  No history is available.
Caching disabled for AarTransform: /home/runner/.gradle/caches/transforms-3/e38763203da2274fe32ea162c1ebfd07/transformed/jetified-startup-runtime-1.1.1 because:
  Build cache is disabled
AarTransform: /home/runner/.gradle/caches/transforms-3/e38763203da2274fe32ea162c1ebfd07/transformed/jetified-startup-runtime-1.1.1 is not up-to-date because:
  No history is available.
Caching disabled for AarTransform: /home/runner/.gradle/caches/transforms-3/77845b546bce7c968a64544941173c93/transformed/jetified-tracing-1.0.0 because:
  Build cache is disabled
AarTransform: /home/runner/.gradle/caches/transforms-3/77845b546bce7c968a64544941173c93/transformed/jetified-tracing-1.0.0 is not up-to-date because:
  No history is available.
Caching disabled for AarTransform: /home/runner/.gradle/caches/transforms-3/c0080d546a3a59f6f620959026c16997/transformed/exifinterface-1.3.6 because:
  Build cache is disabled
AarTransform: /home/runner/.gradle/caches/transforms-3/c0080d546a3a59f6f620959026c16997/transformed/exifinterface-1.3.6 is not up-to-date because:
  No history is available.
Caching disabled for task ':app-v3:mergeDebugAssets' because:
  Build cache is disabled
Task ':app-v3:mergeDebugAssets' is not up-to-date because:
  No history is available.
The input changes require a full rebuild for incremental task ':app-v3:mergeDebugAssets'.
Resolve mutations for :app-v3:compressDebugAssets (Thread[Execution worker Thread 2,5,main]) started.
:app-v3:compressDebugAssets (Thread[Execution worker Thread 2,5,main]) started.

> Task :app-v3:compressDebugAssets
Caching disabled for task ':app-v3:compressDebugAssets' because:
  Build cache is disabled
Task ':app-v3:compressDebugAssets' is not up-to-date because:
  No history is available.
The input changes require a full rebuild for incremental task ':app-v3:compressDebugAssets'.
Resolve mutations for :app-v3:desugarDebugFileDependencies (Thread[Execution worker Thread 2,5,main]) started.
:app-v3:desugarDebugFileDependencies (Thread[Execution worker Thread 2,5,main]) started.

> Task :app-v3:desugarDebugFileDependencies
Caching disabled for task ':app-v3:desugarDebugFileDependencies' because:
  Build cache is disabled
Task ':app-v3:desugarDebugFileDependencies' is not up-to-date because:
  No history is available.
Resolve mutations for :app-v3:checkDebugDuplicateClasses (Thread[Execution worker Thread 2,5,main]) started.
:app-v3:checkDebugDuplicateClasses (Thread[Execution worker Thread 2,5,main]) started.
Resolve mutations for :app-v3:mergeDebugJniLibFolders (Thread[Execution worker,5,main]) started.
:app-v3:mergeDebugJniLibFolders (Thread[Execution worker,5,main]) started.

> Task :app-v3:mergeDebugJniLibFolders
Caching disabled for task ':app-v3:mergeDebugJniLibFolders' because:
  Build cache is disabled
Task ':app-v3:mergeDebugJniLibFolders' is not up-to-date because:
  No history is available.
The input changes require a full rebuild for incremental task ':app-v3:mergeDebugJniLibFolders'.
Resolve mutations for :app-v3:mergeDebugNativeLibs (Thread[Execution worker,5,main]) started.
:app-v3:mergeDebugNativeLibs (Thread[Execution worker,5,main]) started.

> Task :app-v3:checkDebugDuplicateClasses
Transforming material3-1.1.2.aar (androidx.compose.material3:material3:1.1.2) with JetifyTransform
Transforming material3-1.1.2.aar (androidx.compose.material3:material3:1.1.2) with AarToClassTransform
Transforming activity-1.8.2.aar (androidx.activity:activity:1.8.2) with JetifyTransform
Transforming activity-1.8.2.aar (androidx.activity:activity:1.8.2) with AarToClassTransform
Transforming activity-ktx-1.8.2.aar (androidx.activity:activity-ktx:1.8.2) with JetifyTransform
Transforming activity-ktx-1.8.2.aar (androidx.activity:activity-ktx:1.8.2) with AarToClassTransform
Transforming coil-compose-2.5.0.aar (io.coil-kt:coil-compose:2.5.0) with JetifyTransform
Transforming coil-compose-2.5.0.aar (io.coil-kt:coil-compose:2.5.0) with AarToClassTransform
Transforming coil-compose-base-2.5.0.aar (io.coil-kt:coil-compose-base:2.5.0) with JetifyTransform
Transforming coil-compose-base-2.5.0.aar (io.coil-kt:coil-compose-base:2.5.0) with AarToClassTransform
Transforming material-ripple-release.aar (androidx.compose.material:material-ripple-android:1.6.0) with JetifyTransform
Transforming material-ripple-release.aar (androidx.compose.material:material-ripple-android:1.6.0) with AarToClassTransform
Transforming material-icons-core-release.aar (androidx.compose.material:material-icons-core-android:1.6.0) with JetifyTransform
Transforming material-icons-core-release.aar (androidx.compose.material:material-icons-core-android:1.6.0) with AarToClassTransform
Transforming material-release.aar (androidx.compose.material:material-android:1.6.0) with JetifyTransform
Transforming material-release.aar (androidx.compose.material:material-android:1.6.0) with AarToClassTransform
Transforming animation-core-release.aar (androidx.compose.animation:animation-core-android:1.6.0) with JetifyTransform
Caching disabled for AarToClassTransform: /home/runner/.gradle/caches/transforms-3/c5f906fe9830dab63636f182974b9614/transformed/jetified-activity-1.8.2.aar because:
  Build cache is disabled
Transforming animation-core-release.aar (androidx.compose.animation:animation-core-android:1.6.0) with AarToClassTransform
AarToClassTransform: /home/runner/.gradle/caches/transforms-3/c5f906fe9830dab63636f182974b9614/transformed/jetified-activity-1.8.2.aar is not up-to-date because:
  No history is available.
Transforming animation-release.aar (androidx.compose.animation:animation-android:1.6.0) with JetifyTransform
Transforming animation-release.aar (androidx.compose.animation:animation-android:1.6.0) with AarToClassTransform
Transforming foundation-layout-release.aar (androidx.compose.foundation:foundation-layout-android:1.6.0) with JetifyTransform
Transforming foundation-layout-release.aar (androidx.compose.foundation:foundation-layout-android:1.6.0) with AarToClassTransform
Transforming foundation-release.aar (androidx.compose.foundation:foundation-android:1.6.0) with JetifyTransform
Transforming foundation-release.aar (androidx.compose.foundation:foundation-android:1.6.0) with AarToClassTransform
Transforming ui-tooling-data-release.aar (androidx.compose.ui:ui-tooling-data-android:1.6.0) with JetifyTransform
Transforming ui-tooling-data-release.aar (androidx.compose.ui:ui-tooling-data-android:1.6.0) with AarToClassTransform
Transforming ui-unit-release.aar (androidx.compose.ui:ui-unit-android:1.6.0) with JetifyTransform
Transforming ui-unit-release.aar (androidx.compose.ui:ui-unit-android:1.6.0) with AarToClassTransform
Transforming ui-geometry-release.aar (androidx.compose.ui:ui-geometry-android:1.6.0) with JetifyTransform
Transforming ui-geometry-release.aar (androidx.compose.ui:ui-geometry-android:1.6.0) with AarToClassTransform
Transforming ui-util-release.aar (androidx.compose.ui:ui-util-android:1.6.0) with JetifyTransform
Transforming ui-util-release.aar (androidx.compose.ui:ui-util-android:1.6.0) with AarToClassTransform
Transforming ui-text-release.aar (androidx.compose.ui:ui-text-android:1.6.0) with JetifyTransform
Transforming ui-text-release.aar (androidx.compose.ui:ui-text-android:1.6.0) with AarToClassTransform
Transforming ui-tooling-preview-release.aar (androidx.compose.ui:ui-tooling-preview-android:1.6.0) with JetifyTransform
Transforming ui-tooling-preview-release.aar (androidx.compose.ui:ui-tooling-preview-android:1.6.0) with AarToClassTransform
Transforming ui-graphics-release.aar (androidx.compose.ui:ui-graphics-android:1.6.0) with JetifyTransform
Transforming ui-graphics-release.aar (androidx.compose.ui:ui-graphics-android:1.6.0) with AarToClassTransform
Transforming ui-test-manifest-1.6.0.aar (androidx.compose.ui:ui-test-manifest:1.6.0) with JetifyTransform
Transforming ui-test-manifest-1.6.0.aar (androidx.compose.ui:ui-test-manifest:1.6.0) with AarToClassTransform
Transforming ui-tooling-release.aar (androidx.compose.ui:ui-tooling-android:1.6.0) with JetifyTransform
Transforming ui-tooling-release.aar (androidx.compose.ui:ui-tooling-android:1.6.0) with AarToClassTransform
Transforming activity-compose-1.8.2.aar (androidx.activity:activity-compose:1.8.2) with JetifyTransform
Transforming activity-compose-1.8.2.aar (androidx.activity:activity-compose:1.8.2) with AarToClassTransform
Transforming emoji2-1.3.0.aar (androidx.emoji2:emoji2:1.3.0) with JetifyTransform
Transforming emoji2-1.3.0.aar (androidx.emoji2:emoji2:1.3.0) with AarToClassTransform
Transforming lifecycle-process-2.7.0.aar (androidx.lifecycle:lifecycle-process:2.7.0) with JetifyTransform
Transforming lifecycle-process-2.7.0.aar (androidx.lifecycle:lifecycle-process:2.7.0) with AarToClassTransform
Transforming lifecycle-livedata-core-2.7.0.aar (androidx.lifecycle:lifecycle-livedata-core:2.7.0) with JetifyTransform
Transforming lifecycle-livedata-core-2.7.0.aar (androidx.lifecycle:lifecycle-livedata-core:2.7.0) with AarToClassTransform
Transforming savedstate-ktx-1.2.1.aar (androidx.savedstate:savedstate-ktx:1.2.1) with JetifyTransform
Transforming savedstate-ktx-1.2.1.aar (androidx.savedstate:savedstate-ktx:1.2.1) with AarToClassTransform
Transforming savedstate-1.2.1.aar (androidx.savedstate:savedstate:1.2.1) with JetifyTransform
Transforming savedstate-1.2.1.aar (androidx.savedstate:savedstate:1.2.1) with AarToClassTransform
Caching disabled for AarToClassTransform: /home/runner/.gradle/caches/transforms-3/b71fbaaf35be68998de3c9c474add754/transformed/jetified-material3-1.1.2.aar because:
  Build cache is disabled
AarToClassTransform: /home/runner/.gradle/caches/transforms-3/b71fbaaf35be68998de3c9c474add754/transformed/jetified-material3-1.1.2.aar is not up-to-date because:
  No history is available.
Caching disabled for AarToClassTransform: /home/runner/.gradle/caches/transforms-3/3c8da1e14a3c6c815f48d331a427c53a/transformed/jetified-activity-ktx-1.8.2.aar because:
  Build cache is disabled
AarToClassTransform: /home/runner/.gradle/caches/transforms-3/3c8da1e14a3c6c815f48d331a427c53a/transformed/jetified-activity-ktx-1.8.2.aar is not up-to-date because:
  No history is available.
Transforming lifecycle-viewmodel-savedstate-2.7.0.aar (androidx.lifecycle:lifecycle-viewmodel-savedstate:2.7.0) with JetifyTransform
Transforming lifecycle-viewmodel-savedstate-2.7.0.aar (androidx.lifecycle:lifecycle-viewmodel-savedstate:2.7.0) with AarToClassTransform
Transforming lifecycle-viewmodel-ktx-2.7.0.aar (androidx.lifecycle:lifecycle-viewmodel-ktx:2.7.0) with JetifyTransform
Transforming lifecycle-viewmodel-ktx-2.7.0.aar (androidx.lifecycle:lifecycle-viewmodel-ktx:2.7.0) with AarToClassTransform
Transforming lifecycle-viewmodel-2.7.0.aar (androidx.lifecycle:lifecycle-viewmodel:2.7.0) with JetifyTransform
Transforming lifecycle-viewmodel-2.7.0.aar (androidx.lifecycle:lifecycle-viewmodel:2.7.0) with AarToClassTransform
Transforming coil-2.5.0.aar (io.coil-kt:coil:2.5.0) with JetifyTransform
Transforming coil-2.5.0.aar (io.coil-kt:coil:2.5.0) with AarToClassTransform
Transforming coil-base-2.5.0.aar (io.coil-kt:coil-base:2.5.0) with JetifyTransform
Transforming coil-base-2.5.0.aar (io.coil-kt:coil-base:2.5.0) with AarToClassTransform
Transforming lifecycle-runtime-2.7.0.aar (androidx.lifecycle:lifecycle-runtime:2.7.0) with JetifyTransform
Transforming lifecycle-runtime-2.7.0.aar (androidx.lifecycle:lifecycle-runtime:2.7.0) with AarToClassTransform
Transforming lifecycle-runtime-ktx-2.7.0.aar (androidx.lifecycle:lifecycle-runtime-ktx:2.7.0) with JetifyTransform
Transforming lifecycle-runtime-ktx-2.7.0.aar (androidx.lifecycle:lifecycle-runtime-ktx:2.7.0) with AarToClassTransform
Transforming lifecycle-viewmodel-compose-2.7.0.aar (androidx.lifecycle:lifecycle-viewmodel-compose:2.7.0) with JetifyTransform
Transforming lifecycle-viewmodel-compose-2.7.0.aar (androidx.lifecycle:lifecycle-viewmodel-compose:2.7.0) with AarToClassTransform
Transforming accompanist-drawablepainter-0.32.0.aar (com.google.accompanist:accompanist-drawablepainter:0.32.0) with JetifyTransform
Transforming accompanist-drawablepainter-0.32.0.aar (com.google.accompanist:accompanist-drawablepainter:0.32.0) with AarToClassTransform
Transforming ui-release.aar (androidx.compose.ui:ui-android:1.6.0) with JetifyTransform
Transforming ui-release.aar (androidx.compose.ui:ui-android:1.6.0) with AarToClassTransform
Transforming autofill-1.0.0.aar (androidx.autofill:autofill:1.0.0) with JetifyTransform
Transforming autofill-1.0.0.aar (androidx.autofill:autofill:1.0.0) with AarToClassTransform
Transforming appcompat-resources-1.6.1.aar (androidx.appcompat:appcompat-resources:1.6.1) with JetifyTransform
Transforming appcompat-resources-1.6.1.aar (androidx.appcompat:appcompat-resources:1.6.1) with AarToClassTransform
Transforming vectordrawable-animated-1.1.0.aar (androidx.vectordrawable:vectordrawable-animated:1.1.0) with JetifyTransform
Transforming vectordrawable-animated-1.1.0.aar (androidx.vectordrawable:vectordrawable-animated:1.1.0) with AarToClassTransform
Transforming vectordrawable-1.1.0.aar (androidx.vectordrawable:vectordrawable:1.1.0) with JetifyTransform
Transforming vectordrawable-1.1.0.aar (androidx.vectordrawable:vectordrawable:1.1.0) with AarToClassTransform
Transforming vectordrawable-1.1.0.aar (androidx.vectordrawable:vectordrawable:1.1.0) with JetifyTransform
Transforming vectordrawable-1.1.0.aar (androidx.vectordrawable:vectordrawable:1.1.0) with AarToClassTransform
Transforming core-1.12.0.aar (androidx.core:core:1.12.0) with JetifyTransform
Transforming core-1.12.0.aar (androidx.core:core:1.12.0) with AarToClassTransform
Transforming core-1.12.0.aar (androidx.core:core:1.12.0) with JetifyTransform
Transforming core-1.12.0.aar (androidx.core:core:1.12.0) with AarToClassTransform
Transforming core-1.12.0.aar (androidx.core:core:1.12.0) with JetifyTransform
Transforming core-1.12.0.aar (androidx.core:core:1.12.0) with AarToClassTransform
Transforming customview-poolingcontainer-1.0.0.aar (androidx.customview:customview-poolingcontainer:1.0.0) with JetifyTransform
Transforming customview-poolingcontainer-1.0.0.aar (androidx.customview:customview-poolingcontainer:1.0.0) with AarToClassTransform
Transforming core-ktx-1.12.0.aar (androidx.core:core-ktx:1.12.0) with JetifyTransform
Transforming core-ktx-1.12.0.aar (androidx.core:core-ktx:1.12.0) with AarToClassTransform
Transforming annotation-experimental-1.3.0.aar (androidx.annotation:annotation-experimental:1.3.0) with JetifyTransform
Transforming annotation-experimental-1.3.0.aar (androidx.annotation:annotation-experimental:1.3.0) with AarToClassTransform
Transforming runtime-saveable-release.aar (androidx.compose.runtime:runtime-saveable-android:1.6.0) with JetifyTransform
Transforming runtime-saveable-release.aar (androidx.compose.runtime:runtime-saveable-android:1.6.0) with AarToClassTransform
Transforming runtime-release.aar (androidx.compose.runtime:runtime-android:1.6.0) with JetifyTransform
Transforming runtime-release.aar (androidx.compose.runtime:runtime-android:1.6.0) with AarToClassTransform
Transforming versionedparcelable-1.1.1.aar (androidx.versionedparcelable:versionedparcelable:1.1.1) with JetifyTransform
Transforming versionedparcelable-1.1.1.aar (androidx.versionedparcelable:versionedparcelable:1.1.1) with AarToClassTransform
Transforming interpolator-1.0.0.aar (androidx.interpolator:interpolator:1.0.0) with JetifyTransform
Transforming interpolator-1.0.0.aar (androidx.interpolator:interpolator:1.0.0) with AarToClassTransform
Transforming interpolator-1.0.0.aar (androidx.interpolator:interpolator:1.0.0) with JetifyTransform
Transforming interpolator-1.0.0.aar (androidx.interpolator:interpolator:1.0.0) with AarToClassTransform
Transforming core-runtime-2.2.0.aar (androidx.arch.core:core-runtime:2.2.0) with JetifyTransform
Transforming core-runtime-2.2.0.aar (androidx.arch.core:core-runtime:2.2.0) with AarToClassTransform
Transforming profileinstaller-1.3.1.aar (androidx.profileinstaller:profileinstaller:1.3.1) with JetifyTransform
Transforming profileinstaller-1.3.1.aar (androidx.profileinstaller:profileinstaller:1.3.1) with AarToClassTransform
Transforming startup-runtime-1.1.1.aar (androidx.startup:startup-runtime:1.1.1) with JetifyTransform
Transforming startup-runtime-1.1.1.aar (androidx.startup:startup-runtime:1.1.1) with AarToClassTransform
Transforming tracing-1.0.0.aar (androidx.tracing:tracing:1.0.0) with JetifyTransform
Transforming tracing-1.0.0.aar (androidx.tracing:tracing:1.0.0) with AarToClassTransform
Transforming exifinterface-1.3.6.aar (androidx.exifinterface:exifinterface:1.3.6) with JetifyTransform
Transforming exifinterface-1.3.6.aar (androidx.exifinterface:exifinterface:1.3.6) with AarToClassTransform
Caching disabled for AarToClassTransform: /home/runner/.gradle/caches/transforms-3/b1764539f8d43dcdb7b4314f57ae8a97/transformed/jetified-coil-compose-2.5.0.aar because:
  Build cache is disabled
AarToClassTransform: /home/runner/.gradle/caches/transforms-3/b1764539f8d43dcdb7b4314f57ae8a97/transformed/jetified-coil-compose-2.5.0.aar is not up-to-date because:
  No history is available.
Transforming coil-compose-2.5.0.aar (io.coil-kt:coil-compose:2.5.0) with EnumerateClassesTransform
Caching disabled for EnumerateClassesTransform: /home/runner/.gradle/caches/transforms-3/a5e627076f8dcd8fb3ab5d766e0700fe/transformed/jetified-coil-compose-2.5.0-runtime.jar because:
  Build cache is disabled
EnumerateClassesTransform: /home/runner/.gradle/caches/transforms-3/a5e627076f8dcd8fb3ab5d766e0700fe/transformed/jetified-coil-compose-2.5.0-runtime.jar is not up-to-date because:
  No history is available.
Transforming activity-ktx-1.8.2.aar (androidx.activity:activity-ktx:1.8.2) with EnumerateClassesTransform
Caching disabled for EnumerateClassesTransform: /home/runner/.gradle/caches/transforms-3/491c80732d876e6c8e5122ffd892ab59/transformed/jetified-activity-ktx-1.8.2-runtime.jar because:
  Build cache is disabled
EnumerateClassesTransform: /home/runner/.gradle/caches/transforms-3/491c80732d876e6c8e5122ffd892ab59/transformed/jetified-activity-ktx-1.8.2-runtime.jar is not up-to-date because:
  No history is available.
Caching disabled for AarToClassTransform: /home/runner/.gradle/caches/transforms-3/c7325ccc2b1b210852ee1715056a2369/transformed/jetified-coil-compose-base-2.5.0.aar because:
  Build cache is disabled
AarToClassTransform: /home/runner/.gradle/caches/transforms-3/c7325ccc2b1b210852ee1715056a2369/transformed/jetified-coil-compose-base-2.5.0.aar is not up-to-date because:
  No history is available.
Caching disabled for AarToClassTransform: /home/runner/.gradle/caches/transforms-3/44a01eb95dc46bcf9a2ab6f6e1afeff3/transformed/jetified-material-ripple-release.aar because:
  Build cache is disabled
AarToClassTransform: /home/runner/.gradle/caches/transforms-3/44a01eb95dc46bcf9a2ab6f6e1afeff3/transformed/jetified-material-ripple-release.aar is not up-to-date because:
  No history is available.
Transforming activity-1.8.2.aar (androidx.activity:activity:1.8.2) with EnumerateClassesTransform
Caching disabled for EnumerateClassesTransform: /home/runner/.gradle/caches/transforms-3/e49d2b9131982091b695a5e0e8aa85e0/transformed/jetified-activity-1.8.2-runtime.jar because:
  Build cache is disabled
EnumerateClassesTransform: /home/runner/.gradle/caches/transforms-3/e49d2b9131982091b695a5e0e8aa85e0/transformed/jetified-activity-1.8.2-runtime.jar is not up-to-date because:
  No history is available.
Transforming material-ripple-release.aar (androidx.compose.material:material-ripple-android:1.6.0) with EnumerateClassesTransform
Caching disabled for EnumerateClassesTransform: /home/runner/.gradle/caches/transforms-3/bf993a112cc3c9918904d9423fe12732/transformed/jetified-material-ripple-release-runtime.jar because:
  Build cache is disabled
EnumerateClassesTransform: /home/runner/.gradle/caches/transforms-3/bf993a112cc3c9918904d9423fe12732/transformed/jetified-material-ripple-release-runtime.jar is not up-to-date because:
  No history is available.
Caching disabled for AarToClassTransform: /home/runner/.gradle/caches/transforms-3/2bd722d437553c3c44e9eabfaacf6718/transformed/jetified-material-icons-core-release.aar because:
  Build cache is disabled
AarToClassTransform: /home/runner/.gradle/caches/transforms-3/2bd722d437553c3c44e9eabfaacf6718/transformed/jetified-material-icons-core-release.aar is not up-to-date because:
  No history is available.
Caching disabled for AarToClassTransform: /home/runner/.gradle/caches/transforms-3/8fa63e718b3934846f3daa51fcf1decd/transformed/jetified-material-release.aar because:
  Build cache is disabled
AarToClassTransform: /home/runner/.gradle/caches/transforms-3/8fa63e718b3934846f3daa51fcf1decd/transformed/jetified-material-release.aar is not up-to-date because:
  No history is available.
Transforming material-icons-core-release.aar (androidx.compose.material:material-icons-core-android:1.6.0) with EnumerateClassesTransform
Caching disabled for EnumerateClassesTransform: /home/runner/.gradle/caches/transforms-3/1f903642b0c7517d9f3a4d0005fb1dd5/transformed/jetified-material-icons-core-release-runtime.jar because:
  Build cache is disabled
EnumerateClassesTransform: /home/runner/.gradle/caches/transforms-3/1f903642b0c7517d9f3a4d0005fb1dd5/transformed/jetified-material-icons-core-release-runtime.jar is not up-to-date because:
  No history is available.
Caching disabled for AarToClassTransform: /home/runner/.gradle/caches/transforms-3/f9fcd39128b4db38293fca9996d4e56e/transformed/jetified-animation-core-release.aar because:
  Build cache is disabled
AarToClassTransform: /home/runner/.gradle/caches/transforms-3/f9fcd39128b4db38293fca9996d4e56e/transformed/jetified-animation-core-release.aar is not up-to-date because:
  No history is available.
Transforming animation-core-release.aar (androidx.compose.animation:animation-core-android:1.6.0) with EnumerateClassesTransform
Caching disabled for EnumerateClassesTransform: /home/runner/.gradle/caches/transforms-3/300c0a16d380b5696c1e5456cb1eb92f/transformed/jetified-animation-core-release-runtime.jar because:
  Build cache is disabled
EnumerateClassesTransform: /home/runner/.gradle/caches/transforms-3/300c0a16d380b5696c1e5456cb1eb92f/transformed/jetified-animation-core-release-runtime.jar is not up-to-date because:
  No history is available.
Caching disabled for AarToClassTransform: /home/runner/.gradle/caches/transforms-3/45e5845b3dca8e65d56b979d772f5787/transformed/jetified-animation-release.aar because:
  Build cache is disabled
AarToClassTransform: /home/runner/.gradle/caches/transforms-3/45e5845b3dca8e65d56b979d772f5787/transformed/jetified-animation-release.aar is not up-to-date because:
  No history is available.
Transforming material-release.aar (androidx.compose.material:material-android:1.6.0) with EnumerateClassesTransform
Transforming animation-release.aar (androidx.compose.animation:animation-android:1.6.0) with EnumerateClassesTransform
Caching disabled for EnumerateClassesTransform: /home/runner/.gradle/caches/transforms-3/6c08614e9498d4bcef21071630f8d59c/transformed/jetified-animation-release-runtime.jar because:
  Build cache is disabled
EnumerateClassesTransform: /home/runner/.gradle/caches/transforms-3/6c08614e9498d4bcef21071630f8d59c/transformed/jetified-animation-release-runtime.jar is not up-to-date because:
  No history is available.
Caching disabled for AarToClassTransform: /home/runner/.gradle/caches/transforms-3/9ddf2288cf1e1a386bb3b821b5cb701a/transformed/jetified-foundation-layout-release.aar because:
  Build cache is disabled
AarToClassTransform: /home/runner/.gradle/caches/transforms-3/9ddf2288cf1e1a386bb3b821b5cb701a/transformed/jetified-foundation-layout-release.aar is not up-to-date because:
  No history is available.
Caching disabled for EnumerateClassesTransform: /home/runner/.gradle/caches/transforms-3/b5922ce5cf9d3680c55eb534961bf6b6/transformed/jetified-material-release-runtime.jar because:
  Build cache is disabled
EnumerateClassesTransform: /home/runner/.gradle/caches/transforms-3/b5922ce5cf9d3680c55eb534961bf6b6/transformed/jetified-material-release-runtime.jar is not up-to-date because:
  No history is available.
Caching disabled for AarToClassTransform: /home/runner/.gradle/caches/transforms-3/269b5a0f87194d4f7b410ba56ffe4d80/transformed/jetified-foundation-release.aar because:
  Build cache is disabled
AarToClassTransform: /home/runner/.gradle/caches/transforms-3/269b5a0f87194d4f7b410ba56ffe4d80/transformed/jetified-foundation-release.aar is not up-to-date because:
  No history is available.
Transforming coil-compose-base-2.5.0.aar (io.coil-kt:coil-compose-base:2.5.0) with EnumerateClassesTransform
Transforming material3-1.1.2.aar (androidx.compose.material3:material3:1.1.2) with EnumerateClassesTransform
Caching disabled for EnumerateClassesTransform: /home/runner/.gradle/caches/transforms-3/af6f1d986176bd475dda9c72c4c6dc02/transformed/jetified-coil-compose-base-2.5.0-runtime.jar because:
  Build cache is disabled
EnumerateClassesTransform: /home/runner/.gradle/caches/transforms-3/af6f1d986176bd475dda9c72c4c6dc02/transformed/jetified-coil-compose-base-2.5.0-runtime.jar is not up-to-date because:
  No history is available.
Caching disabled for AarToClassTransform: /home/runner/.gradle/caches/transforms-3/3dd6cae6a6032c5df1813c38052b3fb0/transformed/jetified-ui-tooling-data-release.aar because:
  Build cache is disabled
AarToClassTransform: /home/runner/.gradle/caches/transforms-3/3dd6cae6a6032c5df1813c38052b3fb0/transformed/jetified-ui-tooling-data-release.aar is not up-to-date because:
  No history is available.
Transforming ui-tooling-data-release.aar (androidx.compose.ui:ui-tooling-data-android:1.6.0) with EnumerateClassesTransform
Caching disabled for EnumerateClassesTransform: /home/runner/.gradle/caches/transforms-3/669142948609f564abdd3dabe9c89819/transformed/jetified-ui-tooling-data-release-runtime.jar because:
  Build cache is disabled
EnumerateClassesTransform: /home/runner/.gradle/caches/transforms-3/669142948609f564abdd3dabe9c89819/transformed/jetified-ui-tooling-data-release-runtime.jar is not up-to-date because:
  No history is available.
Caching disabled for AarToClassTransform: /home/runner/.gradle/caches/transforms-3/189d8ada9d40260281efe14f577c3bd9/transformed/jetified-ui-unit-release.aar because:
  Build cache is disabled
AarToClassTransform: /home/runner/.gradle/caches/transforms-3/189d8ada9d40260281efe14f577c3bd9/transformed/jetified-ui-unit-release.aar is not up-to-date because:
  No history is available.
Transforming foundation-layout-release.aar (androidx.compose.foundation:foundation-layout-android:1.6.0) with EnumerateClassesTransform
Transforming ui-unit-release.aar (androidx.compose.ui:ui-unit-android:1.6.0) with EnumerateClassesTransform
Caching disabled for EnumerateClassesTransform: /home/runner/.gradle/caches/transforms-3/8ef9ab5e21170a3556be6c4d38d05d7a/transformed/jetified-ui-unit-release-runtime.jar because:
  Build cache is disabled
EnumerateClassesTransform: /home/runner/.gradle/caches/transforms-3/8ef9ab5e21170a3556be6c4d38d05d7a/transformed/jetified-ui-unit-release-runtime.jar is not up-to-date because:
  No history is available.
Caching disabled for EnumerateClassesTransform: /home/runner/.gradle/caches/transforms-3/d51ffa82bbad0fc6007451a1301e8add/transformed/jetified-foundation-layout-release-runtime.jar because:
  Build cache is disabled
EnumerateClassesTransform: /home/runner/.gradle/caches/transforms-3/d51ffa82bbad0fc6007451a1301e8add/transformed/jetified-foundation-layout-release-runtime.jar is not up-to-date because:
  No history is available.
Caching disabled for AarToClassTransform: /home/runner/.gradle/caches/transforms-3/c828f8d008d3c803379f48f8a194c693/transformed/jetified-ui-geometry-release.aar because:
  Build cache is disabled
AarToClassTransform: /home/runner/.gradle/caches/transforms-3/c828f8d008d3c803379f48f8a194c693/transformed/jetified-ui-geometry-release.aar is not up-to-date because:
  No history is available.
Caching disabled for EnumerateClassesTransform: /home/runner/.gradle/caches/transforms-3/47d9f9579e7394c81a377dd28cf5a001/transformed/jetified-material3-1.1.2-runtime.jar because:
  Build cache is disabled
EnumerateClassesTransform: /home/runner/.gradle/caches/transforms-3/47d9f9579e7394c81a377dd28cf5a001/transformed/jetified-material3-1.1.2-runtime.jar is not up-to-date because:
  No history is available.
Caching disabled for AarToClassTransform: /home/runner/.gradle/caches/transforms-3/fb372f59636e284a43e174d62f7b6cda/transformed/jetified-ui-util-release.aar because:
  Build cache is disabled
AarToClassTransform: /home/runner/.gradle/caches/transforms-3/fb372f59636e284a43e174d62f7b6cda/transformed/jetified-ui-util-release.aar is not up-to-date because:
  No history is available.
Transforming ui-geometry-release.aar (androidx.compose.ui:ui-geometry-android:1.6.0) with EnumerateClassesTransform
Transforming ui-util-release.aar (androidx.compose.ui:ui-util-android:1.6.0) with EnumerateClassesTransform
Caching disabled for EnumerateClassesTransform: /home/runner/.gradle/caches/transforms-3/02c4fe68f820988790dca36637c6f3f9/transformed/jetified-ui-geometry-release-runtime.jar because:
  Build cache is disabled
EnumerateClassesTransform: /home/runner/.gradle/caches/transforms-3/02c4fe68f820988790dca36637c6f3f9/transformed/jetified-ui-geometry-release-runtime.jar is not up-to-date because:
  No history is available.
Caching disabled for EnumerateClassesTransform: /home/runner/.gradle/caches/transforms-3/3722ddaa3f3841642f6844378ed17876/transformed/jetified-ui-util-release-runtime.jar because:
  Build cache is disabled
EnumerateClassesTransform: /home/runner/.gradle/caches/transforms-3/3722ddaa3f3841642f6844378ed17876/transformed/jetified-ui-util-release-runtime.jar is not up-to-date because:
  No history is available.
Caching disabled for AarToClassTransform: /home/runner/.gradle/caches/transforms-3/21f15ad9aea63f0d071b8ee91b447f5c/transformed/jetified-ui-text-release.aar because:
  Build cache is disabled
AarToClassTransform: /home/runner/.gradle/caches/transforms-3/21f15ad9aea63f0d071b8ee91b447f5c/transformed/jetified-ui-text-release.aar is not up-to-date because:
  No history is available.
Caching disabled for AarToClassTransform: /home/runner/.gradle/caches/transforms-3/bcb80bc8344609de4a9ab2e0271f6f71/transformed/jetified-ui-graphics-release.aar because:
  Build cache is disabled
AarToClassTransform: /home/runner/.gradle/caches/transforms-3/bcb80bc8344609de4a9ab2e0271f6f71/transformed/jetified-ui-graphics-release.aar is not up-to-date because:
  No history is available.
Caching disabled for AarToClassTransform: /home/runner/.gradle/caches/transforms-3/28157fa60c7a1bc9c5ecdc6b6c140c60/transformed/jetified-ui-tooling-preview-release.aar because:
  Build cache is disabled
AarToClassTransform: /home/runner/.gradle/caches/transforms-3/28157fa60c7a1bc9c5ecdc6b6c140c60/transformed/jetified-ui-tooling-preview-release.aar is not up-to-date because:
  No history is available.
Transforming ui-tooling-preview-release.aar (androidx.compose.ui:ui-tooling-preview-android:1.6.0) with EnumerateClassesTransform
Caching disabled for EnumerateClassesTransform: /home/runner/.gradle/caches/transforms-3/89f88154d944befde20f58b7b4af9e0d/transformed/jetified-ui-tooling-preview-release-runtime.jar because:
  Build cache is disabled
EnumerateClassesTransform: /home/runner/.gradle/caches/transforms-3/89f88154d944befde20f58b7b4af9e0d/transformed/jetified-ui-tooling-preview-release-runtime.jar is not up-to-date because:
  No history is available.
Caching disabled for AarToClassTransform: /home/runner/.gradle/caches/transforms-3/38a3040905b8591c6da5a8e52a54a7d8/transformed/jetified-ui-test-manifest-1.6.0.aar because:
  Build cache is disabled
AarToClassTransform: /home/runner/.gradle/caches/transforms-3/38a3040905b8591c6da5a8e52a54a7d8/transformed/jetified-ui-test-manifest-1.6.0.aar is not up-to-date because:
  No history is available.
Transforming ui-test-manifest-1.6.0.aar (androidx.compose.ui:ui-test-manifest:1.6.0) with EnumerateClassesTransform
Caching disabled for EnumerateClassesTransform: /home/runner/.gradle/caches/transforms-3/cf153d610ea1801ba65f9c4887298252/transformed/jetified-ui-test-manifest-1.6.0-runtime.jar because:
  Build cache is disabled
EnumerateClassesTransform: /home/runner/.gradle/caches/transforms-3/cf153d610ea1801ba65f9c4887298252/transformed/jetified-ui-test-manifest-1.6.0-runtime.jar is not up-to-date because:
  No history is available.
Transforming ui-graphics-release.aar (androidx.compose.ui:ui-graphics-android:1.6.0) with EnumerateClassesTransform
Caching disabled for EnumerateClassesTransform: /home/runner/.gradle/caches/transforms-3/db68ce92f2b118c8f587982119bff07c/transformed/jetified-ui-graphics-release-runtime.jar because:
  Build cache is disabled
EnumerateClassesTransform: /home/runner/.gradle/caches/transforms-3/db68ce92f2b118c8f587982119bff07c/transformed/jetified-ui-graphics-release-runtime.jar is not up-to-date because:
  No history is available.
Caching disabled for AarToClassTransform: /home/runner/.gradle/caches/transforms-3/4b9ef69f1806d4bcca2806cbc0c8ad25/transformed/jetified-ui-tooling-release.aar because:
  Build cache is disabled
AarToClassTransform: /home/runner/.gradle/caches/transforms-3/4b9ef69f1806d4bcca2806cbc0c8ad25/transformed/jetified-ui-tooling-release.aar is not up-to-date because:
  No history is available.
Caching disabled for AarToClassTransform: /home/runner/.gradle/caches/transforms-3/764e3abcb7245e5b9edbe5638e6a2a5d/transformed/jetified-activity-compose-1.8.2.aar because:
  Build cache is disabled
AarToClassTransform: /home/runner/.gradle/caches/transforms-3/764e3abcb7245e5b9edbe5638e6a2a5d/transformed/jetified-activity-compose-1.8.2.aar is not up-to-date because:
  No history is available.
Transforming activity-compose-1.8.2.aar (androidx.activity:activity-compose:1.8.2) with EnumerateClassesTransform
Caching disabled for EnumerateClassesTransform: /home/runner/.gradle/caches/transforms-3/0dcbde6ab10d840fce40c5ec6842ce10/transformed/jetified-activity-compose-1.8.2-runtime.jar because:
  Build cache is disabled
EnumerateClassesTransform: /home/runner/.gradle/caches/transforms-3/0dcbde6ab10d840fce40c5ec6842ce10/transformed/jetified-activity-compose-1.8.2-runtime.jar is not up-to-date because:
  No history is available.
Caching disabled for AarToClassTransform: /home/runner/.gradle/caches/transforms-3/f8ac0ac8b8600ef87ea29bd2d2877c28/transformed/jetified-emoji2-1.3.0.aar because:
  Build cache is disabled
AarToClassTransform: /home/runner/.gradle/caches/transforms-3/f8ac0ac8b8600ef87ea29bd2d2877c28/transformed/jetified-emoji2-1.3.0.aar is not up-to-date because:
  No history is available.
Transforming ui-tooling-release.aar (androidx.compose.ui:ui-tooling-android:1.6.0) with EnumerateClassesTransform
Transforming ui-text-release.aar (androidx.compose.ui:ui-text-android:1.6.0) with EnumerateClassesTransform
Caching disabled for EnumerateClassesTransform: /home/runner/.gradle/caches/transforms-3/9884be7925ea15efa9fbb711de8a2d19/transformed/jetified-ui-tooling-release-runtime.jar because:
  Build cache is disabled
EnumerateClassesTransform: /home/runner/.gradle/caches/transforms-3/9884be7925ea15efa9fbb711de8a2d19/transformed/jetified-ui-tooling-release-runtime.jar is not up-to-date because:
  No history is available.
Caching disabled for AarToClassTransform: /home/runner/.gradle/caches/transforms-3/1d86bd7fee37a0c0e19ff15533d43f20/transformed/jetified-lifecycle-process-2.7.0.aar because:
  Build cache is disabled
AarToClassTransform: /home/runner/.gradle/caches/transforms-3/1d86bd7fee37a0c0e19ff15533d43f20/transformed/jetified-lifecycle-process-2.7.0.aar is not up-to-date because:
  No history is available.
Transforming emoji2-1.3.0.aar (androidx.emoji2:emoji2:1.3.0) with EnumerateClassesTransform
Caching disabled for EnumerateClassesTransform: /home/runner/.gradle/caches/transforms-3/77b377d0e18713fd4cd804c5bf1ed5ab/transformed/jetified-ui-text-release-runtime.jar because:
  Build cache is disabled
EnumerateClassesTransform: /home/runner/.gradle/caches/transforms-3/77b377d0e18713fd4cd804c5bf1ed5ab/transformed/jetified-ui-text-release-runtime.jar is not up-to-date because:
  No history is available.
Caching disabled for EnumerateClassesTransform: /home/runner/.gradle/caches/transforms-3/f0a9129d44ebcf371297a28360486e2e/transformed/jetified-emoji2-1.3.0-runtime.jar because:
  Build cache is disabled
EnumerateClassesTransform: /home/runner/.gradle/caches/transforms-3/f0a9129d44ebcf371297a28360486e2e/transformed/jetified-emoji2-1.3.0-runtime.jar is not up-to-date because:
  No history is available.
Transforming lifecycle-process-2.7.0.aar (androidx.lifecycle:lifecycle-process:2.7.0) with EnumerateClassesTransform
Caching disabled for EnumerateClassesTransform: /home/runner/.gradle/caches/transforms-3/0825d7a4c834e4daa550716d98a791d3/transformed/jetified-lifecycle-process-2.7.0-runtime.jar because:
  Build cache is disabled
EnumerateClassesTransform: /home/runner/.gradle/caches/transforms-3/0825d7a4c834e4daa550716d98a791d3/transformed/jetified-lifecycle-process-2.7.0-runtime.jar is not up-to-date because:
  No history is available.
Caching disabled for AarToClassTransform: /home/runner/.gradle/caches/transforms-3/3a6963c9a90c902f6b408df942eb8aa8/transformed/jetified-savedstate-ktx-1.2.1.aar because:
  Build cache is disabled
AarToClassTransform: /home/runner/.gradle/caches/transforms-3/3a6963c9a90c902f6b408df942eb8aa8/transformed/jetified-savedstate-ktx-1.2.1.aar is not up-to-date because:
  No history is available.
Caching disabled for AarToClassTransform: /home/runner/.gradle/caches/modules-2/files-2.1/androidx.lifecycle/lifecycle-livedata-core/2.7.0/d95c9c0b74a6b9882c416c688f6cf201dc416bed/lifecycle-livedata-core-2.7.0.aar because:
  Build cache is disabled
AarToClassTransform: /home/runner/.gradle/caches/modules-2/files-2.1/androidx.lifecycle/lifecycle-livedata-core/2.7.0/d95c9c0b74a6b9882c416c688f6cf201dc416bed/lifecycle-livedata-core-2.7.0.aar is not up-to-date because:
  No history is available.
Caching disabled for AarToClassTransform: /home/runner/.gradle/caches/transforms-3/2815e4e86150e9d0900232e7e803d0b4/transformed/jetified-savedstate-1.2.1.aar because:
  Build cache is disabled
AarToClassTransform: /home/runner/.gradle/caches/transforms-3/2815e4e86150e9d0900232e7e803d0b4/transformed/jetified-savedstate-1.2.1.aar is not up-to-date because:
  No history is available.
Transforming savedstate-ktx-1.2.1.aar (androidx.savedstate:savedstate-ktx:1.2.1) with EnumerateClassesTransform
Caching disabled for EnumerateClassesTransform: /home/runner/.gradle/caches/transforms-3/53f19c112e37fa85814ae93bf08ff4bb/transformed/jetified-savedstate-ktx-1.2.1-runtime.jar because:
  Build cache is disabled
EnumerateClassesTransform: /home/runner/.gradle/caches/transforms-3/53f19c112e37fa85814ae93bf08ff4bb/transformed/jetified-savedstate-ktx-1.2.1-runtime.jar is not up-to-date because:
  No history is available.
Transforming lifecycle-livedata-core-2.7.0.aar (androidx.lifecycle:lifecycle-livedata-core:2.7.0) with EnumerateClassesTransform
Transforming savedstate-1.2.1.aar (androidx.savedstate:savedstate:1.2.1) with EnumerateClassesTransform
Caching disabled for EnumerateClassesTransform: /home/runner/.gradle/caches/transforms-3/53b3ef7390f88cb644548e49bd618c9f/transformed/lifecycle-livedata-core-2.7.0-runtime.jar because:
  Build cache is disabled
EnumerateClassesTransform: /home/runner/.gradle/caches/transforms-3/53b3ef7390f88cb644548e49bd618c9f/transformed/lifecycle-livedata-core-2.7.0-runtime.jar is not up-to-date because:
  No history is available.
Caching disabled for EnumerateClassesTransform: /home/runner/.gradle/caches/transforms-3/c4e44346eb4d54ec3356a9cf8a4c421d/transformed/jetified-savedstate-1.2.1-runtime.jar because:
  Build cache is disabled
EnumerateClassesTransform: /home/runner/.gradle/caches/transforms-3/c4e44346eb4d54ec3356a9cf8a4c421d/transformed/jetified-savedstate-1.2.1-runtime.jar is not up-to-date because:
  No history is available.
Caching disabled for AarToClassTransform: /home/runner/.gradle/caches/transforms-3/667f15b6d54e0237e3e13e059286b02a/transformed/jetified-lifecycle-viewmodel-ktx-2.7.0.aar because:
  Build cache is disabled
Caching disabled for AarToClassTransform: /home/runner/.gradle/caches/transforms-3/7368985fd288e36655203f896e9fa5b0/transformed/jetified-lifecycle-viewmodel-savedstate-2.7.0.aar because:
  Build cache is disabled
AarToClassTransform: /home/runner/.gradle/caches/transforms-3/667f15b6d54e0237e3e13e059286b02a/transformed/jetified-lifecycle-viewmodel-ktx-2.7.0.aar is not up-to-date because:
  No history is available.
AarToClassTransform: /home/runner/.gradle/caches/transforms-3/7368985fd288e36655203f896e9fa5b0/transformed/jetified-lifecycle-viewmodel-savedstate-2.7.0.aar is not up-to-date because:
  No history is available.
Transforming lifecycle-viewmodel-savedstate-2.7.0.aar (androidx.lifecycle:lifecycle-viewmodel-savedstate:2.7.0) with EnumerateClassesTransform
Transforming lifecycle-viewmodel-ktx-2.7.0.aar (androidx.lifecycle:lifecycle-viewmodel-ktx:2.7.0) with EnumerateClassesTransform
Caching disabled for EnumerateClassesTransform: /home/runner/.gradle/caches/transforms-3/d0d399bdf7db0808185a3f7c1f49f9a9/transformed/jetified-lifecycle-viewmodel-savedstate-2.7.0-runtime.jar because:
  Build cache is disabled
EnumerateClassesTransform: /home/runner/.gradle/caches/transforms-3/d0d399bdf7db0808185a3f7c1f49f9a9/transformed/jetified-lifecycle-viewmodel-savedstate-2.7.0-runtime.jar is not up-to-date because:
  No history is available.
Caching disabled for EnumerateClassesTransform: /home/runner/.gradle/caches/transforms-3/a8dec09b23e5261b45f9cacb138c74ff/transformed/jetified-lifecycle-viewmodel-ktx-2.7.0-runtime.jar because:
  Build cache is disabled
EnumerateClassesTransform: /home/runner/.gradle/caches/transforms-3/a8dec09b23e5261b45f9cacb138c74ff/transformed/jetified-lifecycle-viewmodel-ktx-2.7.0-runtime.jar is not up-to-date because:
  No history is available.
Caching disabled for AarToClassTransform: /home/runner/.gradle/caches/modules-2/files-2.1/androidx.lifecycle/lifecycle-viewmodel/2.7.0/ea64fb2e504d200f2b7f03c76f51edd7e9ef62a9/lifecycle-viewmodel-2.7.0.aar because:
  Build cache is disabled
AarToClassTransform: /home/runner/.gradle/caches/modules-2/files-2.1/androidx.lifecycle/lifecycle-viewmodel/2.7.0/ea64fb2e504d200f2b7f03c76f51edd7e9ef62a9/lifecycle-viewmodel-2.7.0.aar is not up-to-date because:
  No history is available.
Transforming lifecycle-viewmodel-2.7.0.aar (androidx.lifecycle:lifecycle-viewmodel:2.7.0) with EnumerateClassesTransform
Caching disabled for EnumerateClassesTransform: /home/runner/.gradle/caches/transforms-3/0764502e635919d38bcead02383132d5/transformed/lifecycle-viewmodel-2.7.0-runtime.jar because:
  Build cache is disabled
EnumerateClassesTransform: /home/runner/.gradle/caches/transforms-3/0764502e635919d38bcead02383132d5/transformed/lifecycle-viewmodel-2.7.0-runtime.jar is not up-to-date because:
  No history is available.
Downloading https://dl.google.com/dl/android/maven2/androidx/lifecycle/lifecycle-common/2.7.0/lifecycle-common-2.7.0.jar to /home/runner/.gradle/.tmp/gradle_download12045790134984018214bin
Caching disabled for AarToClassTransform: /home/runner/.gradle/caches/transforms-3/dee8f6a9f4155663bad52b9e3d469faa/transformed/jetified-coil-2.5.0.aar because:
  Build cache is disabled
AarToClassTransform: /home/runner/.gradle/caches/transforms-3/dee8f6a9f4155663bad52b9e3d469faa/transformed/jetified-coil-2.5.0.aar is not up-to-date because:
  No history is available.
Transforming coil-2.5.0.aar (io.coil-kt:coil:2.5.0) with EnumerateClassesTransform
Caching disabled for EnumerateClassesTransform: /home/runner/.gradle/caches/transforms-3/12d25e2fa4a319fcbdd516e35b3dd861/transformed/jetified-coil-2.5.0-runtime.jar because:
  Build cache is disabled
Transforming lifecycle-common-2.7.0.jar (androidx.lifecycle:lifecycle-common:2.7.0) with JetifyTransform
EnumerateClassesTransform: /home/runner/.gradle/caches/transforms-3/12d25e2fa4a319fcbdd516e35b3dd861/transformed/jetified-coil-2.5.0-runtime.jar is not up-to-date because:
  No history is available.
Caching disabled for JetifyTransform: /home/runner/.gradle/caches/modules-2/files-2.1/androidx.lifecycle/lifecycle-common/2.7.0/85334205d65cca70ed0109c3acbd29e22a2d9cb1/lifecycle-common-2.7.0.jar because:
  Build cache is disabled
JetifyTransform: /home/runner/.gradle/caches/modules-2/files-2.1/androidx.lifecycle/lifecycle-common/2.7.0/85334205d65cca70ed0109c3acbd29e22a2d9cb1/lifecycle-common-2.7.0.jar is not up-to-date because:
  No history is available.
Transforming lifecycle-common-2.7.0.jar (androidx.lifecycle:lifecycle-common:2.7.0) with IdentityTransform
Caching disabled for AarToClassTransform: /home/runner/.gradle/caches/transforms-3/416e4ab888cff4dc35b31615cb515af1/transformed/jetified-coil-base-2.5.0.aar because:
  Build cache is disabled
AarToClassTransform: /home/runner/.gradle/caches/transforms-3/416e4ab888cff4dc35b31615cb515af1/transformed/jetified-coil-base-2.5.0.aar is not up-to-date because:
  No history is available.
Downloading https://dl.google.com/dl/android/maven2/androidx/lifecycle/lifecycle-common-java8/2.7.0/lifecycle-common-java8-2.7.0.jar to /home/runner/.gradle/.tmp/gradle_download6202387379986633774bin
Caching disabled for IdentityTransform: /home/runner/.gradle/caches/modules-2/files-2.1/androidx.lifecycle/lifecycle-common/2.7.0/85334205d65cca70ed0109c3acbd29e22a2d9cb1/lifecycle-common-2.7.0.jar because:
  Build cache is disabled
IdentityTransform: /home/runner/.gradle/caches/modules-2/files-2.1/androidx.lifecycle/lifecycle-common/2.7.0/85334205d65cca70ed0109c3acbd29e22a2d9cb1/lifecycle-common-2.7.0.jar is not up-to-date because:
  No history is available.
Transforming lifecycle-common-java8-2.7.0.jar (androidx.lifecycle:lifecycle-common-java8:2.7.0) with JetifyTransform
Transforming lifecycle-common-2.7.0.jar (androidx.lifecycle:lifecycle-common:2.7.0) with EnumerateClassesTransform
Caching disabled for JetifyTransform: /home/runner/.gradle/caches/modules-2/files-2.1/androidx.lifecycle/lifecycle-common-java8/2.7.0/2ad14aed781c4a73ed4dbb421966d408a0a06686/lifecycle-common-java8-2.7.0.jar because:
  Build cache is disabled
JetifyTransform: /home/runner/.gradle/caches/modules-2/files-2.1/androidx.lifecycle/lifecycle-common-java8/2.7.0/2ad14aed781c4a73ed4dbb421966d408a0a06686/lifecycle-common-java8-2.7.0.jar is not up-to-date because:
  No history is available.
Transforming lifecycle-common-java8-2.7.0.jar (androidx.lifecycle:lifecycle-common-java8:2.7.0) with IdentityTransform
Caching disabled for IdentityTransform: /home/runner/.gradle/caches/modules-2/files-2.1/androidx.lifecycle/lifecycle-common-java8/2.7.0/2ad14aed781c4a73ed4dbb421966d408a0a06686/lifecycle-common-java8-2.7.0.jar because:
  Build cache is disabled
IdentityTransform: /home/runner/.gradle/caches/modules-2/files-2.1/androidx.lifecycle/lifecycle-common-java8/2.7.0/2ad14aed781c4a73ed4dbb421966d408a0a06686/lifecycle-common-java8-2.7.0.jar is not up-to-date because:
  No history is available.
Transforming lifecycle-common-java8-2.7.0.jar (androidx.lifecycle:lifecycle-common-java8:2.7.0) with EnumerateClassesTransform
Caching disabled for EnumerateClassesTransform: /home/runner/.gradle/caches/modules-2/files-2.1/androidx.lifecycle/lifecycle-common-java8/2.7.0/2ad14aed781c4a73ed4dbb421966d408a0a06686/lifecycle-common-java8-2.7.0.jar because:
  Build cache is disabled
EnumerateClassesTransform: /home/runner/.gradle/caches/modules-2/files-2.1/androidx.lifecycle/lifecycle-common-java8/2.7.0/2ad14aed781c4a73ed4dbb421966d408a0a06686/lifecycle-common-java8-2.7.0.jar is not up-to-date because:
  No history is available.
Caching disabled for EnumerateClassesTransform: /home/runner/.gradle/caches/modules-2/files-2.1/androidx.lifecycle/lifecycle-common/2.7.0/85334205d65cca70ed0109c3acbd29e22a2d9cb1/lifecycle-common-2.7.0.jar because:
  Build cache is disabled
EnumerateClassesTransform: /home/runner/.gradle/caches/modules-2/files-2.1/androidx.lifecycle/lifecycle-common/2.7.0/85334205d65cca70ed0109c3acbd29e22a2d9cb1/lifecycle-common-2.7.0.jar is not up-to-date because:
  No history is available.
Transforming foundation-release.aar (androidx.compose.foundation:foundation-android:1.6.0) with EnumerateClassesTransform
Caching disabled for AarToClassTransform: /home/runner/.gradle/caches/modules-2/files-2.1/androidx.lifecycle/lifecycle-runtime/2.7.0/e46d7c73ab6cb3e288f51a0ad96bf372e90ceb31/lifecycle-runtime-2.7.0.aar because:
  Build cache is disabled
AarToClassTransform: /home/runner/.gradle/caches/modules-2/files-2.1/androidx.lifecycle/lifecycle-runtime/2.7.0/e46d7c73ab6cb3e288f51a0ad96bf372e90ceb31/lifecycle-runtime-2.7.0.aar is not up-to-date because:
  No history is available.
Transforming coil-base-2.5.0.aar (io.coil-kt:coil-base:2.5.0) with EnumerateClassesTransform
Caching disabled for AarToClassTransform: /home/runner/.gradle/caches/transforms-3/6f5d46b1d9acbc859a276879be976b5a/transformed/jetified-lifecycle-runtime-ktx-2.7.0.aar because:
  Build cache is disabled
AarToClassTransform: /home/runner/.gradle/caches/transforms-3/6f5d46b1d9acbc859a276879be976b5a/transformed/jetified-lifecycle-runtime-ktx-2.7.0.aar is not up-to-date because:
  No history is available.
Transforming lifecycle-runtime-2.7.0.aar (androidx.lifecycle:lifecycle-runtime:2.7.0) with EnumerateClassesTransform
Caching disabled for EnumerateClassesTransform: /home/runner/.gradle/caches/transforms-3/a964f66e77a8c3463efc18661d57b88f/transformed/lifecycle-runtime-2.7.0-runtime.jar because:
  Build cache is disabled
EnumerateClassesTransform: /home/runner/.gradle/caches/transforms-3/a964f66e77a8c3463efc18661d57b88f/transformed/lifecycle-runtime-2.7.0-runtime.jar is not up-to-date because:
  No history is available.
Caching disabled for EnumerateClassesTransform: /home/runner/.gradle/caches/transforms-3/8220872a14f8fc98e356e505251bc381/transformed/jetified-coil-base-2.5.0-runtime.jar because:
  Build cache is disabled
EnumerateClassesTransform: /home/runner/.gradle/caches/transforms-3/8220872a14f8fc98e356e505251bc381/transformed/jetified-coil-base-2.5.0-runtime.jar is not up-to-date because:
  No history is available.
Transforming lifecycle-runtime-ktx-2.7.0.aar (androidx.lifecycle:lifecycle-runtime-ktx:2.7.0) with EnumerateClassesTransform
Caching disabled for EnumerateClassesTransform: /home/runner/.gradle/caches/transforms-3/11804289483a1ba8d029436be3218c25/transformed/jetified-lifecycle-runtime-ktx-2.7.0-runtime.jar because:
  Build cache is disabled
EnumerateClassesTransform: /home/runner/.gradle/caches/transforms-3/11804289483a1ba8d029436be3218c25/transformed/jetified-lifecycle-runtime-ktx-2.7.0-runtime.jar is not up-to-date because:
  No history is available.
Caching disabled for AarToClassTransform: /home/runner/.gradle/caches/transforms-3/54918a1b86bc13c2d8d6a030c0467f71/transformed/jetified-lifecycle-viewmodel-compose-2.7.0.aar because:
  Build cache is disabled
AarToClassTransform: /home/runner/.gradle/caches/transforms-3/54918a1b86bc13c2d8d6a030c0467f71/transformed/jetified-lifecycle-viewmodel-compose-2.7.0.aar is not up-to-date because:
  No history is available.
Caching disabled for AarToClassTransform: /home/runner/.gradle/caches/transforms-3/03224be13dbe66b0dae831d183306b39/transformed/jetified-accompanist-drawablepainter-0.32.0.aar because:
  Build cache is disabled
AarToClassTransform: /home/runner/.gradle/caches/transforms-3/03224be13dbe66b0dae831d183306b39/transformed/jetified-accompanist-drawablepainter-0.32.0.aar is not up-to-date because:
  No history is available.
Caching disabled for AarToClassTransform: /home/runner/.gradle/caches/transforms-3/fa5f692f6058d7cb82aa000a5d5edc8d/transformed/jetified-ui-release.aar because:
  Build cache is disabled
AarToClassTransform: /home/runner/.gradle/caches/transforms-3/fa5f692f6058d7cb82aa000a5d5edc8d/transformed/jetified-ui-release.aar is not up-to-date because:
  No history is available.
Transforming accompanist-drawablepainter-0.32.0.aar (com.google.accompanist:accompanist-drawablepainter:0.32.0) with EnumerateClassesTransform
Caching disabled for EnumerateClassesTransform: /home/runner/.gradle/caches/transforms-3/040441f80df3c61eb80ae4c119c5782a/transformed/jetified-accompanist-drawablepainter-0.32.0-runtime.jar because:
  Build cache is disabled
EnumerateClassesTransform: /home/runner/.gradle/caches/transforms-3/040441f80df3c61eb80ae4c119c5782a/transformed/jetified-accompanist-drawablepainter-0.32.0-runtime.jar is not up-to-date because:
  No history is available.
Transforming lifecycle-viewmodel-compose-2.7.0.aar (androidx.lifecycle:lifecycle-viewmodel-compose:2.7.0) with EnumerateClassesTransform
Caching disabled for EnumerateClassesTransform: /home/runner/.gradle/caches/transforms-3/fd855b9c1a9732ae605c12ed9846ca55/transformed/jetified-lifecycle-viewmodel-compose-2.7.0-runtime.jar because:
  Build cache is disabled
EnumerateClassesTransform: /home/runner/.gradle/caches/transforms-3/fd855b9c1a9732ae605c12ed9846ca55/transformed/jetified-lifecycle-viewmodel-compose-2.7.0-runtime.jar is not up-to-date because:
  No history is available.
Caching disabled for AarToClassTransform: /home/runner/.gradle/caches/transforms-3/325be1219abcc96569d483a62cbd8339/transformed/jetified-appcompat-resources-1.6.1.aar because:
  Build cache is disabled
Caching disabled for AarToClassTransform: /home/runner/.gradle/caches/transforms-3/5f5bc5679ad36457c56c504392751dbe/transformed/jetified-autofill-1.0.0.aar because:
  Build cache is disabled
AarToClassTransform: /home/runner/.gradle/caches/transforms-3/325be1219abcc96569d483a62cbd8339/transformed/jetified-appcompat-resources-1.6.1.aar is not up-to-date because:
  No history is available.
AarToClassTransform: /home/runner/.gradle/caches/transforms-3/5f5bc5679ad36457c56c504392751dbe/transformed/jetified-autofill-1.0.0.aar is not up-to-date because:
  No history is available.
Transforming autofill-1.0.0.aar (androidx.autofill:autofill:1.0.0) with EnumerateClassesTransform
Caching disabled for EnumerateClassesTransform: /home/runner/.gradle/caches/transforms-3/752c387f22dea4e6ea02efc2e9fb7461/transformed/jetified-autofill-1.0.0-runtime.jar because:
  Build cache is disabled
EnumerateClassesTransform: /home/runner/.gradle/caches/transforms-3/752c387f22dea4e6ea02efc2e9fb7461/transformed/jetified-autofill-1.0.0-runtime.jar is not up-to-date because:
  No history is available.
Caching disabled for AarToClassTransform: /home/runner/.gradle/caches/modules-2/files-2.1/androidx.vectordrawable/vectordrawable-animated/1.1.0/fcda1161354501471c30a4e077af6b5c4d4eddc6/vectordrawable-animated-1.1.0.aar because:
  Build cache is disabled
AarToClassTransform: /home/runner/.gradle/caches/modules-2/files-2.1/androidx.vectordrawable/vectordrawable-animated/1.1.0/fcda1161354501471c30a4e077af6b5c4d4eddc6/vectordrawable-animated-1.1.0.aar is not up-to-date because:
  No history is available.
Transforming appcompat-resources-1.6.1.aar (androidx.appcompat:appcompat-resources:1.6.1) with EnumerateClassesTransform
Transforming vectordrawable-animated-1.1.0.aar (androidx.vectordrawable:vectordrawable-animated:1.1.0) with EnumerateClassesTransform
Caching disabled for EnumerateClassesTransform: /home/runner/.gradle/caches/transforms-3/6bbe19e26933265645f2e8bb7df46371/transformed/jetified-appcompat-resources-1.6.1-runtime.jar because:
  Build cache is disabled
EnumerateClassesTransform: /home/runner/.gradle/caches/transforms-3/6bbe19e26933265645f2e8bb7df46371/transformed/jetified-appcompat-resources-1.6.1-runtime.jar is not up-to-date because:
  No history is available.
Caching disabled for EnumerateClassesTransform: /home/runner/.gradle/caches/transforms-3/b022a022e6e27d3170f28afb58cf62a6/transformed/vectordrawable-animated-1.1.0-runtime.jar because:
  Build cache is disabled
EnumerateClassesTransform: /home/runner/.gradle/caches/transforms-3/b022a022e6e27d3170f28afb58cf62a6/transformed/vectordrawable-animated-1.1.0-runtime.jar is not up-to-date because:
  No history is available.
Caching disabled for AarToClassTransform: /home/runner/.gradle/caches/modules-2/files-2.1/androidx.vectordrawable/vectordrawable/1.1.0/eac7a364fff534035a2a6cb17770a1288315f69f/vectordrawable-1.1.0.aar because:
  Build cache is disabled
AarToClassTransform: /home/runner/.gradle/caches/modules-2/files-2.1/androidx.vectordrawable/vectordrawable/1.1.0/eac7a364fff534035a2a6cb17770a1288315f69f/vectordrawable-1.1.0.aar is not up-to-date because:
  No history is available.
Caching disabled for EnumerateClassesTransform: /home/runner/.gradle/caches/transforms-3/3149d0c0869071cab074cdcf465c7213/transformed/jetified-foundation-release-runtime.jar because:
  Build cache is disabled
EnumerateClassesTransform: /home/runner/.gradle/caches/transforms-3/3149d0c0869071cab074cdcf465c7213/transformed/jetified-foundation-release-runtime.jar is not up-to-date because:
  No history is available.
Transforming vectordrawable-1.1.0.aar (androidx.vectordrawable:vectordrawable:1.1.0) with EnumerateClassesTransform
Transforming vectordrawable-1.1.0.aar (androidx.vectordrawable:vectordrawable:1.1.0) with EnumerateClassesTransform
Caching disabled for EnumerateClassesTransform: /home/runner/.gradle/caches/transforms-3/0dcb971e31783637f45632e7026e633f/transformed/vectordrawable-1.1.0-runtime.jar because:
  Build cache is disabled
EnumerateClassesTransform: /home/runner/.gradle/caches/transforms-3/0dcb971e31783637f45632e7026e633f/transformed/vectordrawable-1.1.0-runtime.jar is not up-to-date because:
  No history is available.
Caching disabled for AarToClassTransform: /home/runner/.gradle/caches/modules-2/files-2.1/androidx.core/core/1.12.0/5aa3088ed93ba8ebaea2b8a83befdfa829339e7a/core-1.12.0.aar because:
  Build cache is disabled
AarToClassTransform: /home/runner/.gradle/caches/modules-2/files-2.1/androidx.core/core/1.12.0/5aa3088ed93ba8ebaea2b8a83befdfa829339e7a/core-1.12.0.aar is not up-to-date because:
  No history is available.
Transforming core-1.12.0.aar (androidx.core:core:1.12.0) with EnumerateClassesTransform
Transforming core-1.12.0.aar (androidx.core:core:1.12.0) with EnumerateClassesTransform
Transforming ui-release.aar (androidx.compose.ui:ui-android:1.6.0) with EnumerateClassesTransform
Caching disabled for EnumerateClassesTransform: /home/runner/.gradle/caches/transforms-3/658c5316794f39274cf6c178f0771ebc/transformed/core-1.12.0-runtime.jar because:
  Build cache is disabled
EnumerateClassesTransform: /home/runner/.gradle/caches/transforms-3/658c5316794f39274cf6c178f0771ebc/transformed/core-1.12.0-runtime.jar is not up-to-date because:
  No history is available.
Caching disabled for AarToClassTransform: /home/runner/.gradle/caches/transforms-3/b3e5225cee5c0b32ddd94fdb14c779c6/transformed/jetified-core-ktx-1.12.0.aar because:
  Build cache is disabled
AarToClassTransform: /home/runner/.gradle/caches/transforms-3/b3e5225cee5c0b32ddd94fdb14c779c6/transformed/jetified-core-ktx-1.12.0.aar is not up-to-date because:
  No history is available.
Caching disabled for AarToClassTransform: /home/runner/.gradle/caches/transforms-3/26b5850cd55dcc1e1b5134ab12d18ac5/transformed/jetified-annotation-experimental-1.3.0.aar because:
  Build cache is disabled
AarToClassTransform: /home/runner/.gradle/caches/transforms-3/26b5850cd55dcc1e1b5134ab12d18ac5/transformed/jetified-annotation-experimental-1.3.0.aar is not up-to-date because:
  No history is available.
Caching disabled for AarToClassTransform: /home/runner/.gradle/caches/transforms-3/fb4dd617130702c28bc33a48019b4ddf/transformed/jetified-customview-poolingcontainer-1.0.0.aar because:
  Build cache is disabled
AarToClassTransform: /home/runner/.gradle/caches/transforms-3/fb4dd617130702c28bc33a48019b4ddf/transformed/jetified-customview-poolingcontainer-1.0.0.aar is not up-to-date because:
  No history is available.
Transforming annotation-experimental-1.3.0.aar (androidx.annotation:annotation-experimental:1.3.0) with EnumerateClassesTransform
Caching disabled for EnumerateClassesTransform: /home/runner/.gradle/caches/transforms-3/8b741316a57a858885765e0c847456db/transformed/jetified-annotation-experimental-1.3.0-runtime.jar because:
  Build cache is disabled
EnumerateClassesTransform: /home/runner/.gradle/caches/transforms-3/8b741316a57a858885765e0c847456db/transformed/jetified-annotation-experimental-1.3.0-runtime.jar is not up-to-date because:
  No history is available.
Transforming customview-poolingcontainer-1.0.0.aar (androidx.customview:customview-poolingcontainer:1.0.0) with EnumerateClassesTransform
Caching disabled for EnumerateClassesTransform: /home/runner/.gradle/caches/transforms-3/078ee2202adac277b9e2285ae92aa609/transformed/jetified-customview-poolingcontainer-1.0.0-runtime.jar because:
  Build cache is disabled
EnumerateClassesTransform: /home/runner/.gradle/caches/transforms-3/078ee2202adac277b9e2285ae92aa609/transformed/jetified-customview-poolingcontainer-1.0.0-runtime.jar is not up-to-date because:
  No history is available.
Caching disabled for EnumerateClassesTransform: /home/runner/.gradle/caches/transforms-3/22cdc801034db69e623dc6b67fbb3141/transformed/jetified-ui-release-runtime.jar because:
  Build cache is disabled
EnumerateClassesTransform: /home/runner/.gradle/caches/transforms-3/22cdc801034db69e623dc6b67fbb3141/transformed/jetified-ui-release-runtime.jar is not up-to-date because:
  No history is available.
Caching disabled for AarToClassTransform: /home/runner/.gradle/caches/transforms-3/21bbe4e827b858305a8f04fc21e1465b/transformed/jetified-runtime-release.aar because:
  Build cache is disabled
AarToClassTransform: /home/runner/.gradle/caches/transforms-3/21bbe4e827b858305a8f04fc21e1465b/transformed/jetified-runtime-release.aar is not up-to-date because:
  No history is available.
Transforming core-ktx-1.12.0.aar (androidx.core:core-ktx:1.12.0) with EnumerateClassesTransform
Caching disabled for AarToClassTransform: /home/runner/.gradle/caches/transforms-3/7b02a4008fbebde6e777aa784767dd04/transformed/jetified-runtime-saveable-release.aar because:
  Build cache is disabled
AarToClassTransform: /home/runner/.gradle/caches/transforms-3/7b02a4008fbebde6e777aa784767dd04/transformed/jetified-runtime-saveable-release.aar is not up-to-date because:
  No history is available.
Caching disabled for EnumerateClassesTransform: /home/runner/.gradle/caches/transforms-3/1194590fa28950027edc65f868f0ccac/transformed/jetified-core-ktx-1.12.0-runtime.jar because:
  Build cache is disabled
EnumerateClassesTransform: /home/runner/.gradle/caches/transforms-3/1194590fa28950027edc65f868f0ccac/transformed/jetified-core-ktx-1.12.0-runtime.jar is not up-to-date because:
  No history is available.
Transforming runtime-saveable-release.aar (androidx.compose.runtime:runtime-saveable-android:1.6.0) with EnumerateClassesTransform
Caching disabled for EnumerateClassesTransform: /home/runner/.gradle/caches/transforms-3/83ce9945126df3d2dbee503deb804696/transformed/jetified-runtime-saveable-release-runtime.jar because:
  Build cache is disabled
EnumerateClassesTransform: /home/runner/.gradle/caches/transforms-3/83ce9945126df3d2dbee503deb804696/transformed/jetified-runtime-saveable-release-runtime.jar is not up-to-date because:
  No history is available.
Downloading https://repo.maven.apache.org/maven2/org/jetbrains/kotlinx/kotlinx-coroutines-core-jvm/1.7.3/kotlinx-coroutines-core-jvm-1.7.3.jar to /home/runner/.gradle/.tmp/gradle_download3297436490496284899bin
Downloading https://repo.maven.apache.org/maven2/org/jetbrains/kotlinx/kotlinx-coroutines-android/1.7.3/kotlinx-coroutines-android-1.7.3.jar to /home/runner/.gradle/.tmp/gradle_download9433411300462664161bin
Transforming kotlinx-coroutines-android-1.7.3.jar (org.jetbrains.kotlinx:kotlinx-coroutines-android:1.7.3) with JetifyTransform
Caching disabled for JetifyTransform: /home/runner/.gradle/caches/modules-2/files-2.1/org.jetbrains.kotlinx/kotlinx-coroutines-android/1.7.3/38d9cad3a0b03a10453b56577984bdeb48edeed5/kotlinx-coroutines-android-1.7.3.jar because:
  Build cache is disabled
JetifyTransform: /home/runner/.gradle/caches/modules-2/files-2.1/org.jetbrains.kotlinx/kotlinx-coroutines-android/1.7.3/38d9cad3a0b03a10453b56577984bdeb48edeed5/kotlinx-coroutines-android-1.7.3.jar is not up-to-date because:
  No history is available.
Transforming runtime-release.aar (androidx.compose.runtime:runtime-android:1.6.0) with EnumerateClassesTransform
Transforming kotlinx-coroutines-core-jvm-1.7.3.jar (org.jetbrains.kotlinx:kotlinx-coroutines-core-jvm:1.7.3) with JetifyTransform
Caching disabled for JetifyTransform: /home/runner/.gradle/caches/modules-2/files-2.1/org.jetbrains.kotlinx/kotlinx-coroutines-core-jvm/1.7.3/2b09627576f0989a436a00a4a54b55fa5026fb86/kotlinx-coroutines-core-jvm-1.7.3.jar because:
  Build cache is disabled
JetifyTransform: /home/runner/.gradle/caches/modules-2/files-2.1/org.jetbrains.kotlinx/kotlinx-coroutines-core-jvm/1.7.3/2b09627576f0989a436a00a4a54b55fa5026fb86/kotlinx-coroutines-core-jvm-1.7.3.jar is not up-to-date because:
  No history is available.
Caching disabled for EnumerateClassesTransform: /home/runner/.gradle/caches/transforms-3/cd5a09e9f63888649ab4edd2ca023879/transformed/jetified-runtime-release-runtime.jar because:
  Build cache is disabled
EnumerateClassesTransform: /home/runner/.gradle/caches/transforms-3/cd5a09e9f63888649ab4edd2ca023879/transformed/jetified-runtime-release-runtime.jar is not up-to-date because:
  No history is available.
Transforming kotlinx-coroutines-android-1.7.3.jar (org.jetbrains.kotlinx:kotlinx-coroutines-android:1.7.3) with IdentityTransform
Caching disabled for IdentityTransform: /home/runner/.gradle/caches/transforms-3/3123eb3fd66456f2e1a3ae695c9db5f7/transformed/jetified-kotlinx-coroutines-android-1.7.3.jar because:
  Build cache is disabled
IdentityTransform: /home/runner/.gradle/caches/transforms-3/3123eb3fd66456f2e1a3ae695c9db5f7/transformed/jetified-kotlinx-coroutines-android-1.7.3.jar is not up-to-date because:
  No history is available.
Transforming kotlinx-coroutines-android-1.7.3.jar (org.jetbrains.kotlinx:kotlinx-coroutines-android:1.7.3) with EnumerateClassesTransform
Caching disabled for EnumerateClassesTransform: /home/runner/.gradle/caches/transforms-3/3123eb3fd66456f2e1a3ae695c9db5f7/transformed/jetified-kotlinx-coroutines-android-1.7.3.jar because:
  Build cache is disabled
EnumerateClassesTransform: /home/runner/.gradle/caches/transforms-3/3123eb3fd66456f2e1a3ae695c9db5f7/transformed/jetified-kotlinx-coroutines-android-1.7.3.jar is not up-to-date because:
  No history is available.
Downloading https://repo.maven.apache.org/maven2/com/squareup/okhttp3/okhttp/4.12.0/okhttp-4.12.0.jar to /home/runner/.gradle/.tmp/gradle_download2346077709538858375bin
Downloading https://repo.maven.apache.org/maven2/com/squareup/okio/okio-jvm/3.6.0/okio-jvm-3.6.0.jar to /home/runner/.gradle/.tmp/gradle_download9091020035379439780bin
Downloading https://repo.maven.apache.org/maven2/org/jetbrains/kotlin/kotlin-stdlib-jdk8/1.9.10/kotlin-stdlib-jdk8-1.9.10.jar to /home/runner/.gradle/.tmp/gradle_download495562959141395631bin
Transforming kotlin-stdlib-jdk8-1.9.10.jar (org.jetbrains.kotlin:kotlin-stdlib-jdk8:1.9.10) with JetifyTransform
Transforming okio-jvm-3.6.0.jar (com.squareup.okio:okio-jvm:3.6.0) with JetifyTransform
Caching disabled for JetifyTransform: /home/runner/.gradle/caches/modules-2/files-2.1/org.jetbrains.kotlin/kotlin-stdlib-jdk8/1.9.10/c7510d64a83411a649c76f2778304ddf71d7437b/kotlin-stdlib-jdk8-1.9.10.jar because:
  Build cache is disabled
JetifyTransform: /home/runner/.gradle/caches/modules-2/files-2.1/org.jetbrains.kotlin/kotlin-stdlib-jdk8/1.9.10/c7510d64a83411a649c76f2778304ddf71d7437b/kotlin-stdlib-jdk8-1.9.10.jar is not up-to-date because:
  No history is available.
Caching disabled for JetifyTransform: /home/runner/.gradle/caches/modules-2/files-2.1/com.squareup.okio/okio-jvm/3.6.0/5600569133b7bdefe1daf9ec7f4abeb6d13e1786/okio-jvm-3.6.0.jar because:
  Build cache is disabled
JetifyTransform: /home/runner/.gradle/caches/modules-2/files-2.1/com.squareup.okio/okio-jvm/3.6.0/5600569133b7bdefe1daf9ec7f4abeb6d13e1786/okio-jvm-3.6.0.jar is not up-to-date because:
  No history is available.
Transforming kotlin-stdlib-jdk8-1.9.10.jar (org.jetbrains.kotlin:kotlin-stdlib-jdk8:1.9.10) with IdentityTransform
Caching disabled for IdentityTransform: /home/runner/.gradle/caches/transforms-3/cf6217d7b712518ebeb039f589f5a771/transformed/jetified-kotlin-stdlib-jdk8-1.9.10.jar because:
  Build cache is disabled
IdentityTransform: /home/runner/.gradle/caches/transforms-3/cf6217d7b712518ebeb039f589f5a771/transformed/jetified-kotlin-stdlib-jdk8-1.9.10.jar is not up-to-date because:
  No history is available.
Transforming kotlin-stdlib-jdk8-1.9.10.jar (org.jetbrains.kotlin:kotlin-stdlib-jdk8:1.9.10) with EnumerateClassesTransform
Caching disabled for EnumerateClassesTransform: /home/runner/.gradle/caches/transforms-3/cf6217d7b712518ebeb039f589f5a771/transformed/jetified-kotlin-stdlib-jdk8-1.9.10.jar because:
  Build cache is disabled
EnumerateClassesTransform: /home/runner/.gradle/caches/transforms-3/cf6217d7b712518ebeb039f589f5a771/transformed/jetified-kotlin-stdlib-jdk8-1.9.10.jar is not up-to-date because:
  No history is available.
Transforming okhttp-4.12.0.jar (com.squareup.okhttp3:okhttp:4.12.0) with JetifyTransform
Caching disabled for JetifyTransform: /home/runner/.gradle/caches/modules-2/files-2.1/com.squareup.okhttp3/okhttp/4.12.0/2f4525d4a200e97e1b87449c2cd9bd2e25b7e8cd/okhttp-4.12.0.jar because:
  Build cache is disabled
JetifyTransform: /home/runner/.gradle/caches/modules-2/files-2.1/com.squareup.okhttp3/okhttp/4.12.0/2f4525d4a200e97e1b87449c2cd9bd2e25b7e8cd/okhttp-4.12.0.jar is not up-to-date because:
  No history is available.
Downloading https://repo.maven.apache.org/maven2/org/jetbrains/kotlin/kotlin-stdlib-jdk7/1.9.10/kotlin-stdlib-jdk7-1.9.10.jar to /home/runner/.gradle/.tmp/gradle_download9921629449245339641bin
Transforming kotlin-stdlib-jdk7-1.9.10.jar (org.jetbrains.kotlin:kotlin-stdlib-jdk7:1.9.10) with JetifyTransform
Caching disabled for JetifyTransform: /home/runner/.gradle/caches/modules-2/files-2.1/org.jetbrains.kotlin/kotlin-stdlib-jdk7/1.9.10/bc5bfc2690338defd5195b05c57562f2194eeb10/kotlin-stdlib-jdk7-1.9.10.jar because:
  Build cache is disabled
JetifyTransform: /home/runner/.gradle/caches/modules-2/files-2.1/org.jetbrains.kotlin/kotlin-stdlib-jdk7/1.9.10/bc5bfc2690338defd5195b05c57562f2194eeb10/kotlin-stdlib-jdk7-1.9.10.jar is not up-to-date because:
  No history is available.
Transforming kotlin-stdlib-jdk7-1.9.10.jar (org.jetbrains.kotlin:kotlin-stdlib-jdk7:1.9.10) with IdentityTransform
Caching disabled for IdentityTransform: /home/runner/.gradle/caches/transforms-3/544690dd0e43aca0bc6e8c841ba3fd2c/transformed/jetified-kotlin-stdlib-jdk7-1.9.10.jar because:
  Build cache is disabled
IdentityTransform: /home/runner/.gradle/caches/transforms-3/544690dd0e43aca0bc6e8c841ba3fd2c/transformed/jetified-kotlin-stdlib-jdk7-1.9.10.jar is not up-to-date because:
  No history is available.
Transforming kotlin-stdlib-jdk7-1.9.10.jar (org.jetbrains.kotlin:kotlin-stdlib-jdk7:1.9.10) with EnumerateClassesTransform
Caching disabled for EnumerateClassesTransform: /home/runner/.gradle/caches/transforms-3/544690dd0e43aca0bc6e8c841ba3fd2c/transformed/jetified-kotlin-stdlib-jdk7-1.9.10.jar because:
  Build cache is disabled
EnumerateClassesTransform: /home/runner/.gradle/caches/transforms-3/544690dd0e43aca0bc6e8c841ba3fd2c/transformed/jetified-kotlin-stdlib-jdk7-1.9.10.jar is not up-to-date because:
  No history is available.
Transforming okio-jvm-3.6.0.jar (com.squareup.okio:okio-jvm:3.6.0) with IdentityTransform
Caching disabled for IdentityTransform: /home/runner/.gradle/caches/transforms-3/e940cd590d4f3ced0672bbff17adda10/transformed/jetified-okio-jvm-3.6.0.jar because:
  Build cache is disabled
IdentityTransform: /home/runner/.gradle/caches/transforms-3/e940cd590d4f3ced0672bbff17adda10/transformed/jetified-okio-jvm-3.6.0.jar is not up-to-date because:
  No history is available.
Transforming okio-jvm-3.6.0.jar (com.squareup.okio:okio-jvm:3.6.0) with EnumerateClassesTransform
Caching disabled for EnumerateClassesTransform: /home/runner/.gradle/caches/transforms-3/e940cd590d4f3ced0672bbff17adda10/transformed/jetified-okio-jvm-3.6.0.jar because:
  Build cache is disabled
EnumerateClassesTransform: /home/runner/.gradle/caches/transforms-3/e940cd590d4f3ced0672bbff17adda10/transformed/jetified-okio-jvm-3.6.0.jar is not up-to-date because:
  No history is available.
Downloading https://dl.google.com/dl/android/maven2/androidx/collection/collection-ktx/1.4.0/collection-ktx-1.4.0.jar to /home/runner/.gradle/.tmp/gradle_download2584081614077263018bin
Transforming collection-ktx-1.4.0.jar (androidx.collection:collection-ktx:1.4.0) with JetifyTransform
Caching disabled for JetifyTransform: /home/runner/.gradle/caches/modules-2/files-2.1/androidx.collection/collection-ktx/1.4.0/2ad14aed781c4a73ed4dbb421966d408a0a06686/collection-ktx-1.4.0.jar because:
  Build cache is disabled
JetifyTransform: /home/runner/.gradle/caches/modules-2/files-2.1/androidx.collection/collection-ktx/1.4.0/2ad14aed781c4a73ed4dbb421966d408a0a06686/collection-ktx-1.4.0.jar is not up-to-date because:
  No history is available.
Transforming collection-ktx-1.4.0.jar (androidx.collection:collection-ktx:1.4.0) with IdentityTransform
Caching disabled for IdentityTransform: /home/runner/.gradle/caches/transforms-3/75b8e7b9f3b28d524db63b6d0b84e35f/transformed/jetified-collection-ktx-1.4.0.jar because:
  Build cache is disabled
IdentityTransform: /home/runner/.gradle/caches/transforms-3/75b8e7b9f3b28d524db63b6d0b84e35f/transformed/jetified-collection-ktx-1.4.0.jar is not up-to-date because:
  No history is available.
Transforming collection-ktx-1.4.0.jar (androidx.collection:collection-ktx:1.4.0) with EnumerateClassesTransform
Caching disabled for EnumerateClassesTransform: /home/runner/.gradle/caches/transforms-3/75b8e7b9f3b28d524db63b6d0b84e35f/transformed/jetified-collection-ktx-1.4.0.jar because:
  Build cache is disabled
EnumerateClassesTransform: /home/runner/.gradle/caches/transforms-3/75b8e7b9f3b28d524db63b6d0b84e35f/transformed/jetified-collection-ktx-1.4.0.jar is not up-to-date because:
  No history is available.
Transforming okhttp-4.12.0.jar (com.squareup.okhttp3:okhttp:4.12.0) with IdentityTransform
Caching disabled for IdentityTransform: /home/runner/.gradle/caches/transforms-3/a7a4f3a7865bb0d12010d24ece7126e5/transformed/jetified-okhttp-4.12.0.jar because:
  Build cache is disabled
IdentityTransform: /home/runner/.gradle/caches/transforms-3/a7a4f3a7865bb0d12010d24ece7126e5/transformed/jetified-okhttp-4.12.0.jar is not up-to-date because:
  No history is available.
Transforming okhttp-4.12.0.jar (com.squareup.okhttp3:okhttp:4.12.0) with EnumerateClassesTransform
Downloading https://dl.google.com/dl/android/maven2/androidx/collection/collection-jvm/1.4.0/collection-jvm-1.4.0.jar to /home/runner/.gradle/.tmp/gradle_download8360471442614715304bin
Caching disabled for EnumerateClassesTransform: /home/runner/.gradle/caches/transforms-3/a7a4f3a7865bb0d12010d24ece7126e5/transformed/jetified-okhttp-4.12.0.jar because:
  Build cache is disabled
EnumerateClassesTransform: /home/runner/.gradle/caches/transforms-3/a7a4f3a7865bb0d12010d24ece7126e5/transformed/jetified-okhttp-4.12.0.jar is not up-to-date because:
  No history is available.
Transforming collection-jvm-1.4.0.jar (androidx.collection:collection-jvm:1.4.0) with JetifyTransform
Caching disabled for AarToClassTransform: /home/runner/.gradle/caches/modules-2/files-2.1/androidx.interpolator/interpolator/1.0.0/8a01fa254a23b9388571eb6334b03707c7d122d7/interpolator-1.0.0.aar because:
  Build cache is disabled
AarToClassTransform: /home/runner/.gradle/caches/modules-2/files-2.1/androidx.interpolator/interpolator/1.0.0/8a01fa254a23b9388571eb6334b03707c7d122d7/interpolator-1.0.0.aar is not up-to-date because:
  No history is available.
Caching disabled for JetifyTransform: /home/runner/.gradle/caches/modules-2/files-2.1/androidx.collection/collection-jvm/1.4.0/e209fb7bd1183032f55a0408121c6251a81acb49/collection-jvm-1.4.0.jar because:
  Build cache is disabled
JetifyTransform: /home/runner/.gradle/caches/modules-2/files-2.1/androidx.collection/collection-jvm/1.4.0/e209fb7bd1183032f55a0408121c6251a81acb49/collection-jvm-1.4.0.jar is not up-to-date because:
  No history is available.
Transforming interpolator-1.0.0.aar (androidx.interpolator:interpolator:1.0.0) with EnumerateClassesTransform
Caching disabled for EnumerateClassesTransform: /home/runner/.gradle/caches/transforms-3/84d8bba6def950f06ffc93f60f96384c/transformed/interpolator-1.0.0-runtime.jar because:
  Build cache is disabled
EnumerateClassesTransform: /home/runner/.gradle/caches/transforms-3/84d8bba6def950f06ffc93f60f96384c/transformed/interpolator-1.0.0-runtime.jar is not up-to-date because:
  No history is available.
Transforming interpolator-1.0.0.aar (androidx.interpolator:interpolator:1.0.0) with EnumerateClassesTransform
Caching disabled for AarToClassTransform: /home/runner/.gradle/caches/modules-2/files-2.1/androidx.arch.core/core-runtime/2.2.0/39705982680d78556b679ef9d5400d4f17509b0b/core-runtime-2.2.0.aar because:
  Build cache is disabled
AarToClassTransform: /home/runner/.gradle/caches/modules-2/files-2.1/androidx.arch.core/core-runtime/2.2.0/39705982680d78556b679ef9d5400d4f17509b0b/core-runtime-2.2.0.aar is not up-to-date because:
  No history is available.
Transforming core-runtime-2.2.0.aar (androidx.arch.core:core-runtime:2.2.0) with EnumerateClassesTransform
Caching disabled for EnumerateClassesTransform: /home/runner/.gradle/caches/transforms-3/90b056957ca2345270e73bc187a11bbb/transformed/core-runtime-2.2.0-runtime.jar because:
  Build cache is disabled
EnumerateClassesTransform: /home/runner/.gradle/caches/transforms-3/90b056957ca2345270e73bc187a11bbb/transformed/core-runtime-2.2.0-runtime.jar is not up-to-date because:
  No history is available.
Downloading https://dl.google.com/dl/android/maven2/androidx/arch/core/core-common/2.2.0/core-common-2.2.0.jar to /home/runner/.gradle/.tmp/gradle_download793265382228985707bin
Transforming core-common-2.2.0.jar (androidx.arch.core:core-common:2.2.0) with JetifyTransform
Caching disabled for JetifyTransform: /home/runner/.gradle/caches/modules-2/files-2.1/androidx.arch.core/core-common/2.2.0/5e1b8b81dfd5f52c56a8d53b18ca759c19a301f3/core-common-2.2.0.jar because:
  Build cache is disabled
JetifyTransform: /home/runner/.gradle/caches/modules-2/files-2.1/androidx.arch.core/core-common/2.2.0/5e1b8b81dfd5f52c56a8d53b18ca759c19a301f3/core-common-2.2.0.jar is not up-to-date because:
  No history is available.
Transforming core-common-2.2.0.jar (androidx.arch.core:core-common:2.2.0) with IdentityTransform
Caching disabled for IdentityTransform: /home/runner/.gradle/caches/modules-2/files-2.1/androidx.arch.core/core-common/2.2.0/5e1b8b81dfd5f52c56a8d53b18ca759c19a301f3/core-common-2.2.0.jar because:
  Build cache is disabled
IdentityTransform: /home/runner/.gradle/caches/modules-2/files-2.1/androidx.arch.core/core-common/2.2.0/5e1b8b81dfd5f52c56a8d53b18ca759c19a301f3/core-common-2.2.0.jar is not up-to-date because:
  No history is available.
Transforming core-common-2.2.0.jar (androidx.arch.core:core-common:2.2.0) with EnumerateClassesTransform
Caching disabled for EnumerateClassesTransform: /home/runner/.gradle/caches/modules-2/files-2.1/androidx.arch.core/core-common/2.2.0/5e1b8b81dfd5f52c56a8d53b18ca759c19a301f3/core-common-2.2.0.jar because:
  Build cache is disabled
EnumerateClassesTransform: /home/runner/.gradle/caches/modules-2/files-2.1/androidx.arch.core/core-common/2.2.0/5e1b8b81dfd5f52c56a8d53b18ca759c19a301f3/core-common-2.2.0.jar is not up-to-date because:
  No history is available.
Caching disabled for AarToClassTransform: /home/runner/.gradle/caches/transforms-3/add268b700eb70f920c14f535e2e5c60/transformed/jetified-profileinstaller-1.3.1.aar because:
  Build cache is disabled
AarToClassTransform: /home/runner/.gradle/caches/transforms-3/add268b700eb70f920c14f535e2e5c60/transformed/jetified-profileinstaller-1.3.1.aar is not up-to-date because:
  No history is available.
Transforming profileinstaller-1.3.1.aar (androidx.profileinstaller:profileinstaller:1.3.1) with EnumerateClassesTransform
Caching disabled for EnumerateClassesTransform: /home/runner/.gradle/caches/transforms-3/6218b84590ef76470dedbbc354d5d602/transformed/jetified-profileinstaller-1.3.1-runtime.jar because:
  Build cache is disabled
EnumerateClassesTransform: /home/runner/.gradle/caches/transforms-3/6218b84590ef76470dedbbc354d5d602/transformed/jetified-profileinstaller-1.3.1-runtime.jar is not up-to-date because:
  No history is available.
Caching disabled for AarToClassTransform: /home/runner/.gradle/caches/transforms-3/01fedcf61e9f4e048264a9595197052e/transformed/jetified-startup-runtime-1.1.1.aar because:
  Build cache is disabled
AarToClassTransform: /home/runner/.gradle/caches/transforms-3/01fedcf61e9f4e048264a9595197052e/transformed/jetified-startup-runtime-1.1.1.aar is not up-to-date because:
  No history is available.
Transforming startup-runtime-1.1.1.aar (androidx.startup:startup-runtime:1.1.1) with EnumerateClassesTransform
Caching disabled for EnumerateClassesTransform: /home/runner/.gradle/caches/transforms-3/0162f8d27c6a21cabda791507ffa0cac/transformed/jetified-startup-runtime-1.1.1-runtime.jar because:
  Build cache is disabled
EnumerateClassesTransform: /home/runner/.gradle/caches/transforms-3/0162f8d27c6a21cabda791507ffa0cac/transformed/jetified-startup-runtime-1.1.1-runtime.jar is not up-to-date because:
  No history is available.
Caching disabled for AarToClassTransform: /home/runner/.gradle/caches/transforms-3/e2ee69c536130f423265b1cf06696487/transformed/jetified-tracing-1.0.0.aar because:
  Build cache is disabled
AarToClassTransform: /home/runner/.gradle/caches/transforms-3/e2ee69c536130f423265b1cf06696487/transformed/jetified-tracing-1.0.0.aar is not up-to-date because:
  No history is available.
Transforming tracing-1.0.0.aar (androidx.tracing:tracing:1.0.0) with EnumerateClassesTransform
Caching disabled for EnumerateClassesTransform: /home/runner/.gradle/caches/transforms-3/13d6f30fc9e09595a03d81e06020748c/transformed/jetified-tracing-1.0.0-runtime.jar because:
  Build cache is disabled
EnumerateClassesTransform: /home/runner/.gradle/caches/transforms-3/13d6f30fc9e09595a03d81e06020748c/transformed/jetified-tracing-1.0.0-runtime.jar is not up-to-date because:
  No history is available.
Caching disabled for AarToClassTransform: /home/runner/.gradle/caches/modules-2/files-2.1/androidx.exifinterface/exifinterface/1.3.6/66c4f85fbe44c6556b05ecd28ea1af00cff3655e/exifinterface-1.3.6.aar because:
  Build cache is disabled
AarToClassTransform: /home/runner/.gradle/caches/modules-2/files-2.1/androidx.exifinterface/exifinterface/1.3.6/66c4f85fbe44c6556b05ecd28ea1af00cff3655e/exifinterface-1.3.6.aar is not up-to-date because:
  No history is available.
Transforming exifinterface-1.3.6.aar (androidx.exifinterface:exifinterface:1.3.6) with EnumerateClassesTransform
Caching disabled for EnumerateClassesTransform: /home/runner/.gradle/caches/transforms-3/d41b2b7b7b04ff2bd94b985147c19887/transformed/exifinterface-1.3.6-runtime.jar because:
  Build cache is disabled
EnumerateClassesTransform: /home/runner/.gradle/caches/transforms-3/d41b2b7b7b04ff2bd94b985147c19887/transformed/exifinterface-1.3.6-runtime.jar is not up-to-date because:
  No history is available.
Downloading https://dl.google.com/dl/android/maven2/androidx/concurrent/concurrent-futures/1.1.0/concurrent-futures-1.1.0.jar to /home/runner/.gradle/.tmp/gradle_download8294248720225709919bin
Transforming concurrent-futures-1.1.0.jar (androidx.concurrent:concurrent-futures:1.1.0) with JetifyTransform
Caching disabled for JetifyTransform: /home/runner/.gradle/caches/modules-2/files-2.1/androidx.concurrent/concurrent-futures/1.1.0/50b7fb98350d5f42a4e49704b03278542293ba48/concurrent-futures-1.1.0.jar because:
  Build cache is disabled
JetifyTransform: /home/runner/.gradle/caches/modules-2/files-2.1/androidx.concurrent/concurrent-futures/1.1.0/50b7fb98350d5f42a4e49704b03278542293ba48/concurrent-futures-1.1.0.jar is not up-to-date because:
  No history is available.
Transforming kotlinx-coroutines-core-jvm-1.7.3.jar (org.jetbrains.kotlinx:kotlinx-coroutines-core-jvm:1.7.3) with IdentityTransform
Transforming concurrent-futures-1.1.0.jar (androidx.concurrent:concurrent-futures:1.1.0) with IdentityTransform
Caching disabled for IdentityTransform: /home/runner/.gradle/caches/transforms-3/25156b51efef449af8f5f9d98fe24d40/transformed/jetified-kotlinx-coroutines-core-jvm-1.7.3.jar because:
  Build cache is disabled
IdentityTransform: /home/runner/.gradle/caches/transforms-3/25156b51efef449af8f5f9d98fe24d40/transformed/jetified-kotlinx-coroutines-core-jvm-1.7.3.jar is not up-to-date because:
  No history is available.
Caching disabled for AarToClassTransform: /home/runner/.gradle/caches/modules-2/files-2.1/androidx.versionedparcelable/versionedparcelable/1.1.1/18e18071e7715679e0593c570217edeb5ca48b9e/versionedparcelable-1.1.1.aar because:
  Build cache is disabled
AarToClassTransform: /home/runner/.gradle/caches/modules-2/files-2.1/androidx.versionedparcelable/versionedparcelable/1.1.1/18e18071e7715679e0593c570217edeb5ca48b9e/versionedparcelable-1.1.1.aar is not up-to-date because:
  No history is available.
Caching disabled for IdentityTransform: /home/runner/.gradle/caches/transforms-3/af08e5f24d5a077e4f3ab522d3ceb6a2/transformed/jetified-concurrent-futures-1.1.0.jar because:
  Build cache is disabled
IdentityTransform: /home/runner/.gradle/caches/transforms-3/af08e5f24d5a077e4f3ab522d3ceb6a2/transformed/jetified-concurrent-futures-1.1.0.jar is not up-to-date because:
  No history is available.
Transforming concurrent-futures-1.1.0.jar (androidx.concurrent:concurrent-futures:1.1.0) with EnumerateClassesTransform
Transforming kotlinx-coroutines-core-jvm-1.7.3.jar (org.jetbrains.kotlinx:kotlinx-coroutines-core-jvm:1.7.3) with EnumerateClassesTransform
Transforming versionedparcelable-1.1.1.aar (androidx.versionedparcelable:versionedparcelable:1.1.1) with EnumerateClassesTransform
Caching disabled for EnumerateClassesTransform: /home/runner/.gradle/caches/transforms-3/4c6c0867578b0f51b0021a487edecd36/transformed/versionedparcelable-1.1.1-runtime.jar because:
  Build cache is disabled
EnumerateClassesTransform: /home/runner/.gradle/caches/transforms-3/4c6c0867578b0f51b0021a487edecd36/transformed/versionedparcelable-1.1.1-runtime.jar is not up-to-date because:
  No history is available.
Caching disabled for EnumerateClassesTransform: /home/runner/.gradle/caches/transforms-3/af08e5f24d5a077e4f3ab522d3ceb6a2/transformed/jetified-concurrent-futures-1.1.0.jar because:
  Build cache is disabled
EnumerateClassesTransform: /home/runner/.gradle/caches/transforms-3/af08e5f24d5a077e4f3ab522d3ceb6a2/transformed/jetified-concurrent-futures-1.1.0.jar is not up-to-date because:
  No history is available.
Transforming collection-jvm-1.4.0.jar (androidx.collection:collection-jvm:1.4.0) with IdentityTransform
Caching disabled for IdentityTransform: /home/runner/.gradle/caches/transforms-3/b64103b97604d66675a064fc5cf2f484/transformed/jetified-collection-jvm-1.4.0.jar because:
  Build cache is disabled
IdentityTransform: /home/runner/.gradle/caches/transforms-3/b64103b97604d66675a064fc5cf2f484/transformed/jetified-collection-jvm-1.4.0.jar is not up-to-date because:
  No history is available.
Transforming collection-jvm-1.4.0.jar (androidx.collection:collection-jvm:1.4.0) with EnumerateClassesTransform
Downloading https://dl.google.com/dl/android/maven2/androidx/annotation/annotation-jvm/1.7.0/annotation-jvm-1.7.0.jar to /home/runner/.gradle/.tmp/gradle_download1230904518715615183bin
Transforming annotation-jvm-1.7.0.jar (androidx.annotation:annotation-jvm:1.7.0) with JetifyTransform
Caching disabled for JetifyTransform: /home/runner/.gradle/caches/modules-2/files-2.1/androidx.annotation/annotation-jvm/1.7.0/920472d40adcdef5e18708976b3e314f9a636fcd/annotation-jvm-1.7.0.jar because:
  Build cache is disabled
JetifyTransform: /home/runner/.gradle/caches/modules-2/files-2.1/androidx.annotation/annotation-jvm/1.7.0/920472d40adcdef5e18708976b3e314f9a636fcd/annotation-jvm-1.7.0.jar is not up-to-date because:
  No history is available.
Caching disabled for EnumerateClassesTransform: /home/runner/.gradle/caches/transforms-3/25156b51efef449af8f5f9d98fe24d40/transformed/jetified-kotlinx-coroutines-core-jvm-1.7.3.jar because:
  Build cache is disabled
Caching disabled for EnumerateClassesTransform: /home/runner/.gradle/caches/transforms-3/b64103b97604d66675a064fc5cf2f484/transformed/jetified-collection-jvm-1.4.0.jar because:
  Build cache is disabled
EnumerateClassesTransform: /home/runner/.gradle/caches/transforms-3/b64103b97604d66675a064fc5cf2f484/transformed/jetified-collection-jvm-1.4.0.jar is not up-to-date because:
  No history is available.
EnumerateClassesTransform: /home/runner/.gradle/caches/transforms-3/25156b51efef449af8f5f9d98fe24d40/transformed/jetified-kotlinx-coroutines-core-jvm-1.7.3.jar is not up-to-date because:
  No history is available.
Transforming annotation-jvm-1.7.0.jar (androidx.annotation:annotation-jvm:1.7.0) with IdentityTransform
Caching disabled for IdentityTransform: /home/runner/.gradle/caches/transforms-3/620fd95957cdc0675db1c11d5328e48e/transformed/jetified-annotation-jvm-1.7.0.jar because:
  Build cache is disabled
IdentityTransform: /home/runner/.gradle/caches/transforms-3/620fd95957cdc0675db1c11d5328e48e/transformed/jetified-annotation-jvm-1.7.0.jar is not up-to-date because:
  No history is available.
Transforming annotation-jvm-1.7.0.jar (androidx.annotation:annotation-jvm:1.7.0) with EnumerateClassesTransform
Downloading https://repo.maven.apache.org/maven2/org/jetbrains/kotlin/kotlin-stdlib/1.9.22/kotlin-stdlib-1.9.22.jar to /home/runner/.gradle/.tmp/gradle_download17392521857499062753bin
Caching disabled for EnumerateClassesTransform: /home/runner/.gradle/caches/transforms-3/620fd95957cdc0675db1c11d5328e48e/transformed/jetified-annotation-jvm-1.7.0.jar because:
  Build cache is disabled
EnumerateClassesTransform: /home/runner/.gradle/caches/transforms-3/620fd95957cdc0675db1c11d5328e48e/transformed/jetified-annotation-jvm-1.7.0.jar is not up-to-date because:
  No history is available.
Transforming kotlin-stdlib-1.9.22.jar (org.jetbrains.kotlin:kotlin-stdlib:1.9.22) with JetifyTransform
Caching disabled for JetifyTransform: /home/runner/.gradle/caches/modules-2/files-2.1/org.jetbrains.kotlin/kotlin-stdlib/1.9.22/d6c44cd08d8f3f9bece8101216dbe6553365c6e3/kotlin-stdlib-1.9.22.jar because:
  Build cache is disabled
JetifyTransform: /home/runner/.gradle/caches/modules-2/files-2.1/org.jetbrains.kotlin/kotlin-stdlib/1.9.22/d6c44cd08d8f3f9bece8101216dbe6553365c6e3/kotlin-stdlib-1.9.22.jar is not up-to-date because:
  No history is available.
Downloading https://repo.maven.apache.org/maven2/com/google/guava/listenablefuture/1.0/listenablefuture-1.0.jar to /home/runner/.gradle/.tmp/gradle_download862295333354267648bin
Transforming listenablefuture-1.0.jar (com.google.guava:listenablefuture:1.0) with JetifyTransform
Caching disabled for JetifyTransform: /home/runner/.gradle/caches/modules-2/files-2.1/com.google.guava/listenablefuture/1.0/c949a840a6acbc5268d088e47b04177bf90b3cad/listenablefuture-1.0.jar because:
  Build cache is disabled
JetifyTransform: /home/runner/.gradle/caches/modules-2/files-2.1/com.google.guava/listenablefuture/1.0/c949a840a6acbc5268d088e47b04177bf90b3cad/listenablefuture-1.0.jar is not up-to-date because:
  No history is available.
Downloading https://repo.maven.apache.org/maven2/org/jetbrains/annotations/23.0.0/annotations-23.0.0.jar to /home/runner/.gradle/.tmp/gradle_download3496325471896076472bin
Transforming annotations-23.0.0.jar (org.jetbrains:annotations:23.0.0) with JetifyTransform
Caching disabled for JetifyTransform: /home/runner/.gradle/caches/modules-2/files-2.1/org.jetbrains/annotations/23.0.0/8cc20c07506ec18e0834947b84a864bfc094484e/annotations-23.0.0.jar because:
  Build cache is disabled
JetifyTransform: /home/runner/.gradle/caches/modules-2/files-2.1/org.jetbrains/annotations/23.0.0/8cc20c07506ec18e0834947b84a864bfc094484e/annotations-23.0.0.jar is not up-to-date because:
  No history is available.
Transforming annotations-23.0.0.jar (org.jetbrains:annotations:23.0.0) with IdentityTransform
Caching disabled for IdentityTransform: /home/runner/.gradle/caches/transforms-3/0b9c408e657e9e70651d4598d50553d9/transformed/jetified-annotations-23.0.0.jar because:
  Build cache is disabled
IdentityTransform: /home/runner/.gradle/caches/transforms-3/0b9c408e657e9e70651d4598d50553d9/transformed/jetified-annotations-23.0.0.jar is not up-to-date because:
  No history is available.
Transforming annotations-23.0.0.jar (org.jetbrains:annotations:23.0.0) with EnumerateClassesTransform
Caching disabled for EnumerateClassesTransform: /home/runner/.gradle/caches/transforms-3/0b9c408e657e9e70651d4598d50553d9/transformed/jetified-annotations-23.0.0.jar because:
  Build cache is disabled
EnumerateClassesTransform: /home/runner/.gradle/caches/transforms-3/0b9c408e657e9e70651d4598d50553d9/transformed/jetified-annotations-23.0.0.jar is not up-to-date because:
  No history is available.
Transforming listenablefuture-1.0.jar (com.google.guava:listenablefuture:1.0) with IdentityTransform
Caching disabled for IdentityTransform: /home/runner/.gradle/caches/transforms-3/57ba9f34448333d42a10f80008385d6e/transformed/jetified-listenablefuture-1.0.jar because:
  Build cache is disabled
IdentityTransform: /home/runner/.gradle/caches/transforms-3/57ba9f34448333d42a10f80008385d6e/transformed/jetified-listenablefuture-1.0.jar is not up-to-date because:
  No history is available.
Transforming listenablefuture-1.0.jar (com.google.guava:listenablefuture:1.0) with EnumerateClassesTransform
Caching disabled for EnumerateClassesTransform: /home/runner/.gradle/caches/transforms-3/57ba9f34448333d42a10f80008385d6e/transformed/jetified-listenablefuture-1.0.jar because:
  Build cache is disabled
EnumerateClassesTransform: /home/runner/.gradle/caches/transforms-3/57ba9f34448333d42a10f80008385d6e/transformed/jetified-listenablefuture-1.0.jar is not up-to-date because:
  No history is available.
Transforming kotlin-stdlib-1.9.22.jar (org.jetbrains.kotlin:kotlin-stdlib:1.9.22) with IdentityTransform
Caching disabled for IdentityTransform: /home/runner/.gradle/caches/transforms-3/7392f81cef3e03c2f201deb053573b9f/transformed/jetified-kotlin-stdlib-1.9.22.jar because:
  Build cache is disabled
IdentityTransform: /home/runner/.gradle/caches/transforms-3/7392f81cef3e03c2f201deb053573b9f/transformed/jetified-kotlin-stdlib-1.9.22.jar is not up-to-date because:
  No history is available.
Transforming kotlin-stdlib-1.9.22.jar (org.jetbrains.kotlin:kotlin-stdlib:1.9.22) with EnumerateClassesTransform
Caching disabled for EnumerateClassesTransform: /home/runner/.gradle/caches/transforms-3/7392f81cef3e03c2f201deb053573b9f/transformed/jetified-kotlin-stdlib-1.9.22.jar because:
  Build cache is disabled
EnumerateClassesTransform: /home/runner/.gradle/caches/transforms-3/7392f81cef3e03c2f201deb053573b9f/transformed/jetified-kotlin-stdlib-1.9.22.jar is not up-to-date because:
  No history is available.
Caching disabled for task ':app-v3:checkDebugDuplicateClasses' because:
  Build cache is disabled
Task ':app-v3:checkDebugDuplicateClasses' is not up-to-date because:
  No history is available.

> Task :app-v3:mergeDebugNativeLibs NO-SOURCE
Transforming material3-1.1.2.aar (androidx.compose.material3:material3:1.1.2) with JetifyTransform
Transforming material3-1.1.2.aar (androidx.compose.material3:material3:1.1.2) with ExtractAarTransform
Transforming material3-1.1.2.aar (androidx.compose.material3:material3:1.1.2) with AarTransform
Transforming activity-1.8.2.aar (androidx.activity:activity:1.8.2) with JetifyTransform
Transforming activity-1.8.2.aar (androidx.activity:activity:1.8.2) with ExtractAarTransform
Transforming activity-1.8.2.aar (androidx.activity:activity:1.8.2) with AarTransform
Transforming activity-ktx-1.8.2.aar (androidx.activity:activity-ktx:1.8.2) with JetifyTransform
Transforming activity-ktx-1.8.2.aar (androidx.activity:activity-ktx:1.8.2) with ExtractAarTransform
Transforming activity-ktx-1.8.2.aar (androidx.activity:activity-ktx:1.8.2) with AarTransform
Transforming coil-compose-2.5.0.aar (io.coil-kt:coil-compose:2.5.0) with JetifyTransform
Transforming coil-compose-2.5.0.aar (io.coil-kt:coil-compose:2.5.0) with ExtractAarTransform
Transforming coil-compose-2.5.0.aar (io.coil-kt:coil-compose:2.5.0) with AarTransform
Transforming coil-compose-base-2.5.0.aar (io.coil-kt:coil-compose-base:2.5.0) with JetifyTransform
Transforming coil-compose-base-2.5.0.aar (io.coil-kt:coil-compose-base:2.5.0) with ExtractAarTransform
Transforming coil-compose-base-2.5.0.aar (io.coil-kt:coil-compose-base:2.5.0) with AarTransform
Transforming material-ripple-release.aar (androidx.compose.material:material-ripple-android:1.6.0) with JetifyTransform
Transforming material-ripple-release.aar (androidx.compose.material:material-ripple-android:1.6.0) with ExtractAarTransform
Transforming material-ripple-release.aar (androidx.compose.material:material-ripple-android:1.6.0) with AarTransform
Transforming material-icons-core-release.aar (androidx.compose.material:material-icons-core-android:1.6.0) with JetifyTransform
Transforming material-icons-core-release.aar (androidx.compose.material:material-icons-core-android:1.6.0) with ExtractAarTransform
Transforming material-icons-core-release.aar (androidx.compose.material:material-icons-core-android:1.6.0) with AarTransform
Transforming material-release.aar (androidx.compose.material:material-android:1.6.0) with JetifyTransform
Transforming material-release.aar (androidx.compose.material:material-android:1.6.0) with ExtractAarTransform
Transforming material-release.aar (androidx.compose.material:material-android:1.6.0) with AarTransform
Transforming animation-core-release.aar (androidx.compose.animation:animation-core-android:1.6.0) with JetifyTransform
Transforming animation-core-release.aar (androidx.compose.animation:animation-core-android:1.6.0) with ExtractAarTransform
Transforming animation-core-release.aar (androidx.compose.animation:animation-core-android:1.6.0) with AarTransform
Transforming animation-release.aar (androidx.compose.animation:animation-android:1.6.0) with JetifyTransform
Transforming animation-release.aar (androidx.compose.animation:animation-android:1.6.0) with ExtractAarTransform
Transforming animation-release.aar (androidx.compose.animation:animation-android:1.6.0) with AarTransform
Transforming foundation-layout-release.aar (androidx.compose.foundation:foundation-layout-android:1.6.0) with JetifyTransform
Transforming foundation-layout-release.aar (androidx.compose.foundation:foundation-layout-android:1.6.0) with ExtractAarTransform
Transforming foundation-layout-release.aar (androidx.compose.foundation:foundation-layout-android:1.6.0) with AarTransform
Transforming foundation-release.aar (androidx.compose.foundation:foundation-android:1.6.0) with JetifyTransform
Transforming foundation-release.aar (androidx.compose.foundation:foundation-android:1.6.0) with ExtractAarTransform
Transforming foundation-release.aar (androidx.compose.foundation:foundation-android:1.6.0) with AarTransform
Transforming ui-tooling-data-release.aar (androidx.compose.ui:ui-tooling-data-android:1.6.0) with JetifyTransform
Transforming ui-tooling-data-release.aar (androidx.compose.ui:ui-tooling-data-android:1.6.0) with ExtractAarTransform
Transforming ui-tooling-data-release.aar (androidx.compose.ui:ui-tooling-data-android:1.6.0) with AarTransform
Transforming ui-unit-release.aar (androidx.compose.ui:ui-unit-android:1.6.0) with JetifyTransform
Transforming ui-unit-release.aar (androidx.compose.ui:ui-unit-android:1.6.0) with ExtractAarTransform
Transforming ui-unit-release.aar (androidx.compose.ui:ui-unit-android:1.6.0) with AarTransform
Transforming ui-geometry-release.aar (androidx.compose.ui:ui-geometry-android:1.6.0) with JetifyTransform
Caching disabled for AarTransform: /home/runner/.gradle/caches/transforms-3/6b3695a9e99692f435cc63d9903ec2a9/transformed/jetified-material3-1.1.2 because:
  Build cache is disabled
AarTransform: /home/runner/.gradle/caches/transforms-3/6b3695a9e99692f435cc63d9903ec2a9/transformed/jetified-material3-1.1.2 is not up-to-date because:
  No history is available.
Transforming ui-geometry-release.aar (androidx.compose.ui:ui-geometry-android:1.6.0) with ExtractAarTransform
Transforming ui-geometry-release.aar (androidx.compose.ui:ui-geometry-android:1.6.0) with AarTransform
Transforming ui-util-release.aar (androidx.compose.ui:ui-util-android:1.6.0) with JetifyTransform
Transforming ui-util-release.aar (androidx.compose.ui:ui-util-android:1.6.0) with ExtractAarTransform
Transforming ui-util-release.aar (androidx.compose.ui:ui-util-android:1.6.0) with AarTransform
Transforming ui-text-release.aar (androidx.compose.ui:ui-text-android:1.6.0) with JetifyTransform
Transforming ui-text-release.aar (androidx.compose.ui:ui-text-android:1.6.0) with ExtractAarTransform
Transforming ui-text-release.aar (androidx.compose.ui:ui-text-android:1.6.0) with AarTransform
Transforming ui-tooling-preview-release.aar (androidx.compose.ui:ui-tooling-preview-android:1.6.0) with JetifyTransform
Transforming ui-tooling-preview-release.aar (androidx.compose.ui:ui-tooling-preview-android:1.6.0) with ExtractAarTransform
Transforming ui-tooling-preview-release.aar (androidx.compose.ui:ui-tooling-preview-android:1.6.0) with AarTransform
Transforming ui-graphics-release.aar (androidx.compose.ui:ui-graphics-android:1.6.0) with JetifyTransform
Transforming ui-graphics-release.aar (androidx.compose.ui:ui-graphics-android:1.6.0) with ExtractAarTransform
Transforming ui-graphics-release.aar (androidx.compose.ui:ui-graphics-android:1.6.0) with AarTransform
Transforming ui-test-manifest-1.6.0.aar (androidx.compose.ui:ui-test-manifest:1.6.0) with JetifyTransform
Transforming ui-test-manifest-1.6.0.aar (androidx.compose.ui:ui-test-manifest:1.6.0) with ExtractAarTransform
Transforming ui-test-manifest-1.6.0.aar (androidx.compose.ui:ui-test-manifest:1.6.0) with AarTransform
Transforming ui-tooling-release.aar (androidx.compose.ui:ui-tooling-android:1.6.0) with JetifyTransform
Transforming ui-tooling-release.aar (androidx.compose.ui:ui-tooling-android:1.6.0) with ExtractAarTransform
Transforming ui-tooling-release.aar (androidx.compose.ui:ui-tooling-android:1.6.0) with AarTransform
Transforming activity-compose-1.8.2.aar (androidx.activity:activity-compose:1.8.2) with JetifyTransform
Transforming activity-compose-1.8.2.aar (androidx.activity:activity-compose:1.8.2) with ExtractAarTransform
Transforming activity-compose-1.8.2.aar (androidx.activity:activity-compose:1.8.2) with AarTransform
Transforming emoji2-1.3.0.aar (androidx.emoji2:emoji2:1.3.0) with JetifyTransform
Transforming emoji2-1.3.0.aar (androidx.emoji2:emoji2:1.3.0) with ExtractAarTransform
Transforming emoji2-1.3.0.aar (androidx.emoji2:emoji2:1.3.0) with AarTransform
Transforming lifecycle-process-2.7.0.aar (androidx.lifecycle:lifecycle-process:2.7.0) with JetifyTransform
Transforming lifecycle-process-2.7.0.aar (androidx.lifecycle:lifecycle-process:2.7.0) with ExtractAarTransform
Transforming lifecycle-process-2.7.0.aar (androidx.lifecycle:lifecycle-process:2.7.0) with AarTransform
Transforming lifecycle-livedata-core-2.7.0.aar (androidx.lifecycle:lifecycle-livedata-core:2.7.0) with JetifyTransform
Transforming lifecycle-livedata-core-2.7.0.aar (androidx.lifecycle:lifecycle-livedata-core:2.7.0) with ExtractAarTransform
Transforming lifecycle-livedata-core-2.7.0.aar (androidx.lifecycle:lifecycle-livedata-core:2.7.0) with AarTransform
Transforming savedstate-ktx-1.2.1.aar (androidx.savedstate:savedstate-ktx:1.2.1) with JetifyTransform
Transforming savedstate-ktx-1.2.1.aar (androidx.savedstate:savedstate-ktx:1.2.1) with ExtractAarTransform
Transforming savedstate-ktx-1.2.1.aar (androidx.savedstate:savedstate-ktx:1.2.1) with AarTransform
Transforming savedstate-1.2.1.aar (androidx.savedstate:savedstate:1.2.1) with JetifyTransform
Transforming savedstate-1.2.1.aar (androidx.savedstate:savedstate:1.2.1) with ExtractAarTransform
Transforming savedstate-1.2.1.aar (androidx.savedstate:savedstate:1.2.1) with AarTransform
Transforming lifecycle-common-2.7.0.jar (androidx.lifecycle:lifecycle-common:2.7.0) with JetifyTransform
Transforming lifecycle-common-2.7.0.jar (androidx.lifecycle:lifecycle-common:2.7.0) with ExtractJniTransform
Transforming lifecycle-viewmodel-savedstate-2.7.0.aar (androidx.lifecycle:lifecycle-viewmodel-savedstate:2.7.0) with JetifyTransform
Transforming lifecycle-viewmodel-savedstate-2.7.0.aar (androidx.lifecycle:lifecycle-viewmodel-savedstate:2.7.0) with ExtractAarTransform
Caching disabled for AarTransform: /home/runner/.gradle/caches/transforms-3/4486cd71c0d89f8b575e26ac3b908889/transformed/jetified-activity-1.8.2 because:
  Build cache is disabled
AarTransform: /home/runner/.gradle/caches/transforms-3/4486cd71c0d89f8b575e26ac3b908889/transformed/jetified-activity-1.8.2 is not up-to-date because:
  No history is available.
Transforming lifecycle-viewmodel-savedstate-2.7.0.aar (androidx.lifecycle:lifecycle-viewmodel-savedstate:2.7.0) with AarTransform
Transforming lifecycle-viewmodel-ktx-2.7.0.aar (androidx.lifecycle:lifecycle-viewmodel-ktx:2.7.0) with JetifyTransform
Transforming lifecycle-viewmodel-ktx-2.7.0.aar (androidx.lifecycle:lifecycle-viewmodel-ktx:2.7.0) with ExtractAarTransform
Transforming lifecycle-viewmodel-ktx-2.7.0.aar (androidx.lifecycle:lifecycle-viewmodel-ktx:2.7.0) with AarTransform
Transforming lifecycle-common-java8-2.7.0.jar (androidx.lifecycle:lifecycle-common-java8:2.7.0) with JetifyTransform
Transforming lifecycle-common-java8-2.7.0.jar (androidx.lifecycle:lifecycle-common-java8:2.7.0) with ExtractJniTransform
Transforming lifecycle-viewmodel-2.7.0.aar (androidx.lifecycle:lifecycle-viewmodel:2.7.0) with JetifyTransform
Transforming lifecycle-viewmodel-2.7.0.aar (androidx.lifecycle:lifecycle-viewmodel:2.7.0) with ExtractAarTransform
Caching disabled for AarTransform: /home/runner/.gradle/caches/transforms-3/32916e4361a0519dfb325dcc3e200682/transformed/jetified-coil-compose-2.5.0 because:
  Build cache is disabled
Transforming lifecycle-viewmodel-2.7.0.aar (androidx.lifecycle:lifecycle-viewmodel:2.7.0) with AarTransform
AarTransform: /home/runner/.gradle/caches/transforms-3/32916e4361a0519dfb325dcc3e200682/transformed/jetified-coil-compose-2.5.0 is not up-to-date because:
  No history is available.
Transforming coil-2.5.0.aar (io.coil-kt:coil:2.5.0) with JetifyTransform
Transforming coil-2.5.0.aar (io.coil-kt:coil:2.5.0) with ExtractAarTransform
Transforming coil-2.5.0.aar (io.coil-kt:coil:2.5.0) with AarTransform
Transforming coil-base-2.5.0.aar (io.coil-kt:coil-base:2.5.0) with JetifyTransform
Transforming coil-base-2.5.0.aar (io.coil-kt:coil-base:2.5.0) with ExtractAarTransform
Transforming coil-base-2.5.0.aar (io.coil-kt:coil-base:2.5.0) with AarTransform
Transforming lifecycle-runtime-2.7.0.aar (androidx.lifecycle:lifecycle-runtime:2.7.0) with JetifyTransform
Transforming lifecycle-runtime-2.7.0.aar (androidx.lifecycle:lifecycle-runtime:2.7.0) with ExtractAarTransform
Transforming lifecycle-runtime-2.7.0.aar (androidx.lifecycle:lifecycle-runtime:2.7.0) with AarTransform
Transforming lifecycle-runtime-ktx-2.7.0.aar (androidx.lifecycle:lifecycle-runtime-ktx:2.7.0) with JetifyTransform
Transforming lifecycle-runtime-ktx-2.7.0.aar (androidx.lifecycle:lifecycle-runtime-ktx:2.7.0) with ExtractAarTransform
Transforming lifecycle-runtime-ktx-2.7.0.aar (androidx.lifecycle:lifecycle-runtime-ktx:2.7.0) with AarTransform
Transforming lifecycle-viewmodel-compose-2.7.0.aar (androidx.lifecycle:lifecycle-viewmodel-compose:2.7.0) with JetifyTransform
Transforming lifecycle-viewmodel-compose-2.7.0.aar (androidx.lifecycle:lifecycle-viewmodel-compose:2.7.0) with ExtractAarTransform
Transforming lifecycle-viewmodel-compose-2.7.0.aar (androidx.lifecycle:lifecycle-viewmodel-compose:2.7.0) with AarTransform
Transforming accompanist-drawablepainter-0.32.0.aar (com.google.accompanist:accompanist-drawablepainter:0.32.0) with JetifyTransform
Transforming accompanist-drawablepainter-0.32.0.aar (com.google.accompanist:accompanist-drawablepainter:0.32.0) with ExtractAarTransform
Transforming accompanist-drawablepainter-0.32.0.aar (com.google.accompanist:accompanist-drawablepainter:0.32.0) with AarTransform
Transforming ui-release.aar (androidx.compose.ui:ui-android:1.6.0) with JetifyTransform
Transforming ui-release.aar (androidx.compose.ui:ui-android:1.6.0) with ExtractAarTransform
Transforming ui-release.aar (androidx.compose.ui:ui-android:1.6.0) with AarTransform
Transforming autofill-1.0.0.aar (androidx.autofill:autofill:1.0.0) with JetifyTransform
Transforming autofill-1.0.0.aar (androidx.autofill:autofill:1.0.0) with ExtractAarTransform
Transforming autofill-1.0.0.aar (androidx.autofill:autofill:1.0.0) with AarTransform
Transforming appcompat-resources-1.6.1.aar (androidx.appcompat:appcompat-resources:1.6.1) with JetifyTransform
Transforming appcompat-resources-1.6.1.aar (androidx.appcompat:appcompat-resources:1.6.1) with ExtractAarTransform
Transforming appcompat-resources-1.6.1.aar (androidx.appcompat:appcompat-resources:1.6.1) with AarTransform
Transforming vectordrawable-animated-1.1.0.aar (androidx.vectordrawable:vectordrawable-animated:1.1.0) with JetifyTransform
Transforming vectordrawable-animated-1.1.0.aar (androidx.vectordrawable:vectordrawable-animated:1.1.0) with ExtractAarTransform
Transforming vectordrawable-animated-1.1.0.aar (androidx.vectordrawable:vectordrawable-animated:1.1.0) with AarTransform
Transforming vectordrawable-1.1.0.aar (androidx.vectordrawable:vectordrawable:1.1.0) with JetifyTransform
Transforming vectordrawable-1.1.0.aar (androidx.vectordrawable:vectordrawable:1.1.0) with ExtractAarTransform
Transforming vectordrawable-1.1.0.aar (androidx.vectordrawable:vectordrawable:1.1.0) with AarTransform
Transforming vectordrawable-1.1.0.aar (androidx.vectordrawable:vectordrawable:1.1.0) with JetifyTransform
Transforming vectordrawable-1.1.0.aar (androidx.vectordrawable:vectordrawable:1.1.0) with ExtractAarTransform
Transforming vectordrawable-1.1.0.aar (androidx.vectordrawable:vectordrawable:1.1.0) with AarTransform
Transforming core-1.12.0.aar (androidx.core:core:1.12.0) with JetifyTransform
Transforming core-1.12.0.aar (androidx.core:core:1.12.0) with ExtractAarTransform
Transforming core-1.12.0.aar (androidx.core:core:1.12.0) with AarTransform
Transforming core-1.12.0.aar (androidx.core:core:1.12.0) with JetifyTransform
Transforming core-1.12.0.aar (androidx.core:core:1.12.0) with ExtractAarTransform
Transforming core-1.12.0.aar (androidx.core:core:1.12.0) with AarTransform
Transforming core-1.12.0.aar (androidx.core:core:1.12.0) with JetifyTransform
Transforming core-1.12.0.aar (androidx.core:core:1.12.0) with ExtractAarTransform
Transforming core-1.12.0.aar (androidx.core:core:1.12.0) with AarTransform
Transforming customview-poolingcontainer-1.0.0.aar (androidx.customview:customview-poolingcontainer:1.0.0) with JetifyTransform
Transforming customview-poolingcontainer-1.0.0.aar (androidx.customview:customview-poolingcontainer:1.0.0) with ExtractAarTransform
Transforming customview-poolingcontainer-1.0.0.aar (androidx.customview:customview-poolingcontainer:1.0.0) with AarTransform
Transforming core-ktx-1.12.0.aar (androidx.core:core-ktx:1.12.0) with JetifyTransform
Transforming core-ktx-1.12.0.aar (androidx.core:core-ktx:1.12.0) with ExtractAarTransform
Transforming core-ktx-1.12.0.aar (androidx.core:core-ktx:1.12.0) with AarTransform
Transforming annotation-experimental-1.3.0.aar (androidx.annotation:annotation-experimental:1.3.0) with JetifyTransform
Transforming annotation-experimental-1.3.0.aar (androidx.annotation:annotation-experimental:1.3.0) with ExtractAarTransform
Transforming annotation-experimental-1.3.0.aar (androidx.annotation:annotation-experimental:1.3.0) with AarTransform
Transforming runtime-saveable-release.aar (androidx.compose.runtime:runtime-saveable-android:1.6.0) with JetifyTransform
Transforming runtime-saveable-release.aar (androidx.compose.runtime:runtime-saveable-android:1.6.0) with ExtractAarTransform
Transforming runtime-saveable-release.aar (androidx.compose.runtime:runtime-saveable-android:1.6.0) with AarTransform
Transforming runtime-release.aar (androidx.compose.runtime:runtime-android:1.6.0) with JetifyTransform
Transforming runtime-release.aar (androidx.compose.runtime:runtime-android:1.6.0) with ExtractAarTransform
Transforming runtime-release.aar (androidx.compose.runtime:runtime-android:1.6.0) with AarTransform
Transforming kotlinx-coroutines-core-jvm-1.7.3.jar (org.jetbrains.kotlinx:kotlinx-coroutines-core-jvm:1.7.3) with JetifyTransform
Transforming kotlinx-coroutines-core-jvm-1.7.3.jar (org.jetbrains.kotlinx:kotlinx-coroutines-core-jvm:1.7.3) with ExtractJniTransform
Transforming kotlinx-coroutines-android-1.7.3.jar (org.jetbrains.kotlinx:kotlinx-coroutines-android:1.7.3) with JetifyTransform
Transforming kotlinx-coroutines-android-1.7.3.jar (org.jetbrains.kotlinx:kotlinx-coroutines-android:1.7.3) with ExtractJniTransform
Transforming okhttp-4.12.0.jar (com.squareup.okhttp3:okhttp:4.12.0) with JetifyTransform
Transforming okhttp-4.12.0.jar (com.squareup.okhttp3:okhttp:4.12.0) with ExtractJniTransform
Transforming okio-jvm-3.6.0.jar (com.squareup.okio:okio-jvm:3.6.0) with JetifyTransform
Transforming okio-jvm-3.6.0.jar (com.squareup.okio:okio-jvm:3.6.0) with ExtractJniTransform
Transforming kotlin-stdlib-jdk8-1.9.10.jar (org.jetbrains.kotlin:kotlin-stdlib-jdk8:1.9.10) with JetifyTransform
Transforming kotlin-stdlib-jdk8-1.9.10.jar (org.jetbrains.kotlin:kotlin-stdlib-jdk8:1.9.10) with ExtractJniTransform
Transforming kotlin-stdlib-jdk7-1.9.10.jar (org.jetbrains.kotlin:kotlin-stdlib-jdk7:1.9.10) with JetifyTransform
Transforming kotlin-stdlib-jdk7-1.9.10.jar (org.jetbrains.kotlin:kotlin-stdlib-jdk7:1.9.10) with ExtractJniTransform
Transforming versionedparcelable-1.1.1.aar (androidx.versionedparcelable:versionedparcelable:1.1.1) with JetifyTransform
Transforming versionedparcelable-1.1.1.aar (androidx.versionedparcelable:versionedparcelable:1.1.1) with ExtractAarTransform
Transforming versionedparcelable-1.1.1.aar (androidx.versionedparcelable:versionedparcelable:1.1.1) with AarTransform
Transforming collection-ktx-1.4.0.jar (androidx.collection:collection-ktx:1.4.0) with JetifyTransform
Transforming collection-ktx-1.4.0.jar (androidx.collection:collection-ktx:1.4.0) with ExtractJniTransform
Transforming collection-jvm-1.4.0.jar (androidx.collection:collection-jvm:1.4.0) with JetifyTransform
Transforming collection-jvm-1.4.0.jar (androidx.collection:collection-jvm:1.4.0) with ExtractJniTransform
Transforming interpolator-1.0.0.aar (androidx.interpolator:interpolator:1.0.0) with JetifyTransform
Transforming interpolator-1.0.0.aar (androidx.interpolator:interpolator:1.0.0) with ExtractAarTransform
Transforming interpolator-1.0.0.aar (androidx.interpolator:interpolator:1.0.0) with AarTransform
Transforming interpolator-1.0.0.aar (androidx.interpolator:interpolator:1.0.0) with JetifyTransform
Transforming interpolator-1.0.0.aar (androidx.interpolator:interpolator:1.0.0) with ExtractAarTransform
Transforming interpolator-1.0.0.aar (androidx.interpolator:interpolator:1.0.0) with AarTransform
Transforming core-runtime-2.2.0.aar (androidx.arch.core:core-runtime:2.2.0) with JetifyTransform
Transforming core-runtime-2.2.0.aar (androidx.arch.core:core-runtime:2.2.0) with ExtractAarTransform
Transforming core-runtime-2.2.0.aar (androidx.arch.core:core-runtime:2.2.0) with AarTransform
Transforming core-common-2.2.0.jar (androidx.arch.core:core-common:2.2.0) with JetifyTransform
Transforming core-common-2.2.0.jar (androidx.arch.core:core-common:2.2.0) with ExtractJniTransform
Transforming profileinstaller-1.3.1.aar (androidx.profileinstaller:profileinstaller:1.3.1) with JetifyTransform
Transforming profileinstaller-1.3.1.aar (androidx.profileinstaller:profileinstaller:1.3.1) with ExtractAarTransform
Transforming profileinstaller-1.3.1.aar (androidx.profileinstaller:profileinstaller:1.3.1) with AarTransform
Transforming startup-runtime-1.1.1.aar (androidx.startup:startup-runtime:1.1.1) with JetifyTransform
Transforming startup-runtime-1.1.1.aar (androidx.startup:startup-runtime:1.1.1) with ExtractAarTransform
Transforming startup-runtime-1.1.1.aar (androidx.startup:startup-runtime:1.1.1) with AarTransform
Transforming tracing-1.0.0.aar (androidx.tracing:tracing:1.0.0) with JetifyTransform
Transforming tracing-1.0.0.aar (androidx.tracing:tracing:1.0.0) with ExtractAarTransform
Transforming tracing-1.0.0.aar (androidx.tracing:tracing:1.0.0) with AarTransform
Transforming exifinterface-1.3.6.aar (androidx.exifinterface:exifinterface:1.3.6) with JetifyTransform
Transforming exifinterface-1.3.6.aar (androidx.exifinterface:exifinterface:1.3.6) with ExtractAarTransform
Transforming exifinterface-1.3.6.aar (androidx.exifinterface:exifinterface:1.3.6) with AarTransform
Transforming concurrent-futures-1.1.0.jar (androidx.concurrent:concurrent-futures:1.1.0) with JetifyTransform
Transforming concurrent-futures-1.1.0.jar (androidx.concurrent:concurrent-futures:1.1.0) with ExtractJniTransform
Transforming annotation-jvm-1.7.0.jar (androidx.annotation:annotation-jvm:1.7.0) with JetifyTransform
Transforming annotation-jvm-1.7.0.jar (androidx.annotation:annotation-jvm:1.7.0) with ExtractJniTransform
Transforming kotlin-stdlib-1.9.22.jar (org.jetbrains.kotlin:kotlin-stdlib:1.9.22) with JetifyTransform
Transforming kotlin-stdlib-1.9.22.jar (org.jetbrains.kotlin:kotlin-stdlib:1.9.22) with ExtractJniTransform
Transforming annotations-23.0.0.jar (org.jetbrains:annotations:23.0.0) with JetifyTransform
Transforming annotations-23.0.0.jar (org.jetbrains:annotations:23.0.0) with ExtractJniTransform
Transforming listenablefuture-1.0.jar (com.google.guava:listenablefuture:1.0) with JetifyTransform
Transforming listenablefuture-1.0.jar (com.google.guava:listenablefuture:1.0) with ExtractJniTransform
Caching disabled for AarTransform: /home/runner/.gradle/caches/transforms-3/e42332f6c3845b4ae63811bd5d1b8586/transformed/jetified-coil-compose-base-2.5.0 because:
  Build cache is disabled
AarTransform: /home/runner/.gradle/caches/transforms-3/e42332f6c3845b4ae63811bd5d1b8586/transformed/jetified-coil-compose-base-2.5.0 is not up-to-date because:
  No history is available.
Caching disabled for AarTransform: /home/runner/.gradle/caches/transforms-3/3dc43ce192fe1dab647f59ff297eacf1/transformed/jetified-material-ripple-release because:
  Build cache is disabled
AarTransform: /home/runner/.gradle/caches/transforms-3/3dc43ce192fe1dab647f59ff297eacf1/transformed/jetified-material-ripple-release is not up-to-date because:
  No history is available.
Caching disabled for AarTransform: /home/runner/.gradle/caches/transforms-3/73e6621120999a43cb87f253d3ce9798/transformed/jetified-material-icons-core-release because:
  Build cache is disabled
AarTransform: /home/runner/.gradle/caches/transforms-3/73e6621120999a43cb87f253d3ce9798/transformed/jetified-material-icons-core-release is not up-to-date because:
  No history is available.
Caching disabled for AarTransform: /home/runner/.gradle/caches/transforms-3/e253461f05edaf7aa67d8be4b23c5378/transformed/jetified-material-release because:
  Build cache is disabled
AarTransform: /home/runner/.gradle/caches/transforms-3/e253461f05edaf7aa67d8be4b23c5378/transformed/jetified-material-release is not up-to-date because:
  No history is available.
Caching disabled for AarTransform: /home/runner/.gradle/caches/transforms-3/2e023a60b9bc95923d69649b085625a1/transformed/jetified-animation-core-release because:
  Build cache is disabled
AarTransform: /home/runner/.gradle/caches/transforms-3/2e023a60b9bc95923d69649b085625a1/transformed/jetified-animation-core-release is not up-to-date because:
  No history is available.
Caching disabled for AarTransform: /home/runner/.gradle/caches/transforms-3/d18e3e45b4d94d3858bdc59584221f19/transformed/jetified-animation-release because:
  Build cache is disabled
AarTransform: /home/runner/.gradle/caches/transforms-3/d18e3e45b4d94d3858bdc59584221f19/transformed/jetified-animation-release is not up-to-date because:
  No history is available.
Caching disabled for AarTransform: /home/runner/.gradle/caches/transforms-3/ff71fba756ca4157450ef962b788a7b8/transformed/jetified-foundation-layout-release because:
  Build cache is disabled
AarTransform: /home/runner/.gradle/caches/transforms-3/ff71fba756ca4157450ef962b788a7b8/transformed/jetified-foundation-layout-release is not up-to-date because:
  No history is available.
Caching disabled for AarTransform: /home/runner/.gradle/caches/transforms-3/c4e0e79cd87e6e8b15a86f479bf7fb1c/transformed/jetified-foundation-release because:
  Build cache is disabled
AarTransform: /home/runner/.gradle/caches/transforms-3/c4e0e79cd87e6e8b15a86f479bf7fb1c/transformed/jetified-foundation-release is not up-to-date because:
  No history is available.
Caching disabled for AarTransform: /home/runner/.gradle/caches/transforms-3/841daa78a6c7688fb1784afdf8bd8006/transformed/jetified-ui-tooling-data-release because:
  Build cache is disabled
AarTransform: /home/runner/.gradle/caches/transforms-3/841daa78a6c7688fb1784afdf8bd8006/transformed/jetified-ui-tooling-data-release is not up-to-date because:
  No history is available.
Caching disabled for AarTransform: /home/runner/.gradle/caches/transforms-3/49f657191625df914dc02aaa37e2ccce/transformed/jetified-ui-unit-release because:
  Build cache is disabled
AarTransform: /home/runner/.gradle/caches/transforms-3/49f657191625df914dc02aaa37e2ccce/transformed/jetified-ui-unit-release is not up-to-date because:
  No history is available.
Caching disabled for AarTransform: /home/runner/.gradle/caches/transforms-3/510b4aecd5975c712c4d4e307818dcd4/transformed/jetified-ui-geometry-release because:
  Build cache is disabled
AarTransform: /home/runner/.gradle/caches/transforms-3/510b4aecd5975c712c4d4e307818dcd4/transformed/jetified-ui-geometry-release is not up-to-date because:
  No history is available.
Caching disabled for AarTransform: /home/runner/.gradle/caches/transforms-3/bf74d1f461dd083fb9b90c72b67dd7ae/transformed/jetified-ui-util-release because:
  Build cache is disabled
AarTransform: /home/runner/.gradle/caches/transforms-3/bf74d1f461dd083fb9b90c72b67dd7ae/transformed/jetified-ui-util-release is not up-to-date because:
  No history is available.
Caching disabled for AarTransform: /home/runner/.gradle/caches/transforms-3/739ee27594ae93846d923b96306d6ce4/transformed/jetified-ui-text-release because:
  Build cache is disabled
AarTransform: /home/runner/.gradle/caches/transforms-3/739ee27594ae93846d923b96306d6ce4/transformed/jetified-ui-text-release is not up-to-date because:
  No history is available.
Caching disabled for AarTransform: /home/runner/.gradle/caches/transforms-3/b49ca312096e0275e43db54fdf724643/transformed/jetified-ui-tooling-preview-release because:
  Build cache is disabled
AarTransform: /home/runner/.gradle/caches/transforms-3/b49ca312096e0275e43db54fdf724643/transformed/jetified-ui-tooling-preview-release is not up-to-date because:
  No history is available.
Caching disabled for AarTransform: /home/runner/.gradle/caches/transforms-3/39b5ea9cdb3e645b6f458cbb8dfdcaa8/transformed/jetified-ui-graphics-release because:
  Build cache is disabled
AarTransform: /home/runner/.gradle/caches/transforms-3/39b5ea9cdb3e645b6f458cbb8dfdcaa8/transformed/jetified-ui-graphics-release is not up-to-date because:
  No history is available.
Caching disabled for AarTransform: /home/runner/.gradle/caches/transforms-3/1628c2c5419cf59a3c841ba2e99fbd0f/transformed/jetified-activity-ktx-1.8.2 because:
  Build cache is disabled
AarTransform: /home/runner/.gradle/caches/transforms-3/1628c2c5419cf59a3c841ba2e99fbd0f/transformed/jetified-activity-ktx-1.8.2 is not up-to-date because:
  No history is available.
Caching disabled for AarTransform: /home/runner/.gradle/caches/transforms-3/1c604c0a449a91646a02b0bf81bb92a8/transformed/jetified-ui-test-manifest-1.6.0 because:
  Build cache is disabled
AarTransform: /home/runner/.gradle/caches/transforms-3/1c604c0a449a91646a02b0bf81bb92a8/transformed/jetified-ui-test-manifest-1.6.0 is not up-to-date because:
  No history is available.
Caching disabled for AarTransform: /home/runner/.gradle/caches/transforms-3/bf3003103bf104060019c4c4fe8f58d2/transformed/jetified-ui-tooling-release because:
  Build cache is disabled
AarTransform: /home/runner/.gradle/caches/transforms-3/bf3003103bf104060019c4c4fe8f58d2/transformed/jetified-ui-tooling-release is not up-to-date because:
  No history is available.
Caching disabled for AarTransform: /home/runner/.gradle/caches/transforms-3/cdde5d135a5c5f405b2e1a5824d1a5bf/transformed/jetified-activity-compose-1.8.2 because:
  Build cache is disabled
AarTransform: /home/runner/.gradle/caches/transforms-3/cdde5d135a5c5f405b2e1a5824d1a5bf/transformed/jetified-activity-compose-1.8.2 is not up-to-date because:
  No history is available.
Caching disabled for AarTransform: /home/runner/.gradle/caches/transforms-3/accb67d5fa6842fc494107338777a9e8/transformed/jetified-emoji2-1.3.0 because:
  Build cache is disabled
AarTransform: /home/runner/.gradle/caches/transforms-3/accb67d5fa6842fc494107338777a9e8/transformed/jetified-emoji2-1.3.0 is not up-to-date because:
  No history is available.
Caching disabled for AarTransform: /home/runner/.gradle/caches/transforms-3/dcfbdd2b03f788a16fdc2ef43289a48a/transformed/jetified-savedstate-ktx-1.2.1 because:
  Build cache is disabled
AarTransform: /home/runner/.gradle/caches/transforms-3/dcfbdd2b03f788a16fdc2ef43289a48a/transformed/jetified-savedstate-ktx-1.2.1 is not up-to-date because:
  No history is available.
Caching disabled for AarTransform: /home/runner/.gradle/caches/transforms-3/076a8f229414680308728714ada7a4b2/transformed/jetified-lifecycle-process-2.7.0 because:
  Build cache is disabled
AarTransform: /home/runner/.gradle/caches/transforms-3/076a8f229414680308728714ada7a4b2/transformed/jetified-lifecycle-process-2.7.0 is not up-to-date because:
  No history is available.
Caching disabled for AarTransform: /home/runner/.gradle/caches/transforms-3/86f269d9a5d25d9db3a0c3844d69e947/transformed/lifecycle-livedata-core-2.7.0 because:
  Build cache is disabled
AarTransform: /home/runner/.gradle/caches/transforms-3/86f269d9a5d25d9db3a0c3844d69e947/transformed/lifecycle-livedata-core-2.7.0 is not up-to-date because:
  No history is available.
Caching disabled for AarTransform: /home/runner/.gradle/caches/transforms-3/0e3cb1d08ffd4372de833f64f3db18a8/transformed/jetified-savedstate-1.2.1 because:
  Build cache is disabled
AarTransform: /home/runner/.gradle/caches/transforms-3/0e3cb1d08ffd4372de833f64f3db18a8/transformed/jetified-savedstate-1.2.1 is not up-to-date because:
  No history is available.
Caching disabled for AarTransform: /home/runner/.gradle/caches/transforms-3/3d80dbef2bfd9f638e3e23df58b28058/transformed/jetified-lifecycle-viewmodel-savedstate-2.7.0 because:
  Build cache is disabled
AarTransform: /home/runner/.gradle/caches/transforms-3/3d80dbef2bfd9f638e3e23df58b28058/transformed/jetified-lifecycle-viewmodel-savedstate-2.7.0 is not up-to-date because:
  No history is available.
Caching disabled for ExtractJniTransform: /home/runner/.gradle/caches/modules-2/files-2.1/androidx.lifecycle/lifecycle-common/2.7.0/85334205d65cca70ed0109c3acbd29e22a2d9cb1/lifecycle-common-2.7.0.jar because:
  Build cache is disabled
ExtractJniTransform: /home/runner/.gradle/caches/modules-2/files-2.1/androidx.lifecycle/lifecycle-common/2.7.0/85334205d65cca70ed0109c3acbd29e22a2d9cb1/lifecycle-common-2.7.0.jar is not up-to-date because:
  No history is available.
Caching disabled for AarTransform: /home/runner/.gradle/caches/transforms-3/2e3aff25883e88e5e0e03fc7e5b8dddc/transformed/jetified-lifecycle-viewmodel-ktx-2.7.0 because:
  Build cache is disabled
AarTransform: /home/runner/.gradle/caches/transforms-3/2e3aff25883e88e5e0e03fc7e5b8dddc/transformed/jetified-lifecycle-viewmodel-ktx-2.7.0 is not up-to-date because:
  No history is available.
Caching disabled for AarTransform: /home/runner/.gradle/caches/transforms-3/099efc0ddbfac48f037781c2ca4851d5/transformed/lifecycle-viewmodel-2.7.0 because:
  Build cache is disabled
AarTransform: /home/runner/.gradle/caches/transforms-3/099efc0ddbfac48f037781c2ca4851d5/transformed/lifecycle-viewmodel-2.7.0 is not up-to-date because:
  No history is available.
Caching disabled for AarTransform: /home/runner/.gradle/caches/transforms-3/5b6e8f4da29c5badae3df148f26f4146/transformed/jetified-coil-base-2.5.0 because:
  Build cache is disabled
AarTransform: /home/runner/.gradle/caches/transforms-3/5b6e8f4da29c5badae3df148f26f4146/transformed/jetified-coil-base-2.5.0 is not up-to-date because:
  No history is available.
Caching disabled for AarTransform: /home/runner/.gradle/caches/transforms-3/d465ee9d576c159aa28b1d9fcb29cc5c/transformed/jetified-coil-2.5.0 because:
  Build cache is disabled
AarTransform: /home/runner/.gradle/caches/transforms-3/d465ee9d576c159aa28b1d9fcb29cc5c/transformed/jetified-coil-2.5.0 is not up-to-date because:
  No history is available.
Caching disabled for ExtractJniTransform: /home/runner/.gradle/caches/modules-2/files-2.1/androidx.lifecycle/lifecycle-common-java8/2.7.0/2ad14aed781c4a73ed4dbb421966d408a0a06686/lifecycle-common-java8-2.7.0.jar because:
  Build cache is disabled
ExtractJniTransform: /home/runner/.gradle/caches/modules-2/files-2.1/androidx.lifecycle/lifecycle-common-java8/2.7.0/2ad14aed781c4a73ed4dbb421966d408a0a06686/lifecycle-common-java8-2.7.0.jar is not up-to-date because:
  No history is available.
Caching disabled for AarTransform: /home/runner/.gradle/caches/transforms-3/b8d5a53e480a02a01d868ba62793622b/transformed/jetified-lifecycle-runtime-ktx-2.7.0 because:
  Build cache is disabled
AarTransform: /home/runner/.gradle/caches/transforms-3/b8d5a53e480a02a01d868ba62793622b/transformed/jetified-lifecycle-runtime-ktx-2.7.0 is not up-to-date because:
  No history is available.
Caching disabled for AarTransform: /home/runner/.gradle/caches/transforms-3/c9c5c4980b082d6d2dd323ddd1701769/transformed/lifecycle-runtime-2.7.0 because:
  Build cache is disabled
AarTransform: /home/runner/.gradle/caches/transforms-3/c9c5c4980b082d6d2dd323ddd1701769/transformed/lifecycle-runtime-2.7.0 is not up-to-date because:
  No history is available.
Caching disabled for AarTransform: /home/runner/.gradle/caches/transforms-3/a0123c34e88e58ea294051e8ca239094/transformed/jetified-lifecycle-viewmodel-compose-2.7.0 because:
  Build cache is disabled
AarTransform: /home/runner/.gradle/caches/transforms-3/a0123c34e88e58ea294051e8ca239094/transformed/jetified-lifecycle-viewmodel-compose-2.7.0 is not up-to-date because:
  No history is available.
Caching disabled for AarTransform: /home/runner/.gradle/caches/transforms-3/5c193792e17ca9669102e33e07a2e665/transformed/jetified-accompanist-drawablepainter-0.32.0 because:
  Build cache is disabled
AarTransform: /home/runner/.gradle/caches/transforms-3/5c193792e17ca9669102e33e07a2e665/transformed/jetified-accompanist-drawablepainter-0.32.0 is not up-to-date because:
  No history is available.
Caching disabled for AarTransform: /home/runner/.gradle/caches/transforms-3/af7438249dbf35e19c89c1000528720c/transformed/jetified-autofill-1.0.0 because:
  Build cache is disabled
AarTransform: /home/runner/.gradle/caches/transforms-3/af7438249dbf35e19c89c1000528720c/transformed/jetified-autofill-1.0.0 is not up-to-date because:
  No history is available.
Caching disabled for AarTransform: /home/runner/.gradle/caches/transforms-3/7c1fde5ba7832962763da54cbb5017fc/transformed/jetified-ui-release because:
  Build cache is disabled
AarTransform: /home/runner/.gradle/caches/transforms-3/7c1fde5ba7832962763da54cbb5017fc/transformed/jetified-ui-release is not up-to-date because:
  No history is available.
Caching disabled for AarTransform: /home/runner/.gradle/caches/transforms-3/3eaec48e790365cb3ddece1de5aab10f/transformed/jetified-appcompat-resources-1.6.1 because:
  Build cache is disabled
AarTransform: /home/runner/.gradle/caches/transforms-3/3eaec48e790365cb3ddece1de5aab10f/transformed/jetified-appcompat-resources-1.6.1 is not up-to-date because:
  No history is available.
Caching disabled for AarTransform: /home/runner/.gradle/caches/transforms-3/3faa838f61968b207718ebdff448e42e/transformed/vectordrawable-1.1.0 because:
  Build cache is disabled
AarTransform: /home/runner/.gradle/caches/transforms-3/3faa838f61968b207718ebdff448e42e/transformed/vectordrawable-1.1.0 is not up-to-date because:
  No history is available.
Caching disabled for AarTransform: /home/runner/.gradle/caches/transforms-3/8cc41fb51eaad97db6eafd93ec44c1e0/transformed/vectordrawable-animated-1.1.0 because:
  Build cache is disabled
AarTransform: /home/runner/.gradle/caches/transforms-3/8cc41fb51eaad97db6eafd93ec44c1e0/transformed/vectordrawable-animated-1.1.0 is not up-to-date because:
  No history is available.
Caching disabled for AarTransform: /home/runner/.gradle/caches/transforms-3/328141f1afd86b20c170f8a445d30e19/transformed/jetified-customview-poolingcontainer-1.0.0 because:
  Build cache is disabled
AarTransform: /home/runner/.gradle/caches/transforms-3/328141f1afd86b20c170f8a445d30e19/transformed/jetified-customview-poolingcontainer-1.0.0 is not up-to-date because:
  No history is available.
Caching disabled for AarTransform: /home/runner/.gradle/caches/transforms-3/4dde0fce54f6341b6da19770f76a2130/transformed/core-1.12.0 because:
  Build cache is disabled
AarTransform: /home/runner/.gradle/caches/transforms-3/4dde0fce54f6341b6da19770f76a2130/transformed/core-1.12.0 is not up-to-date because:
  No history is available.
Caching disabled for AarTransform: /home/runner/.gradle/caches/transforms-3/86d4a3973c7d015dcddc3636b26d31c0/transformed/jetified-core-ktx-1.12.0 because:
  Build cache is disabled
AarTransform: /home/runner/.gradle/caches/transforms-3/86d4a3973c7d015dcddc3636b26d31c0/transformed/jetified-core-ktx-1.12.0 is not up-to-date because:
  No history is available.
Caching disabled for AarTransform: /home/runner/.gradle/caches/transforms-3/1f3abe10d1870e2a226e8cc9c7e7eb3b/transformed/jetified-annotation-experimental-1.3.0 because:
  Build cache is disabled
AarTransform: /home/runner/.gradle/caches/transforms-3/1f3abe10d1870e2a226e8cc9c7e7eb3b/transformed/jetified-annotation-experimental-1.3.0 is not up-to-date because:
  No history is available.
Caching disabled for AarTransform: /home/runner/.gradle/caches/transforms-3/88742612a934cebcd0be91fdda997a16/transformed/jetified-runtime-saveable-release because:
  Build cache is disabled
AarTransform: /home/runner/.gradle/caches/transforms-3/88742612a934cebcd0be91fdda997a16/transformed/jetified-runtime-saveable-release is not up-to-date because:
  No history is available.
Caching disabled for AarTransform: /home/runner/.gradle/caches/transforms-3/37655ed3604b6c69200879d0500f2a9b/transformed/jetified-runtime-release because:
  Build cache is disabled
AarTransform: /home/runner/.gradle/caches/transforms-3/37655ed3604b6c69200879d0500f2a9b/transformed/jetified-runtime-release is not up-to-date because:
  No history is available.
Caching disabled for ExtractJniTransform: /home/runner/.gradle/caches/transforms-3/e940cd590d4f3ced0672bbff17adda10/transformed/jetified-okio-jvm-3.6.0.jar because:
  Build cache is disabled
ExtractJniTransform: /home/runner/.gradle/caches/transforms-3/e940cd590d4f3ced0672bbff17adda10/transformed/jetified-okio-jvm-3.6.0.jar is not up-to-date because:
  No history is available.
Caching disabled for ExtractJniTransform: /home/runner/.gradle/caches/transforms-3/25156b51efef449af8f5f9d98fe24d40/transformed/jetified-kotlinx-coroutines-core-jvm-1.7.3.jar because:
  Build cache is disabled
ExtractJniTransform: /home/runner/.gradle/caches/transforms-3/25156b51efef449af8f5f9d98fe24d40/transformed/jetified-kotlinx-coroutines-core-jvm-1.7.3.jar is not up-to-date because:
  No history is available.
Caching disabled for ExtractJniTransform: /home/runner/.gradle/caches/transforms-3/a7a4f3a7865bb0d12010d24ece7126e5/transformed/jetified-okhttp-4.12.0.jar because:
  Build cache is disabled
ExtractJniTransform: /home/runner/.gradle/caches/transforms-3/a7a4f3a7865bb0d12010d24ece7126e5/transformed/jetified-okhttp-4.12.0.jar is not up-to-date because:
  No history is available.
Caching disabled for ExtractJniTransform: /home/runner/.gradle/caches/transforms-3/3123eb3fd66456f2e1a3ae695c9db5f7/transformed/jetified-kotlinx-coroutines-android-1.7.3.jar because:
  Build cache is disabled
ExtractJniTransform: /home/runner/.gradle/caches/transforms-3/3123eb3fd66456f2e1a3ae695c9db5f7/transformed/jetified-kotlinx-coroutines-android-1.7.3.jar is not up-to-date because:
  No history is available.
Caching disabled for ExtractJniTransform: /home/runner/.gradle/caches/transforms-3/cf6217d7b712518ebeb039f589f5a771/transformed/jetified-kotlin-stdlib-jdk8-1.9.10.jar because:
  Build cache is disabled
ExtractJniTransform: /home/runner/.gradle/caches/transforms-3/cf6217d7b712518ebeb039f589f5a771/transformed/jetified-kotlin-stdlib-jdk8-1.9.10.jar is not up-to-date because:
  No history is available.
Caching disabled for ExtractJniTransform: /home/runner/.gradle/caches/transforms-3/544690dd0e43aca0bc6e8c841ba3fd2c/transformed/jetified-kotlin-stdlib-jdk7-1.9.10.jar because:
  Build cache is disabled
ExtractJniTransform: /home/runner/.gradle/caches/transforms-3/544690dd0e43aca0bc6e8c841ba3fd2c/transformed/jetified-kotlin-stdlib-jdk7-1.9.10.jar is not up-to-date because:
  No history is available.
Caching disabled for ExtractJniTransform: /home/runner/.gradle/caches/transforms-3/b64103b97604d66675a064fc5cf2f484/transformed/jetified-collection-jvm-1.4.0.jar because:
  Build cache is disabled
ExtractJniTransform: /home/runner/.gradle/caches/transforms-3/b64103b97604d66675a064fc5cf2f484/transformed/jetified-collection-jvm-1.4.0.jar is not up-to-date because:
  No history is available.
Caching disabled for ExtractJniTransform: /home/runner/.gradle/caches/transforms-3/75b8e7b9f3b28d524db63b6d0b84e35f/transformed/jetified-collection-ktx-1.4.0.jar because:
  Build cache is disabled
ExtractJniTransform: /home/runner/.gradle/caches/transforms-3/75b8e7b9f3b28d524db63b6d0b84e35f/transformed/jetified-collection-ktx-1.4.0.jar is not up-to-date because:
  No history is available.
Caching disabled for AarTransform: /home/runner/.gradle/caches/transforms-3/096095fb3f46b0f49569eff3850aad1c/transformed/versionedparcelable-1.1.1 because:
  Build cache is disabled
AarTransform: /home/runner/.gradle/caches/transforms-3/096095fb3f46b0f49569eff3850aad1c/transformed/versionedparcelable-1.1.1 is not up-to-date because:
  No history is available.
Caching disabled for AarTransform: /home/runner/.gradle/caches/transforms-3/da2de8c6ac4d0cdf9dede0c7637f3f2f/transformed/interpolator-1.0.0 because:
  Build cache is disabled
AarTransform: /home/runner/.gradle/caches/transforms-3/da2de8c6ac4d0cdf9dede0c7637f3f2f/transformed/interpolator-1.0.0 is not up-to-date because:
  No history is available.
Caching disabled for ExtractJniTransform: /home/runner/.gradle/caches/modules-2/files-2.1/androidx.arch.core/core-common/2.2.0/5e1b8b81dfd5f52c56a8d53b18ca759c19a301f3/core-common-2.2.0.jar because:
  Build cache is disabled
ExtractJniTransform: /home/runner/.gradle/caches/modules-2/files-2.1/androidx.arch.core/core-common/2.2.0/5e1b8b81dfd5f52c56a8d53b18ca759c19a301f3/core-common-2.2.0.jar is not up-to-date because:
  No history is available.
Caching disabled for AarTransform: /home/runner/.gradle/caches/transforms-3/cb64fc0a0422f37738c7cc6bed1d58f4/transformed/core-runtime-2.2.0 because:
  Build cache is disabled
AarTransform: /home/runner/.gradle/caches/transforms-3/cb64fc0a0422f37738c7cc6bed1d58f4/transformed/core-runtime-2.2.0 is not up-to-date because:
  No history is available.
Caching disabled for AarTransform: /home/runner/.gradle/caches/transforms-3/ed2a99777db40be16c6b391443781293/transformed/jetified-profileinstaller-1.3.1 because:
  Build cache is disabled
AarTransform: /home/runner/.gradle/caches/transforms-3/ed2a99777db40be16c6b391443781293/transformed/jetified-profileinstaller-1.3.1 is not up-to-date because:
  No history is available.
Caching disabled for AarTransform: /home/runner/.gradle/caches/transforms-3/e38763203da2274fe32ea162c1ebfd07/transformed/jetified-startup-runtime-1.1.1 because:
  Build cache is disabled
AarTransform: /home/runner/.gradle/caches/transforms-3/e38763203da2274fe32ea162c1ebfd07/transformed/jetified-startup-runtime-1.1.1 is not up-to-date because:
  No history is available.
Caching disabled for AarTransform: /home/runner/.gradle/caches/transforms-3/77845b546bce7c968a64544941173c93/transformed/jetified-tracing-1.0.0 because:
  Build cache is disabled
AarTransform: /home/runner/.gradle/caches/transforms-3/77845b546bce7c968a64544941173c93/transformed/jetified-tracing-1.0.0 is not up-to-date because:
  No history is available.
Caching disabled for ExtractJniTransform: /home/runner/.gradle/caches/transforms-3/af08e5f24d5a077e4f3ab522d3ceb6a2/transformed/jetified-concurrent-futures-1.1.0.jar because:
  Build cache is disabled
ExtractJniTransform: /home/runner/.gradle/caches/transforms-3/af08e5f24d5a077e4f3ab522d3ceb6a2/transformed/jetified-concurrent-futures-1.1.0.jar is not up-to-date because:
  No history is available.
Caching disabled for AarTransform: /home/runner/.gradle/caches/transforms-3/c0080d546a3a59f6f620959026c16997/transformed/exifinterface-1.3.6 because:
  Build cache is disabled
AarTransform: /home/runner/.gradle/caches/transforms-3/c0080d546a3a59f6f620959026c16997/transformed/exifinterface-1.3.6 is not up-to-date because:
  No history is available.
Caching disabled for ExtractJniTransform: /home/runner/.gradle/caches/transforms-3/620fd95957cdc0675db1c11d5328e48e/transformed/jetified-annotation-jvm-1.7.0.jar because:
  Build cache is disabled
ExtractJniTransform: /home/runner/.gradle/caches/transforms-3/620fd95957cdc0675db1c11d5328e48e/transformed/jetified-annotation-jvm-1.7.0.jar is not up-to-date because:
  No history is available.
Caching disabled for ExtractJniTransform: /home/runner/.gradle/caches/transforms-3/0b9c408e657e9e70651d4598d50553d9/transformed/jetified-annotations-23.0.0.jar because:
  Build cache is disabled
ExtractJniTransform: /home/runner/.gradle/caches/transforms-3/0b9c408e657e9e70651d4598d50553d9/transformed/jetified-annotations-23.0.0.jar is not up-to-date because:
  No history is available.
Caching disabled for ExtractJniTransform: /home/runner/.gradle/caches/transforms-3/7392f81cef3e03c2f201deb053573b9f/transformed/jetified-kotlin-stdlib-1.9.22.jar because:
  Build cache is disabled
ExtractJniTransform: /home/runner/.gradle/caches/transforms-3/7392f81cef3e03c2f201deb053573b9f/transformed/jetified-kotlin-stdlib-1.9.22.jar is not up-to-date because:
  No history is available.
Caching disabled for ExtractJniTransform: /home/runner/.gradle/caches/transforms-3/57ba9f34448333d42a10f80008385d6e/transformed/jetified-listenablefuture-1.0.jar because:
  Build cache is disabled
ExtractJniTransform: /home/runner/.gradle/caches/transforms-3/57ba9f34448333d42a10f80008385d6e/transformed/jetified-listenablefuture-1.0.jar is not up-to-date because:
  No history is available.
Skipping task ':app-v3:mergeDebugNativeLibs' as it has no source files and no previous output files.

> Task :app-v3:processDebugManifestForPackage
Caching disabled for task ':app-v3:processDebugManifestForPackage' because:
  Build cache is disabled
Task ':app-v3:processDebugManifestForPackage' is not up-to-date because:
  No history is available.

Resolve mutations for :app-v3:mergeExtDexDebug (Thread[Execution worker,5,main]) started.
:app-v3:mergeExtDexDebug (Thread[Execution worker,5,main]) started.

> Task :app-v3:mergeExtDexDebug
Transforming material3-1.1.2.aar (androidx.compose.material3:material3:1.1.2) with JetifyTransform
Transforming material3-1.1.2.aar (androidx.compose.material3:material3:1.1.2) with AarToClassTransform
Transforming material3-1.1.2.aar (androidx.compose.material3:material3:1.1.2) with IdentityTransform
Transforming activity-1.8.2.aar (androidx.activity:activity:1.8.2) with JetifyTransform
Transforming activity-1.8.2.aar (androidx.activity:activity:1.8.2) with AarToClassTransform
Transforming activity-1.8.2.aar (androidx.activity:activity:1.8.2) with IdentityTransform
Transforming activity-ktx-1.8.2.aar (androidx.activity:activity-ktx:1.8.2) with JetifyTransform
Transforming activity-ktx-1.8.2.aar (androidx.activity:activity-ktx:1.8.2) with AarToClassTransform
Transforming activity-ktx-1.8.2.aar (androidx.activity:activity-ktx:1.8.2) with IdentityTransform
Transforming coil-compose-2.5.0.aar (io.coil-kt:coil-compose:2.5.0) with JetifyTransform
Transforming coil-compose-2.5.0.aar (io.coil-kt:coil-compose:2.5.0) with AarToClassTransform
Transforming coil-compose-2.5.0.aar (io.coil-kt:coil-compose:2.5.0) with IdentityTransform
Transforming coil-compose-base-2.5.0.aar (io.coil-kt:coil-compose-base:2.5.0) with JetifyTransform
Transforming coil-compose-base-2.5.0.aar (io.coil-kt:coil-compose-base:2.5.0) with AarToClassTransform
Transforming coil-compose-base-2.5.0.aar (io.coil-kt:coil-compose-base:2.5.0) with IdentityTransform
Transforming material-ripple-release.aar (androidx.compose.material:material-ripple-android:1.6.0) with JetifyTransform
Transforming material-ripple-release.aar (androidx.compose.material:material-ripple-android:1.6.0) with AarToClassTransform
Transforming material-ripple-release.aar (androidx.compose.material:material-ripple-android:1.6.0) with IdentityTransform
Transforming material-icons-core-release.aar (androidx.compose.material:material-icons-core-android:1.6.0) with JetifyTransform
Transforming material-icons-core-release.aar (androidx.compose.material:material-icons-core-android:1.6.0) with AarToClassTransform
Transforming material-icons-core-release.aar (androidx.compose.material:material-icons-core-android:1.6.0) with IdentityTransform
Transforming material-release.aar (androidx.compose.material:material-android:1.6.0) with JetifyTransform
Transforming material-release.aar (androidx.compose.material:material-android:1.6.0) with AarToClassTransform
Transforming material-release.aar (androidx.compose.material:material-android:1.6.0) with IdentityTransform
Transforming animation-core-release.aar (androidx.compose.animation:animation-core-android:1.6.0) with JetifyTransform
Transforming animation-core-release.aar (androidx.compose.animation:animation-core-android:1.6.0) with AarToClassTransform
Transforming animation-core-release.aar (androidx.compose.animation:animation-core-android:1.6.0) with IdentityTransform
Transforming animation-release.aar (androidx.compose.animation:animation-android:1.6.0) with JetifyTransform
Transforming animation-release.aar (androidx.compose.animation:animation-android:1.6.0) with AarToClassTransform
Transforming animation-release.aar (androidx.compose.animation:animation-android:1.6.0) with IdentityTransform
Transforming foundation-layout-release.aar (androidx.compose.foundation:foundation-layout-android:1.6.0) with JetifyTransform
Transforming foundation-layout-release.aar (androidx.compose.foundation:foundation-layout-android:1.6.0) with AarToClassTransform
Transforming foundation-layout-release.aar (androidx.compose.foundation:foundation-layout-android:1.6.0) with IdentityTransform
Transforming foundation-release.aar (androidx.compose.foundation:foundation-android:1.6.0) with JetifyTransform
Caching disabled for IdentityTransform: /home/runner/.gradle/caches/transforms-3/491c80732d876e6c8e5122ffd892ab59/transformed/jetified-activity-ktx-1.8.2-runtime.jar because:
  Build cache is disabled
Transforming foundation-release.aar (androidx.compose.foundation:foundation-android:1.6.0) with AarToClassTransform
Transforming foundation-release.aar (androidx.compose.foundation:foundation-android:1.6.0) with IdentityTransform
IdentityTransform: /home/runner/.gradle/caches/transforms-3/491c80732d876e6c8e5122ffd892ab59/transformed/jetified-activity-ktx-1.8.2-runtime.jar is not up-to-date because:
  No history is available.
Caching disabled for IdentityTransform: /home/runner/.gradle/caches/transforms-3/47d9f9579e7394c81a377dd28cf5a001/transformed/jetified-material3-1.1.2-runtime.jar because:
  Build cache is disabled
IdentityTransform: /home/runner/.gradle/caches/transforms-3/47d9f9579e7394c81a377dd28cf5a001/transformed/jetified-material3-1.1.2-runtime.jar is not up-to-date because:
  No history is available.
Caching disabled for IdentityTransform: /home/runner/.gradle/caches/transforms-3/e49d2b9131982091b695a5e0e8aa85e0/transformed/jetified-activity-1.8.2-runtime.jar because:
  Build cache is disabled
IdentityTransform: /home/runner/.gradle/caches/transforms-3/e49d2b9131982091b695a5e0e8aa85e0/transformed/jetified-activity-1.8.2-runtime.jar is not up-to-date because:
  No history is available.
Transforming ui-tooling-data-release.aar (androidx.compose.ui:ui-tooling-data-android:1.6.0) with JetifyTransform
Transforming ui-tooling-data-release.aar (androidx.compose.ui:ui-tooling-data-android:1.6.0) with AarToClassTransform
Transforming ui-tooling-data-release.aar (androidx.compose.ui:ui-tooling-data-android:1.6.0) with IdentityTransform
Transforming ui-unit-release.aar (androidx.compose.ui:ui-unit-android:1.6.0) with JetifyTransform
Transforming ui-unit-release.aar (androidx.compose.ui:ui-unit-android:1.6.0) with AarToClassTransform
Transforming ui-unit-release.aar (androidx.compose.ui:ui-unit-android:1.6.0) with IdentityTransform
Transforming ui-geometry-release.aar (androidx.compose.ui:ui-geometry-android:1.6.0) with JetifyTransform
Transforming ui-geometry-release.aar (androidx.compose.ui:ui-geometry-android:1.6.0) with AarToClassTransform
Transforming ui-geometry-release.aar (androidx.compose.ui:ui-geometry-android:1.6.0) with IdentityTransform
Transforming ui-util-release.aar (androidx.compose.ui:ui-util-android:1.6.0) with JetifyTransform
Transforming ui-util-release.aar (androidx.compose.ui:ui-util-android:1.6.0) with AarToClassTransform
Transforming ui-util-release.aar (androidx.compose.ui:ui-util-android:1.6.0) with IdentityTransform
Transforming ui-text-release.aar (androidx.compose.ui:ui-text-android:1.6.0) with JetifyTransform
Transforming ui-text-release.aar (androidx.compose.ui:ui-text-android:1.6.0) with AarToClassTransform
Transforming ui-text-release.aar (androidx.compose.ui:ui-text-android:1.6.0) with IdentityTransform
Transforming ui-tooling-preview-release.aar (androidx.compose.ui:ui-tooling-preview-android:1.6.0) with JetifyTransform
Transforming ui-tooling-preview-release.aar (androidx.compose.ui:ui-tooling-preview-android:1.6.0) with AarToClassTransform
Transforming ui-tooling-preview-release.aar (androidx.compose.ui:ui-tooling-preview-android:1.6.0) with IdentityTransform
Transforming ui-graphics-release.aar (androidx.compose.ui:ui-graphics-android:1.6.0) with JetifyTransform
Transforming ui-graphics-release.aar (androidx.compose.ui:ui-graphics-android:1.6.0) with AarToClassTransform
Transforming ui-graphics-release.aar (androidx.compose.ui:ui-graphics-android:1.6.0) with IdentityTransform
Transforming ui-test-manifest-1.6.0.aar (androidx.compose.ui:ui-test-manifest:1.6.0) with JetifyTransform
Transforming ui-test-manifest-1.6.0.aar (androidx.compose.ui:ui-test-manifest:1.6.0) with AarToClassTransform
Transforming ui-test-manifest-1.6.0.aar (androidx.compose.ui:ui-test-manifest:1.6.0) with IdentityTransform
Transforming ui-tooling-release.aar (androidx.compose.ui:ui-tooling-android:1.6.0) with JetifyTransform
Transforming ui-tooling-release.aar (androidx.compose.ui:ui-tooling-android:1.6.0) with AarToClassTransform
Transforming ui-tooling-release.aar (androidx.compose.ui:ui-tooling-android:1.6.0) with IdentityTransform
Transforming activity-compose-1.8.2.aar (androidx.activity:activity-compose:1.8.2) with JetifyTransform
Transforming activity-compose-1.8.2.aar (androidx.activity:activity-compose:1.8.2) with AarToClassTransform
Transforming activity-compose-1.8.2.aar (androidx.activity:activity-compose:1.8.2) with IdentityTransform
Transforming material3-1.1.2.aar (androidx.compose.material3:material3:1.1.2) with DexingNoClasspathTransform
Transforming emoji2-1.3.0.aar (androidx.emoji2:emoji2:1.3.0) with JetifyTransform
Transforming activity-1.8.2.aar (androidx.activity:activity:1.8.2) with DexingNoClasspathTransform
Transforming emoji2-1.3.0.aar (androidx.emoji2:emoji2:1.3.0) with AarToClassTransform
Transforming emoji2-1.3.0.aar (androidx.emoji2:emoji2:1.3.0) with IdentityTransform
Caching disabled for DexingNoClasspathTransform: /home/runner/.gradle/caches/transforms-3/47d9f9579e7394c81a377dd28cf5a001/transformed/jetified-material3-1.1.2-runtime.jar because:
  Build cache is disabled
Caching disabled for DexingNoClasspathTransform: /home/runner/.gradle/caches/transforms-3/e49d2b9131982091b695a5e0e8aa85e0/transformed/jetified-activity-1.8.2-runtime.jar because:
  Build cache is disabled
DexingNoClasspathTransform: /home/runner/.gradle/caches/transforms-3/e49d2b9131982091b695a5e0e8aa85e0/transformed/jetified-activity-1.8.2-runtime.jar is not up-to-date because:
  No history is available.
The input changes require a full rebuild for incremental DexingNoClasspathTransform: /home/runner/.gradle/caches/transforms-3/e49d2b9131982091b695a5e0e8aa85e0/transformed/jetified-activity-1.8.2-runtime.jar.
Transforming lifecycle-process-2.7.0.aar (androidx.lifecycle:lifecycle-process:2.7.0) with JetifyTransform
Transforming activity-ktx-1.8.2.aar (androidx.activity:activity-ktx:1.8.2) with DexingNoClasspathTransform
DexingNoClasspathTransform: /home/runner/.gradle/caches/transforms-3/47d9f9579e7394c81a377dd28cf5a001/transformed/jetified-material3-1.1.2-runtime.jar is not up-to-date because:
  No history is available.
Transforming lifecycle-process-2.7.0.aar (androidx.lifecycle:lifecycle-process:2.7.0) with AarToClassTransform
The input changes require a full rebuild for incremental DexingNoClasspathTransform: /home/runner/.gradle/caches/transforms-3/47d9f9579e7394c81a377dd28cf5a001/transformed/jetified-material3-1.1.2-runtime.jar.
Transforming lifecycle-process-2.7.0.aar (androidx.lifecycle:lifecycle-process:2.7.0) with IdentityTransform
Transforming lifecycle-livedata-core-2.7.0.aar (androidx.lifecycle:lifecycle-livedata-core:2.7.0) with JetifyTransform
Transforming lifecycle-livedata-core-2.7.0.aar (androidx.lifecycle:lifecycle-livedata-core:2.7.0) with AarToClassTransform
Transforming lifecycle-livedata-core-2.7.0.aar (androidx.lifecycle:lifecycle-livedata-core:2.7.0) with IdentityTransform
Caching disabled for DexingNoClasspathTransform: /home/runner/.gradle/caches/transforms-3/491c80732d876e6c8e5122ffd892ab59/transformed/jetified-activity-ktx-1.8.2-runtime.jar because:
  Build cache is disabled
Transforming savedstate-ktx-1.2.1.aar (androidx.savedstate:savedstate-ktx:1.2.1) with JetifyTransform
DexingNoClasspathTransform: /home/runner/.gradle/caches/transforms-3/491c80732d876e6c8e5122ffd892ab59/transformed/jetified-activity-ktx-1.8.2-runtime.jar is not up-to-date because:
  No history is available.
The input changes require a full rebuild for incremental DexingNoClasspathTransform: /home/runner/.gradle/caches/transforms-3/491c80732d876e6c8e5122ffd892ab59/transformed/jetified-activity-ktx-1.8.2-runtime.jar.
Transforming savedstate-ktx-1.2.1.aar (androidx.savedstate:savedstate-ktx:1.2.1) with AarToClassTransform
Transforming savedstate-ktx-1.2.1.aar (androidx.savedstate:savedstate-ktx:1.2.1) with IdentityTransform
Transforming savedstate-1.2.1.aar (androidx.savedstate:savedstate:1.2.1) with JetifyTransform
Transforming savedstate-1.2.1.aar (androidx.savedstate:savedstate:1.2.1) with AarToClassTransform
Transforming savedstate-1.2.1.aar (androidx.savedstate:savedstate:1.2.1) with IdentityTransform
Transforming lifecycle-common-2.7.0.jar (androidx.lifecycle:lifecycle-common:2.7.0) with JetifyTransform
Transforming lifecycle-common-2.7.0.jar (androidx.lifecycle:lifecycle-common:2.7.0) with IdentityTransform
Transforming lifecycle-common-2.7.0.jar (androidx.lifecycle:lifecycle-common:2.7.0) with IdentityTransform
Transforming lifecycle-common-2.7.0.jar (androidx.lifecycle:lifecycle-common:2.7.0) with DexingNoClasspathTransform
Transforming lifecycle-viewmodel-savedstate-2.7.0.aar (androidx.lifecycle:lifecycle-viewmodel-savedstate:2.7.0) with JetifyTransform
Transforming lifecycle-viewmodel-savedstate-2.7.0.aar (androidx.lifecycle:lifecycle-viewmodel-savedstate:2.7.0) with AarToClassTransform
Transforming lifecycle-viewmodel-savedstate-2.7.0.aar (androidx.lifecycle:lifecycle-viewmodel-savedstate:2.7.0) with IdentityTransform
Transforming lifecycle-viewmodel-ktx-2.7.0.aar (androidx.lifecycle:lifecycle-viewmodel-ktx:2.7.0) with JetifyTransform
Transforming lifecycle-viewmodel-ktx-2.7.0.aar (androidx.lifecycle:lifecycle-viewmodel-ktx:2.7.0) with AarToClassTransform
Transforming lifecycle-viewmodel-ktx-2.7.0.aar (androidx.lifecycle:lifecycle-viewmodel-ktx:2.7.0) with IdentityTransform
Transforming lifecycle-common-java8-2.7.0.jar (androidx.lifecycle:lifecycle-common-java8:2.7.0) with JetifyTransform
Transforming lifecycle-common-java8-2.7.0.jar (androidx.lifecycle:lifecycle-common-java8:2.7.0) with IdentityTransform
Transforming lifecycle-common-java8-2.7.0.jar (androidx.lifecycle:lifecycle-common-java8:2.7.0) with IdentityTransform
Transforming lifecycle-common-java8-2.7.0.jar (androidx.lifecycle:lifecycle-common-java8:2.7.0) with DexingNoClasspathTransform
Transforming lifecycle-viewmodel-2.7.0.aar (androidx.lifecycle:lifecycle-viewmodel:2.7.0) with JetifyTransform
Transforming lifecycle-viewmodel-2.7.0.aar (androidx.lifecycle:lifecycle-viewmodel:2.7.0) with AarToClassTransform
Transforming lifecycle-viewmodel-2.7.0.aar (androidx.lifecycle:lifecycle-viewmodel:2.7.0) with IdentityTransform
Transforming coil-2.5.0.aar (io.coil-kt:coil:2.5.0) with JetifyTransform
Transforming coil-2.5.0.aar (io.coil-kt:coil:2.5.0) with AarToClassTransform
Transforming coil-2.5.0.aar (io.coil-kt:coil:2.5.0) with IdentityTransform
Transforming coil-base-2.5.0.aar (io.coil-kt:coil-base:2.5.0) with JetifyTransform
Transforming coil-base-2.5.0.aar (io.coil-kt:coil-base:2.5.0) with AarToClassTransform
Transforming coil-base-2.5.0.aar (io.coil-kt:coil-base:2.5.0) with IdentityTransform
Transforming lifecycle-runtime-2.7.0.aar (androidx.lifecycle:lifecycle-runtime:2.7.0) with JetifyTransform
Transforming lifecycle-runtime-2.7.0.aar (androidx.lifecycle:lifecycle-runtime:2.7.0) with AarToClassTransform
Transforming lifecycle-runtime-2.7.0.aar (androidx.lifecycle:lifecycle-runtime:2.7.0) with IdentityTransform
Transforming lifecycle-runtime-ktx-2.7.0.aar (androidx.lifecycle:lifecycle-runtime-ktx:2.7.0) with JetifyTransform
Transforming lifecycle-runtime-ktx-2.7.0.aar (androidx.lifecycle:lifecycle-runtime-ktx:2.7.0) with AarToClassTransform
Transforming lifecycle-runtime-ktx-2.7.0.aar (androidx.lifecycle:lifecycle-runtime-ktx:2.7.0) with IdentityTransform
Transforming lifecycle-viewmodel-compose-2.7.0.aar (androidx.lifecycle:lifecycle-viewmodel-compose:2.7.0) with JetifyTransform
Transforming lifecycle-viewmodel-compose-2.7.0.aar (androidx.lifecycle:lifecycle-viewmodel-compose:2.7.0) with AarToClassTransform
Transforming lifecycle-viewmodel-compose-2.7.0.aar (androidx.lifecycle:lifecycle-viewmodel-compose:2.7.0) with IdentityTransform
Transforming accompanist-drawablepainter-0.32.0.aar (com.google.accompanist:accompanist-drawablepainter:0.32.0) with JetifyTransform
Transforming accompanist-drawablepainter-0.32.0.aar (com.google.accompanist:accompanist-drawablepainter:0.32.0) with AarToClassTransform
Transforming accompanist-drawablepainter-0.32.0.aar (com.google.accompanist:accompanist-drawablepainter:0.32.0) with IdentityTransform
Running dexing transform non-incrementally for '/home/runner/.gradle/caches/transforms-3/491c80732d876e6c8e5122ffd892ab59/transformed/jetified-activity-ktx-1.8.2-runtime.jar'
Transforming ui-release.aar (androidx.compose.ui:ui-android:1.6.0) with JetifyTransform
Transforming ui-release.aar (androidx.compose.ui:ui-android:1.6.0) with AarToClassTransform
Transforming ui-release.aar (androidx.compose.ui:ui-android:1.6.0) with IdentityTransform
Transforming autofill-1.0.0.aar (androidx.autofill:autofill:1.0.0) with JetifyTransform
Transforming autofill-1.0.0.aar (androidx.autofill:autofill:1.0.0) with AarToClassTransform
Transforming autofill-1.0.0.aar (androidx.autofill:autofill:1.0.0) with IdentityTransform
Transforming appcompat-resources-1.6.1.aar (androidx.appcompat:appcompat-resources:1.6.1) with JetifyTransform
Transforming appcompat-resources-1.6.1.aar (androidx.appcompat:appcompat-resources:1.6.1) with AarToClassTransform
Transforming appcompat-resources-1.6.1.aar (androidx.appcompat:appcompat-resources:1.6.1) with IdentityTransform
Running dexing transform non-incrementally for '/home/runner/.gradle/caches/transforms-3/47d9f9579e7394c81a377dd28cf5a001/transformed/jetified-material3-1.1.2-runtime.jar'
Transforming vectordrawable-animated-1.1.0.aar (androidx.vectordrawable:vectordrawable-animated:1.1.0) with JetifyTransform
Transforming vectordrawable-animated-1.1.0.aar (androidx.vectordrawable:vectordrawable-animated:1.1.0) with AarToClassTransform
Transforming vectordrawable-animated-1.1.0.aar (androidx.vectordrawable:vectordrawable-animated:1.1.0) with IdentityTransform
Running dexing transform non-incrementally for '/home/runner/.gradle/caches/transforms-3/e49d2b9131982091b695a5e0e8aa85e0/transformed/jetified-activity-1.8.2-runtime.jar'
Transforming vectordrawable-1.1.0.aar (androidx.vectordrawable:vectordrawable:1.1.0) with JetifyTransform
Transforming vectordrawable-1.1.0.aar (androidx.vectordrawable:vectordrawable:1.1.0) with AarToClassTransform
Transforming vectordrawable-1.1.0.aar (androidx.vectordrawable:vectordrawable:1.1.0) with IdentityTransform
Transforming vectordrawable-1.1.0.aar (androidx.vectordrawable:vectordrawable:1.1.0) with JetifyTransform
Transforming vectordrawable-1.1.0.aar (androidx.vectordrawable:vectordrawable:1.1.0) with AarToClassTransform
Transforming vectordrawable-1.1.0.aar (androidx.vectordrawable:vectordrawable:1.1.0) with IdentityTransform
Transforming core-1.12.0.aar (androidx.core:core:1.12.0) with JetifyTransform
Transforming core-1.12.0.aar (androidx.core:core:1.12.0) with AarToClassTransform
Transforming core-1.12.0.aar (androidx.core:core:1.12.0) with IdentityTransform
Transforming core-1.12.0.aar (androidx.core:core:1.12.0) with JetifyTransform
Transforming core-1.12.0.aar (androidx.core:core:1.12.0) with AarToClassTransform
Transforming core-1.12.0.aar (androidx.core:core:1.12.0) with IdentityTransform
Transforming core-1.12.0.aar (androidx.core:core:1.12.0) with JetifyTransform
Transforming core-1.12.0.aar (androidx.core:core:1.12.0) with AarToClassTransform
Transforming core-1.12.0.aar (androidx.core:core:1.12.0) with IdentityTransform
Transforming customview-poolingcontainer-1.0.0.aar (androidx.customview:customview-poolingcontainer:1.0.0) with JetifyTransform
Transforming customview-poolingcontainer-1.0.0.aar (androidx.customview:customview-poolingcontainer:1.0.0) with AarToClassTransform
Transforming customview-poolingcontainer-1.0.0.aar (androidx.customview:customview-poolingcontainer:1.0.0) with IdentityTransform
Transforming core-ktx-1.12.0.aar (androidx.core:core-ktx:1.12.0) with JetifyTransform
Transforming core-ktx-1.12.0.aar (androidx.core:core-ktx:1.12.0) with AarToClassTransform
Transforming core-ktx-1.12.0.aar (androidx.core:core-ktx:1.12.0) with IdentityTransform
Transforming annotation-experimental-1.3.0.aar (androidx.annotation:annotation-experimental:1.3.0) with JetifyTransform
Transforming annotation-experimental-1.3.0.aar (androidx.annotation:annotation-experimental:1.3.0) with AarToClassTransform
Transforming annotation-experimental-1.3.0.aar (androidx.annotation:annotation-experimental:1.3.0) with IdentityTransform
Transforming runtime-saveable-release.aar (androidx.compose.runtime:runtime-saveable-android:1.6.0) with JetifyTransform
Transforming runtime-saveable-release.aar (androidx.compose.runtime:runtime-saveable-android:1.6.0) with AarToClassTransform
Transforming runtime-saveable-release.aar (androidx.compose.runtime:runtime-saveable-android:1.6.0) with IdentityTransform
Transforming runtime-release.aar (androidx.compose.runtime:runtime-android:1.6.0) with JetifyTransform
Transforming runtime-release.aar (androidx.compose.runtime:runtime-android:1.6.0) with AarToClassTransform
Transforming runtime-release.aar (androidx.compose.runtime:runtime-android:1.6.0) with IdentityTransform
Transforming kotlinx-coroutines-core-jvm-1.7.3.jar (org.jetbrains.kotlinx:kotlinx-coroutines-core-jvm:1.7.3) with JetifyTransform
Transforming kotlinx-coroutines-core-jvm-1.7.3.jar (org.jetbrains.kotlinx:kotlinx-coroutines-core-jvm:1.7.3) with IdentityTransform
Transforming kotlinx-coroutines-core-jvm-1.7.3.jar (org.jetbrains.kotlinx:kotlinx-coroutines-core-jvm:1.7.3) with IdentityTransform
Transforming kotlinx-coroutines-core-jvm-1.7.3.jar (org.jetbrains.kotlinx:kotlinx-coroutines-core-jvm:1.7.3) with DexingNoClasspathTransform
Transforming kotlinx-coroutines-android-1.7.3.jar (org.jetbrains.kotlinx:kotlinx-coroutines-android:1.7.3) with JetifyTransform
Transforming kotlinx-coroutines-android-1.7.3.jar (org.jetbrains.kotlinx:kotlinx-coroutines-android:1.7.3) with IdentityTransform
Transforming kotlinx-coroutines-android-1.7.3.jar (org.jetbrains.kotlinx:kotlinx-coroutines-android:1.7.3) with IdentityTransform
Transforming kotlinx-coroutines-android-1.7.3.jar (org.jetbrains.kotlinx:kotlinx-coroutines-android:1.7.3) with DexingNoClasspathTransform
Transforming okhttp-4.12.0.jar (com.squareup.okhttp3:okhttp:4.12.0) with JetifyTransform
Transforming okhttp-4.12.0.jar (com.squareup.okhttp3:okhttp:4.12.0) with IdentityTransform
Transforming okhttp-4.12.0.jar (com.squareup.okhttp3:okhttp:4.12.0) with IdentityTransform
Transforming okhttp-4.12.0.jar (com.squareup.okhttp3:okhttp:4.12.0) with DexingNoClasspathTransform
Transforming okio-jvm-3.6.0.jar (com.squareup.okio:okio-jvm:3.6.0) with JetifyTransform
Transforming okio-jvm-3.6.0.jar (com.squareup.okio:okio-jvm:3.6.0) with IdentityTransform
Transforming okio-jvm-3.6.0.jar (com.squareup.okio:okio-jvm:3.6.0) with IdentityTransform
Transforming okio-jvm-3.6.0.jar (com.squareup.okio:okio-jvm:3.6.0) with DexingNoClasspathTransform
Transforming kotlin-stdlib-jdk8-1.9.10.jar (org.jetbrains.kotlin:kotlin-stdlib-jdk8:1.9.10) with JetifyTransform
Transforming kotlin-stdlib-jdk8-1.9.10.jar (org.jetbrains.kotlin:kotlin-stdlib-jdk8:1.9.10) with IdentityTransform
Transforming kotlin-stdlib-jdk8-1.9.10.jar (org.jetbrains.kotlin:kotlin-stdlib-jdk8:1.9.10) with IdentityTransform
Transforming kotlin-stdlib-jdk8-1.9.10.jar (org.jetbrains.kotlin:kotlin-stdlib-jdk8:1.9.10) with DexingNoClasspathTransform
Transforming kotlin-stdlib-jdk7-1.9.10.jar (org.jetbrains.kotlin:kotlin-stdlib-jdk7:1.9.10) with JetifyTransform
Transforming kotlin-stdlib-jdk7-1.9.10.jar (org.jetbrains.kotlin:kotlin-stdlib-jdk7:1.9.10) with IdentityTransform
Transforming kotlin-stdlib-jdk7-1.9.10.jar (org.jetbrains.kotlin:kotlin-stdlib-jdk7:1.9.10) with IdentityTransform
Transforming kotlin-stdlib-jdk7-1.9.10.jar (org.jetbrains.kotlin:kotlin-stdlib-jdk7:1.9.10) with DexingNoClasspathTransform
Transforming versionedparcelable-1.1.1.aar (androidx.versionedparcelable:versionedparcelable:1.1.1) with JetifyTransform
Transforming versionedparcelable-1.1.1.aar (androidx.versionedparcelable:versionedparcelable:1.1.1) with AarToClassTransform
Transforming versionedparcelable-1.1.1.aar (androidx.versionedparcelable:versionedparcelable:1.1.1) with IdentityTransform
Transforming collection-ktx-1.4.0.jar (androidx.collection:collection-ktx:1.4.0) with JetifyTransform
Transforming collection-ktx-1.4.0.jar (androidx.collection:collection-ktx:1.4.0) with IdentityTransform
Transforming collection-ktx-1.4.0.jar (androidx.collection:collection-ktx:1.4.0) with IdentityTransform
Transforming collection-ktx-1.4.0.jar (androidx.collection:collection-ktx:1.4.0) with DexingNoClasspathTransform
Transforming collection-jvm-1.4.0.jar (androidx.collection:collection-jvm:1.4.0) with JetifyTransform
Transforming collection-jvm-1.4.0.jar (androidx.collection:collection-jvm:1.4.0) with IdentityTransform
Transforming collection-jvm-1.4.0.jar (androidx.collection:collection-jvm:1.4.0) with IdentityTransform
Transforming collection-jvm-1.4.0.jar (androidx.collection:collection-jvm:1.4.0) with DexingNoClasspathTransform
Transforming interpolator-1.0.0.aar (androidx.interpolator:interpolator:1.0.0) with JetifyTransform
Transforming interpolator-1.0.0.aar (androidx.interpolator:interpolator:1.0.0) with AarToClassTransform
Transforming interpolator-1.0.0.aar (androidx.interpolator:interpolator:1.0.0) with IdentityTransform
Transforming interpolator-1.0.0.aar (androidx.interpolator:interpolator:1.0.0) with JetifyTransform
Transforming interpolator-1.0.0.aar (androidx.interpolator:interpolator:1.0.0) with AarToClassTransform
Transforming interpolator-1.0.0.aar (androidx.interpolator:interpolator:1.0.0) with IdentityTransform
Transforming core-runtime-2.2.0.aar (androidx.arch.core:core-runtime:2.2.0) with JetifyTransform
Transforming core-runtime-2.2.0.aar (androidx.arch.core:core-runtime:2.2.0) with AarToClassTransform
Transforming core-runtime-2.2.0.aar (androidx.arch.core:core-runtime:2.2.0) with IdentityTransform
Transforming core-common-2.2.0.jar (androidx.arch.core:core-common:2.2.0) with JetifyTransform
Transforming core-common-2.2.0.jar (androidx.arch.core:core-common:2.2.0) with IdentityTransform
Transforming core-common-2.2.0.jar (androidx.arch.core:core-common:2.2.0) with IdentityTransform
Transforming core-common-2.2.0.jar (androidx.arch.core:core-common:2.2.0) with DexingNoClasspathTransform
Transforming profileinstaller-1.3.1.aar (androidx.profileinstaller:profileinstaller:1.3.1) with JetifyTransform
Transforming profileinstaller-1.3.1.aar (androidx.profileinstaller:profileinstaller:1.3.1) with AarToClassTransform
Transforming profileinstaller-1.3.1.aar (androidx.profileinstaller:profileinstaller:1.3.1) with IdentityTransform
Transforming startup-runtime-1.1.1.aar (androidx.startup:startup-runtime:1.1.1) with JetifyTransform
Transforming startup-runtime-1.1.1.aar (androidx.startup:startup-runtime:1.1.1) with AarToClassTransform
Transforming startup-runtime-1.1.1.aar (androidx.startup:startup-runtime:1.1.1) with IdentityTransform
Transforming tracing-1.0.0.aar (androidx.tracing:tracing:1.0.0) with JetifyTransform
Transforming tracing-1.0.0.aar (androidx.tracing:tracing:1.0.0) with AarToClassTransform
Transforming tracing-1.0.0.aar (androidx.tracing:tracing:1.0.0) with IdentityTransform
Transforming exifinterface-1.3.6.aar (androidx.exifinterface:exifinterface:1.3.6) with JetifyTransform
Transforming exifinterface-1.3.6.aar (androidx.exifinterface:exifinterface:1.3.6) with AarToClassTransform
Transforming exifinterface-1.3.6.aar (androidx.exifinterface:exifinterface:1.3.6) with IdentityTransform
Transforming concurrent-futures-1.1.0.jar (androidx.concurrent:concurrent-futures:1.1.0) with JetifyTransform
Transforming concurrent-futures-1.1.0.jar (androidx.concurrent:concurrent-futures:1.1.0) with IdentityTransform
Transforming concurrent-futures-1.1.0.jar (androidx.concurrent:concurrent-futures:1.1.0) with IdentityTransform
Transforming concurrent-futures-1.1.0.jar (androidx.concurrent:concurrent-futures:1.1.0) with DexingNoClasspathTransform
Transforming annotation-jvm-1.7.0.jar (androidx.annotation:annotation-jvm:1.7.0) with JetifyTransform
Transforming annotation-jvm-1.7.0.jar (androidx.annotation:annotation-jvm:1.7.0) with IdentityTransform
Transforming annotation-jvm-1.7.0.jar (androidx.annotation:annotation-jvm:1.7.0) with IdentityTransform
Transforming annotation-jvm-1.7.0.jar (androidx.annotation:annotation-jvm:1.7.0) with DexingNoClasspathTransform
Transforming kotlin-stdlib-1.9.22.jar (org.jetbrains.kotlin:kotlin-stdlib:1.9.22) with JetifyTransform
Transforming kotlin-stdlib-1.9.22.jar (org.jetbrains.kotlin:kotlin-stdlib:1.9.22) with IdentityTransform
Transforming kotlin-stdlib-1.9.22.jar (org.jetbrains.kotlin:kotlin-stdlib:1.9.22) with IdentityTransform
Transforming kotlin-stdlib-1.9.22.jar (org.jetbrains.kotlin:kotlin-stdlib:1.9.22) with DexingNoClasspathTransform
Transforming annotations-23.0.0.jar (org.jetbrains:annotations:23.0.0) with JetifyTransform
Transforming annotations-23.0.0.jar (org.jetbrains:annotations:23.0.0) with IdentityTransform
Transforming annotations-23.0.0.jar (org.jetbrains:annotations:23.0.0) with IdentityTransform
Transforming annotations-23.0.0.jar (org.jetbrains:annotations:23.0.0) with DexingNoClasspathTransform
Transforming listenablefuture-1.0.jar (com.google.guava:listenablefuture:1.0) with JetifyTransform
Transforming listenablefuture-1.0.jar (com.google.guava:listenablefuture:1.0) with IdentityTransform
Transforming listenablefuture-1.0.jar (com.google.guava:listenablefuture:1.0) with IdentityTransform
Transforming listenablefuture-1.0.jar (com.google.guava:listenablefuture:1.0) with DexingNoClasspathTransform
Caching disabled for IdentityTransform: /home/runner/.gradle/caches/transforms-3/a5e627076f8dcd8fb3ab5d766e0700fe/transformed/jetified-coil-compose-2.5.0-runtime.jar because:
  Build cache is disabled
IdentityTransform: /home/runner/.gradle/caches/transforms-3/a5e627076f8dcd8fb3ab5d766e0700fe/transformed/jetified-coil-compose-2.5.0-runtime.jar is not up-to-date because:
  No history is available.
Transforming coil-compose-2.5.0.aar (io.coil-kt:coil-compose:2.5.0) with DexingNoClasspathTransform
Caching disabled for DexingNoClasspathTransform: /home/runner/.gradle/caches/transforms-3/a5e627076f8dcd8fb3ab5d766e0700fe/transformed/jetified-coil-compose-2.5.0-runtime.jar because:
  Build cache is disabled
DexingNoClasspathTransform: /home/runner/.gradle/caches/transforms-3/a5e627076f8dcd8fb3ab5d766e0700fe/transformed/jetified-coil-compose-2.5.0-runtime.jar is not up-to-date because:
  No history is available.
The input changes require a full rebuild for incremental DexingNoClasspathTransform: /home/runner/.gradle/caches/transforms-3/a5e627076f8dcd8fb3ab5d766e0700fe/transformed/jetified-coil-compose-2.5.0-runtime.jar.
Running dexing transform non-incrementally for '/home/runner/.gradle/caches/transforms-3/a5e627076f8dcd8fb3ab5d766e0700fe/transformed/jetified-coil-compose-2.5.0-runtime.jar'
Transforming activity-ktx-1.8.2.aar (androidx.activity:activity-ktx:1.8.2) with DexingOutputSplitTransform
Caching disabled for DexingOutputSplitTransform: /home/runner/.gradle/caches/transforms-3/f27ddb2d5a841a1b17c22c7ac364b2d6/transformed/jetified-activity-ktx-1.8.2-runtime because:
  Build cache is disabled
DexingOutputSplitTransform: /home/runner/.gradle/caches/transforms-3/f27ddb2d5a841a1b17c22c7ac364b2d6/transformed/jetified-activity-ktx-1.8.2-runtime is not up-to-date because:
  No history is available.
Transforming coil-compose-2.5.0.aar (io.coil-kt:coil-compose:2.5.0) with DexingOutputSplitTransform
Caching disabled for DexingOutputSplitTransform: /home/runner/.gradle/caches/transforms-3/911552de75993aa7e088e1aa1de277b3/transformed/jetified-coil-compose-2.5.0-runtime because:
  Build cache is disabled
DexingOutputSplitTransform: /home/runner/.gradle/caches/transforms-3/911552de75993aa7e088e1aa1de277b3/transformed/jetified-coil-compose-2.5.0-runtime is not up-to-date because:
  No history is available.
Caching disabled for IdentityTransform: /home/runner/.gradle/caches/transforms-3/af6f1d986176bd475dda9c72c4c6dc02/transformed/jetified-coil-compose-base-2.5.0-runtime.jar because:
  Build cache is disabled
IdentityTransform: /home/runner/.gradle/caches/transforms-3/af6f1d986176bd475dda9c72c4c6dc02/transformed/jetified-coil-compose-base-2.5.0-runtime.jar is not up-to-date because:
  No history is available.
Caching disabled for IdentityTransform: /home/runner/.gradle/caches/transforms-3/bf993a112cc3c9918904d9423fe12732/transformed/jetified-material-ripple-release-runtime.jar because:
  Build cache is disabled
IdentityTransform: /home/runner/.gradle/caches/transforms-3/bf993a112cc3c9918904d9423fe12732/transformed/jetified-material-ripple-release-runtime.jar is not up-to-date because:
  No history is available.
Transforming coil-compose-base-2.5.0.aar (io.coil-kt:coil-compose-base:2.5.0) with DexingNoClasspathTransform
Caching disabled for DexingNoClasspathTransform: /home/runner/.gradle/caches/transforms-3/af6f1d986176bd475dda9c72c4c6dc02/transformed/jetified-coil-compose-base-2.5.0-runtime.jar because:
  Build cache is disabled
DexingNoClasspathTransform: /home/runner/.gradle/caches/transforms-3/af6f1d986176bd475dda9c72c4c6dc02/transformed/jetified-coil-compose-base-2.5.0-runtime.jar is not up-to-date because:
  No history is available.
The input changes require a full rebuild for incremental DexingNoClasspathTransform: /home/runner/.gradle/caches/transforms-3/af6f1d986176bd475dda9c72c4c6dc02/transformed/jetified-coil-compose-base-2.5.0-runtime.jar.
Running dexing transform non-incrementally for '/home/runner/.gradle/caches/transforms-3/af6f1d986176bd475dda9c72c4c6dc02/transformed/jetified-coil-compose-base-2.5.0-runtime.jar'
Transforming material-ripple-release.aar (androidx.compose.material:material-ripple-android:1.6.0) with DexingNoClasspathTransform
Caching disabled for DexingNoClasspathTransform: /home/runner/.gradle/caches/transforms-3/bf993a112cc3c9918904d9423fe12732/transformed/jetified-material-ripple-release-runtime.jar because:
  Build cache is disabled
DexingNoClasspathTransform: /home/runner/.gradle/caches/transforms-3/bf993a112cc3c9918904d9423fe12732/transformed/jetified-material-ripple-release-runtime.jar is not up-to-date because:
  No history is available.
The input changes require a full rebuild for incremental DexingNoClasspathTransform: /home/runner/.gradle/caches/transforms-3/bf993a112cc3c9918904d9423fe12732/transformed/jetified-material-ripple-release-runtime.jar.
Running dexing transform non-incrementally for '/home/runner/.gradle/caches/transforms-3/bf993a112cc3c9918904d9423fe12732/transformed/jetified-material-ripple-release-runtime.jar'
Transforming material-ripple-release.aar (androidx.compose.material:material-ripple-android:1.6.0) with DexingOutputSplitTransform
Caching disabled for DexingOutputSplitTransform: /home/runner/.gradle/caches/transforms-3/066c64b39996041483b8dc2c42a882b6/transformed/jetified-material-ripple-release-runtime because:
  Build cache is disabled
DexingOutputSplitTransform: /home/runner/.gradle/caches/transforms-3/066c64b39996041483b8dc2c42a882b6/transformed/jetified-material-ripple-release-runtime is not up-to-date because:
  No history is available.
Caching disabled for IdentityTransform: /home/runner/.gradle/caches/transforms-3/1f903642b0c7517d9f3a4d0005fb1dd5/transformed/jetified-material-icons-core-release-runtime.jar because:
  Build cache is disabled
IdentityTransform: /home/runner/.gradle/caches/transforms-3/1f903642b0c7517d9f3a4d0005fb1dd5/transformed/jetified-material-icons-core-release-runtime.jar is not up-to-date because:
  No history is available.
Transforming material-icons-core-release.aar (androidx.compose.material:material-icons-core-android:1.6.0) with DexingNoClasspathTransform
Caching disabled for DexingNoClasspathTransform: /home/runner/.gradle/caches/transforms-3/1f903642b0c7517d9f3a4d0005fb1dd5/transformed/jetified-material-icons-core-release-runtime.jar because:
  Build cache is disabled
DexingNoClasspathTransform: /home/runner/.gradle/caches/transforms-3/1f903642b0c7517d9f3a4d0005fb1dd5/transformed/jetified-material-icons-core-release-runtime.jar is not up-to-date because:
  No history is available.
The input changes require a full rebuild for incremental DexingNoClasspathTransform: /home/runner/.gradle/caches/transforms-3/1f903642b0c7517d9f3a4d0005fb1dd5/transformed/jetified-material-icons-core-release-runtime.jar.
Running dexing transform non-incrementally for '/home/runner/.gradle/caches/transforms-3/1f903642b0c7517d9f3a4d0005fb1dd5/transformed/jetified-material-icons-core-release-runtime.jar'
Transforming coil-compose-base-2.5.0.aar (io.coil-kt:coil-compose-base:2.5.0) with DexingOutputSplitTransform
Caching disabled for DexingOutputSplitTransform: /home/runner/.gradle/caches/transforms-3/45419d59ab4ac2ee70d5a82a0f6f7550/transformed/jetified-coil-compose-base-2.5.0-runtime because:
  Build cache is disabled
DexingOutputSplitTransform: /home/runner/.gradle/caches/transforms-3/45419d59ab4ac2ee70d5a82a0f6f7550/transformed/jetified-coil-compose-base-2.5.0-runtime is not up-to-date because:
  No history is available.
Caching disabled for IdentityTransform: /home/runner/.gradle/caches/transforms-3/b5922ce5cf9d3680c55eb534961bf6b6/transformed/jetified-material-release-runtime.jar because:
  Build cache is disabled
IdentityTransform: /home/runner/.gradle/caches/transforms-3/b5922ce5cf9d3680c55eb534961bf6b6/transformed/jetified-material-release-runtime.jar is not up-to-date because:
  No history is available.
Transforming material-release.aar (androidx.compose.material:material-android:1.6.0) with DexingNoClasspathTransform
Caching disabled for DexingNoClasspathTransform: /home/runner/.gradle/caches/transforms-3/b5922ce5cf9d3680c55eb534961bf6b6/transformed/jetified-material-release-runtime.jar because:
  Build cache is disabled
DexingNoClasspathTransform: /home/runner/.gradle/caches/transforms-3/b5922ce5cf9d3680c55eb534961bf6b6/transformed/jetified-material-release-runtime.jar is not up-to-date because:
  No history is available.
The input changes require a full rebuild for incremental DexingNoClasspathTransform: /home/runner/.gradle/caches/transforms-3/b5922ce5cf9d3680c55eb534961bf6b6/transformed/jetified-material-release-runtime.jar.
Running dexing transform non-incrementally for '/home/runner/.gradle/caches/transforms-3/b5922ce5cf9d3680c55eb534961bf6b6/transformed/jetified-material-release-runtime.jar'
Transforming activity-1.8.2.aar (androidx.activity:activity:1.8.2) with DexingOutputSplitTransform
Caching disabled for DexingOutputSplitTransform: /home/runner/.gradle/caches/transforms-3/c5fb7f9c4fc6c342435a73fd844cc242/transformed/jetified-activity-1.8.2-runtime because:
  Build cache is disabled
DexingOutputSplitTransform: /home/runner/.gradle/caches/transforms-3/c5fb7f9c4fc6c342435a73fd844cc242/transformed/jetified-activity-1.8.2-runtime is not up-to-date because:
  No history is available.
Caching disabled for IdentityTransform: /home/runner/.gradle/caches/transforms-3/300c0a16d380b5696c1e5456cb1eb92f/transformed/jetified-animation-core-release-runtime.jar because:
  Build cache is disabled
IdentityTransform: /home/runner/.gradle/caches/transforms-3/300c0a16d380b5696c1e5456cb1eb92f/transformed/jetified-animation-core-release-runtime.jar is not up-to-date because:
  No history is available.
Transforming animation-core-release.aar (androidx.compose.animation:animation-core-android:1.6.0) with DexingNoClasspathTransform
Caching disabled for DexingNoClasspathTransform: /home/runner/.gradle/caches/transforms-3/300c0a16d380b5696c1e5456cb1eb92f/transformed/jetified-animation-core-release-runtime.jar because:
  Build cache is disabled
DexingNoClasspathTransform: /home/runner/.gradle/caches/transforms-3/300c0a16d380b5696c1e5456cb1eb92f/transformed/jetified-animation-core-release-runtime.jar is not up-to-date because:
  No history is available.
The input changes require a full rebuild for incremental DexingNoClasspathTransform: /home/runner/.gradle/caches/transforms-3/300c0a16d380b5696c1e5456cb1eb92f/transformed/jetified-animation-core-release-runtime.jar.
Running dexing transform non-incrementally for '/home/runner/.gradle/caches/transforms-3/300c0a16d380b5696c1e5456cb1eb92f/transformed/jetified-animation-core-release-runtime.jar'
Transforming animation-core-release.aar (androidx.compose.animation:animation-core-android:1.6.0) with DexingOutputSplitTransform
Caching disabled for DexingOutputSplitTransform: /home/runner/.gradle/caches/transforms-3/f0d717051f4dbb54473d1c221ff2bb83/transformed/jetified-animation-core-release-runtime because:
  Build cache is disabled
DexingOutputSplitTransform: /home/runner/.gradle/caches/transforms-3/f0d717051f4dbb54473d1c221ff2bb83/transformed/jetified-animation-core-release-runtime is not up-to-date because:
  No history is available.
Caching disabled for IdentityTransform: /home/runner/.gradle/caches/transforms-3/6c08614e9498d4bcef21071630f8d59c/transformed/jetified-animation-release-runtime.jar because:
  Build cache is disabled
IdentityTransform: /home/runner/.gradle/caches/transforms-3/6c08614e9498d4bcef21071630f8d59c/transformed/jetified-animation-release-runtime.jar is not up-to-date because:
  No history is available.
Transforming animation-release.aar (androidx.compose.animation:animation-android:1.6.0) with DexingNoClasspathTransform
Caching disabled for DexingNoClasspathTransform: /home/runner/.gradle/caches/transforms-3/6c08614e9498d4bcef21071630f8d59c/transformed/jetified-animation-release-runtime.jar because:
  Build cache is disabled
DexingNoClasspathTransform: /home/runner/.gradle/caches/transforms-3/6c08614e9498d4bcef21071630f8d59c/transformed/jetified-animation-release-runtime.jar is not up-to-date because:
  No history is available.
The input changes require a full rebuild for incremental DexingNoClasspathTransform: /home/runner/.gradle/caches/transforms-3/6c08614e9498d4bcef21071630f8d59c/transformed/jetified-animation-release-runtime.jar.
Running dexing transform non-incrementally for '/home/runner/.gradle/caches/transforms-3/6c08614e9498d4bcef21071630f8d59c/transformed/jetified-animation-release-runtime.jar'
Transforming animation-release.aar (androidx.compose.animation:animation-android:1.6.0) with DexingOutputSplitTransform
Caching disabled for DexingOutputSplitTransform: /home/runner/.gradle/caches/transforms-3/1d8339623d4f9e5def4da8271a378d89/transformed/jetified-animation-release-runtime because:
  Build cache is disabled
DexingOutputSplitTransform: /home/runner/.gradle/caches/transforms-3/1d8339623d4f9e5def4da8271a378d89/transformed/jetified-animation-release-runtime is not up-to-date because:
  No history is available.
Caching disabled for IdentityTransform: /home/runner/.gradle/caches/transforms-3/d51ffa82bbad0fc6007451a1301e8add/transformed/jetified-foundation-layout-release-runtime.jar because:
  Build cache is disabled
IdentityTransform: /home/runner/.gradle/caches/transforms-3/d51ffa82bbad0fc6007451a1301e8add/transformed/jetified-foundation-layout-release-runtime.jar is not up-to-date because:
  No history is available.
Transforming foundation-layout-release.aar (androidx.compose.foundation:foundation-layout-android:1.6.0) with DexingNoClasspathTransform
Caching disabled for DexingNoClasspathTransform: /home/runner/.gradle/caches/transforms-3/d51ffa82bbad0fc6007451a1301e8add/transformed/jetified-foundation-layout-release-runtime.jar because:
  Build cache is disabled
DexingNoClasspathTransform: /home/runner/.gradle/caches/transforms-3/d51ffa82bbad0fc6007451a1301e8add/transformed/jetified-foundation-layout-release-runtime.jar is not up-to-date because:
  No history is available.
The input changes require a full rebuild for incremental DexingNoClasspathTransform: /home/runner/.gradle/caches/transforms-3/d51ffa82bbad0fc6007451a1301e8add/transformed/jetified-foundation-layout-release-runtime.jar.
Running dexing transform non-incrementally for '/home/runner/.gradle/caches/transforms-3/d51ffa82bbad0fc6007451a1301e8add/transformed/jetified-foundation-layout-release-runtime.jar'
Transforming material-icons-core-release.aar (androidx.compose.material:material-icons-core-android:1.6.0) with DexingOutputSplitTransform
Caching disabled for DexingOutputSplitTransform: /home/runner/.gradle/caches/transforms-3/2522006c1e1effefd9628eb58d25abbb/transformed/jetified-material-icons-core-release-runtime because:
  Build cache is disabled
DexingOutputSplitTransform: /home/runner/.gradle/caches/transforms-3/2522006c1e1effefd9628eb58d25abbb/transformed/jetified-material-icons-core-release-runtime is not up-to-date because:
  No history is available.
Caching disabled for IdentityTransform: /home/runner/.gradle/caches/transforms-3/3149d0c0869071cab074cdcf465c7213/transformed/jetified-foundation-release-runtime.jar because:
  Build cache is disabled
IdentityTransform: /home/runner/.gradle/caches/transforms-3/3149d0c0869071cab074cdcf465c7213/transformed/jetified-foundation-release-runtime.jar is not up-to-date because:
  No history is available.
Transforming foundation-release.aar (androidx.compose.foundation:foundation-android:1.6.0) with DexingNoClasspathTransform
Caching disabled for DexingNoClasspathTransform: /home/runner/.gradle/caches/transforms-3/3149d0c0869071cab074cdcf465c7213/transformed/jetified-foundation-release-runtime.jar because:
  Build cache is disabled
DexingNoClasspathTransform: /home/runner/.gradle/caches/transforms-3/3149d0c0869071cab074cdcf465c7213/transformed/jetified-foundation-release-runtime.jar is not up-to-date because:
  No history is available.
The input changes require a full rebuild for incremental DexingNoClasspathTransform: /home/runner/.gradle/caches/transforms-3/3149d0c0869071cab074cdcf465c7213/transformed/jetified-foundation-release-runtime.jar.
Running dexing transform non-incrementally for '/home/runner/.gradle/caches/transforms-3/3149d0c0869071cab074cdcf465c7213/transformed/jetified-foundation-release-runtime.jar'
Transforming foundation-layout-release.aar (androidx.compose.foundation:foundation-layout-android:1.6.0) with DexingOutputSplitTransform
Caching disabled for DexingOutputSplitTransform: /home/runner/.gradle/caches/transforms-3/b2889403ecb0c01acef51db0616a6fb9/transformed/jetified-foundation-layout-release-runtime because:
  Build cache is disabled
DexingOutputSplitTransform: /home/runner/.gradle/caches/transforms-3/b2889403ecb0c01acef51db0616a6fb9/transformed/jetified-foundation-layout-release-runtime is not up-to-date because:
  No history is available.
Caching disabled for IdentityTransform: /home/runner/.gradle/caches/transforms-3/669142948609f564abdd3dabe9c89819/transformed/jetified-ui-tooling-data-release-runtime.jar because:
  Build cache is disabled
IdentityTransform: /home/runner/.gradle/caches/transforms-3/669142948609f564abdd3dabe9c89819/transformed/jetified-ui-tooling-data-release-runtime.jar is not up-to-date because:
  No history is available.
Transforming ui-tooling-data-release.aar (androidx.compose.ui:ui-tooling-data-android:1.6.0) with DexingNoClasspathTransform
Caching disabled for DexingNoClasspathTransform: /home/runner/.gradle/caches/transforms-3/669142948609f564abdd3dabe9c89819/transformed/jetified-ui-tooling-data-release-runtime.jar because:
  Build cache is disabled
DexingNoClasspathTransform: /home/runner/.gradle/caches/transforms-3/669142948609f564abdd3dabe9c89819/transformed/jetified-ui-tooling-data-release-runtime.jar is not up-to-date because:
  No history is available.
The input changes require a full rebuild for incremental DexingNoClasspathTransform: /home/runner/.gradle/caches/transforms-3/669142948609f564abdd3dabe9c89819/transformed/jetified-ui-tooling-data-release-runtime.jar.
Running dexing transform non-incrementally for '/home/runner/.gradle/caches/transforms-3/669142948609f564abdd3dabe9c89819/transformed/jetified-ui-tooling-data-release-runtime.jar'
Transforming ui-tooling-data-release.aar (androidx.compose.ui:ui-tooling-data-android:1.6.0) with DexingOutputSplitTransform
Caching disabled for DexingOutputSplitTransform: /home/runner/.gradle/caches/transforms-3/94abe762777eb3f6d1489639ecfacc84/transformed/jetified-ui-tooling-data-release-runtime because:
  Build cache is disabled
DexingOutputSplitTransform: /home/runner/.gradle/caches/transforms-3/94abe762777eb3f6d1489639ecfacc84/transformed/jetified-ui-tooling-data-release-runtime is not up-to-date because:
  No history is available.
Caching disabled for IdentityTransform: /home/runner/.gradle/caches/transforms-3/8ef9ab5e21170a3556be6c4d38d05d7a/transformed/jetified-ui-unit-release-runtime.jar because:
  Build cache is disabled
IdentityTransform: /home/runner/.gradle/caches/transforms-3/8ef9ab5e21170a3556be6c4d38d05d7a/transformed/jetified-ui-unit-release-runtime.jar is not up-to-date because:
  No history is available.
Transforming ui-unit-release.aar (androidx.compose.ui:ui-unit-android:1.6.0) with DexingNoClasspathTransform
Caching disabled for DexingNoClasspathTransform: /home/runner/.gradle/caches/transforms-3/8ef9ab5e21170a3556be6c4d38d05d7a/transformed/jetified-ui-unit-release-runtime.jar because:
  Build cache is disabled
DexingNoClasspathTransform: /home/runner/.gradle/caches/transforms-3/8ef9ab5e21170a3556be6c4d38d05d7a/transformed/jetified-ui-unit-release-runtime.jar is not up-to-date because:
  No history is available.
The input changes require a full rebuild for incremental DexingNoClasspathTransform: /home/runner/.gradle/caches/transforms-3/8ef9ab5e21170a3556be6c4d38d05d7a/transformed/jetified-ui-unit-release-runtime.jar.
Running dexing transform non-incrementally for '/home/runner/.gradle/caches/transforms-3/8ef9ab5e21170a3556be6c4d38d05d7a/transformed/jetified-ui-unit-release-runtime.jar'
Transforming ui-unit-release.aar (androidx.compose.ui:ui-unit-android:1.6.0) with DexingOutputSplitTransform
Caching disabled for DexingOutputSplitTransform: /home/runner/.gradle/caches/transforms-3/82263292c37eefb9dd98518e1c5eb48a/transformed/jetified-ui-unit-release-runtime because:
  Build cache is disabled
DexingOutputSplitTransform: /home/runner/.gradle/caches/transforms-3/82263292c37eefb9dd98518e1c5eb48a/transformed/jetified-ui-unit-release-runtime is not up-to-date because:
  No history is available.
Caching disabled for IdentityTransform: /home/runner/.gradle/caches/transforms-3/02c4fe68f820988790dca36637c6f3f9/transformed/jetified-ui-geometry-release-runtime.jar because:
  Build cache is disabled
IdentityTransform: /home/runner/.gradle/caches/transforms-3/02c4fe68f820988790dca36637c6f3f9/transformed/jetified-ui-geometry-release-runtime.jar is not up-to-date because:
  No history is available.
Transforming ui-geometry-release.aar (androidx.compose.ui:ui-geometry-android:1.6.0) with DexingNoClasspathTransform
Caching disabled for DexingNoClasspathTransform: /home/runner/.gradle/caches/transforms-3/02c4fe68f820988790dca36637c6f3f9/transformed/jetified-ui-geometry-release-runtime.jar because:
  Build cache is disabled
DexingNoClasspathTransform: /home/runner/.gradle/caches/transforms-3/02c4fe68f820988790dca36637c6f3f9/transformed/jetified-ui-geometry-release-runtime.jar is not up-to-date because:
  No history is available.
The input changes require a full rebuild for incremental DexingNoClasspathTransform: /home/runner/.gradle/caches/transforms-3/02c4fe68f820988790dca36637c6f3f9/transformed/jetified-ui-geometry-release-runtime.jar.
Running dexing transform non-incrementally for '/home/runner/.gradle/caches/transforms-3/02c4fe68f820988790dca36637c6f3f9/transformed/jetified-ui-geometry-release-runtime.jar'
Transforming ui-geometry-release.aar (androidx.compose.ui:ui-geometry-android:1.6.0) with DexingOutputSplitTransform
Caching disabled for DexingOutputSplitTransform: /home/runner/.gradle/caches/transforms-3/c8adc98f042c5a547a3c880209c20909/transformed/jetified-ui-geometry-release-runtime because:
  Build cache is disabled
DexingOutputSplitTransform: /home/runner/.gradle/caches/transforms-3/c8adc98f042c5a547a3c880209c20909/transformed/jetified-ui-geometry-release-runtime is not up-to-date because:
  No history is available.
Caching disabled for IdentityTransform: /home/runner/.gradle/caches/transforms-3/3722ddaa3f3841642f6844378ed17876/transformed/jetified-ui-util-release-runtime.jar because:
  Build cache is disabled
IdentityTransform: /home/runner/.gradle/caches/transforms-3/3722ddaa3f3841642f6844378ed17876/transformed/jetified-ui-util-release-runtime.jar is not up-to-date because:
  No history is available.
Transforming ui-util-release.aar (androidx.compose.ui:ui-util-android:1.6.0) with DexingNoClasspathTransform
Caching disabled for DexingNoClasspathTransform: /home/runner/.gradle/caches/transforms-3/3722ddaa3f3841642f6844378ed17876/transformed/jetified-ui-util-release-runtime.jar because:
  Build cache is disabled
DexingNoClasspathTransform: /home/runner/.gradle/caches/transforms-3/3722ddaa3f3841642f6844378ed17876/transformed/jetified-ui-util-release-runtime.jar is not up-to-date because:
  No history is available.
The input changes require a full rebuild for incremental DexingNoClasspathTransform: /home/runner/.gradle/caches/transforms-3/3722ddaa3f3841642f6844378ed17876/transformed/jetified-ui-util-release-runtime.jar.
Running dexing transform non-incrementally for '/home/runner/.gradle/caches/transforms-3/3722ddaa3f3841642f6844378ed17876/transformed/jetified-ui-util-release-runtime.jar'
Transforming ui-util-release.aar (androidx.compose.ui:ui-util-android:1.6.0) with DexingOutputSplitTransform
Caching disabled for DexingOutputSplitTransform: /home/runner/.gradle/caches/transforms-3/7034d6589a4a45804ea85c9725a4de6d/transformed/jetified-ui-util-release-runtime because:
  Build cache is disabled
DexingOutputSplitTransform: /home/runner/.gradle/caches/transforms-3/7034d6589a4a45804ea85c9725a4de6d/transformed/jetified-ui-util-release-runtime is not up-to-date because:
  No history is available.
Caching disabled for IdentityTransform: /home/runner/.gradle/caches/transforms-3/77b377d0e18713fd4cd804c5bf1ed5ab/transformed/jetified-ui-text-release-runtime.jar because:
  Build cache is disabled
IdentityTransform: /home/runner/.gradle/caches/transforms-3/77b377d0e18713fd4cd804c5bf1ed5ab/transformed/jetified-ui-text-release-runtime.jar is not up-to-date because:
  No history is available.
Transforming ui-text-release.aar (androidx.compose.ui:ui-text-android:1.6.0) with DexingNoClasspathTransform
Caching disabled for DexingNoClasspathTransform: /home/runner/.gradle/caches/transforms-3/77b377d0e18713fd4cd804c5bf1ed5ab/transformed/jetified-ui-text-release-runtime.jar because:
  Build cache is disabled
DexingNoClasspathTransform: /home/runner/.gradle/caches/transforms-3/77b377d0e18713fd4cd804c5bf1ed5ab/transformed/jetified-ui-text-release-runtime.jar is not up-to-date because:
  No history is available.
The input changes require a full rebuild for incremental DexingNoClasspathTransform: /home/runner/.gradle/caches/transforms-3/77b377d0e18713fd4cd804c5bf1ed5ab/transformed/jetified-ui-text-release-runtime.jar.
Running dexing transform non-incrementally for '/home/runner/.gradle/caches/transforms-3/77b377d0e18713fd4cd804c5bf1ed5ab/transformed/jetified-ui-text-release-runtime.jar'
Transforming material-release.aar (androidx.compose.material:material-android:1.6.0) with DexingOutputSplitTransform
Caching disabled for DexingOutputSplitTransform: /home/runner/.gradle/caches/transforms-3/f11f7bfafd46ea22f96ab9feb7fdcc13/transformed/jetified-material-release-runtime because:
  Build cache is disabled
DexingOutputSplitTransform: /home/runner/.gradle/caches/transforms-3/f11f7bfafd46ea22f96ab9feb7fdcc13/transformed/jetified-material-release-runtime is not up-to-date because:
  No history is available.
Caching disabled for IdentityTransform: /home/runner/.gradle/caches/transforms-3/89f88154d944befde20f58b7b4af9e0d/transformed/jetified-ui-tooling-preview-release-runtime.jar because:
  Build cache is disabled
IdentityTransform: /home/runner/.gradle/caches/transforms-3/89f88154d944befde20f58b7b4af9e0d/transformed/jetified-ui-tooling-preview-release-runtime.jar is not up-to-date because:
  No history is available.
Transforming ui-tooling-preview-release.aar (androidx.compose.ui:ui-tooling-preview-android:1.6.0) with DexingNoClasspathTransform
Caching disabled for DexingNoClasspathTransform: /home/runner/.gradle/caches/transforms-3/89f88154d944befde20f58b7b4af9e0d/transformed/jetified-ui-tooling-preview-release-runtime.jar because:
  Build cache is disabled
DexingNoClasspathTransform: /home/runner/.gradle/caches/transforms-3/89f88154d944befde20f58b7b4af9e0d/transformed/jetified-ui-tooling-preview-release-runtime.jar is not up-to-date because:
  No history is available.
The input changes require a full rebuild for incremental DexingNoClasspathTransform: /home/runner/.gradle/caches/transforms-3/89f88154d944befde20f58b7b4af9e0d/transformed/jetified-ui-tooling-preview-release-runtime.jar.
Running dexing transform non-incrementally for '/home/runner/.gradle/caches/transforms-3/89f88154d944befde20f58b7b4af9e0d/transformed/jetified-ui-tooling-preview-release-runtime.jar'
Transforming ui-tooling-preview-release.aar (androidx.compose.ui:ui-tooling-preview-android:1.6.0) with DexingOutputSplitTransform
Caching disabled for DexingOutputSplitTransform: /home/runner/.gradle/caches/transforms-3/6b284c9c655e8d4b1f7f3bbaf66b0804/transformed/jetified-ui-tooling-preview-release-runtime because:
  Build cache is disabled
DexingOutputSplitTransform: /home/runner/.gradle/caches/transforms-3/6b284c9c655e8d4b1f7f3bbaf66b0804/transformed/jetified-ui-tooling-preview-release-runtime is not up-to-date because:
  No history is available.
Caching disabled for IdentityTransform: /home/runner/.gradle/caches/transforms-3/db68ce92f2b118c8f587982119bff07c/transformed/jetified-ui-graphics-release-runtime.jar because:
  Build cache is disabled
IdentityTransform: /home/runner/.gradle/caches/transforms-3/db68ce92f2b118c8f587982119bff07c/transformed/jetified-ui-graphics-release-runtime.jar is not up-to-date because:
  No history is available.
Transforming ui-graphics-release.aar (androidx.compose.ui:ui-graphics-android:1.6.0) with DexingNoClasspathTransform
Caching disabled for DexingNoClasspathTransform: /home/runner/.gradle/caches/transforms-3/db68ce92f2b118c8f587982119bff07c/transformed/jetified-ui-graphics-release-runtime.jar because:
  Build cache is disabled
DexingNoClasspathTransform: /home/runner/.gradle/caches/transforms-3/db68ce92f2b118c8f587982119bff07c/transformed/jetified-ui-graphics-release-runtime.jar is not up-to-date because:
  No history is available.
The input changes require a full rebuild for incremental DexingNoClasspathTransform: /home/runner/.gradle/caches/transforms-3/db68ce92f2b118c8f587982119bff07c/transformed/jetified-ui-graphics-release-runtime.jar.
Running dexing transform non-incrementally for '/home/runner/.gradle/caches/transforms-3/db68ce92f2b118c8f587982119bff07c/transformed/jetified-ui-graphics-release-runtime.jar'
Transforming ui-text-release.aar (androidx.compose.ui:ui-text-android:1.6.0) with DexingOutputSplitTransform
Caching disabled for DexingOutputSplitTransform: /home/runner/.gradle/caches/transforms-3/14742260b2d039629de47db990deb562/transformed/jetified-ui-text-release-runtime because:
  Build cache is disabled
DexingOutputSplitTransform: /home/runner/.gradle/caches/transforms-3/14742260b2d039629de47db990deb562/transformed/jetified-ui-text-release-runtime is not up-to-date because:
  No history is available.
Caching disabled for IdentityTransform: /home/runner/.gradle/caches/transforms-3/cf153d610ea1801ba65f9c4887298252/transformed/jetified-ui-test-manifest-1.6.0-runtime.jar because:
  Build cache is disabled
IdentityTransform: /home/runner/.gradle/caches/transforms-3/cf153d610ea1801ba65f9c4887298252/transformed/jetified-ui-test-manifest-1.6.0-runtime.jar is not up-to-date because:
  No history is available.
Transforming ui-test-manifest-1.6.0.aar (androidx.compose.ui:ui-test-manifest:1.6.0) with DexingNoClasspathTransform
Caching disabled for DexingNoClasspathTransform: /home/runner/.gradle/caches/transforms-3/cf153d610ea1801ba65f9c4887298252/transformed/jetified-ui-test-manifest-1.6.0-runtime.jar because:
  Build cache is disabled
DexingNoClasspathTransform: /home/runner/.gradle/caches/transforms-3/cf153d610ea1801ba65f9c4887298252/transformed/jetified-ui-test-manifest-1.6.0-runtime.jar is not up-to-date because:
  No history is available.
The input changes require a full rebuild for incremental DexingNoClasspathTransform: /home/runner/.gradle/caches/transforms-3/cf153d610ea1801ba65f9c4887298252/transformed/jetified-ui-test-manifest-1.6.0-runtime.jar.
Running dexing transform non-incrementally for '/home/runner/.gradle/caches/transforms-3/cf153d610ea1801ba65f9c4887298252/transformed/jetified-ui-test-manifest-1.6.0-runtime.jar'
Transforming ui-test-manifest-1.6.0.aar (androidx.compose.ui:ui-test-manifest:1.6.0) with DexingOutputSplitTransform
Caching disabled for DexingOutputSplitTransform: /home/runner/.gradle/caches/transforms-3/5da6008cce01466edae9e6b2fda14060/transformed/jetified-ui-test-manifest-1.6.0-runtime because:
  Build cache is disabled
DexingOutputSplitTransform: /home/runner/.gradle/caches/transforms-3/5da6008cce01466edae9e6b2fda14060/transformed/jetified-ui-test-manifest-1.6.0-runtime is not up-to-date because:
  No history is available.
Transforming ui-graphics-release.aar (androidx.compose.ui:ui-graphics-android:1.6.0) with DexingOutputSplitTransform
Caching disabled for DexingOutputSplitTransform: /home/runner/.gradle/caches/transforms-3/b5e1fe8f83f41df34ec399efe8fbf10d/transformed/jetified-ui-graphics-release-runtime because:
  Build cache is disabled
DexingOutputSplitTransform: /home/runner/.gradle/caches/transforms-3/b5e1fe8f83f41df34ec399efe8fbf10d/transformed/jetified-ui-graphics-release-runtime is not up-to-date because:
  No history is available.
Caching disabled for IdentityTransform: /home/runner/.gradle/caches/transforms-3/0dcbde6ab10d840fce40c5ec6842ce10/transformed/jetified-activity-compose-1.8.2-runtime.jar because:
  Build cache is disabled
IdentityTransform: /home/runner/.gradle/caches/transforms-3/0dcbde6ab10d840fce40c5ec6842ce10/transformed/jetified-activity-compose-1.8.2-runtime.jar is not up-to-date because:
  No history is available.
Transforming activity-compose-1.8.2.aar (androidx.activity:activity-compose:1.8.2) with DexingNoClasspathTransform
Caching disabled for DexingNoClasspathTransform: /home/runner/.gradle/caches/transforms-3/0dcbde6ab10d840fce40c5ec6842ce10/transformed/jetified-activity-compose-1.8.2-runtime.jar because:
  Build cache is disabled
DexingNoClasspathTransform: /home/runner/.gradle/caches/transforms-3/0dcbde6ab10d840fce40c5ec6842ce10/transformed/jetified-activity-compose-1.8.2-runtime.jar is not up-to-date because:
  No history is available.
The input changes require a full rebuild for incremental DexingNoClasspathTransform: /home/runner/.gradle/caches/transforms-3/0dcbde6ab10d840fce40c5ec6842ce10/transformed/jetified-activity-compose-1.8.2-runtime.jar.
Running dexing transform non-incrementally for '/home/runner/.gradle/caches/transforms-3/0dcbde6ab10d840fce40c5ec6842ce10/transformed/jetified-activity-compose-1.8.2-runtime.jar'
Transforming activity-compose-1.8.2.aar (androidx.activity:activity-compose:1.8.2) with DexingOutputSplitTransform
Caching disabled for DexingOutputSplitTransform: /home/runner/.gradle/caches/transforms-3/1799a34f058caeecd4caec517cb5eb85/transformed/jetified-activity-compose-1.8.2-runtime because:
  Build cache is disabled
DexingOutputSplitTransform: /home/runner/.gradle/caches/transforms-3/1799a34f058caeecd4caec517cb5eb85/transformed/jetified-activity-compose-1.8.2-runtime is not up-to-date because:
  No history is available.
Caching disabled for IdentityTransform: /home/runner/.gradle/caches/transforms-3/f0a9129d44ebcf371297a28360486e2e/transformed/jetified-emoji2-1.3.0-runtime.jar because:
  Build cache is disabled
IdentityTransform: /home/runner/.gradle/caches/transforms-3/f0a9129d44ebcf371297a28360486e2e/transformed/jetified-emoji2-1.3.0-runtime.jar is not up-to-date because:
  No history is available.
Transforming emoji2-1.3.0.aar (androidx.emoji2:emoji2:1.3.0) with DexingNoClasspathTransform
Caching disabled for DexingNoClasspathTransform: /home/runner/.gradle/caches/transforms-3/f0a9129d44ebcf371297a28360486e2e/transformed/jetified-emoji2-1.3.0-runtime.jar because:
  Build cache is disabled
DexingNoClasspathTransform: /home/runner/.gradle/caches/transforms-3/f0a9129d44ebcf371297a28360486e2e/transformed/jetified-emoji2-1.3.0-runtime.jar is not up-to-date because:
  No history is available.
The input changes require a full rebuild for incremental DexingNoClasspathTransform: /home/runner/.gradle/caches/transforms-3/f0a9129d44ebcf371297a28360486e2e/transformed/jetified-emoji2-1.3.0-runtime.jar.
Running dexing transform non-incrementally for '/home/runner/.gradle/caches/transforms-3/f0a9129d44ebcf371297a28360486e2e/transformed/jetified-emoji2-1.3.0-runtime.jar'
Transforming emoji2-1.3.0.aar (androidx.emoji2:emoji2:1.3.0) with DexingOutputSplitTransform
Caching disabled for DexingOutputSplitTransform: /home/runner/.gradle/caches/transforms-3/a0a155b419d1eb6dca95e82b97603e2f/transformed/jetified-emoji2-1.3.0-runtime because:
  Build cache is disabled
DexingOutputSplitTransform: /home/runner/.gradle/caches/transforms-3/a0a155b419d1eb6dca95e82b97603e2f/transformed/jetified-emoji2-1.3.0-runtime is not up-to-date because:
  No history is available.
Caching disabled for IdentityTransform: /home/runner/.gradle/caches/transforms-3/0825d7a4c834e4daa550716d98a791d3/transformed/jetified-lifecycle-process-2.7.0-runtime.jar because:
  Build cache is disabled
IdentityTransform: /home/runner/.gradle/caches/transforms-3/0825d7a4c834e4daa550716d98a791d3/transformed/jetified-lifecycle-process-2.7.0-runtime.jar is not up-to-date because:
  No history is available.
Transforming lifecycle-process-2.7.0.aar (androidx.lifecycle:lifecycle-process:2.7.0) with DexingNoClasspathTransform
Caching disabled for DexingNoClasspathTransform: /home/runner/.gradle/caches/transforms-3/0825d7a4c834e4daa550716d98a791d3/transformed/jetified-lifecycle-process-2.7.0-runtime.jar because:
  Build cache is disabled
DexingNoClasspathTransform: /home/runner/.gradle/caches/transforms-3/0825d7a4c834e4daa550716d98a791d3/transformed/jetified-lifecycle-process-2.7.0-runtime.jar is not up-to-date because:
  No history is available.
The input changes require a full rebuild for incremental DexingNoClasspathTransform: /home/runner/.gradle/caches/transforms-3/0825d7a4c834e4daa550716d98a791d3/transformed/jetified-lifecycle-process-2.7.0-runtime.jar.
Running dexing transform non-incrementally for '/home/runner/.gradle/caches/transforms-3/0825d7a4c834e4daa550716d98a791d3/transformed/jetified-lifecycle-process-2.7.0-runtime.jar'
Transforming lifecycle-process-2.7.0.aar (androidx.lifecycle:lifecycle-process:2.7.0) with DexingOutputSplitTransform
Caching disabled for DexingOutputSplitTransform: /home/runner/.gradle/caches/transforms-3/875c18a3b61c9d5e5c1688eab46fa8af/transformed/jetified-lifecycle-process-2.7.0-runtime because:
  Build cache is disabled
DexingOutputSplitTransform: /home/runner/.gradle/caches/transforms-3/875c18a3b61c9d5e5c1688eab46fa8af/transformed/jetified-lifecycle-process-2.7.0-runtime is not up-to-date because:
  No history is available.
Caching disabled for IdentityTransform: /home/runner/.gradle/caches/transforms-3/53b3ef7390f88cb644548e49bd618c9f/transformed/lifecycle-livedata-core-2.7.0-runtime.jar because:
  Build cache is disabled
IdentityTransform: /home/runner/.gradle/caches/transforms-3/53b3ef7390f88cb644548e49bd618c9f/transformed/lifecycle-livedata-core-2.7.0-runtime.jar is not up-to-date because:
  No history is available.
Transforming lifecycle-livedata-core-2.7.0.aar (androidx.lifecycle:lifecycle-livedata-core:2.7.0) with DexingNoClasspathTransform
Caching disabled for DexingNoClasspathTransform: /home/runner/.gradle/caches/transforms-3/53b3ef7390f88cb644548e49bd618c9f/transformed/lifecycle-livedata-core-2.7.0-runtime.jar because:
  Build cache is disabled
DexingNoClasspathTransform: /home/runner/.gradle/caches/transforms-3/53b3ef7390f88cb644548e49bd618c9f/transformed/lifecycle-livedata-core-2.7.0-runtime.jar is not up-to-date because:
  No history is available.
The input changes require a full rebuild for incremental DexingNoClasspathTransform: /home/runner/.gradle/caches/transforms-3/53b3ef7390f88cb644548e49bd618c9f/transformed/lifecycle-livedata-core-2.7.0-runtime.jar.
Running dexing transform non-incrementally for '/home/runner/.gradle/caches/transforms-3/53b3ef7390f88cb644548e49bd618c9f/transformed/lifecycle-livedata-core-2.7.0-runtime.jar'
Transforming lifecycle-livedata-core-2.7.0.aar (androidx.lifecycle:lifecycle-livedata-core:2.7.0) with DexingOutputSplitTransform
Caching disabled for DexingOutputSplitTransform: /home/runner/.gradle/caches/transforms-3/96ea9ed0a3eaa571d9aa08a737ec30cd/transformed/lifecycle-livedata-core-2.7.0-runtime because:
  Build cache is disabled
DexingOutputSplitTransform: /home/runner/.gradle/caches/transforms-3/96ea9ed0a3eaa571d9aa08a737ec30cd/transformed/lifecycle-livedata-core-2.7.0-runtime is not up-to-date because:
  No history is available.
Caching disabled for IdentityTransform: /home/runner/.gradle/caches/transforms-3/53f19c112e37fa85814ae93bf08ff4bb/transformed/jetified-savedstate-ktx-1.2.1-runtime.jar because:
  Build cache is disabled
IdentityTransform: /home/runner/.gradle/caches/transforms-3/53f19c112e37fa85814ae93bf08ff4bb/transformed/jetified-savedstate-ktx-1.2.1-runtime.jar is not up-to-date because:
  No history is available.
Transforming savedstate-ktx-1.2.1.aar (androidx.savedstate:savedstate-ktx:1.2.1) with DexingNoClasspathTransform
Caching disabled for DexingNoClasspathTransform: /home/runner/.gradle/caches/transforms-3/53f19c112e37fa85814ae93bf08ff4bb/transformed/jetified-savedstate-ktx-1.2.1-runtime.jar because:
  Build cache is disabled
DexingNoClasspathTransform: /home/runner/.gradle/caches/transforms-3/53f19c112e37fa85814ae93bf08ff4bb/transformed/jetified-savedstate-ktx-1.2.1-runtime.jar is not up-to-date because:
  No history is available.
The input changes require a full rebuild for incremental DexingNoClasspathTransform: /home/runner/.gradle/caches/transforms-3/53f19c112e37fa85814ae93bf08ff4bb/transformed/jetified-savedstate-ktx-1.2.1-runtime.jar.
Running dexing transform non-incrementally for '/home/runner/.gradle/caches/transforms-3/53f19c112e37fa85814ae93bf08ff4bb/transformed/jetified-savedstate-ktx-1.2.1-runtime.jar'
Transforming savedstate-ktx-1.2.1.aar (androidx.savedstate:savedstate-ktx:1.2.1) with DexingOutputSplitTransform
Caching disabled for DexingOutputSplitTransform: /home/runner/.gradle/caches/transforms-3/29575ce86843154e878d7e6b0a3da88a/transformed/jetified-savedstate-ktx-1.2.1-runtime because:
  Build cache is disabled
DexingOutputSplitTransform: /home/runner/.gradle/caches/transforms-3/29575ce86843154e878d7e6b0a3da88a/transformed/jetified-savedstate-ktx-1.2.1-runtime is not up-to-date because:
  No history is available.
Caching disabled for IdentityTransform: /home/runner/.gradle/caches/transforms-3/c4e44346eb4d54ec3356a9cf8a4c421d/transformed/jetified-savedstate-1.2.1-runtime.jar because:
  Build cache is disabled
IdentityTransform: /home/runner/.gradle/caches/transforms-3/c4e44346eb4d54ec3356a9cf8a4c421d/transformed/jetified-savedstate-1.2.1-runtime.jar is not up-to-date because:
  No history is available.
Transforming savedstate-1.2.1.aar (androidx.savedstate:savedstate:1.2.1) with DexingNoClasspathTransform
Caching disabled for DexingNoClasspathTransform: /home/runner/.gradle/caches/transforms-3/c4e44346eb4d54ec3356a9cf8a4c421d/transformed/jetified-savedstate-1.2.1-runtime.jar because:
  Build cache is disabled
DexingNoClasspathTransform: /home/runner/.gradle/caches/transforms-3/c4e44346eb4d54ec3356a9cf8a4c421d/transformed/jetified-savedstate-1.2.1-runtime.jar is not up-to-date because:
  No history is available.
The input changes require a full rebuild for incremental DexingNoClasspathTransform: /home/runner/.gradle/caches/transforms-3/c4e44346eb4d54ec3356a9cf8a4c421d/transformed/jetified-savedstate-1.2.1-runtime.jar.
Running dexing transform non-incrementally for '/home/runner/.gradle/caches/transforms-3/c4e44346eb4d54ec3356a9cf8a4c421d/transformed/jetified-savedstate-1.2.1-runtime.jar'
Transforming savedstate-1.2.1.aar (androidx.savedstate:savedstate:1.2.1) with DexingOutputSplitTransform
Caching disabled for DexingOutputSplitTransform: /home/runner/.gradle/caches/transforms-3/7b32e92fb6f3870610d07295085ba67b/transformed/jetified-savedstate-1.2.1-runtime because:
  Build cache is disabled
DexingOutputSplitTransform: /home/runner/.gradle/caches/transforms-3/7b32e92fb6f3870610d07295085ba67b/transformed/jetified-savedstate-1.2.1-runtime is not up-to-date because:
  No history is available.
Caching disabled for DexingNoClasspathTransform: /home/runner/.gradle/caches/modules-2/files-2.1/androidx.lifecycle/lifecycle-common/2.7.0/85334205d65cca70ed0109c3acbd29e22a2d9cb1/lifecycle-common-2.7.0.jar because:
  Build cache is disabled
DexingNoClasspathTransform: /home/runner/.gradle/caches/modules-2/files-2.1/androidx.lifecycle/lifecycle-common/2.7.0/85334205d65cca70ed0109c3acbd29e22a2d9cb1/lifecycle-common-2.7.0.jar is not up-to-date because:
  No history is available.
The input changes require a full rebuild for incremental DexingNoClasspathTransform: /home/runner/.gradle/caches/modules-2/files-2.1/androidx.lifecycle/lifecycle-common/2.7.0/85334205d65cca70ed0109c3acbd29e22a2d9cb1/lifecycle-common-2.7.0.jar.
Running dexing transform non-incrementally for '/home/runner/.gradle/caches/modules-2/files-2.1/androidx.lifecycle/lifecycle-common/2.7.0/85334205d65cca70ed0109c3acbd29e22a2d9cb1/lifecycle-common-2.7.0.jar'
Transforming lifecycle-common-2.7.0.jar (androidx.lifecycle:lifecycle-common:2.7.0) with DexingOutputSplitTransform
Caching disabled for DexingOutputSplitTransform: /home/runner/.gradle/caches/transforms-3/c2d09281f3d745921164b48d05aff304/transformed/lifecycle-common-2.7.0 because:
  Build cache is disabled
DexingOutputSplitTransform: /home/runner/.gradle/caches/transforms-3/c2d09281f3d745921164b48d05aff304/transformed/lifecycle-common-2.7.0 is not up-to-date because:
  No history is available.
Caching disabled for IdentityTransform: /home/runner/.gradle/caches/transforms-3/d0d399bdf7db0808185a3f7c1f49f9a9/transformed/jetified-lifecycle-viewmodel-savedstate-2.7.0-runtime.jar because:
  Build cache is disabled
IdentityTransform: /home/runner/.gradle/caches/transforms-3/d0d399bdf7db0808185a3f7c1f49f9a9/transformed/jetified-lifecycle-viewmodel-savedstate-2.7.0-runtime.jar is not up-to-date because:
  No history is available.
Transforming lifecycle-viewmodel-savedstate-2.7.0.aar (androidx.lifecycle:lifecycle-viewmodel-savedstate:2.7.0) with DexingNoClasspathTransform
Caching disabled for DexingNoClasspathTransform: /home/runner/.gradle/caches/transforms-3/d0d399bdf7db0808185a3f7c1f49f9a9/transformed/jetified-lifecycle-viewmodel-savedstate-2.7.0-runtime.jar because:
  Build cache is disabled
DexingNoClasspathTransform: /home/runner/.gradle/caches/transforms-3/d0d399bdf7db0808185a3f7c1f49f9a9/transformed/jetified-lifecycle-viewmodel-savedstate-2.7.0-runtime.jar is not up-to-date because:
  No history is available.
The input changes require a full rebuild for incremental DexingNoClasspathTransform: /home/runner/.gradle/caches/transforms-3/d0d399bdf7db0808185a3f7c1f49f9a9/transformed/jetified-lifecycle-viewmodel-savedstate-2.7.0-runtime.jar.
Running dexing transform non-incrementally for '/home/runner/.gradle/caches/transforms-3/d0d399bdf7db0808185a3f7c1f49f9a9/transformed/jetified-lifecycle-viewmodel-savedstate-2.7.0-runtime.jar'
Transforming lifecycle-viewmodel-savedstate-2.7.0.aar (androidx.lifecycle:lifecycle-viewmodel-savedstate:2.7.0) with DexingOutputSplitTransform
Caching disabled for DexingOutputSplitTransform: /home/runner/.gradle/caches/transforms-3/0502f88dda1d56d55b9d2dba27cf116a/transformed/jetified-lifecycle-viewmodel-savedstate-2.7.0-runtime because:
  Build cache is disabled
DexingOutputSplitTransform: /home/runner/.gradle/caches/transforms-3/0502f88dda1d56d55b9d2dba27cf116a/transformed/jetified-lifecycle-viewmodel-savedstate-2.7.0-runtime is not up-to-date because:
  No history is available.
Caching disabled for IdentityTransform: /home/runner/.gradle/caches/transforms-3/a8dec09b23e5261b45f9cacb138c74ff/transformed/jetified-lifecycle-viewmodel-ktx-2.7.0-runtime.jar because:
  Build cache is disabled
IdentityTransform: /home/runner/.gradle/caches/transforms-3/a8dec09b23e5261b45f9cacb138c74ff/transformed/jetified-lifecycle-viewmodel-ktx-2.7.0-runtime.jar is not up-to-date because:
  No history is available.
Transforming lifecycle-viewmodel-ktx-2.7.0.aar (androidx.lifecycle:lifecycle-viewmodel-ktx:2.7.0) with DexingNoClasspathTransform
Caching disabled for DexingNoClasspathTransform: /home/runner/.gradle/caches/transforms-3/a8dec09b23e5261b45f9cacb138c74ff/transformed/jetified-lifecycle-viewmodel-ktx-2.7.0-runtime.jar because:
  Build cache is disabled
DexingNoClasspathTransform: /home/runner/.gradle/caches/transforms-3/a8dec09b23e5261b45f9cacb138c74ff/transformed/jetified-lifecycle-viewmodel-ktx-2.7.0-runtime.jar is not up-to-date because:
  No history is available.
The input changes require a full rebuild for incremental DexingNoClasspathTransform: /home/runner/.gradle/caches/transforms-3/a8dec09b23e5261b45f9cacb138c74ff/transformed/jetified-lifecycle-viewmodel-ktx-2.7.0-runtime.jar.
Running dexing transform non-incrementally for '/home/runner/.gradle/caches/transforms-3/a8dec09b23e5261b45f9cacb138c74ff/transformed/jetified-lifecycle-viewmodel-ktx-2.7.0-runtime.jar'
Transforming lifecycle-viewmodel-ktx-2.7.0.aar (androidx.lifecycle:lifecycle-viewmodel-ktx:2.7.0) with DexingOutputSplitTransform
Caching disabled for DexingOutputSplitTransform: /home/runner/.gradle/caches/transforms-3/d5aa45fb112d77acbd5d2c2c80a82ddc/transformed/jetified-lifecycle-viewmodel-ktx-2.7.0-runtime because:
  Build cache is disabled
DexingOutputSplitTransform: /home/runner/.gradle/caches/transforms-3/d5aa45fb112d77acbd5d2c2c80a82ddc/transformed/jetified-lifecycle-viewmodel-ktx-2.7.0-runtime is not up-to-date because:
  No history is available.
Caching disabled for DexingNoClasspathTransform: /home/runner/.gradle/caches/modules-2/files-2.1/androidx.lifecycle/lifecycle-common-java8/2.7.0/2ad14aed781c4a73ed4dbb421966d408a0a06686/lifecycle-common-java8-2.7.0.jar because:
  Build cache is disabled
DexingNoClasspathTransform: /home/runner/.gradle/caches/modules-2/files-2.1/androidx.lifecycle/lifecycle-common-java8/2.7.0/2ad14aed781c4a73ed4dbb421966d408a0a06686/lifecycle-common-java8-2.7.0.jar is not up-to-date because:
  No history is available.
The input changes require a full rebuild for incremental DexingNoClasspathTransform: /home/runner/.gradle/caches/modules-2/files-2.1/androidx.lifecycle/lifecycle-common-java8/2.7.0/2ad14aed781c4a73ed4dbb421966d408a0a06686/lifecycle-common-java8-2.7.0.jar.
Running dexing transform non-incrementally for '/home/runner/.gradle/caches/modules-2/files-2.1/androidx.lifecycle/lifecycle-common-java8/2.7.0/2ad14aed781c4a73ed4dbb421966d408a0a06686/lifecycle-common-java8-2.7.0.jar'
Transforming lifecycle-common-java8-2.7.0.jar (androidx.lifecycle:lifecycle-common-java8:2.7.0) with DexingOutputSplitTransform
Caching disabled for DexingOutputSplitTransform: /home/runner/.gradle/caches/transforms-3/3fb4a4ab8495cf4508b26353568f12e7/transformed/lifecycle-common-java8-2.7.0 because:
  Build cache is disabled
DexingOutputSplitTransform: /home/runner/.gradle/caches/transforms-3/3fb4a4ab8495cf4508b26353568f12e7/transformed/lifecycle-common-java8-2.7.0 is not up-to-date because:
  No history is available.
Caching disabled for IdentityTransform: /home/runner/.gradle/caches/transforms-3/0764502e635919d38bcead02383132d5/transformed/lifecycle-viewmodel-2.7.0-runtime.jar because:
  Build cache is disabled
IdentityTransform: /home/runner/.gradle/caches/transforms-3/0764502e635919d38bcead02383132d5/transformed/lifecycle-viewmodel-2.7.0-runtime.jar is not up-to-date because:
  No history is available.
Transforming lifecycle-viewmodel-2.7.0.aar (androidx.lifecycle:lifecycle-viewmodel:2.7.0) with DexingNoClasspathTransform
Caching disabled for DexingNoClasspathTransform: /home/runner/.gradle/caches/transforms-3/0764502e635919d38bcead02383132d5/transformed/lifecycle-viewmodel-2.7.0-runtime.jar because:
  Build cache is disabled
DexingNoClasspathTransform: /home/runner/.gradle/caches/transforms-3/0764502e635919d38bcead02383132d5/transformed/lifecycle-viewmodel-2.7.0-runtime.jar is not up-to-date because:
  No history is available.
The input changes require a full rebuild for incremental DexingNoClasspathTransform: /home/runner/.gradle/caches/transforms-3/0764502e635919d38bcead02383132d5/transformed/lifecycle-viewmodel-2.7.0-runtime.jar.
Running dexing transform non-incrementally for '/home/runner/.gradle/caches/transforms-3/0764502e635919d38bcead02383132d5/transformed/lifecycle-viewmodel-2.7.0-runtime.jar'
Transforming lifecycle-viewmodel-2.7.0.aar (androidx.lifecycle:lifecycle-viewmodel:2.7.0) with DexingOutputSplitTransform
Caching disabled for DexingOutputSplitTransform: /home/runner/.gradle/caches/transforms-3/0ba0dfdd73880ef8e38c01394ecc2d81/transformed/lifecycle-viewmodel-2.7.0-runtime because:
  Build cache is disabled
DexingOutputSplitTransform: /home/runner/.gradle/caches/transforms-3/0ba0dfdd73880ef8e38c01394ecc2d81/transformed/lifecycle-viewmodel-2.7.0-runtime is not up-to-date because:
  No history is available.
Caching disabled for IdentityTransform: /home/runner/.gradle/caches/transforms-3/12d25e2fa4a319fcbdd516e35b3dd861/transformed/jetified-coil-2.5.0-runtime.jar because:
  Build cache is disabled
IdentityTransform: /home/runner/.gradle/caches/transforms-3/12d25e2fa4a319fcbdd516e35b3dd861/transformed/jetified-coil-2.5.0-runtime.jar is not up-to-date because:
  No history is available.
Transforming coil-2.5.0.aar (io.coil-kt:coil:2.5.0) with DexingNoClasspathTransform
Caching disabled for DexingNoClasspathTransform: /home/runner/.gradle/caches/transforms-3/12d25e2fa4a319fcbdd516e35b3dd861/transformed/jetified-coil-2.5.0-runtime.jar because:
  Build cache is disabled
DexingNoClasspathTransform: /home/runner/.gradle/caches/transforms-3/12d25e2fa4a319fcbdd516e35b3dd861/transformed/jetified-coil-2.5.0-runtime.jar is not up-to-date because:
  No history is available.
The input changes require a full rebuild for incremental DexingNoClasspathTransform: /home/runner/.gradle/caches/transforms-3/12d25e2fa4a319fcbdd516e35b3dd861/transformed/jetified-coil-2.5.0-runtime.jar.
Running dexing transform non-incrementally for '/home/runner/.gradle/caches/transforms-3/12d25e2fa4a319fcbdd516e35b3dd861/transformed/jetified-coil-2.5.0-runtime.jar'
Transforming coil-2.5.0.aar (io.coil-kt:coil:2.5.0) with DexingOutputSplitTransform
Caching disabled for DexingOutputSplitTransform: /home/runner/.gradle/caches/transforms-3/809ab403bf67b4f0bb116ad3178780c2/transformed/jetified-coil-2.5.0-runtime because:
  Build cache is disabled
DexingOutputSplitTransform: /home/runner/.gradle/caches/transforms-3/809ab403bf67b4f0bb116ad3178780c2/transformed/jetified-coil-2.5.0-runtime is not up-to-date because:
  No history is available.
Caching disabled for IdentityTransform: /home/runner/.gradle/caches/transforms-3/8220872a14f8fc98e356e505251bc381/transformed/jetified-coil-base-2.5.0-runtime.jar because:
  Build cache is disabled
IdentityTransform: /home/runner/.gradle/caches/transforms-3/8220872a14f8fc98e356e505251bc381/transformed/jetified-coil-base-2.5.0-runtime.jar is not up-to-date because:
  No history is available.
Transforming coil-base-2.5.0.aar (io.coil-kt:coil-base:2.5.0) with DexingNoClasspathTransform
Caching disabled for DexingNoClasspathTransform: /home/runner/.gradle/caches/transforms-3/8220872a14f8fc98e356e505251bc381/transformed/jetified-coil-base-2.5.0-runtime.jar because:
  Build cache is disabled
DexingNoClasspathTransform: /home/runner/.gradle/caches/transforms-3/8220872a14f8fc98e356e505251bc381/transformed/jetified-coil-base-2.5.0-runtime.jar is not up-to-date because:
  No history is available.
The input changes require a full rebuild for incremental DexingNoClasspathTransform: /home/runner/.gradle/caches/transforms-3/8220872a14f8fc98e356e505251bc381/transformed/jetified-coil-base-2.5.0-runtime.jar.
Running dexing transform non-incrementally for '/home/runner/.gradle/caches/transforms-3/8220872a14f8fc98e356e505251bc381/transformed/jetified-coil-base-2.5.0-runtime.jar'
Caching disabled for IdentityTransform: /home/runner/.gradle/caches/transforms-3/9884be7925ea15efa9fbb711de8a2d19/transformed/jetified-ui-tooling-release-runtime.jar because:
  Build cache is disabled
IdentityTransform: /home/runner/.gradle/caches/transforms-3/9884be7925ea15efa9fbb711de8a2d19/transformed/jetified-ui-tooling-release-runtime.jar is not up-to-date because:
  No history is available.
Transforming material3-1.1.2.aar (androidx.compose.material3:material3:1.1.2) with DexingOutputSplitTransform
Caching disabled for DexingOutputSplitTransform: /home/runner/.gradle/caches/transforms-3/220a5550980903120ba68a1dc7d216ed/transformed/jetified-material3-1.1.2-runtime because:
  Build cache is disabled
DexingOutputSplitTransform: /home/runner/.gradle/caches/transforms-3/220a5550980903120ba68a1dc7d216ed/transformed/jetified-material3-1.1.2-runtime is not up-to-date because:
  No history is available.
Transforming ui-tooling-release.aar (androidx.compose.ui:ui-tooling-android:1.6.0) with DexingNoClasspathTransform
Caching disabled for DexingNoClasspathTransform: /home/runner/.gradle/caches/transforms-3/9884be7925ea15efa9fbb711de8a2d19/transformed/jetified-ui-tooling-release-runtime.jar because:
  Build cache is disabled
DexingNoClasspathTransform: /home/runner/.gradle/caches/transforms-3/9884be7925ea15efa9fbb711de8a2d19/transformed/jetified-ui-tooling-release-runtime.jar is not up-to-date because:
  No history is available.
The input changes require a full rebuild for incremental DexingNoClasspathTransform: /home/runner/.gradle/caches/transforms-3/9884be7925ea15efa9fbb711de8a2d19/transformed/jetified-ui-tooling-release-runtime.jar.
Running dexing transform non-incrementally for '/home/runner/.gradle/caches/transforms-3/9884be7925ea15efa9fbb711de8a2d19/transformed/jetified-ui-tooling-release-runtime.jar'
Caching disabled for IdentityTransform: /home/runner/.gradle/caches/transforms-3/a964f66e77a8c3463efc18661d57b88f/transformed/lifecycle-runtime-2.7.0-runtime.jar because:
  Build cache is disabled
IdentityTransform: /home/runner/.gradle/caches/transforms-3/a964f66e77a8c3463efc18661d57b88f/transformed/lifecycle-runtime-2.7.0-runtime.jar is not up-to-date because:
  No history is available.
Transforming lifecycle-runtime-2.7.0.aar (androidx.lifecycle:lifecycle-runtime:2.7.0) with DexingNoClasspathTransform
Caching disabled for DexingNoClasspathTransform: /home/runner/.gradle/caches/transforms-3/a964f66e77a8c3463efc18661d57b88f/transformed/lifecycle-runtime-2.7.0-runtime.jar because:
  Build cache is disabled
DexingNoClasspathTransform: /home/runner/.gradle/caches/transforms-3/a964f66e77a8c3463efc18661d57b88f/transformed/lifecycle-runtime-2.7.0-runtime.jar is not up-to-date because:
  No history is available.
The input changes require a full rebuild for incremental DexingNoClasspathTransform: /home/runner/.gradle/caches/transforms-3/a964f66e77a8c3463efc18661d57b88f/transformed/lifecycle-runtime-2.7.0-runtime.jar.
Running dexing transform non-incrementally for '/home/runner/.gradle/caches/transforms-3/a964f66e77a8c3463efc18661d57b88f/transformed/lifecycle-runtime-2.7.0-runtime.jar'
Transforming coil-base-2.5.0.aar (io.coil-kt:coil-base:2.5.0) with DexingOutputSplitTransform
Caching disabled for DexingOutputSplitTransform: /home/runner/.gradle/caches/transforms-3/6814177f8e61501b39d79f5d11a14b29/transformed/jetified-coil-base-2.5.0-runtime because:
  Build cache is disabled
DexingOutputSplitTransform: /home/runner/.gradle/caches/transforms-3/6814177f8e61501b39d79f5d11a14b29/transformed/jetified-coil-base-2.5.0-runtime is not up-to-date because:
  No history is available.
Caching disabled for IdentityTransform: /home/runner/.gradle/caches/transforms-3/11804289483a1ba8d029436be3218c25/transformed/jetified-lifecycle-runtime-ktx-2.7.0-runtime.jar because:
  Build cache is disabled
IdentityTransform: /home/runner/.gradle/caches/transforms-3/11804289483a1ba8d029436be3218c25/transformed/jetified-lifecycle-runtime-ktx-2.7.0-runtime.jar is not up-to-date because:
  No history is available.
Transforming lifecycle-runtime-ktx-2.7.0.aar (androidx.lifecycle:lifecycle-runtime-ktx:2.7.0) with DexingNoClasspathTransform
Caching disabled for DexingNoClasspathTransform: /home/runner/.gradle/caches/transforms-3/11804289483a1ba8d029436be3218c25/transformed/jetified-lifecycle-runtime-ktx-2.7.0-runtime.jar because:
  Build cache is disabled
DexingNoClasspathTransform: /home/runner/.gradle/caches/transforms-3/11804289483a1ba8d029436be3218c25/transformed/jetified-lifecycle-runtime-ktx-2.7.0-runtime.jar is not up-to-date because:
  No history is available.
The input changes require a full rebuild for incremental DexingNoClasspathTransform: /home/runner/.gradle/caches/transforms-3/11804289483a1ba8d029436be3218c25/transformed/jetified-lifecycle-runtime-ktx-2.7.0-runtime.jar.
Running dexing transform non-incrementally for '/home/runner/.gradle/caches/transforms-3/11804289483a1ba8d029436be3218c25/transformed/jetified-lifecycle-runtime-ktx-2.7.0-runtime.jar'
Transforming lifecycle-runtime-2.7.0.aar (androidx.lifecycle:lifecycle-runtime:2.7.0) with DexingOutputSplitTransform
Caching disabled for DexingOutputSplitTransform: /home/runner/.gradle/caches/transforms-3/20a6f0a5d4d6613d9d87defb170e5d9d/transformed/lifecycle-runtime-2.7.0-runtime because:
  Build cache is disabled
DexingOutputSplitTransform: /home/runner/.gradle/caches/transforms-3/20a6f0a5d4d6613d9d87defb170e5d9d/transformed/lifecycle-runtime-2.7.0-runtime is not up-to-date because:
  No history is available.
Caching disabled for IdentityTransform: /home/runner/.gradle/caches/transforms-3/fd855b9c1a9732ae605c12ed9846ca55/transformed/jetified-lifecycle-viewmodel-compose-2.7.0-runtime.jar because:
  Build cache is disabled
IdentityTransform: /home/runner/.gradle/caches/transforms-3/fd855b9c1a9732ae605c12ed9846ca55/transformed/jetified-lifecycle-viewmodel-compose-2.7.0-runtime.jar is not up-to-date because:
  No history is available.
Transforming lifecycle-viewmodel-compose-2.7.0.aar (androidx.lifecycle:lifecycle-viewmodel-compose:2.7.0) with DexingNoClasspathTransform
Caching disabled for DexingNoClasspathTransform: /home/runner/.gradle/caches/transforms-3/fd855b9c1a9732ae605c12ed9846ca55/transformed/jetified-lifecycle-viewmodel-compose-2.7.0-runtime.jar because:
  Build cache is disabled
DexingNoClasspathTransform: /home/runner/.gradle/caches/transforms-3/fd855b9c1a9732ae605c12ed9846ca55/transformed/jetified-lifecycle-viewmodel-compose-2.7.0-runtime.jar is not up-to-date because:
  No history is available.
The input changes require a full rebuild for incremental DexingNoClasspathTransform: /home/runner/.gradle/caches/transforms-3/fd855b9c1a9732ae605c12ed9846ca55/transformed/jetified-lifecycle-viewmodel-compose-2.7.0-runtime.jar.
Running dexing transform non-incrementally for '/home/runner/.gradle/caches/transforms-3/fd855b9c1a9732ae605c12ed9846ca55/transformed/jetified-lifecycle-viewmodel-compose-2.7.0-runtime.jar'
Transforming lifecycle-runtime-ktx-2.7.0.aar (androidx.lifecycle:lifecycle-runtime-ktx:2.7.0) with DexingOutputSplitTransform
Caching disabled for DexingOutputSplitTransform: /home/runner/.gradle/caches/transforms-3/c2c6cb6f61cfaa54a8518536ae758499/transformed/jetified-lifecycle-runtime-ktx-2.7.0-runtime because:
  Build cache is disabled
DexingOutputSplitTransform: /home/runner/.gradle/caches/transforms-3/c2c6cb6f61cfaa54a8518536ae758499/transformed/jetified-lifecycle-runtime-ktx-2.7.0-runtime is not up-to-date because:
  No history is available.
Caching disabled for IdentityTransform: /home/runner/.gradle/caches/transforms-3/040441f80df3c61eb80ae4c119c5782a/transformed/jetified-accompanist-drawablepainter-0.32.0-runtime.jar because:
  Build cache is disabled
IdentityTransform: /home/runner/.gradle/caches/transforms-3/040441f80df3c61eb80ae4c119c5782a/transformed/jetified-accompanist-drawablepainter-0.32.0-runtime.jar is not up-to-date because:
  No history is available.
Transforming accompanist-drawablepainter-0.32.0.aar (com.google.accompanist:accompanist-drawablepainter:0.32.0) with DexingNoClasspathTransform
Caching disabled for DexingNoClasspathTransform: /home/runner/.gradle/caches/transforms-3/040441f80df3c61eb80ae4c119c5782a/transformed/jetified-accompanist-drawablepainter-0.32.0-runtime.jar because:
  Build cache is disabled
DexingNoClasspathTransform: /home/runner/.gradle/caches/transforms-3/040441f80df3c61eb80ae4c119c5782a/transformed/jetified-accompanist-drawablepainter-0.32.0-runtime.jar is not up-to-date because:
  No history is available.
The input changes require a full rebuild for incremental DexingNoClasspathTransform: /home/runner/.gradle/caches/transforms-3/040441f80df3c61eb80ae4c119c5782a/transformed/jetified-accompanist-drawablepainter-0.32.0-runtime.jar.
Running dexing transform non-incrementally for '/home/runner/.gradle/caches/transforms-3/040441f80df3c61eb80ae4c119c5782a/transformed/jetified-accompanist-drawablepainter-0.32.0-runtime.jar'
Transforming lifecycle-viewmodel-compose-2.7.0.aar (androidx.lifecycle:lifecycle-viewmodel-compose:2.7.0) with DexingOutputSplitTransform
Caching disabled for DexingOutputSplitTransform: /home/runner/.gradle/caches/transforms-3/e7c7ba81e259903fcb7acceb9bf0fff8/transformed/jetified-lifecycle-viewmodel-compose-2.7.0-runtime because:
  Build cache is disabled
DexingOutputSplitTransform: /home/runner/.gradle/caches/transforms-3/e7c7ba81e259903fcb7acceb9bf0fff8/transformed/jetified-lifecycle-viewmodel-compose-2.7.0-runtime is not up-to-date because:
  No history is available.
Caching disabled for IdentityTransform: /home/runner/.gradle/caches/transforms-3/22cdc801034db69e623dc6b67fbb3141/transformed/jetified-ui-release-runtime.jar because:
  Build cache is disabled
IdentityTransform: /home/runner/.gradle/caches/transforms-3/22cdc801034db69e623dc6b67fbb3141/transformed/jetified-ui-release-runtime.jar is not up-to-date because:
  No history is available.
Transforming ui-release.aar (androidx.compose.ui:ui-android:1.6.0) with DexingNoClasspathTransform
Caching disabled for DexingNoClasspathTransform: /home/runner/.gradle/caches/transforms-3/22cdc801034db69e623dc6b67fbb3141/transformed/jetified-ui-release-runtime.jar because:
  Build cache is disabled
DexingNoClasspathTransform: /home/runner/.gradle/caches/transforms-3/22cdc801034db69e623dc6b67fbb3141/transformed/jetified-ui-release-runtime.jar is not up-to-date because:
  No history is available.
The input changes require a full rebuild for incremental DexingNoClasspathTransform: /home/runner/.gradle/caches/transforms-3/22cdc801034db69e623dc6b67fbb3141/transformed/jetified-ui-release-runtime.jar.
Running dexing transform non-incrementally for '/home/runner/.gradle/caches/transforms-3/22cdc801034db69e623dc6b67fbb3141/transformed/jetified-ui-release-runtime.jar'
Transforming accompanist-drawablepainter-0.32.0.aar (com.google.accompanist:accompanist-drawablepainter:0.32.0) with DexingOutputSplitTransform
Caching disabled for DexingOutputSplitTransform: /home/runner/.gradle/caches/transforms-3/86b286f9bbb2cb96b77251021ff413fc/transformed/jetified-accompanist-drawablepainter-0.32.0-runtime because:
  Build cache is disabled
DexingOutputSplitTransform: /home/runner/.gradle/caches/transforms-3/86b286f9bbb2cb96b77251021ff413fc/transformed/jetified-accompanist-drawablepainter-0.32.0-runtime is not up-to-date because:
  No history is available.
Caching disabled for IdentityTransform: /home/runner/.gradle/caches/transforms-3/752c387f22dea4e6ea02efc2e9fb7461/transformed/jetified-autofill-1.0.0-runtime.jar because:
  Build cache is disabled
IdentityTransform: /home/runner/.gradle/caches/transforms-3/752c387f22dea4e6ea02efc2e9fb7461/transformed/jetified-autofill-1.0.0-runtime.jar is not up-to-date because:
  No history is available.
Transforming autofill-1.0.0.aar (androidx.autofill:autofill:1.0.0) with DexingNoClasspathTransform
Caching disabled for DexingNoClasspathTransform: /home/runner/.gradle/caches/transforms-3/752c387f22dea4e6ea02efc2e9fb7461/transformed/jetified-autofill-1.0.0-runtime.jar because:
  Build cache is disabled
DexingNoClasspathTransform: /home/runner/.gradle/caches/transforms-3/752c387f22dea4e6ea02efc2e9fb7461/transformed/jetified-autofill-1.0.0-runtime.jar is not up-to-date because:
  No history is available.
The input changes require a full rebuild for incremental DexingNoClasspathTransform: /home/runner/.gradle/caches/transforms-3/752c387f22dea4e6ea02efc2e9fb7461/transformed/jetified-autofill-1.0.0-runtime.jar.
Running dexing transform non-incrementally for '/home/runner/.gradle/caches/transforms-3/752c387f22dea4e6ea02efc2e9fb7461/transformed/jetified-autofill-1.0.0-runtime.jar'
Transforming autofill-1.0.0.aar (androidx.autofill:autofill:1.0.0) with DexingOutputSplitTransform
Caching disabled for DexingOutputSplitTransform: /home/runner/.gradle/caches/transforms-3/8a1901aeaae8c2335f3e63ec62266703/transformed/jetified-autofill-1.0.0-runtime because:
  Build cache is disabled
DexingOutputSplitTransform: /home/runner/.gradle/caches/transforms-3/8a1901aeaae8c2335f3e63ec62266703/transformed/jetified-autofill-1.0.0-runtime is not up-to-date because:
  No history is available.
Caching disabled for IdentityTransform: /home/runner/.gradle/caches/transforms-3/6bbe19e26933265645f2e8bb7df46371/transformed/jetified-appcompat-resources-1.6.1-runtime.jar because:
  Build cache is disabled
IdentityTransform: /home/runner/.gradle/caches/transforms-3/6bbe19e26933265645f2e8bb7df46371/transformed/jetified-appcompat-resources-1.6.1-runtime.jar is not up-to-date because:
  No history is available.
Transforming appcompat-resources-1.6.1.aar (androidx.appcompat:appcompat-resources:1.6.1) with DexingNoClasspathTransform
Caching disabled for DexingNoClasspathTransform: /home/runner/.gradle/caches/transforms-3/6bbe19e26933265645f2e8bb7df46371/transformed/jetified-appcompat-resources-1.6.1-runtime.jar because:
  Build cache is disabled
DexingNoClasspathTransform: /home/runner/.gradle/caches/transforms-3/6bbe19e26933265645f2e8bb7df46371/transformed/jetified-appcompat-resources-1.6.1-runtime.jar is not up-to-date because:
  No history is available.
The input changes require a full rebuild for incremental DexingNoClasspathTransform: /home/runner/.gradle/caches/transforms-3/6bbe19e26933265645f2e8bb7df46371/transformed/jetified-appcompat-resources-1.6.1-runtime.jar.
Running dexing transform non-incrementally for '/home/runner/.gradle/caches/transforms-3/6bbe19e26933265645f2e8bb7df46371/transformed/jetified-appcompat-resources-1.6.1-runtime.jar'
Transforming foundation-release.aar (androidx.compose.foundation:foundation-android:1.6.0) with DexingOutputSplitTransform
Caching disabled for DexingOutputSplitTransform: /home/runner/.gradle/caches/transforms-3/201c8494c1a7edb8e145674e98c4bcd2/transformed/jetified-foundation-release-runtime because:
  Build cache is disabled
DexingOutputSplitTransform: /home/runner/.gradle/caches/transforms-3/201c8494c1a7edb8e145674e98c4bcd2/transformed/jetified-foundation-release-runtime is not up-to-date because:
  No history is available.
Caching disabled for IdentityTransform: /home/runner/.gradle/caches/transforms-3/b022a022e6e27d3170f28afb58cf62a6/transformed/vectordrawable-animated-1.1.0-runtime.jar because:
  Build cache is disabled
IdentityTransform: /home/runner/.gradle/caches/transforms-3/b022a022e6e27d3170f28afb58cf62a6/transformed/vectordrawable-animated-1.1.0-runtime.jar is not up-to-date because:
  No history is available.
Transforming vectordrawable-animated-1.1.0.aar (androidx.vectordrawable:vectordrawable-animated:1.1.0) with DexingNoClasspathTransform
Caching disabled for DexingNoClasspathTransform: /home/runner/.gradle/caches/transforms-3/b022a022e6e27d3170f28afb58cf62a6/transformed/vectordrawable-animated-1.1.0-runtime.jar because:
  Build cache is disabled
DexingNoClasspathTransform: /home/runner/.gradle/caches/transforms-3/b022a022e6e27d3170f28afb58cf62a6/transformed/vectordrawable-animated-1.1.0-runtime.jar is not up-to-date because:
  No history is available.
The input changes require a full rebuild for incremental DexingNoClasspathTransform: /home/runner/.gradle/caches/transforms-3/b022a022e6e27d3170f28afb58cf62a6/transformed/vectordrawable-animated-1.1.0-runtime.jar.
Running dexing transform non-incrementally for '/home/runner/.gradle/caches/transforms-3/b022a022e6e27d3170f28afb58cf62a6/transformed/vectordrawable-animated-1.1.0-runtime.jar'
Transforming vectordrawable-animated-1.1.0.aar (androidx.vectordrawable:vectordrawable-animated:1.1.0) with DexingOutputSplitTransform
Caching disabled for DexingOutputSplitTransform: /home/runner/.gradle/caches/transforms-3/ba771bf1c0c595f93e690cef1a90a27d/transformed/vectordrawable-animated-1.1.0-runtime because:
  Build cache is disabled
DexingOutputSplitTransform: /home/runner/.gradle/caches/transforms-3/ba771bf1c0c595f93e690cef1a90a27d/transformed/vectordrawable-animated-1.1.0-runtime is not up-to-date because:
  No history is available.
Caching disabled for IdentityTransform: /home/runner/.gradle/caches/transforms-3/0dcb971e31783637f45632e7026e633f/transformed/vectordrawable-1.1.0-runtime.jar because:
  Build cache is disabled
IdentityTransform: /home/runner/.gradle/caches/transforms-3/0dcb971e31783637f45632e7026e633f/transformed/vectordrawable-1.1.0-runtime.jar is not up-to-date because:
  No history is available.
Transforming vectordrawable-1.1.0.aar (androidx.vectordrawable:vectordrawable:1.1.0) with DexingNoClasspathTransform
Caching disabled for DexingNoClasspathTransform: /home/runner/.gradle/caches/transforms-3/0dcb971e31783637f45632e7026e633f/transformed/vectordrawable-1.1.0-runtime.jar because:
  Build cache is disabled
DexingNoClasspathTransform: /home/runner/.gradle/caches/transforms-3/0dcb971e31783637f45632e7026e633f/transformed/vectordrawable-1.1.0-runtime.jar is not up-to-date because:
  No history is available.
The input changes require a full rebuild for incremental DexingNoClasspathTransform: /home/runner/.gradle/caches/transforms-3/0dcb971e31783637f45632e7026e633f/transformed/vectordrawable-1.1.0-runtime.jar.
Running dexing transform non-incrementally for '/home/runner/.gradle/caches/transforms-3/0dcb971e31783637f45632e7026e633f/transformed/vectordrawable-1.1.0-runtime.jar'
Transforming ui-tooling-release.aar (androidx.compose.ui:ui-tooling-android:1.6.0) with DexingOutputSplitTransform
Caching disabled for DexingOutputSplitTransform: /home/runner/.gradle/caches/transforms-3/60f8711f4bf3c3f0f5dd9315e5909057/transformed/jetified-ui-tooling-release-runtime because:
  Build cache is disabled
DexingOutputSplitTransform: /home/runner/.gradle/caches/transforms-3/60f8711f4bf3c3f0f5dd9315e5909057/transformed/jetified-ui-tooling-release-runtime is not up-to-date because:
  No history is available.
Transforming vectordrawable-1.1.0.aar (androidx.vectordrawable:vectordrawable:1.1.0) with DexingNoClasspathTransform
Transforming appcompat-resources-1.6.1.aar (androidx.appcompat:appcompat-resources:1.6.1) with DexingOutputSplitTransform
Caching disabled for DexingOutputSplitTransform: /home/runner/.gradle/caches/transforms-3/f10161b1f7fcc73103da8a5c1d2cec1b/transformed/jetified-appcompat-resources-1.6.1-runtime because:
  Build cache is disabled
DexingOutputSplitTransform: /home/runner/.gradle/caches/transforms-3/f10161b1f7fcc73103da8a5c1d2cec1b/transformed/jetified-appcompat-resources-1.6.1-runtime is not up-to-date because:
  No history is available.
Caching disabled for IdentityTransform: /home/runner/.gradle/caches/transforms-3/658c5316794f39274cf6c178f0771ebc/transformed/core-1.12.0-runtime.jar because:
  Build cache is disabled
IdentityTransform: /home/runner/.gradle/caches/transforms-3/658c5316794f39274cf6c178f0771ebc/transformed/core-1.12.0-runtime.jar is not up-to-date because:
  No history is available.
Transforming core-1.12.0.aar (androidx.core:core:1.12.0) with DexingNoClasspathTransform
Caching disabled for DexingNoClasspathTransform: /home/runner/.gradle/caches/transforms-3/658c5316794f39274cf6c178f0771ebc/transformed/core-1.12.0-runtime.jar because:
  Build cache is disabled
DexingNoClasspathTransform: /home/runner/.gradle/caches/transforms-3/658c5316794f39274cf6c178f0771ebc/transformed/core-1.12.0-runtime.jar is not up-to-date because:
  No history is available.
The input changes require a full rebuild for incremental DexingNoClasspathTransform: /home/runner/.gradle/caches/transforms-3/658c5316794f39274cf6c178f0771ebc/transformed/core-1.12.0-runtime.jar.
Running dexing transform non-incrementally for '/home/runner/.gradle/caches/transforms-3/658c5316794f39274cf6c178f0771ebc/transformed/core-1.12.0-runtime.jar'
Transforming vectordrawable-1.1.0.aar (androidx.vectordrawable:vectordrawable:1.1.0) with DexingOutputSplitTransform
Transforming vectordrawable-1.1.0.aar (androidx.vectordrawable:vectordrawable:1.1.0) with DexingOutputSplitTransform
Caching disabled for DexingOutputSplitTransform: /home/runner/.gradle/caches/transforms-3/acb85450900497a68d47317027f0c27a/transformed/vectordrawable-1.1.0-runtime because:
  Build cache is disabled
DexingOutputSplitTransform: /home/runner/.gradle/caches/transforms-3/acb85450900497a68d47317027f0c27a/transformed/vectordrawable-1.1.0-runtime is not up-to-date because:
  No history is available.
Transforming core-1.12.0.aar (androidx.core:core:1.12.0) with DexingNoClasspathTransform
Transforming core-1.12.0.aar (androidx.core:core:1.12.0) with DexingOutputSplitTransform
Transforming core-1.12.0.aar (androidx.core:core:1.12.0) with DexingOutputSplitTransform
Caching disabled for DexingOutputSplitTransform: /home/runner/.gradle/caches/transforms-3/4bbe124c571e96dada84dd55915bb0f1/transformed/core-1.12.0-runtime because:
  Build cache is disabled
DexingOutputSplitTransform: /home/runner/.gradle/caches/transforms-3/4bbe124c571e96dada84dd55915bb0f1/transformed/core-1.12.0-runtime is not up-to-date because:
  No history is available.
Caching disabled for IdentityTransform: /home/runner/.gradle/caches/transforms-3/1194590fa28950027edc65f868f0ccac/transformed/jetified-core-ktx-1.12.0-runtime.jar because:
  Build cache is disabled
Caching disabled for IdentityTransform: /home/runner/.gradle/caches/transforms-3/8b741316a57a858885765e0c847456db/transformed/jetified-annotation-experimental-1.3.0-runtime.jar because:
  Build cache is disabled
IdentityTransform: /home/runner/.gradle/caches/transforms-3/1194590fa28950027edc65f868f0ccac/transformed/jetified-core-ktx-1.12.0-runtime.jar is not up-to-date because:
  No history is available.
IdentityTransform: /home/runner/.gradle/caches/transforms-3/8b741316a57a858885765e0c847456db/transformed/jetified-annotation-experimental-1.3.0-runtime.jar is not up-to-date because:
  No history is available.
Transforming annotation-experimental-1.3.0.aar (androidx.annotation:annotation-experimental:1.3.0) with DexingNoClasspathTransform
Caching disabled for DexingNoClasspathTransform: /home/runner/.gradle/caches/transforms-3/8b741316a57a858885765e0c847456db/transformed/jetified-annotation-experimental-1.3.0-runtime.jar because:
  Build cache is disabled
Caching disabled for IdentityTransform: /home/runner/.gradle/caches/transforms-3/078ee2202adac277b9e2285ae92aa609/transformed/jetified-customview-poolingcontainer-1.0.0-runtime.jar because:
  Build cache is disabled
IdentityTransform: /home/runner/.gradle/caches/transforms-3/078ee2202adac277b9e2285ae92aa609/transformed/jetified-customview-poolingcontainer-1.0.0-runtime.jar is not up-to-date because:
  No history is available.
DexingNoClasspathTransform: /home/runner/.gradle/caches/transforms-3/8b741316a57a858885765e0c847456db/transformed/jetified-annotation-experimental-1.3.0-runtime.jar is not up-to-date because:
  No history is available.
The input changes require a full rebuild for incremental DexingNoClasspathTransform: /home/runner/.gradle/caches/transforms-3/8b741316a57a858885765e0c847456db/transformed/jetified-annotation-experimental-1.3.0-runtime.jar.
Running dexing transform non-incrementally for '/home/runner/.gradle/caches/transforms-3/8b741316a57a858885765e0c847456db/transformed/jetified-annotation-experimental-1.3.0-runtime.jar'
Transforming core-ktx-1.12.0.aar (androidx.core:core-ktx:1.12.0) with DexingNoClasspathTransform
Transforming customview-poolingcontainer-1.0.0.aar (androidx.customview:customview-poolingcontainer:1.0.0) with DexingNoClasspathTransform
Caching disabled for DexingNoClasspathTransform: /home/runner/.gradle/caches/transforms-3/1194590fa28950027edc65f868f0ccac/transformed/jetified-core-ktx-1.12.0-runtime.jar because:
  Build cache is disabled
DexingNoClasspathTransform: /home/runner/.gradle/caches/transforms-3/1194590fa28950027edc65f868f0ccac/transformed/jetified-core-ktx-1.12.0-runtime.jar is not up-to-date because:
  No history is available.
The input changes require a full rebuild for incremental DexingNoClasspathTransform: /home/runner/.gradle/caches/transforms-3/1194590fa28950027edc65f868f0ccac/transformed/jetified-core-ktx-1.12.0-runtime.jar.
Running dexing transform non-incrementally for '/home/runner/.gradle/caches/transforms-3/1194590fa28950027edc65f868f0ccac/transformed/jetified-core-ktx-1.12.0-runtime.jar'
Caching disabled for DexingNoClasspathTransform: /home/runner/.gradle/caches/transforms-3/078ee2202adac277b9e2285ae92aa609/transformed/jetified-customview-poolingcontainer-1.0.0-runtime.jar because:
  Build cache is disabled
DexingNoClasspathTransform: /home/runner/.gradle/caches/transforms-3/078ee2202adac277b9e2285ae92aa609/transformed/jetified-customview-poolingcontainer-1.0.0-runtime.jar is not up-to-date because:
  No history is available.
The input changes require a full rebuild for incremental DexingNoClasspathTransform: /home/runner/.gradle/caches/transforms-3/078ee2202adac277b9e2285ae92aa609/transformed/jetified-customview-poolingcontainer-1.0.0-runtime.jar.
Running dexing transform non-incrementally for '/home/runner/.gradle/caches/transforms-3/078ee2202adac277b9e2285ae92aa609/transformed/jetified-customview-poolingcontainer-1.0.0-runtime.jar'
Transforming annotation-experimental-1.3.0.aar (androidx.annotation:annotation-experimental:1.3.0) with DexingOutputSplitTransform
Caching disabled for DexingOutputSplitTransform: /home/runner/.gradle/caches/transforms-3/19c312715eeecbd60f7284e16e365d3c/transformed/jetified-annotation-experimental-1.3.0-runtime because:
  Build cache is disabled
DexingOutputSplitTransform: /home/runner/.gradle/caches/transforms-3/19c312715eeecbd60f7284e16e365d3c/transformed/jetified-annotation-experimental-1.3.0-runtime is not up-to-date because:
  No history is available.
Caching disabled for IdentityTransform: /home/runner/.gradle/caches/transforms-3/83ce9945126df3d2dbee503deb804696/transformed/jetified-runtime-saveable-release-runtime.jar because:
  Build cache is disabled
IdentityTransform: /home/runner/.gradle/caches/transforms-3/83ce9945126df3d2dbee503deb804696/transformed/jetified-runtime-saveable-release-runtime.jar is not up-to-date because:
  No history is available.
Transforming runtime-saveable-release.aar (androidx.compose.runtime:runtime-saveable-android:1.6.0) with DexingNoClasspathTransform
Caching disabled for DexingNoClasspathTransform: /home/runner/.gradle/caches/transforms-3/83ce9945126df3d2dbee503deb804696/transformed/jetified-runtime-saveable-release-runtime.jar because:
  Build cache is disabled
DexingNoClasspathTransform: /home/runner/.gradle/caches/transforms-3/83ce9945126df3d2dbee503deb804696/transformed/jetified-runtime-saveable-release-runtime.jar is not up-to-date because:
  No history is available.
The input changes require a full rebuild for incremental DexingNoClasspathTransform: /home/runner/.gradle/caches/transforms-3/83ce9945126df3d2dbee503deb804696/transformed/jetified-runtime-saveable-release-runtime.jar.
Running dexing transform non-incrementally for '/home/runner/.gradle/caches/transforms-3/83ce9945126df3d2dbee503deb804696/transformed/jetified-runtime-saveable-release-runtime.jar'
Transforming customview-poolingcontainer-1.0.0.aar (androidx.customview:customview-poolingcontainer:1.0.0) with DexingOutputSplitTransform
Caching disabled for DexingOutputSplitTransform: /home/runner/.gradle/caches/transforms-3/ce4471299cfa34ce70f90e3211f2fbe4/transformed/jetified-customview-poolingcontainer-1.0.0-runtime because:
  Build cache is disabled
DexingOutputSplitTransform: /home/runner/.gradle/caches/transforms-3/ce4471299cfa34ce70f90e3211f2fbe4/transformed/jetified-customview-poolingcontainer-1.0.0-runtime is not up-to-date because:
  No history is available.
Caching disabled for IdentityTransform: /home/runner/.gradle/caches/transforms-3/cd5a09e9f63888649ab4edd2ca023879/transformed/jetified-runtime-release-runtime.jar because:
  Build cache is disabled
IdentityTransform: /home/runner/.gradle/caches/transforms-3/cd5a09e9f63888649ab4edd2ca023879/transformed/jetified-runtime-release-runtime.jar is not up-to-date because:
  No history is available.
Transforming runtime-release.aar (androidx.compose.runtime:runtime-android:1.6.0) with DexingNoClasspathTransform
Caching disabled for DexingNoClasspathTransform: /home/runner/.gradle/caches/transforms-3/cd5a09e9f63888649ab4edd2ca023879/transformed/jetified-runtime-release-runtime.jar because:
  Build cache is disabled
DexingNoClasspathTransform: /home/runner/.gradle/caches/transforms-3/cd5a09e9f63888649ab4edd2ca023879/transformed/jetified-runtime-release-runtime.jar is not up-to-date because:
  No history is available.
The input changes require a full rebuild for incremental DexingNoClasspathTransform: /home/runner/.gradle/caches/transforms-3/cd5a09e9f63888649ab4edd2ca023879/transformed/jetified-runtime-release-runtime.jar.
Running dexing transform non-incrementally for '/home/runner/.gradle/caches/transforms-3/cd5a09e9f63888649ab4edd2ca023879/transformed/jetified-runtime-release-runtime.jar'
Transforming runtime-saveable-release.aar (androidx.compose.runtime:runtime-saveable-android:1.6.0) with DexingOutputSplitTransform
Caching disabled for DexingOutputSplitTransform: /home/runner/.gradle/caches/transforms-3/8a13ebe0953684b22cd467d40db0c9a1/transformed/jetified-runtime-saveable-release-runtime because:
  Build cache is disabled
DexingOutputSplitTransform: /home/runner/.gradle/caches/transforms-3/8a13ebe0953684b22cd467d40db0c9a1/transformed/jetified-runtime-saveable-release-runtime is not up-to-date because:
  No history is available.
Caching disabled for DexingNoClasspathTransform: /home/runner/.gradle/caches/transforms-3/25156b51efef449af8f5f9d98fe24d40/transformed/jetified-kotlinx-coroutines-core-jvm-1.7.3.jar because:
  Build cache is disabled
DexingNoClasspathTransform: /home/runner/.gradle/caches/transforms-3/25156b51efef449af8f5f9d98fe24d40/transformed/jetified-kotlinx-coroutines-core-jvm-1.7.3.jar is not up-to-date because:
  No history is available.
The input changes require a full rebuild for incremental DexingNoClasspathTransform: /home/runner/.gradle/caches/transforms-3/25156b51efef449af8f5f9d98fe24d40/transformed/jetified-kotlinx-coroutines-core-jvm-1.7.3.jar.
Running dexing transform non-incrementally for '/home/runner/.gradle/caches/transforms-3/25156b51efef449af8f5f9d98fe24d40/transformed/jetified-kotlinx-coroutines-core-jvm-1.7.3.jar'
Transforming core-ktx-1.12.0.aar (androidx.core:core-ktx:1.12.0) with DexingOutputSplitTransform
Caching disabled for DexingOutputSplitTransform: /home/runner/.gradle/caches/transforms-3/b22fe603979e7adba82a30a8e185e660/transformed/jetified-core-ktx-1.12.0-runtime because:
  Build cache is disabled
DexingOutputSplitTransform: /home/runner/.gradle/caches/transforms-3/b22fe603979e7adba82a30a8e185e660/transformed/jetified-core-ktx-1.12.0-runtime is not up-to-date because:
  No history is available.
Caching disabled for DexingNoClasspathTransform: /home/runner/.gradle/caches/transforms-3/3123eb3fd66456f2e1a3ae695c9db5f7/transformed/jetified-kotlinx-coroutines-android-1.7.3.jar because:
  Build cache is disabled
DexingNoClasspathTransform: /home/runner/.gradle/caches/transforms-3/3123eb3fd66456f2e1a3ae695c9db5f7/transformed/jetified-kotlinx-coroutines-android-1.7.3.jar is not up-to-date because:
  No history is available.
The input changes require a full rebuild for incremental DexingNoClasspathTransform: /home/runner/.gradle/caches/transforms-3/3123eb3fd66456f2e1a3ae695c9db5f7/transformed/jetified-kotlinx-coroutines-android-1.7.3.jar.
Running dexing transform non-incrementally for '/home/runner/.gradle/caches/transforms-3/3123eb3fd66456f2e1a3ae695c9db5f7/transformed/jetified-kotlinx-coroutines-android-1.7.3.jar'
Transforming kotlinx-coroutines-android-1.7.3.jar (org.jetbrains.kotlinx:kotlinx-coroutines-android:1.7.3) with DexingOutputSplitTransform
Caching disabled for DexingOutputSplitTransform: /home/runner/.gradle/caches/transforms-3/a26e9cc75fdc884a0b839f3e5329c625/transformed/jetified-kotlinx-coroutines-android-1.7.3 because:
  Build cache is disabled
DexingOutputSplitTransform: /home/runner/.gradle/caches/transforms-3/a26e9cc75fdc884a0b839f3e5329c625/transformed/jetified-kotlinx-coroutines-android-1.7.3 is not up-to-date because:
  No history is available.
Caching disabled for DexingNoClasspathTransform: /home/runner/.gradle/caches/transforms-3/a7a4f3a7865bb0d12010d24ece7126e5/transformed/jetified-okhttp-4.12.0.jar because:
  Build cache is disabled
DexingNoClasspathTransform: /home/runner/.gradle/caches/transforms-3/a7a4f3a7865bb0d12010d24ece7126e5/transformed/jetified-okhttp-4.12.0.jar is not up-to-date because:
  No history is available.
The input changes require a full rebuild for incremental DexingNoClasspathTransform: /home/runner/.gradle/caches/transforms-3/a7a4f3a7865bb0d12010d24ece7126e5/transformed/jetified-okhttp-4.12.0.jar.
Running dexing transform non-incrementally for '/home/runner/.gradle/caches/transforms-3/a7a4f3a7865bb0d12010d24ece7126e5/transformed/jetified-okhttp-4.12.0.jar'
Transforming ui-release.aar (androidx.compose.ui:ui-android:1.6.0) with DexingOutputSplitTransform
Caching disabled for DexingOutputSplitTransform: /home/runner/.gradle/caches/transforms-3/ad689e33b87cb65b85d98d507c4dcd17/transformed/jetified-ui-release-runtime because:
  Build cache is disabled
DexingOutputSplitTransform: /home/runner/.gradle/caches/transforms-3/ad689e33b87cb65b85d98d507c4dcd17/transformed/jetified-ui-release-runtime is not up-to-date because:
  No history is available.
Caching disabled for DexingNoClasspathTransform: /home/runner/.gradle/caches/transforms-3/e940cd590d4f3ced0672bbff17adda10/transformed/jetified-okio-jvm-3.6.0.jar because:
  Build cache is disabled
DexingNoClasspathTransform: /home/runner/.gradle/caches/transforms-3/e940cd590d4f3ced0672bbff17adda10/transformed/jetified-okio-jvm-3.6.0.jar is not up-to-date because:
  No history is available.
The input changes require a full rebuild for incremental DexingNoClasspathTransform: /home/runner/.gradle/caches/transforms-3/e940cd590d4f3ced0672bbff17adda10/transformed/jetified-okio-jvm-3.6.0.jar.
Running dexing transform non-incrementally for '/home/runner/.gradle/caches/transforms-3/e940cd590d4f3ced0672bbff17adda10/transformed/jetified-okio-jvm-3.6.0.jar'
Transforming okhttp-4.12.0.jar (com.squareup.okhttp3:okhttp:4.12.0) with DexingOutputSplitTransform
Caching disabled for DexingOutputSplitTransform: /home/runner/.gradle/caches/transforms-3/eddd044f0639667c47681cf2a2a5b127/transformed/jetified-okhttp-4.12.0 because:
  Build cache is disabled
DexingOutputSplitTransform: /home/runner/.gradle/caches/transforms-3/eddd044f0639667c47681cf2a2a5b127/transformed/jetified-okhttp-4.12.0 is not up-to-date because:
  No history is available.
Caching disabled for DexingNoClasspathTransform: /home/runner/.gradle/caches/transforms-3/cf6217d7b712518ebeb039f589f5a771/transformed/jetified-kotlin-stdlib-jdk8-1.9.10.jar because:
  Build cache is disabled
DexingNoClasspathTransform: /home/runner/.gradle/caches/transforms-3/cf6217d7b712518ebeb039f589f5a771/transformed/jetified-kotlin-stdlib-jdk8-1.9.10.jar is not up-to-date because:
  No history is available.
The input changes require a full rebuild for incremental DexingNoClasspathTransform: /home/runner/.gradle/caches/transforms-3/cf6217d7b712518ebeb039f589f5a771/transformed/jetified-kotlin-stdlib-jdk8-1.9.10.jar.
Running dexing transform non-incrementally for '/home/runner/.gradle/caches/transforms-3/cf6217d7b712518ebeb039f589f5a771/transformed/jetified-kotlin-stdlib-jdk8-1.9.10.jar'
Transforming kotlin-stdlib-jdk8-1.9.10.jar (org.jetbrains.kotlin:kotlin-stdlib-jdk8:1.9.10) with DexingOutputSplitTransform
Caching disabled for DexingOutputSplitTransform: /home/runner/.gradle/caches/transforms-3/aa692bc8dc71589feafb359294f466d9/transformed/jetified-kotlin-stdlib-jdk8-1.9.10 because:
  Build cache is disabled
DexingOutputSplitTransform: /home/runner/.gradle/caches/transforms-3/aa692bc8dc71589feafb359294f466d9/transformed/jetified-kotlin-stdlib-jdk8-1.9.10 is not up-to-date because:
  No history is available.
Caching disabled for DexingNoClasspathTransform: /home/runner/.gradle/caches/transforms-3/544690dd0e43aca0bc6e8c841ba3fd2c/transformed/jetified-kotlin-stdlib-jdk7-1.9.10.jar because:
  Build cache is disabled
DexingNoClasspathTransform: /home/runner/.gradle/caches/transforms-3/544690dd0e43aca0bc6e8c841ba3fd2c/transformed/jetified-kotlin-stdlib-jdk7-1.9.10.jar is not up-to-date because:
  No history is available.
The input changes require a full rebuild for incremental DexingNoClasspathTransform: /home/runner/.gradle/caches/transforms-3/544690dd0e43aca0bc6e8c841ba3fd2c/transformed/jetified-kotlin-stdlib-jdk7-1.9.10.jar.
Running dexing transform non-incrementally for '/home/runner/.gradle/caches/transforms-3/544690dd0e43aca0bc6e8c841ba3fd2c/transformed/jetified-kotlin-stdlib-jdk7-1.9.10.jar'
Transforming kotlin-stdlib-jdk7-1.9.10.jar (org.jetbrains.kotlin:kotlin-stdlib-jdk7:1.9.10) with DexingOutputSplitTransform
Caching disabled for DexingOutputSplitTransform: /home/runner/.gradle/caches/transforms-3/bd531384f66b18e68ee7eaf3a3629603/transformed/jetified-kotlin-stdlib-jdk7-1.9.10 because:
  Build cache is disabled
DexingOutputSplitTransform: /home/runner/.gradle/caches/transforms-3/bd531384f66b18e68ee7eaf3a3629603/transformed/jetified-kotlin-stdlib-jdk7-1.9.10 is not up-to-date because:
  No history is available.
Caching disabled for IdentityTransform: /home/runner/.gradle/caches/transforms-3/4c6c0867578b0f51b0021a487edecd36/transformed/versionedparcelable-1.1.1-runtime.jar because:
  Build cache is disabled
IdentityTransform: /home/runner/.gradle/caches/transforms-3/4c6c0867578b0f51b0021a487edecd36/transformed/versionedparcelable-1.1.1-runtime.jar is not up-to-date because:
  No history is available.
Transforming versionedparcelable-1.1.1.aar (androidx.versionedparcelable:versionedparcelable:1.1.1) with DexingNoClasspathTransform
Caching disabled for DexingNoClasspathTransform: /home/runner/.gradle/caches/transforms-3/4c6c0867578b0f51b0021a487edecd36/transformed/versionedparcelable-1.1.1-runtime.jar because:
  Build cache is disabled
DexingNoClasspathTransform: /home/runner/.gradle/caches/transforms-3/4c6c0867578b0f51b0021a487edecd36/transformed/versionedparcelable-1.1.1-runtime.jar is not up-to-date because:
  No history is available.
The input changes require a full rebuild for incremental DexingNoClasspathTransform: /home/runner/.gradle/caches/transforms-3/4c6c0867578b0f51b0021a487edecd36/transformed/versionedparcelable-1.1.1-runtime.jar.
Running dexing transform non-incrementally for '/home/runner/.gradle/caches/transforms-3/4c6c0867578b0f51b0021a487edecd36/transformed/versionedparcelable-1.1.1-runtime.jar'
Transforming versionedparcelable-1.1.1.aar (androidx.versionedparcelable:versionedparcelable:1.1.1) with DexingOutputSplitTransform
Caching disabled for DexingOutputSplitTransform: /home/runner/.gradle/caches/transforms-3/9313272db20efd4392511eb985905cc3/transformed/versionedparcelable-1.1.1-runtime because:
  Build cache is disabled
DexingOutputSplitTransform: /home/runner/.gradle/caches/transforms-3/9313272db20efd4392511eb985905cc3/transformed/versionedparcelable-1.1.1-runtime is not up-to-date because:
  No history is available.
Caching disabled for DexingNoClasspathTransform: /home/runner/.gradle/caches/transforms-3/75b8e7b9f3b28d524db63b6d0b84e35f/transformed/jetified-collection-ktx-1.4.0.jar because:
  Build cache is disabled
DexingNoClasspathTransform: /home/runner/.gradle/caches/transforms-3/75b8e7b9f3b28d524db63b6d0b84e35f/transformed/jetified-collection-ktx-1.4.0.jar is not up-to-date because:
  No history is available.
The input changes require a full rebuild for incremental DexingNoClasspathTransform: /home/runner/.gradle/caches/transforms-3/75b8e7b9f3b28d524db63b6d0b84e35f/transformed/jetified-collection-ktx-1.4.0.jar.
Running dexing transform non-incrementally for '/home/runner/.gradle/caches/transforms-3/75b8e7b9f3b28d524db63b6d0b84e35f/transformed/jetified-collection-ktx-1.4.0.jar'
Transforming collection-ktx-1.4.0.jar (androidx.collection:collection-ktx:1.4.0) with DexingOutputSplitTransform
Caching disabled for DexingOutputSplitTransform: /home/runner/.gradle/caches/transforms-3/29282e78873112ec029180d6a4c34921/transformed/jetified-collection-ktx-1.4.0 because:
  Build cache is disabled
DexingOutputSplitTransform: /home/runner/.gradle/caches/transforms-3/29282e78873112ec029180d6a4c34921/transformed/jetified-collection-ktx-1.4.0 is not up-to-date because:
  No history is available.
Caching disabled for DexingNoClasspathTransform: /home/runner/.gradle/caches/transforms-3/b64103b97604d66675a064fc5cf2f484/transformed/jetified-collection-jvm-1.4.0.jar because:
  Build cache is disabled
DexingNoClasspathTransform: /home/runner/.gradle/caches/transforms-3/b64103b97604d66675a064fc5cf2f484/transformed/jetified-collection-jvm-1.4.0.jar is not up-to-date because:
  No history is available.
The input changes require a full rebuild for incremental DexingNoClasspathTransform: /home/runner/.gradle/caches/transforms-3/b64103b97604d66675a064fc5cf2f484/transformed/jetified-collection-jvm-1.4.0.jar.
Running dexing transform non-incrementally for '/home/runner/.gradle/caches/transforms-3/b64103b97604d66675a064fc5cf2f484/transformed/jetified-collection-jvm-1.4.0.jar'
INFO: D8: Stripped invalid locals information from 2 methods.
INFO: /home/runner/.gradle/caches/transforms-3/25156b51efef449af8f5f9d98fe24d40/transformed/jetified-kotlinx-coroutines-core-jvm-1.7.3.jar: D8: Methods with invalid locals information:
  java.lang.Object kotlinx.coroutines.flow.FlowKt__BuildersKt$asFlow$$inlined$unsafeFlow$10.collect(kotlinx.coroutines.flow.FlowCollector, kotlin.coroutines.Continuation)
  Attempt to define local of type long as element$iv:java.lang.Object
INFO: /home/runner/.gradle/caches/transforms-3/25156b51efef449af8f5f9d98fe24d40/transformed/jetified-kotlinx-coroutines-core-jvm-1.7.3.jar: D8: Methods with invalid locals information:
  java.lang.Object kotlinx.coroutines.flow.FlowKt__BuildersKt$asFlow$$inlined$unsafeFlow$9.collect(kotlinx.coroutines.flow.FlowCollector, kotlin.coroutines.Continuation)
  Attempt to define local of type int as element$iv:java.lang.Object
INFO: D8: Some warnings are typically a sign of using an outdated Java toolchain. To fix, recompile the source with an updated toolchain.
Transforming kotlinx-coroutines-core-jvm-1.7.3.jar (org.jetbrains.kotlinx:kotlinx-coroutines-core-jvm:1.7.3) with DexingOutputSplitTransform
Caching disabled for DexingOutputSplitTransform: /home/runner/.gradle/caches/transforms-3/5243b1542dea1281568dc3e125231539/transformed/jetified-kotlinx-coroutines-core-jvm-1.7.3 because:
  Build cache is disabled
DexingOutputSplitTransform: /home/runner/.gradle/caches/transforms-3/5243b1542dea1281568dc3e125231539/transformed/jetified-kotlinx-coroutines-core-jvm-1.7.3 is not up-to-date because:
  No history is available.
Caching disabled for IdentityTransform: /home/runner/.gradle/caches/transforms-3/84d8bba6def950f06ffc93f60f96384c/transformed/interpolator-1.0.0-runtime.jar because:
  Build cache is disabled
IdentityTransform: /home/runner/.gradle/caches/transforms-3/84d8bba6def950f06ffc93f60f96384c/transformed/interpolator-1.0.0-runtime.jar is not up-to-date because:
  No history is available.
Transforming interpolator-1.0.0.aar (androidx.interpolator:interpolator:1.0.0) with DexingNoClasspathTransform
Caching disabled for DexingNoClasspathTransform: /home/runner/.gradle/caches/transforms-3/84d8bba6def950f06ffc93f60f96384c/transformed/interpolator-1.0.0-runtime.jar because:
  Build cache is disabled
DexingNoClasspathTransform: /home/runner/.gradle/caches/transforms-3/84d8bba6def950f06ffc93f60f96384c/transformed/interpolator-1.0.0-runtime.jar is not up-to-date because:
  No history is available.
The input changes require a full rebuild for incremental DexingNoClasspathTransform: /home/runner/.gradle/caches/transforms-3/84d8bba6def950f06ffc93f60f96384c/transformed/interpolator-1.0.0-runtime.jar.
Running dexing transform non-incrementally for '/home/runner/.gradle/caches/transforms-3/84d8bba6def950f06ffc93f60f96384c/transformed/interpolator-1.0.0-runtime.jar'
Transforming interpolator-1.0.0.aar (androidx.interpolator:interpolator:1.0.0) with DexingOutputSplitTransform
Caching disabled for DexingOutputSplitTransform: /home/runner/.gradle/caches/transforms-3/5312589d878991fd679b9ae6e9dc013c/transformed/interpolator-1.0.0-runtime because:
  Build cache is disabled
DexingOutputSplitTransform: /home/runner/.gradle/caches/transforms-3/5312589d878991fd679b9ae6e9dc013c/transformed/interpolator-1.0.0-runtime is not up-to-date because:
  No history is available.
Transforming interpolator-1.0.0.aar (androidx.interpolator:interpolator:1.0.0) with DexingNoClasspathTransform
Transforming interpolator-1.0.0.aar (androidx.interpolator:interpolator:1.0.0) with DexingOutputSplitTransform
Caching disabled for IdentityTransform: /home/runner/.gradle/caches/transforms-3/90b056957ca2345270e73bc187a11bbb/transformed/core-runtime-2.2.0-runtime.jar because:
  Build cache is disabled
IdentityTransform: /home/runner/.gradle/caches/transforms-3/90b056957ca2345270e73bc187a11bbb/transformed/core-runtime-2.2.0-runtime.jar is not up-to-date because:
  No history is available.
Transforming core-runtime-2.2.0.aar (androidx.arch.core:core-runtime:2.2.0) with DexingNoClasspathTransform
Caching disabled for DexingNoClasspathTransform: /home/runner/.gradle/caches/transforms-3/90b056957ca2345270e73bc187a11bbb/transformed/core-runtime-2.2.0-runtime.jar because:
  Build cache is disabled
DexingNoClasspathTransform: /home/runner/.gradle/caches/transforms-3/90b056957ca2345270e73bc187a11bbb/transformed/core-runtime-2.2.0-runtime.jar is not up-to-date because:
  No history is available.
The input changes require a full rebuild for incremental DexingNoClasspathTransform: /home/runner/.gradle/caches/transforms-3/90b056957ca2345270e73bc187a11bbb/transformed/core-runtime-2.2.0-runtime.jar.
Running dexing transform non-incrementally for '/home/runner/.gradle/caches/transforms-3/90b056957ca2345270e73bc187a11bbb/transformed/core-runtime-2.2.0-runtime.jar'
Transforming runtime-release.aar (androidx.compose.runtime:runtime-android:1.6.0) with DexingOutputSplitTransform
Caching disabled for DexingOutputSplitTransform: /home/runner/.gradle/caches/transforms-3/68f75274d700ede80c11b6884267bdb9/transformed/jetified-runtime-release-runtime because:
  Build cache is disabled
DexingOutputSplitTransform: /home/runner/.gradle/caches/transforms-3/68f75274d700ede80c11b6884267bdb9/transformed/jetified-runtime-release-runtime is not up-to-date because:
  No history is available.
Transforming okio-jvm-3.6.0.jar (com.squareup.okio:okio-jvm:3.6.0) with DexingOutputSplitTransform
Caching disabled for DexingOutputSplitTransform: /home/runner/.gradle/caches/transforms-3/ec27c59e1d86d19d3259ac61c2a40d16/transformed/jetified-okio-jvm-3.6.0 because:
  Build cache is disabled
DexingOutputSplitTransform: /home/runner/.gradle/caches/transforms-3/ec27c59e1d86d19d3259ac61c2a40d16/transformed/jetified-okio-jvm-3.6.0 is not up-to-date because:
  No history is available.
Caching disabled for DexingNoClasspathTransform: /home/runner/.gradle/caches/modules-2/files-2.1/androidx.arch.core/core-common/2.2.0/5e1b8b81dfd5f52c56a8d53b18ca759c19a301f3/core-common-2.2.0.jar because:
  Build cache is disabled
DexingNoClasspathTransform: /home/runner/.gradle/caches/modules-2/files-2.1/androidx.arch.core/core-common/2.2.0/5e1b8b81dfd5f52c56a8d53b18ca759c19a301f3/core-common-2.2.0.jar is not up-to-date because:
  No history is available.
The input changes require a full rebuild for incremental DexingNoClasspathTransform: /home/runner/.gradle/caches/modules-2/files-2.1/androidx.arch.core/core-common/2.2.0/5e1b8b81dfd5f52c56a8d53b18ca759c19a301f3/core-common-2.2.0.jar.
Running dexing transform non-incrementally for '/home/runner/.gradle/caches/modules-2/files-2.1/androidx.arch.core/core-common/2.2.0/5e1b8b81dfd5f52c56a8d53b18ca759c19a301f3/core-common-2.2.0.jar'
Caching disabled for IdentityTransform: /home/runner/.gradle/caches/transforms-3/6218b84590ef76470dedbbc354d5d602/transformed/jetified-profileinstaller-1.3.1-runtime.jar because:
  Build cache is disabled
IdentityTransform: /home/runner/.gradle/caches/transforms-3/6218b84590ef76470dedbbc354d5d602/transformed/jetified-profileinstaller-1.3.1-runtime.jar is not up-to-date because:
  No history is available.
Transforming profileinstaller-1.3.1.aar (androidx.profileinstaller:profileinstaller:1.3.1) with DexingNoClasspathTransform
Caching disabled for DexingNoClasspathTransform: /home/runner/.gradle/caches/transforms-3/6218b84590ef76470dedbbc354d5d602/transformed/jetified-profileinstaller-1.3.1-runtime.jar because:
  Build cache is disabled
DexingNoClasspathTransform: /home/runner/.gradle/caches/transforms-3/6218b84590ef76470dedbbc354d5d602/transformed/jetified-profileinstaller-1.3.1-runtime.jar is not up-to-date because:
  No history is available.
The input changes require a full rebuild for incremental DexingNoClasspathTransform: /home/runner/.gradle/caches/transforms-3/6218b84590ef76470dedbbc354d5d602/transformed/jetified-profileinstaller-1.3.1-runtime.jar.
Running dexing transform non-incrementally for '/home/runner/.gradle/caches/transforms-3/6218b84590ef76470dedbbc354d5d602/transformed/jetified-profileinstaller-1.3.1-runtime.jar'
Transforming core-common-2.2.0.jar (androidx.arch.core:core-common:2.2.0) with DexingOutputSplitTransform
Caching disabled for DexingOutputSplitTransform: /home/runner/.gradle/caches/transforms-3/dba3544cf72fbcaf0926d040c0fa47b6/transformed/core-common-2.2.0 because:
  Build cache is disabled
DexingOutputSplitTransform: /home/runner/.gradle/caches/transforms-3/dba3544cf72fbcaf0926d040c0fa47b6/transformed/core-common-2.2.0 is not up-to-date because:
  No history is available.
Caching disabled for IdentityTransform: /home/runner/.gradle/caches/transforms-3/0162f8d27c6a21cabda791507ffa0cac/transformed/jetified-startup-runtime-1.1.1-runtime.jar because:
  Build cache is disabled
IdentityTransform: /home/runner/.gradle/caches/transforms-3/0162f8d27c6a21cabda791507ffa0cac/transformed/jetified-startup-runtime-1.1.1-runtime.jar is not up-to-date because:
  No history is available.
Transforming startup-runtime-1.1.1.aar (androidx.startup:startup-runtime:1.1.1) with DexingNoClasspathTransform
Caching disabled for DexingNoClasspathTransform: /home/runner/.gradle/caches/transforms-3/0162f8d27c6a21cabda791507ffa0cac/transformed/jetified-startup-runtime-1.1.1-runtime.jar because:
  Build cache is disabled
DexingNoClasspathTransform: /home/runner/.gradle/caches/transforms-3/0162f8d27c6a21cabda791507ffa0cac/transformed/jetified-startup-runtime-1.1.1-runtime.jar is not up-to-date because:
  No history is available.
The input changes require a full rebuild for incremental DexingNoClasspathTransform: /home/runner/.gradle/caches/transforms-3/0162f8d27c6a21cabda791507ffa0cac/transformed/jetified-startup-runtime-1.1.1-runtime.jar.
Running dexing transform non-incrementally for '/home/runner/.gradle/caches/transforms-3/0162f8d27c6a21cabda791507ffa0cac/transformed/jetified-startup-runtime-1.1.1-runtime.jar'
Transforming startup-runtime-1.1.1.aar (androidx.startup:startup-runtime:1.1.1) with DexingOutputSplitTransform
Caching disabled for DexingOutputSplitTransform: /home/runner/.gradle/caches/transforms-3/7b59a57e7b65ae105c1e529ceb3ba92e/transformed/jetified-startup-runtime-1.1.1-runtime because:
  Build cache is disabled
DexingOutputSplitTransform: /home/runner/.gradle/caches/transforms-3/7b59a57e7b65ae105c1e529ceb3ba92e/transformed/jetified-startup-runtime-1.1.1-runtime is not up-to-date because:
  No history is available.
Caching disabled for IdentityTransform: /home/runner/.gradle/caches/transforms-3/13d6f30fc9e09595a03d81e06020748c/transformed/jetified-tracing-1.0.0-runtime.jar because:
  Build cache is disabled
IdentityTransform: /home/runner/.gradle/caches/transforms-3/13d6f30fc9e09595a03d81e06020748c/transformed/jetified-tracing-1.0.0-runtime.jar is not up-to-date because:
  No history is available.
Transforming tracing-1.0.0.aar (androidx.tracing:tracing:1.0.0) with DexingNoClasspathTransform
Caching disabled for DexingNoClasspathTransform: /home/runner/.gradle/caches/transforms-3/13d6f30fc9e09595a03d81e06020748c/transformed/jetified-tracing-1.0.0-runtime.jar because:
  Build cache is disabled
DexingNoClasspathTransform: /home/runner/.gradle/caches/transforms-3/13d6f30fc9e09595a03d81e06020748c/transformed/jetified-tracing-1.0.0-runtime.jar is not up-to-date because:
  No history is available.
The input changes require a full rebuild for incremental DexingNoClasspathTransform: /home/runner/.gradle/caches/transforms-3/13d6f30fc9e09595a03d81e06020748c/transformed/jetified-tracing-1.0.0-runtime.jar.
Running dexing transform non-incrementally for '/home/runner/.gradle/caches/transforms-3/13d6f30fc9e09595a03d81e06020748c/transformed/jetified-tracing-1.0.0-runtime.jar'
Transforming tracing-1.0.0.aar (androidx.tracing:tracing:1.0.0) with DexingOutputSplitTransform
Caching disabled for DexingOutputSplitTransform: /home/runner/.gradle/caches/transforms-3/512f60c4bc8f416d5df00d9a3129619a/transformed/jetified-tracing-1.0.0-runtime because:
  Build cache is disabled
DexingOutputSplitTransform: /home/runner/.gradle/caches/transforms-3/512f60c4bc8f416d5df00d9a3129619a/transformed/jetified-tracing-1.0.0-runtime is not up-to-date because:
  No history is available.
Caching disabled for IdentityTransform: /home/runner/.gradle/caches/transforms-3/d41b2b7b7b04ff2bd94b985147c19887/transformed/exifinterface-1.3.6-runtime.jar because:
  Build cache is disabled
IdentityTransform: /home/runner/.gradle/caches/transforms-3/d41b2b7b7b04ff2bd94b985147c19887/transformed/exifinterface-1.3.6-runtime.jar is not up-to-date because:
  No history is available.
Transforming exifinterface-1.3.6.aar (androidx.exifinterface:exifinterface:1.3.6) with DexingNoClasspathTransform
Caching disabled for DexingNoClasspathTransform: /home/runner/.gradle/caches/transforms-3/d41b2b7b7b04ff2bd94b985147c19887/transformed/exifinterface-1.3.6-runtime.jar because:
  Build cache is disabled
DexingNoClasspathTransform: /home/runner/.gradle/caches/transforms-3/d41b2b7b7b04ff2bd94b985147c19887/transformed/exifinterface-1.3.6-runtime.jar is not up-to-date because:
  No history is available.
The input changes require a full rebuild for incremental DexingNoClasspathTransform: /home/runner/.gradle/caches/transforms-3/d41b2b7b7b04ff2bd94b985147c19887/transformed/exifinterface-1.3.6-runtime.jar.
Running dexing transform non-incrementally for '/home/runner/.gradle/caches/transforms-3/d41b2b7b7b04ff2bd94b985147c19887/transformed/exifinterface-1.3.6-runtime.jar'
Transforming profileinstaller-1.3.1.aar (androidx.profileinstaller:profileinstaller:1.3.1) with DexingOutputSplitTransform
Caching disabled for DexingOutputSplitTransform: /home/runner/.gradle/caches/transforms-3/90d555b9507cd10da36e38b649ea4e6d/transformed/jetified-profileinstaller-1.3.1-runtime because:
  Build cache is disabled
DexingOutputSplitTransform: /home/runner/.gradle/caches/transforms-3/90d555b9507cd10da36e38b649ea4e6d/transformed/jetified-profileinstaller-1.3.1-runtime is not up-to-date because:
  No history is available.
Caching disabled for DexingNoClasspathTransform: /home/runner/.gradle/caches/transforms-3/af08e5f24d5a077e4f3ab522d3ceb6a2/transformed/jetified-concurrent-futures-1.1.0.jar because:
  Build cache is disabled
DexingNoClasspathTransform: /home/runner/.gradle/caches/transforms-3/af08e5f24d5a077e4f3ab522d3ceb6a2/transformed/jetified-concurrent-futures-1.1.0.jar is not up-to-date because:
  No history is available.
The input changes require a full rebuild for incremental DexingNoClasspathTransform: /home/runner/.gradle/caches/transforms-3/af08e5f24d5a077e4f3ab522d3ceb6a2/transformed/jetified-concurrent-futures-1.1.0.jar.
Running dexing transform non-incrementally for '/home/runner/.gradle/caches/transforms-3/af08e5f24d5a077e4f3ab522d3ceb6a2/transformed/jetified-concurrent-futures-1.1.0.jar'
Transforming concurrent-futures-1.1.0.jar (androidx.concurrent:concurrent-futures:1.1.0) with DexingOutputSplitTransform
Caching disabled for DexingOutputSplitTransform: /home/runner/.gradle/caches/transforms-3/53db2fdc1fc71319b9de14131e53f51d/transformed/jetified-concurrent-futures-1.1.0 because:
  Build cache is disabled
DexingOutputSplitTransform: /home/runner/.gradle/caches/transforms-3/53db2fdc1fc71319b9de14131e53f51d/transformed/jetified-concurrent-futures-1.1.0 is not up-to-date because:
  No history is available.
Caching disabled for DexingNoClasspathTransform: /home/runner/.gradle/caches/transforms-3/620fd95957cdc0675db1c11d5328e48e/transformed/jetified-annotation-jvm-1.7.0.jar because:
  Build cache is disabled
DexingNoClasspathTransform: /home/runner/.gradle/caches/transforms-3/620fd95957cdc0675db1c11d5328e48e/transformed/jetified-annotation-jvm-1.7.0.jar is not up-to-date because:
  No history is available.
The input changes require a full rebuild for incremental DexingNoClasspathTransform: /home/runner/.gradle/caches/transforms-3/620fd95957cdc0675db1c11d5328e48e/transformed/jetified-annotation-jvm-1.7.0.jar.
Running dexing transform non-incrementally for '/home/runner/.gradle/caches/transforms-3/620fd95957cdc0675db1c11d5328e48e/transformed/jetified-annotation-jvm-1.7.0.jar'
Transforming annotation-jvm-1.7.0.jar (androidx.annotation:annotation-jvm:1.7.0) with DexingOutputSplitTransform
Caching disabled for DexingOutputSplitTransform: /home/runner/.gradle/caches/transforms-3/75d72b68224fd238511fc8ef01ea20fd/transformed/jetified-annotation-jvm-1.7.0 because:
  Build cache is disabled
DexingOutputSplitTransform: /home/runner/.gradle/caches/transforms-3/75d72b68224fd238511fc8ef01ea20fd/transformed/jetified-annotation-jvm-1.7.0 is not up-to-date because:
  No history is available.
Caching disabled for DexingNoClasspathTransform: /home/runner/.gradle/caches/transforms-3/7392f81cef3e03c2f201deb053573b9f/transformed/jetified-kotlin-stdlib-1.9.22.jar because:
  Build cache is disabled
DexingNoClasspathTransform: /home/runner/.gradle/caches/transforms-3/7392f81cef3e03c2f201deb053573b9f/transformed/jetified-kotlin-stdlib-1.9.22.jar is not up-to-date because:
  No history is available.
The input changes require a full rebuild for incremental DexingNoClasspathTransform: /home/runner/.gradle/caches/transforms-3/7392f81cef3e03c2f201deb053573b9f/transformed/jetified-kotlin-stdlib-1.9.22.jar.
Running dexing transform non-incrementally for '/home/runner/.gradle/caches/transforms-3/7392f81cef3e03c2f201deb053573b9f/transformed/jetified-kotlin-stdlib-1.9.22.jar'
Transforming exifinterface-1.3.6.aar (androidx.exifinterface:exifinterface:1.3.6) with DexingOutputSplitTransform
Caching disabled for DexingOutputSplitTransform: /home/runner/.gradle/caches/transforms-3/879f2c71b5572c91b5d36dda1bba6cc7/transformed/exifinterface-1.3.6-runtime because:
  Build cache is disabled
DexingOutputSplitTransform: /home/runner/.gradle/caches/transforms-3/879f2c71b5572c91b5d36dda1bba6cc7/transformed/exifinterface-1.3.6-runtime is not up-to-date because:
  No history is available.
Caching disabled for DexingNoClasspathTransform: /home/runner/.gradle/caches/transforms-3/0b9c408e657e9e70651d4598d50553d9/transformed/jetified-annotations-23.0.0.jar because:
  Build cache is disabled
DexingNoClasspathTransform: /home/runner/.gradle/caches/transforms-3/0b9c408e657e9e70651d4598d50553d9/transformed/jetified-annotations-23.0.0.jar is not up-to-date because:
  No history is available.
The input changes require a full rebuild for incremental DexingNoClasspathTransform: /home/runner/.gradle/caches/transforms-3/0b9c408e657e9e70651d4598d50553d9/transformed/jetified-annotations-23.0.0.jar.
Running dexing transform non-incrementally for '/home/runner/.gradle/caches/transforms-3/0b9c408e657e9e70651d4598d50553d9/transformed/jetified-annotations-23.0.0.jar'
Transforming annotations-23.0.0.jar (org.jetbrains:annotations:23.0.0) with DexingOutputSplitTransform
Caching disabled for DexingOutputSplitTransform: /home/runner/.gradle/caches/transforms-3/a039fcbcd7aac9f270980633f886c105/transformed/jetified-annotations-23.0.0 because:
  Build cache is disabled
DexingOutputSplitTransform: /home/runner/.gradle/caches/transforms-3/a039fcbcd7aac9f270980633f886c105/transformed/jetified-annotations-23.0.0 is not up-to-date because:
  No history is available.
Caching disabled for DexingNoClasspathTransform: /home/runner/.gradle/caches/transforms-3/57ba9f34448333d42a10f80008385d6e/transformed/jetified-listenablefuture-1.0.jar because:
  Build cache is disabled
DexingNoClasspathTransform: /home/runner/.gradle/caches/transforms-3/57ba9f34448333d42a10f80008385d6e/transformed/jetified-listenablefuture-1.0.jar is not up-to-date because:
  No history is available.
The input changes require a full rebuild for incremental DexingNoClasspathTransform: /home/runner/.gradle/caches/transforms-3/57ba9f34448333d42a10f80008385d6e/transformed/jetified-listenablefuture-1.0.jar.
Running dexing transform non-incrementally for '/home/runner/.gradle/caches/transforms-3/57ba9f34448333d42a10f80008385d6e/transformed/jetified-listenablefuture-1.0.jar'
Transforming listenablefuture-1.0.jar (com.google.guava:listenablefuture:1.0) with DexingOutputSplitTransform
Caching disabled for DexingOutputSplitTransform: /home/runner/.gradle/caches/transforms-3/720c6a081f1b35d36b21b9b30a9c35aa/transformed/jetified-listenablefuture-1.0 because:
  Build cache is disabled
DexingOutputSplitTransform: /home/runner/.gradle/caches/transforms-3/720c6a081f1b35d36b21b9b30a9c35aa/transformed/jetified-listenablefuture-1.0 is not up-to-date because:
  No history is available.
Transforming core-runtime-2.2.0.aar (androidx.arch.core:core-runtime:2.2.0) with DexingOutputSplitTransform
Caching disabled for DexingOutputSplitTransform: /home/runner/.gradle/caches/transforms-3/44a78fe904956827e55103ed7f3632b5/transformed/core-runtime-2.2.0-runtime because:
  Build cache is disabled
DexingOutputSplitTransform: /home/runner/.gradle/caches/transforms-3/44a78fe904956827e55103ed7f3632b5/transformed/core-runtime-2.2.0-runtime is not up-to-date because:
  No history is available.
Transforming collection-jvm-1.4.0.jar (androidx.collection:collection-jvm:1.4.0) with DexingOutputSplitTransform
Caching disabled for DexingOutputSplitTransform: /home/runner/.gradle/caches/transforms-3/95d0b63ebb1a43ba4b5796d2b7d1f47a/transformed/jetified-collection-jvm-1.4.0 because:
  Build cache is disabled
DexingOutputSplitTransform: /home/runner/.gradle/caches/transforms-3/95d0b63ebb1a43ba4b5796d2b7d1f47a/transformed/jetified-collection-jvm-1.4.0 is not up-to-date because:
  No history is available.
Transforming kotlin-stdlib-1.9.22.jar (org.jetbrains.kotlin:kotlin-stdlib:1.9.22) with DexingOutputSplitTransform
Caching disabled for DexingOutputSplitTransform: /home/runner/.gradle/caches/transforms-3/618cb99d80314dc16cd40ecf1cc946ab/transformed/jetified-kotlin-stdlib-1.9.22 because:
  Build cache is disabled
DexingOutputSplitTransform: /home/runner/.gradle/caches/transforms-3/618cb99d80314dc16cd40ecf1cc946ab/transformed/jetified-kotlin-stdlib-1.9.22 is not up-to-date because:
  No history is available.
Caching disabled for task ':app-v3:mergeExtDexDebug' because:
  Build cache is disabled
Task ':app-v3:mergeExtDexDebug' is not up-to-date because:
  No history is available.
The input changes require a full rebuild for incremental task ':app-v3:mergeExtDexDebug'.

Resolve mutations for :app-v3:processDebugResources (Thread[Execution worker Thread 3,5,main]) started.
:app-v3:processDebugResources (Thread[Execution worker Thread 3,5,main]) started.
Resolve mutations for :app-v3:mergeLibDexDebug (Thread[included builds,5,main]) started.
:app-v3:mergeLibDexDebug (Thread[included builds,5,main]) started.
Resolve mutations for :app-v3:stripDebugDebugSymbols (Thread[Execution worker Thread 2,5,main]) started.
:app-v3:stripDebugDebugSymbols (Thread[Execution worker Thread 2,5,main]) started.

> Task :app-v3:stripDebugDebugSymbols NO-SOURCE
Skipping task ':app-v3:stripDebugDebugSymbols' as it has no source files and no previous output files.
Resolve mutations for :app-v3:validateSigningDebug (Thread[Execution worker Thread 2,5,main]) started.
:app-v3:validateSigningDebug (Thread[Execution worker Thread 2,5,main]) started.

> Task :app-v3:mergeLibDexDebug
Caching disabled for task ':app-v3:mergeLibDexDebug' because:
  Build cache is disabled
Task ':app-v3:mergeLibDexDebug' is not up-to-date because:
  No history is available.
The input changes require a full rebuild for incremental task ':app-v3:mergeLibDexDebug'.

> Task :app-v3:processDebugResources
Downloading https://dl.google.com/dl/android/maven2/com/android/tools/build/aapt2/8.2.2-10154469/aapt2-8.2.2-10154469.pom to /home/runner/.gradle/.tmp/gradle_download7999800774544628561bin
Downloading https://dl.google.com/dl/android/maven2/com/android/tools/build/aapt2/8.2.2-10154469/aapt2-8.2.2-10154469-linux.jar to /home/runner/.gradle/.tmp/gradle_download6081960357332254363bin
Transforming aapt2-8.2.2-10154469-linux.jar (com.android.tools.build:aapt2:8.2.2-10154469) with Aapt2Extractor
Caching disabled for Aapt2Extractor: /home/runner/.gradle/caches/modules-2/files-2.1/com.android.tools.build/aapt2/8.2.2-10154469/6e64dd7dcae77ae4fe9688012a2bf09871b8366f/aapt2-8.2.2-10154469-linux.jar because:
  Build cache is disabled
Aapt2Extractor: /home/runner/.gradle/caches/modules-2/files-2.1/com.android.tools.build/aapt2/8.2.2-10154469/6e64dd7dcae77ae4fe9688012a2bf09871b8366f/aapt2-8.2.2-10154469-linux.jar is not up-to-date because:
  No history is available.
Transforming material3-1.1.2.aar (androidx.compose.material3:material3:1.1.2) with JetifyTransform
Transforming material3-1.1.2.aar (androidx.compose.material3:material3:1.1.2) with ExtractAarTransform
Transforming material3-1.1.2.aar (androidx.compose.material3:material3:1.1.2) with AarResourcesCompilerTransform
Transforming activity-1.8.2.aar (androidx.activity:activity:1.8.2) with JetifyTransform
Transforming activity-1.8.2.aar (androidx.activity:activity:1.8.2) with ExtractAarTransform
Transforming activity-1.8.2.aar (androidx.activity:activity:1.8.2) with AarResourcesCompilerTransform
Transforming activity-ktx-1.8.2.aar (androidx.activity:activity-ktx:1.8.2) with JetifyTransform
Transforming activity-ktx-1.8.2.aar (androidx.activity:activity-ktx:1.8.2) with ExtractAarTransform
Transforming activity-ktx-1.8.2.aar (androidx.activity:activity-ktx:1.8.2) with AarResourcesCompilerTransform
Transforming coil-compose-2.5.0.aar (io.coil-kt:coil-compose:2.5.0) with JetifyTransform
Transforming coil-compose-2.5.0.aar (io.coil-kt:coil-compose:2.5.0) with ExtractAarTransform
Transforming coil-compose-2.5.0.aar (io.coil-kt:coil-compose:2.5.0) with AarResourcesCompilerTransform
Transforming coil-compose-base-2.5.0.aar (io.coil-kt:coil-compose-base:2.5.0) with JetifyTransform
Transforming coil-compose-base-2.5.0.aar (io.coil-kt:coil-compose-base:2.5.0) with ExtractAarTransform
Transforming coil-compose-base-2.5.0.aar (io.coil-kt:coil-compose-base:2.5.0) with AarResourcesCompilerTransform
Transforming material-ripple-release.aar (androidx.compose.material:material-ripple-android:1.6.0) with JetifyTransform
Transforming material-ripple-release.aar (androidx.compose.material:material-ripple-android:1.6.0) with ExtractAarTransform
Transforming material-ripple-release.aar (androidx.compose.material:material-ripple-android:1.6.0) with AarResourcesCompilerTransform
Transforming material-icons-core-release.aar (androidx.compose.material:material-icons-core-android:1.6.0) with JetifyTransform
Transforming material-icons-core-release.aar (androidx.compose.material:material-icons-core-android:1.6.0) with ExtractAarTransform
Transforming material-icons-core-release.aar (androidx.compose.material:material-icons-core-android:1.6.0) with AarResourcesCompilerTransform
Caching disabled for AarResourcesCompilerTransform: /home/runner/.gradle/caches/transforms-3/4486cd71c0d89f8b575e26ac3b908889/transformed/jetified-activity-1.8.2 because:
  Build cache is disabled
Transforming material-release.aar (androidx.compose.material:material-android:1.6.0) with JetifyTransform
AarResourcesCompilerTransform: /home/runner/.gradle/caches/transforms-3/4486cd71c0d89f8b575e26ac3b908889/transformed/jetified-activity-1.8.2 is not up-to-date because:
  No history is available.
Transforming material-release.aar (androidx.compose.material:material-android:1.6.0) with ExtractAarTransform
Transforming material-release.aar (androidx.compose.material:material-android:1.6.0) with AarResourcesCompilerTransform
Transforming animation-core-release.aar (androidx.compose.animation:animation-core-android:1.6.0) with JetifyTransform
Transforming animation-core-release.aar (androidx.compose.animation:animation-core-android:1.6.0) with ExtractAarTransform
Transforming animation-core-release.aar (androidx.compose.animation:animation-core-android:1.6.0) with AarResourcesCompilerTransform
Transforming animation-release.aar (androidx.compose.animation:animation-android:1.6.0) with JetifyTransform
Transforming animation-release.aar (androidx.compose.animation:animation-android:1.6.0) with ExtractAarTransform
Transforming animation-release.aar (androidx.compose.animation:animation-android:1.6.0) with AarResourcesCompilerTransform
Transforming foundation-layout-release.aar (androidx.compose.foundation:foundation-layout-android:1.6.0) with JetifyTransform
Transforming foundation-layout-release.aar (androidx.compose.foundation:foundation-layout-android:1.6.0) with ExtractAarTransform
Transforming foundation-layout-release.aar (androidx.compose.foundation:foundation-layout-android:1.6.0) with AarResourcesCompilerTransform
Transforming foundation-release.aar (androidx.compose.foundation:foundation-android:1.6.0) with JetifyTransform
Transforming foundation-release.aar (androidx.compose.foundation:foundation-android:1.6.0) with ExtractAarTransform
Transforming foundation-release.aar (androidx.compose.foundation:foundation-android:1.6.0) with AarResourcesCompilerTransform
Transforming ui-tooling-data-release.aar (androidx.compose.ui:ui-tooling-data-android:1.6.0) with JetifyTransform
Transforming ui-tooling-data-release.aar (androidx.compose.ui:ui-tooling-data-android:1.6.0) with ExtractAarTransform
Transforming ui-tooling-data-release.aar (androidx.compose.ui:ui-tooling-data-android:1.6.0) with AarResourcesCompilerTransform
Transforming ui-unit-release.aar (androidx.compose.ui:ui-unit-android:1.6.0) with JetifyTransform
Transforming ui-unit-release.aar (androidx.compose.ui:ui-unit-android:1.6.0) with ExtractAarTransform
Transforming ui-unit-release.aar (androidx.compose.ui:ui-unit-android:1.6.0) with AarResourcesCompilerTransform
Transforming ui-geometry-release.aar (androidx.compose.ui:ui-geometry-android:1.6.0) with JetifyTransform
Transforming ui-geometry-release.aar (androidx.compose.ui:ui-geometry-android:1.6.0) with ExtractAarTransform
Transforming ui-geometry-release.aar (androidx.compose.ui:ui-geometry-android:1.6.0) with AarResourcesCompilerTransform
Transforming ui-util-release.aar (androidx.compose.ui:ui-util-android:1.6.0) with JetifyTransform
Transforming ui-util-release.aar (androidx.compose.ui:ui-util-android:1.6.0) with ExtractAarTransform
Transforming ui-util-release.aar (androidx.compose.ui:ui-util-android:1.6.0) with AarResourcesCompilerTransform
Transforming ui-text-release.aar (androidx.compose.ui:ui-text-android:1.6.0) with JetifyTransform
Transforming ui-text-release.aar (androidx.compose.ui:ui-text-android:1.6.0) with ExtractAarTransform
Transforming ui-text-release.aar (androidx.compose.ui:ui-text-android:1.6.0) with AarResourcesCompilerTransform
Transforming ui-tooling-preview-release.aar (androidx.compose.ui:ui-tooling-preview-android:1.6.0) with JetifyTransform
Transforming ui-tooling-preview-release.aar (androidx.compose.ui:ui-tooling-preview-android:1.6.0) with ExtractAarTransform
Transforming ui-tooling-preview-release.aar (androidx.compose.ui:ui-tooling-preview-android:1.6.0) with AarResourcesCompilerTransform
Transforming ui-graphics-release.aar (androidx.compose.ui:ui-graphics-android:1.6.0) with JetifyTransform
Transforming ui-graphics-release.aar (androidx.compose.ui:ui-graphics-android:1.6.0) with ExtractAarTransform
Transforming ui-graphics-release.aar (androidx.compose.ui:ui-graphics-android:1.6.0) with AarResourcesCompilerTransform
Transforming ui-test-manifest-1.6.0.aar (androidx.compose.ui:ui-test-manifest:1.6.0) with JetifyTransform
Transforming ui-test-manifest-1.6.0.aar (androidx.compose.ui:ui-test-manifest:1.6.0) with ExtractAarTransform
Transforming ui-test-manifest-1.6.0.aar (androidx.compose.ui:ui-test-manifest:1.6.0) with AarResourcesCompilerTransform
Transforming ui-tooling-release.aar (androidx.compose.ui:ui-tooling-android:1.6.0) with JetifyTransform
Transforming ui-tooling-release.aar (androidx.compose.ui:ui-tooling-android:1.6.0) with ExtractAarTransform
Transforming ui-tooling-release.aar (androidx.compose.ui:ui-tooling-android:1.6.0) with AarResourcesCompilerTransform
Transforming activity-compose-1.8.2.aar (androidx.activity:activity-compose:1.8.2) with JetifyTransform
Transforming activity-compose-1.8.2.aar (androidx.activity:activity-compose:1.8.2) with ExtractAarTransform
Transforming activity-compose-1.8.2.aar (androidx.activity:activity-compose:1.8.2) with AarResourcesCompilerTransform
Transforming emoji2-1.3.0.aar (androidx.emoji2:emoji2:1.3.0) with JetifyTransform
Transforming emoji2-1.3.0.aar (androidx.emoji2:emoji2:1.3.0) with ExtractAarTransform
Transforming emoji2-1.3.0.aar (androidx.emoji2:emoji2:1.3.0) with AarResourcesCompilerTransform
Transforming lifecycle-process-2.7.0.aar (androidx.lifecycle:lifecycle-process:2.7.0) with JetifyTransform
Transforming lifecycle-process-2.7.0.aar (androidx.lifecycle:lifecycle-process:2.7.0) with ExtractAarTransform
Transforming lifecycle-process-2.7.0.aar (androidx.lifecycle:lifecycle-process:2.7.0) with AarResourcesCompilerTransform
Transforming lifecycle-livedata-core-2.7.0.aar (androidx.lifecycle:lifecycle-livedata-core:2.7.0) with JetifyTransform
Transforming lifecycle-livedata-core-2.7.0.aar (androidx.lifecycle:lifecycle-livedata-core:2.7.0) with ExtractAarTransform
Transforming lifecycle-livedata-core-2.7.0.aar (androidx.lifecycle:lifecycle-livedata-core:2.7.0) with AarResourcesCompilerTransform
Transforming savedstate-ktx-1.2.1.aar (androidx.savedstate:savedstate-ktx:1.2.1) with JetifyTransform
Transforming savedstate-ktx-1.2.1.aar (androidx.savedstate:savedstate-ktx:1.2.1) with ExtractAarTransform
Transforming savedstate-ktx-1.2.1.aar (androidx.savedstate:savedstate-ktx:1.2.1) with AarResourcesCompilerTransform
Transforming savedstate-1.2.1.aar (androidx.savedstate:savedstate:1.2.1) with JetifyTransform
Transforming savedstate-1.2.1.aar (androidx.savedstate:savedstate:1.2.1) with ExtractAarTransform
Transforming savedstate-1.2.1.aar (androidx.savedstate:savedstate:1.2.1) with AarResourcesCompilerTransform
Transforming lifecycle-viewmodel-savedstate-2.7.0.aar (androidx.lifecycle:lifecycle-viewmodel-savedstate:2.7.0) with JetifyTransform
Transforming lifecycle-viewmodel-savedstate-2.7.0.aar (androidx.lifecycle:lifecycle-viewmodel-savedstate:2.7.0) with ExtractAarTransform
Transforming lifecycle-viewmodel-savedstate-2.7.0.aar (androidx.lifecycle:lifecycle-viewmodel-savedstate:2.7.0) with AarResourcesCompilerTransform
Transforming lifecycle-viewmodel-ktx-2.7.0.aar (androidx.lifecycle:lifecycle-viewmodel-ktx:2.7.0) with JetifyTransform
Transforming lifecycle-viewmodel-ktx-2.7.0.aar (androidx.lifecycle:lifecycle-viewmodel-ktx:2.7.0) with ExtractAarTransform
Transforming lifecycle-viewmodel-ktx-2.7.0.aar (androidx.lifecycle:lifecycle-viewmodel-ktx:2.7.0) with AarResourcesCompilerTransform
Transforming lifecycle-viewmodel-2.7.0.aar (androidx.lifecycle:lifecycle-viewmodel:2.7.0) with JetifyTransform
Transforming lifecycle-viewmodel-2.7.0.aar (androidx.lifecycle:lifecycle-viewmodel:2.7.0) with ExtractAarTransform
Transforming lifecycle-viewmodel-2.7.0.aar (androidx.lifecycle:lifecycle-viewmodel:2.7.0) with AarResourcesCompilerTransform
Caching disabled for AarResourcesCompilerTransform: /home/runner/.gradle/caches/transforms-3/6b3695a9e99692f435cc63d9903ec2a9/transformed/jetified-material3-1.1.2 because:
  Build cache is disabled
AarResourcesCompilerTransform: /home/runner/.gradle/caches/transforms-3/6b3695a9e99692f435cc63d9903ec2a9/transformed/jetified-material3-1.1.2 is not up-to-date because:
  No history is available.
Transforming coil-2.5.0.aar (io.coil-kt:coil:2.5.0) with JetifyTransform
Transforming coil-2.5.0.aar (io.coil-kt:coil:2.5.0) with ExtractAarTransform
Transforming coil-2.5.0.aar (io.coil-kt:coil:2.5.0) with AarResourcesCompilerTransform
Transforming coil-base-2.5.0.aar (io.coil-kt:coil-base:2.5.0) with JetifyTransform
Transforming coil-base-2.5.0.aar (io.coil-kt:coil-base:2.5.0) with ExtractAarTransform
Transforming coil-base-2.5.0.aar (io.coil-kt:coil-base:2.5.0) with AarResourcesCompilerTransform
Transforming lifecycle-runtime-2.7.0.aar (androidx.lifecycle:lifecycle-runtime:2.7.0) with JetifyTransform
Transforming lifecycle-runtime-2.7.0.aar (androidx.lifecycle:lifecycle-runtime:2.7.0) with ExtractAarTransform
Transforming lifecycle-runtime-2.7.0.aar (androidx.lifecycle:lifecycle-runtime:2.7.0) with AarResourcesCompilerTransform
Transforming lifecycle-runtime-ktx-2.7.0.aar (androidx.lifecycle:lifecycle-runtime-ktx:2.7.0) with JetifyTransform
Transforming lifecycle-runtime-ktx-2.7.0.aar (androidx.lifecycle:lifecycle-runtime-ktx:2.7.0) with ExtractAarTransform
Transforming lifecycle-runtime-ktx-2.7.0.aar (androidx.lifecycle:lifecycle-runtime-ktx:2.7.0) with AarResourcesCompilerTransform
Transforming lifecycle-viewmodel-compose-2.7.0.aar (androidx.lifecycle:lifecycle-viewmodel-compose:2.7.0) with JetifyTransform
Transforming lifecycle-viewmodel-compose-2.7.0.aar (androidx.lifecycle:lifecycle-viewmodel-compose:2.7.0) with ExtractAarTransform
Transforming lifecycle-viewmodel-compose-2.7.0.aar (androidx.lifecycle:lifecycle-viewmodel-compose:2.7.0) with AarResourcesCompilerTransform
Transforming accompanist-drawablepainter-0.32.0.aar (com.google.accompanist:accompanist-drawablepainter:0.32.0) with JetifyTransform
Transforming accompanist-drawablepainter-0.32.0.aar (com.google.accompanist:accompanist-drawablepainter:0.32.0) with ExtractAarTransform
Transforming accompanist-drawablepainter-0.32.0.aar (com.google.accompanist:accompanist-drawablepainter:0.32.0) with AarResourcesCompilerTransform
Transforming ui-release.aar (androidx.compose.ui:ui-android:1.6.0) with JetifyTransform
Transforming ui-release.aar (androidx.compose.ui:ui-android:1.6.0) with ExtractAarTransform
Transforming ui-release.aar (androidx.compose.ui:ui-android:1.6.0) with AarResourcesCompilerTransform
Transforming autofill-1.0.0.aar (androidx.autofill:autofill:1.0.0) with JetifyTransform
Transforming autofill-1.0.0.aar (androidx.autofill:autofill:1.0.0) with ExtractAarTransform
Transforming autofill-1.0.0.aar (androidx.autofill:autofill:1.0.0) with AarResourcesCompilerTransform
Transforming appcompat-resources-1.6.1.aar (androidx.appcompat:appcompat-resources:1.6.1) with JetifyTransform
Transforming appcompat-resources-1.6.1.aar (androidx.appcompat:appcompat-resources:1.6.1) with ExtractAarTransform
Transforming appcompat-resources-1.6.1.aar (androidx.appcompat:appcompat-resources:1.6.1) with AarResourcesCompilerTransform
Transforming vectordrawable-animated-1.1.0.aar (androidx.vectordrawable:vectordrawable-animated:1.1.0) with JetifyTransform
Transforming vectordrawable-animated-1.1.0.aar (androidx.vectordrawable:vectordrawable-animated:1.1.0) with ExtractAarTransform
Transforming vectordrawable-animated-1.1.0.aar (androidx.vectordrawable:vectordrawable-animated:1.1.0) with AarResourcesCompilerTransform
Transforming vectordrawable-1.1.0.aar (androidx.vectordrawable:vectordrawable:1.1.0) with JetifyTransform
Transforming vectordrawable-1.1.0.aar (androidx.vectordrawable:vectordrawable:1.1.0) with ExtractAarTransform
Transforming vectordrawable-1.1.0.aar (androidx.vectordrawable:vectordrawable:1.1.0) with AarResourcesCompilerTransform
Transforming vectordrawable-1.1.0.aar (androidx.vectordrawable:vectordrawable:1.1.0) with JetifyTransform
Transforming vectordrawable-1.1.0.aar (androidx.vectordrawable:vectordrawable:1.1.0) with ExtractAarTransform
Transforming vectordrawable-1.1.0.aar (androidx.vectordrawable:vectordrawable:1.1.0) with AarResourcesCompilerTransform
Transforming core-1.12.0.aar (androidx.core:core:1.12.0) with JetifyTransform
Transforming core-1.12.0.aar (androidx.core:core:1.12.0) with ExtractAarTransform
Transforming core-1.12.0.aar (androidx.core:core:1.12.0) with AarResourcesCompilerTransform
Transforming core-1.12.0.aar (androidx.core:core:1.12.0) with JetifyTransform
Transforming core-1.12.0.aar (androidx.core:core:1.12.0) with ExtractAarTransform
Transforming core-1.12.0.aar (androidx.core:core:1.12.0) with AarResourcesCompilerTransform
Transforming core-1.12.0.aar (androidx.core:core:1.12.0) with JetifyTransform
Transforming core-1.12.0.aar (androidx.core:core:1.12.0) with ExtractAarTransform
Transforming core-1.12.0.aar (androidx.core:core:1.12.0) with AarResourcesCompilerTransform
Transforming customview-poolingcontainer-1.0.0.aar (androidx.customview:customview-poolingcontainer:1.0.0) with JetifyTransform
Transforming customview-poolingcontainer-1.0.0.aar (androidx.customview:customview-poolingcontainer:1.0.0) with ExtractAarTransform
Transforming customview-poolingcontainer-1.0.0.aar (androidx.customview:customview-poolingcontainer:1.0.0) with AarResourcesCompilerTransform
Transforming core-ktx-1.12.0.aar (androidx.core:core-ktx:1.12.0) with JetifyTransform
Transforming core-ktx-1.12.0.aar (androidx.core:core-ktx:1.12.0) with ExtractAarTransform
Transforming core-ktx-1.12.0.aar (androidx.core:core-ktx:1.12.0) with AarResourcesCompilerTransform
Transforming annotation-experimental-1.3.0.aar (androidx.annotation:annotation-experimental:1.3.0) with JetifyTransform
Transforming annotation-experimental-1.3.0.aar (androidx.annotation:annotation-experimental:1.3.0) with ExtractAarTransform
Transforming annotation-experimental-1.3.0.aar (androidx.annotation:annotation-experimental:1.3.0) with AarResourcesCompilerTransform
Transforming runtime-saveable-release.aar (androidx.compose.runtime:runtime-saveable-android:1.6.0) with JetifyTransform
Transforming runtime-saveable-release.aar (androidx.compose.runtime:runtime-saveable-android:1.6.0) with ExtractAarTransform
Transforming runtime-saveable-release.aar (androidx.compose.runtime:runtime-saveable-android:1.6.0) with AarResourcesCompilerTransform
Transforming runtime-release.aar (androidx.compose.runtime:runtime-android:1.6.0) with JetifyTransform
Transforming runtime-release.aar (androidx.compose.runtime:runtime-android:1.6.0) with ExtractAarTransform
Transforming runtime-release.aar (androidx.compose.runtime:runtime-android:1.6.0) with AarResourcesCompilerTransform
Transforming versionedparcelable-1.1.1.aar (androidx.versionedparcelable:versionedparcelable:1.1.1) with JetifyTransform
Transforming versionedparcelable-1.1.1.aar (androidx.versionedparcelable:versionedparcelable:1.1.1) with ExtractAarTransform
Transforming versionedparcelable-1.1.1.aar (androidx.versionedparcelable:versionedparcelable:1.1.1) with AarResourcesCompilerTransform
Transforming interpolator-1.0.0.aar (androidx.interpolator:interpolator:1.0.0) with JetifyTransform
Transforming interpolator-1.0.0.aar (androidx.interpolator:interpolator:1.0.0) with ExtractAarTransform
Transforming interpolator-1.0.0.aar (androidx.interpolator:interpolator:1.0.0) with AarResourcesCompilerTransform
Transforming interpolator-1.0.0.aar (androidx.interpolator:interpolator:1.0.0) with JetifyTransform
Transforming interpolator-1.0.0.aar (androidx.interpolator:interpolator:1.0.0) with ExtractAarTransform
Transforming interpolator-1.0.0.aar (androidx.interpolator:interpolator:1.0.0) with AarResourcesCompilerTransform
Transforming core-runtime-2.2.0.aar (androidx.arch.core:core-runtime:2.2.0) with JetifyTransform
Transforming core-runtime-2.2.0.aar (androidx.arch.core:core-runtime:2.2.0) with ExtractAarTransform
Transforming core-runtime-2.2.0.aar (androidx.arch.core:core-runtime:2.2.0) with AarResourcesCompilerTransform
Transforming profileinstaller-1.3.1.aar (androidx.profileinstaller:profileinstaller:1.3.1) with JetifyTransform
Transforming profileinstaller-1.3.1.aar (androidx.profileinstaller:profileinstaller:1.3.1) with ExtractAarTransform
Transforming profileinstaller-1.3.1.aar (androidx.profileinstaller:profileinstaller:1.3.1) with AarResourcesCompilerTransform
Transforming startup-runtime-1.1.1.aar (androidx.startup:startup-runtime:1.1.1) with JetifyTransform
Transforming startup-runtime-1.1.1.aar (androidx.startup:startup-runtime:1.1.1) with ExtractAarTransform
Transforming startup-runtime-1.1.1.aar (androidx.startup:startup-runtime:1.1.1) with AarResourcesCompilerTransform
Transforming tracing-1.0.0.aar (androidx.tracing:tracing:1.0.0) with JetifyTransform
Transforming tracing-1.0.0.aar (androidx.tracing:tracing:1.0.0) with ExtractAarTransform
Transforming tracing-1.0.0.aar (androidx.tracing:tracing:1.0.0) with AarResourcesCompilerTransform
Transforming exifinterface-1.3.6.aar (androidx.exifinterface:exifinterface:1.3.6) with JetifyTransform
Transforming exifinterface-1.3.6.aar (androidx.exifinterface:exifinterface:1.3.6) with ExtractAarTransform
Transforming exifinterface-1.3.6.aar (androidx.exifinterface:exifinterface:1.3.6) with AarResourcesCompilerTransform
Caching disabled for AarResourcesCompilerTransform: /home/runner/.gradle/caches/transforms-3/32916e4361a0519dfb325dcc3e200682/transformed/jetified-coil-compose-2.5.0 because:
  Build cache is disabled
AarResourcesCompilerTransform: /home/runner/.gradle/caches/transforms-3/32916e4361a0519dfb325dcc3e200682/transformed/jetified-coil-compose-2.5.0 is not up-to-date because:
  No history is available.
Caching disabled for AarResourcesCompilerTransform: /home/runner/.gradle/caches/transforms-3/e42332f6c3845b4ae63811bd5d1b8586/transformed/jetified-coil-compose-base-2.5.0 because:
  Build cache is disabled
AarResourcesCompilerTransform: /home/runner/.gradle/caches/transforms-3/e42332f6c3845b4ae63811bd5d1b8586/transformed/jetified-coil-compose-base-2.5.0 is not up-to-date because:
  No history is available.
Caching disabled for AarResourcesCompilerTransform: /home/runner/.gradle/caches/transforms-3/73e6621120999a43cb87f253d3ce9798/transformed/jetified-material-icons-core-release because:
  Build cache is disabled
AarResourcesCompilerTransform: /home/runner/.gradle/caches/transforms-3/73e6621120999a43cb87f253d3ce9798/transformed/jetified-material-icons-core-release is not up-to-date because:
  No history is available.
Caching disabled for AarResourcesCompilerTransform: /home/runner/.gradle/caches/transforms-3/3dc43ce192fe1dab647f59ff297eacf1/transformed/jetified-material-ripple-release because:
  Build cache is disabled
AarResourcesCompilerTransform: /home/runner/.gradle/caches/transforms-3/3dc43ce192fe1dab647f59ff297eacf1/transformed/jetified-material-ripple-release is not up-to-date because:
  No history is available.
Caching disabled for AarResourcesCompilerTransform: /home/runner/.gradle/caches/transforms-3/e253461f05edaf7aa67d8be4b23c5378/transformed/jetified-material-release because:
  Build cache is disabled
AarResourcesCompilerTransform: /home/runner/.gradle/caches/transforms-3/e253461f05edaf7aa67d8be4b23c5378/transformed/jetified-material-release is not up-to-date because:
  No history is available.
Caching disabled for AarResourcesCompilerTransform: /home/runner/.gradle/caches/transforms-3/d18e3e45b4d94d3858bdc59584221f19/transformed/jetified-animation-release because:
  Build cache is disabled
AarResourcesCompilerTransform: /home/runner/.gradle/caches/transforms-3/d18e3e45b4d94d3858bdc59584221f19/transformed/jetified-animation-release is not up-to-date because:
  No history is available.
Caching disabled for AarResourcesCompilerTransform: /home/runner/.gradle/caches/transforms-3/2e023a60b9bc95923d69649b085625a1/transformed/jetified-animation-core-release because:
  Build cache is disabled
AarResourcesCompilerTransform: /home/runner/.gradle/caches/transforms-3/2e023a60b9bc95923d69649b085625a1/transformed/jetified-animation-core-release is not up-to-date because:
  No history is available.
Caching disabled for AarResourcesCompilerTransform: /home/runner/.gradle/caches/transforms-3/ff71fba756ca4157450ef962b788a7b8/transformed/jetified-foundation-layout-release because:
  Build cache is disabled
AarResourcesCompilerTransform: /home/runner/.gradle/caches/transforms-3/ff71fba756ca4157450ef962b788a7b8/transformed/jetified-foundation-layout-release is not up-to-date because:
  No history is available.
Caching disabled for AarResourcesCompilerTransform: /home/runner/.gradle/caches/transforms-3/c4e0e79cd87e6e8b15a86f479bf7fb1c/transformed/jetified-foundation-release because:
  Build cache is disabled
AarResourcesCompilerTransform: /home/runner/.gradle/caches/transforms-3/c4e0e79cd87e6e8b15a86f479bf7fb1c/transformed/jetified-foundation-release is not up-to-date because:
  No history is available.
Caching disabled for AarResourcesCompilerTransform: /home/runner/.gradle/caches/transforms-3/841daa78a6c7688fb1784afdf8bd8006/transformed/jetified-ui-tooling-data-release because:
  Build cache is disabled
AarResourcesCompilerTransform: /home/runner/.gradle/caches/transforms-3/841daa78a6c7688fb1784afdf8bd8006/transformed/jetified-ui-tooling-data-release is not up-to-date because:
  No history is available.
Caching disabled for AarResourcesCompilerTransform: /home/runner/.gradle/caches/transforms-3/49f657191625df914dc02aaa37e2ccce/transformed/jetified-ui-unit-release because:
  Build cache is disabled
AarResourcesCompilerTransform: /home/runner/.gradle/caches/transforms-3/49f657191625df914dc02aaa37e2ccce/transformed/jetified-ui-unit-release is not up-to-date because:
  No history is available.
Caching disabled for AarResourcesCompilerTransform: /home/runner/.gradle/caches/transforms-3/510b4aecd5975c712c4d4e307818dcd4/transformed/jetified-ui-geometry-release because:
  Build cache is disabled
AarResourcesCompilerTransform: /home/runner/.gradle/caches/transforms-3/510b4aecd5975c712c4d4e307818dcd4/transformed/jetified-ui-geometry-release is not up-to-date because:
  No history is available.
Caching disabled for AarResourcesCompilerTransform: /home/runner/.gradle/caches/transforms-3/bf74d1f461dd083fb9b90c72b67dd7ae/transformed/jetified-ui-util-release because:
  Build cache is disabled
AarResourcesCompilerTransform: /home/runner/.gradle/caches/transforms-3/bf74d1f461dd083fb9b90c72b67dd7ae/transformed/jetified-ui-util-release is not up-to-date because:
  No history is available.
Caching disabled for AarResourcesCompilerTransform: /home/runner/.gradle/caches/transforms-3/739ee27594ae93846d923b96306d6ce4/transformed/jetified-ui-text-release because:
  Build cache is disabled
AarResourcesCompilerTransform: /home/runner/.gradle/caches/transforms-3/739ee27594ae93846d923b96306d6ce4/transformed/jetified-ui-text-release is not up-to-date because:
  No history is available.
Caching disabled for AarResourcesCompilerTransform: /home/runner/.gradle/caches/transforms-3/b49ca312096e0275e43db54fdf724643/transformed/jetified-ui-tooling-preview-release because:
  Build cache is disabled
AarResourcesCompilerTransform: /home/runner/.gradle/caches/transforms-3/b49ca312096e0275e43db54fdf724643/transformed/jetified-ui-tooling-preview-release is not up-to-date because:
  No history is available.
Caching disabled for AarResourcesCompilerTransform: /home/runner/.gradle/caches/transforms-3/39b5ea9cdb3e645b6f458cbb8dfdcaa8/transformed/jetified-ui-graphics-release because:
  Build cache is disabled
AarResourcesCompilerTransform: /home/runner/.gradle/caches/transforms-3/39b5ea9cdb3e645b6f458cbb8dfdcaa8/transformed/jetified-ui-graphics-release is not up-to-date because:
  No history is available.
Caching disabled for AarResourcesCompilerTransform: /home/runner/.gradle/caches/transforms-3/1c604c0a449a91646a02b0bf81bb92a8/transformed/jetified-ui-test-manifest-1.6.0 because:
  Build cache is disabled
Caching disabled for AarResourcesCompilerTransform: /home/runner/.gradle/caches/transforms-3/bf3003103bf104060019c4c4fe8f58d2/transformed/jetified-ui-tooling-release because:
  Build cache is disabled
AarResourcesCompilerTransform: /home/runner/.gradle/caches/transforms-3/1c604c0a449a91646a02b0bf81bb92a8/transformed/jetified-ui-test-manifest-1.6.0 is not up-to-date because:
  No history is available.
AarResourcesCompilerTransform: /home/runner/.gradle/caches/transforms-3/bf3003103bf104060019c4c4fe8f58d2/transformed/jetified-ui-tooling-release is not up-to-date because:
  No history is available.
Caching disabled for AarResourcesCompilerTransform: /home/runner/.gradle/caches/transforms-3/cdde5d135a5c5f405b2e1a5824d1a5bf/transformed/jetified-activity-compose-1.8.2 because:
  Build cache is disabled
AarResourcesCompilerTransform: /home/runner/.gradle/caches/transforms-3/cdde5d135a5c5f405b2e1a5824d1a5bf/transformed/jetified-activity-compose-1.8.2 is not up-to-date because:
  No history is available.
Caching disabled for AarResourcesCompilerTransform: /home/runner/.gradle/caches/transforms-3/accb67d5fa6842fc494107338777a9e8/transformed/jetified-emoji2-1.3.0 because:
  Build cache is disabled
AarResourcesCompilerTransform: /home/runner/.gradle/caches/transforms-3/accb67d5fa6842fc494107338777a9e8/transformed/jetified-emoji2-1.3.0 is not up-to-date because:
  No history is available.
Caching disabled for AarResourcesCompilerTransform: /home/runner/.gradle/caches/transforms-3/076a8f229414680308728714ada7a4b2/transformed/jetified-lifecycle-process-2.7.0 because:
  Build cache is disabled
AarResourcesCompilerTransform: /home/runner/.gradle/caches/transforms-3/076a8f229414680308728714ada7a4b2/transformed/jetified-lifecycle-process-2.7.0 is not up-to-date because:
  No history is available.
Caching disabled for AarResourcesCompilerTransform: /home/runner/.gradle/caches/transforms-3/dcfbdd2b03f788a16fdc2ef43289a48a/transformed/jetified-savedstate-ktx-1.2.1 because:
  Build cache is disabled
AarResourcesCompilerTransform: /home/runner/.gradle/caches/transforms-3/dcfbdd2b03f788a16fdc2ef43289a48a/transformed/jetified-savedstate-ktx-1.2.1 is not up-to-date because:
  No history is available.
Caching disabled for AarResourcesCompilerTransform: /home/runner/.gradle/caches/transforms-3/86f269d9a5d25d9db3a0c3844d69e947/transformed/lifecycle-livedata-core-2.7.0 because:
  Build cache is disabled
AarResourcesCompilerTransform: /home/runner/.gradle/caches/transforms-3/86f269d9a5d25d9db3a0c3844d69e947/transformed/lifecycle-livedata-core-2.7.0 is not up-to-date because:
  No history is available.
Caching disabled for AarResourcesCompilerTransform: /home/runner/.gradle/caches/transforms-3/0e3cb1d08ffd4372de833f64f3db18a8/transformed/jetified-savedstate-1.2.1 because:
  Build cache is disabled
AarResourcesCompilerTransform: /home/runner/.gradle/caches/transforms-3/0e3cb1d08ffd4372de833f64f3db18a8/transformed/jetified-savedstate-1.2.1 is not up-to-date because:
  No history is available.
Caching disabled for AarResourcesCompilerTransform: /home/runner/.gradle/caches/transforms-3/3d80dbef2bfd9f638e3e23df58b28058/transformed/jetified-lifecycle-viewmodel-savedstate-2.7.0 because:
  Build cache is disabled
AarResourcesCompilerTransform: /home/runner/.gradle/caches/transforms-3/3d80dbef2bfd9f638e3e23df58b28058/transformed/jetified-lifecycle-viewmodel-savedstate-2.7.0 is not up-to-date because:
  No history is available.
Caching disabled for AarResourcesCompilerTransform: /home/runner/.gradle/caches/transforms-3/2e3aff25883e88e5e0e03fc7e5b8dddc/transformed/jetified-lifecycle-viewmodel-ktx-2.7.0 because:
  Build cache is disabled
AarResourcesCompilerTransform: /home/runner/.gradle/caches/transforms-3/2e3aff25883e88e5e0e03fc7e5b8dddc/transformed/jetified-lifecycle-viewmodel-ktx-2.7.0 is not up-to-date because:
  No history is available.
Caching disabled for AarResourcesCompilerTransform: /home/runner/.gradle/caches/transforms-3/d465ee9d576c159aa28b1d9fcb29cc5c/transformed/jetified-coil-2.5.0 because:
  Build cache is disabled
AarResourcesCompilerTransform: /home/runner/.gradle/caches/transforms-3/d465ee9d576c159aa28b1d9fcb29cc5c/transformed/jetified-coil-2.5.0 is not up-to-date because:
  No history is available.
Caching disabled for AarResourcesCompilerTransform: /home/runner/.gradle/caches/transforms-3/099efc0ddbfac48f037781c2ca4851d5/transformed/lifecycle-viewmodel-2.7.0 because:
  Build cache is disabled
AarResourcesCompilerTransform: /home/runner/.gradle/caches/transforms-3/099efc0ddbfac48f037781c2ca4851d5/transformed/lifecycle-viewmodel-2.7.0 is not up-to-date because:
  No history is available.
Caching disabled for AarResourcesCompilerTransform: /home/runner/.gradle/caches/transforms-3/5b6e8f4da29c5badae3df148f26f4146/transformed/jetified-coil-base-2.5.0 because:
  Build cache is disabled
AarResourcesCompilerTransform: /home/runner/.gradle/caches/transforms-3/5b6e8f4da29c5badae3df148f26f4146/transformed/jetified-coil-base-2.5.0 is not up-to-date because:
  No history is available.
Caching disabled for AarResourcesCompilerTransform: /home/runner/.gradle/caches/transforms-3/c9c5c4980b082d6d2dd323ddd1701769/transformed/lifecycle-runtime-2.7.0 because:
  Build cache is disabled
AarResourcesCompilerTransform: /home/runner/.gradle/caches/transforms-3/c9c5c4980b082d6d2dd323ddd1701769/transformed/lifecycle-runtime-2.7.0 is not up-to-date because:
  No history is available.
Caching disabled for AarResourcesCompilerTransform: /home/runner/.gradle/caches/transforms-3/b8d5a53e480a02a01d868ba62793622b/transformed/jetified-lifecycle-runtime-ktx-2.7.0 because:
  Build cache is disabled
AarResourcesCompilerTransform: /home/runner/.gradle/caches/transforms-3/b8d5a53e480a02a01d868ba62793622b/transformed/jetified-lifecycle-runtime-ktx-2.7.0 is not up-to-date because:
  No history is available.
Caching disabled for AarResourcesCompilerTransform: /home/runner/.gradle/caches/transforms-3/a0123c34e88e58ea294051e8ca239094/transformed/jetified-lifecycle-viewmodel-compose-2.7.0 because:
  Build cache is disabled
AarResourcesCompilerTransform: /home/runner/.gradle/caches/transforms-3/a0123c34e88e58ea294051e8ca239094/transformed/jetified-lifecycle-viewmodel-compose-2.7.0 is not up-to-date because:
  No history is available.
Caching disabled for AarResourcesCompilerTransform: /home/runner/.gradle/caches/transforms-3/5c193792e17ca9669102e33e07a2e665/transformed/jetified-accompanist-drawablepainter-0.32.0 because:
  Build cache is disabled
AarResourcesCompilerTransform: /home/runner/.gradle/caches/transforms-3/5c193792e17ca9669102e33e07a2e665/transformed/jetified-accompanist-drawablepainter-0.32.0 is not up-to-date because:
  No history is available.
Caching disabled for AarResourcesCompilerTransform: /home/runner/.gradle/caches/transforms-3/7c1fde5ba7832962763da54cbb5017fc/transformed/jetified-ui-release because:
  Build cache is disabled
AarResourcesCompilerTransform: /home/runner/.gradle/caches/transforms-3/7c1fde5ba7832962763da54cbb5017fc/transformed/jetified-ui-release is not up-to-date because:
  No history is available.
Compiling xml file /home/runner/.gradle/caches/transforms-3/7c1fde5ba7832962763da54cbb5017fc/transformed/jetified-ui-release/res/color/vector_tint_color.xml to /home/runner/.gradle/caches/transforms-3/1ef33ff8ac0211ba82425158e56787b3/transformed/androidx.compose.ui/color_vector_tint_color.xml.flat
Caching disabled for AarResourcesCompilerTransform: /home/runner/.gradle/caches/transforms-3/af7438249dbf35e19c89c1000528720c/transformed/jetified-autofill-1.0.0 because:
  Build cache is disabled
AarResourcesCompilerTransform: /home/runner/.gradle/caches/transforms-3/af7438249dbf35e19c89c1000528720c/transformed/jetified-autofill-1.0.0 is not up-to-date because:
  No history is available.
Caching disabled for AarResourcesCompilerTransform: /home/runner/.gradle/caches/transforms-3/3eaec48e790365cb3ddece1de5aab10f/transformed/jetified-appcompat-resources-1.6.1 because:
  Build cache is disabled
AarResourcesCompilerTransform: /home/runner/.gradle/caches/transforms-3/3eaec48e790365cb3ddece1de5aab10f/transformed/jetified-appcompat-resources-1.6.1 is not up-to-date because:
  No history is available.
Compiling xml file /home/runner/.gradle/caches/transforms-3/3eaec48e790365cb3ddece1de5aab10f/transformed/jetified-appcompat-resources-1.6.1/res/drawable/abc_vector_test.xml to /home/runner/.gradle/caches/transforms-3/9cd9e558deebc1bd00ee29c093266562/transformed/androidx.appcompat.resources/drawable_abc_vector_test.xml.flat
Caching disabled for AarResourcesCompilerTransform: /home/runner/.gradle/caches/transforms-3/8cc41fb51eaad97db6eafd93ec44c1e0/transformed/vectordrawable-animated-1.1.0 because:
  Build cache is disabled
AarResourcesCompilerTransform: /home/runner/.gradle/caches/transforms-3/8cc41fb51eaad97db6eafd93ec44c1e0/transformed/vectordrawable-animated-1.1.0 is not up-to-date because:
  No history is available.
Compiling xml file /home/runner/.gradle/caches/transforms-3/7c1fde5ba7832962763da54cbb5017fc/transformed/jetified-ui-release/res/color/vector_tint_theme_color.xml to /home/runner/.gradle/caches/transforms-3/1ef33ff8ac0211ba82425158e56787b3/transformed/androidx.compose.ui/color_vector_tint_theme_color.xml.flat
Caching disabled for AarResourcesCompilerTransform: /home/runner/.gradle/caches/transforms-3/3faa838f61968b207718ebdff448e42e/transformed/vectordrawable-1.1.0 because:
  Build cache is disabled
AarResourcesCompilerTransform: /home/runner/.gradle/caches/transforms-3/3faa838f61968b207718ebdff448e42e/transformed/vectordrawable-1.1.0 is not up-to-date because:
  No history is available.
Caching disabled for AarResourcesCompilerTransform: /home/runner/.gradle/caches/transforms-3/4dde0fce54f6341b6da19770f76a2130/transformed/core-1.12.0 because:
  Build cache is disabled
AarResourcesCompilerTransform: /home/runner/.gradle/caches/transforms-3/4dde0fce54f6341b6da19770f76a2130/transformed/core-1.12.0 is not up-to-date because:
  No history is available.
Compiling xml file /home/runner/.gradle/caches/transforms-3/4dde0fce54f6341b6da19770f76a2130/transformed/core-1.12.0/res/layout-v16/notification_template_custom_big.xml to /home/runner/.gradle/caches/transforms-3/387184b707cf087dabd2fec6b8383dda/transformed/androidx.core/layout-v16_notification_template_custom_big.xml.flat
Compiling xml file /home/runner/.gradle/caches/transforms-3/4dde0fce54f6341b6da19770f76a2130/transformed/core-1.12.0/res/layout/notification_template_custom_big.xml to /home/runner/.gradle/caches/transforms-3/387184b707cf087dabd2fec6b8383dda/transformed/androidx.core/layout_notification_template_custom_big.xml.flat
Compiling xml file /home/runner/.gradle/caches/transforms-3/4dde0fce54f6341b6da19770f76a2130/transformed/core-1.12.0/res/layout/notification_template_part_time.xml to /home/runner/.gradle/caches/transforms-3/387184b707cf087dabd2fec6b8383dda/transformed/androidx.core/layout_notification_template_part_time.xml.flat
Compiling xml file /home/runner/.gradle/caches/transforms-3/4dde0fce54f6341b6da19770f76a2130/transformed/core-1.12.0/res/layout/notification_action.xml to /home/runner/.gradle/caches/transforms-3/387184b707cf087dabd2fec6b8383dda/transformed/androidx.core/layout_notification_action.xml.flat
Compiling xml file /home/runner/.gradle/caches/transforms-3/4dde0fce54f6341b6da19770f76a2130/transformed/core-1.12.0/res/layout/notification_template_part_chronometer.xml to /home/runner/.gradle/caches/transforms-3/387184b707cf087dabd2fec6b8383dda/transformed/androidx.core/layout_notification_template_part_chronometer.xml.flat
Compiling xml file /home/runner/.gradle/caches/transforms-3/4dde0fce54f6341b6da19770f76a2130/transformed/core-1.12.0/res/layout/notification_action_tombstone.xml to /home/runner/.gradle/caches/transforms-3/387184b707cf087dabd2fec6b8383dda/transformed/androidx.core/layout_notification_action_tombstone.xml.flat
Compiling xml file /home/runner/.gradle/caches/transforms-3/4dde0fce54f6341b6da19770f76a2130/transformed/core-1.12.0/res/layout/notification_template_icon_group.xml to /home/runner/.gradle/caches/transforms-3/387184b707cf087dabd2fec6b8383dda/transformed/androidx.core/layout_notification_template_icon_group.xml.flat
Compiling xml file /home/runner/.gradle/caches/transforms-3/4dde0fce54f6341b6da19770f76a2130/transformed/core-1.12.0/res/layout/custom_dialog.xml to /home/runner/.gradle/caches/transforms-3/387184b707cf087dabd2fec6b8383dda/transformed/androidx.core/layout_custom_dialog.xml.flat
Compiling xml file /home/runner/.gradle/caches/transforms-3/4dde0fce54f6341b6da19770f76a2130/transformed/core-1.12.0/res/layout/ime_base_split_test_activity.xml to /home/runner/.gradle/caches/transforms-3/387184b707cf087dabd2fec6b8383dda/transformed/androidx.core/layout_ime_base_split_test_activity.xml.flat
Compiling xml file /home/runner/.gradle/caches/transforms-3/4dde0fce54f6341b6da19770f76a2130/transformed/core-1.12.0/res/layout/ime_secondary_split_test_activity.xml to /home/runner/.gradle/caches/transforms-3/387184b707cf087dabd2fec6b8383dda/transformed/androidx.core/layout_ime_secondary_split_test_activity.xml.flat
Compiling xml file /home/runner/.gradle/caches/transforms-3/4dde0fce54f6341b6da19770f76a2130/transformed/core-1.12.0/res/drawable-v21/notification_action_background.xml to /home/runner/.gradle/caches/transforms-3/387184b707cf087dabd2fec6b8383dda/transformed/androidx.core/drawable-v21_notification_action_background.xml.flat
Compiling xml file /home/runner/.gradle/caches/transforms-3/4dde0fce54f6341b6da19770f76a2130/transformed/core-1.12.0/res/layout-v21/notification_template_custom_big.xml to /home/runner/.gradle/caches/transforms-3/387184b707cf087dabd2fec6b8383dda/transformed/androidx.core/layout-v21_notification_template_custom_big.xml.flat
Compiling xml file /home/runner/.gradle/caches/transforms-3/4dde0fce54f6341b6da19770f76a2130/transformed/core-1.12.0/res/layout-v21/notification_action.xml to /home/runner/.gradle/caches/transforms-3/387184b707cf087dabd2fec6b8383dda/transformed/androidx.core/layout-v21_notification_action.xml.flat
Compiling xml file /home/runner/.gradle/caches/transforms-3/4dde0fce54f6341b6da19770f76a2130/transformed/core-1.12.0/res/layout-v21/notification_action_tombstone.xml to /home/runner/.gradle/caches/transforms-3/387184b707cf087dabd2fec6b8383dda/transformed/androidx.core/layout-v21_notification_action_tombstone.xml.flat
Compiling xml file /home/runner/.gradle/caches/transforms-3/4dde0fce54f6341b6da19770f76a2130/transformed/core-1.12.0/res/layout-v21/notification_template_icon_group.xml to /home/runner/.gradle/caches/transforms-3/387184b707cf087dabd2fec6b8383dda/transformed/androidx.core/layout-v21_notification_template_icon_group.xml.flat
AAPT2 aapt2-8.2.2-10154469-linux Daemon #0: starting
Compiling xml file /home/runner/.gradle/caches/transforms-3/4dde0fce54f6341b6da19770f76a2130/transformed/core-1.12.0/res/drawable-anydpi-v21/ic_call_answer_video_low.xml to /home/runner/.gradle/caches/transforms-3/387184b707cf087dabd2fec6b8383dda/transformed/androidx.core/drawable-anydpi-v21_ic_call_answer_video_low.xml.flat
Compiling xml file /home/runner/.gradle/caches/transforms-3/4dde0fce54f6341b6da19770f76a2130/transformed/core-1.12.0/res/drawable-anydpi-v21/ic_call_answer_video.xml to /home/runner/.gradle/caches/transforms-3/387184b707cf087dabd2fec6b8383dda/transformed/androidx.core/drawable-anydpi-v21_ic_call_answer_video.xml.flat
Compiling xml file /home/runner/.gradle/caches/transforms-3/4dde0fce54f6341b6da19770f76a2130/transformed/core-1.12.0/res/drawable-anydpi-v21/ic_call_answer.xml to /home/runner/.gradle/caches/transforms-3/387184b707cf087dabd2fec6b8383dda/transformed/androidx.core/drawable-anydpi-v21_ic_call_answer.xml.flat
Compiling xml file /home/runner/.gradle/caches/transforms-3/4dde0fce54f6341b6da19770f76a2130/transformed/core-1.12.0/res/drawable-anydpi-v21/ic_call_decline_low.xml to /home/runner/.gradle/caches/transforms-3/387184b707cf087dabd2fec6b8383dda/transformed/androidx.core/drawable-anydpi-v21_ic_call_decline_low.xml.flat
Compiling xml file /home/runner/.gradle/caches/transforms-3/4dde0fce54f6341b6da19770f76a2130/transformed/core-1.12.0/res/drawable-anydpi-v21/ic_call_decline.xml to /home/runner/.gradle/caches/transforms-3/387184b707cf087dabd2fec6b8383dda/transformed/androidx.core/drawable-anydpi-v21_ic_call_decline.xml.flat
Compiling xml file /home/runner/.gradle/caches/transforms-3/4dde0fce54f6341b6da19770f76a2130/transformed/core-1.12.0/res/drawable-anydpi-v21/ic_call_answer_low.xml to /home/runner/.gradle/caches/transforms-3/387184b707cf087dabd2fec6b8383dda/transformed/androidx.core/drawable-anydpi-v21_ic_call_answer_low.xml.flat
Compiling xml file /home/runner/.gradle/caches/transforms-3/4dde0fce54f6341b6da19770f76a2130/transformed/core-1.12.0/res/drawable/notification_bg.xml to /home/runner/.gradle/caches/transforms-3/387184b707cf087dabd2fec6b8383dda/transformed/androidx.core/drawable_notification_bg.xml.flat
Compiling xml file /home/runner/.gradle/caches/transforms-3/4dde0fce54f6341b6da19770f76a2130/transformed/core-1.12.0/res/drawable/notification_icon_background.xml to /home/runner/.gradle/caches/transforms-3/387184b707cf087dabd2fec6b8383dda/transformed/androidx.core/drawable_notification_icon_background.xml.flat
Compiling xml file /home/runner/.gradle/caches/transforms-3/4dde0fce54f6341b6da19770f76a2130/transformed/core-1.12.0/res/drawable/notification_tile_bg.xml to /home/runner/.gradle/caches/transforms-3/387184b707cf087dabd2fec6b8383dda/transformed/androidx.core/drawable_notification_tile_bg.xml.flat
Compiling xml file /home/runner/.gradle/caches/transforms-3/4dde0fce54f6341b6da19770f76a2130/transformed/core-1.12.0/res/drawable/notification_bg_low.xml to /home/runner/.gradle/caches/transforms-3/387184b707cf087dabd2fec6b8383dda/transformed/androidx.core/drawable_notification_bg_low.xml.flat
Caching disabled for AarResourcesCompilerTransform: /home/runner/.gradle/caches/transforms-3/328141f1afd86b20c170f8a445d30e19/transformed/jetified-customview-poolingcontainer-1.0.0 because:
  Build cache is disabled
AarResourcesCompilerTransform: /home/runner/.gradle/caches/transforms-3/328141f1afd86b20c170f8a445d30e19/transformed/jetified-customview-poolingcontainer-1.0.0 is not up-to-date because:
  No history is available.
Caching disabled for AarResourcesCompilerTransform: /home/runner/.gradle/caches/transforms-3/1f3abe10d1870e2a226e8cc9c7e7eb3b/transformed/jetified-annotation-experimental-1.3.0 because:
  Build cache is disabled
AarResourcesCompilerTransform: /home/runner/.gradle/caches/transforms-3/1f3abe10d1870e2a226e8cc9c7e7eb3b/transformed/jetified-annotation-experimental-1.3.0 is not up-to-date because:
  No history is available.
Caching disabled for AarResourcesCompilerTransform: /home/runner/.gradle/caches/transforms-3/86d4a3973c7d015dcddc3636b26d31c0/transformed/jetified-core-ktx-1.12.0 because:
  Build cache is disabled
AarResourcesCompilerTransform: /home/runner/.gradle/caches/transforms-3/86d4a3973c7d015dcddc3636b26d31c0/transformed/jetified-core-ktx-1.12.0 is not up-to-date because:
  No history is available.
Caching disabled for AarResourcesCompilerTransform: /home/runner/.gradle/caches/transforms-3/88742612a934cebcd0be91fdda997a16/transformed/jetified-runtime-saveable-release because:
  Build cache is disabled
AarResourcesCompilerTransform: /home/runner/.gradle/caches/transforms-3/88742612a934cebcd0be91fdda997a16/transformed/jetified-runtime-saveable-release is not up-to-date because:
  No history is available.
Caching disabled for AarResourcesCompilerTransform: /home/runner/.gradle/caches/transforms-3/37655ed3604b6c69200879d0500f2a9b/transformed/jetified-runtime-release because:
  Build cache is disabled
AarResourcesCompilerTransform: /home/runner/.gradle/caches/transforms-3/37655ed3604b6c69200879d0500f2a9b/transformed/jetified-runtime-release is not up-to-date because:
  No history is available.
Caching disabled for AarResourcesCompilerTransform: /home/runner/.gradle/caches/transforms-3/096095fb3f46b0f49569eff3850aad1c/transformed/versionedparcelable-1.1.1 because:
  Build cache is disabled
AarResourcesCompilerTransform: /home/runner/.gradle/caches/transforms-3/096095fb3f46b0f49569eff3850aad1c/transformed/versionedparcelable-1.1.1 is not up-to-date because:
  No history is available.
Caching disabled for AarResourcesCompilerTransform: /home/runner/.gradle/caches/transforms-3/da2de8c6ac4d0cdf9dede0c7637f3f2f/transformed/interpolator-1.0.0 because:
  Build cache is disabled
AarResourcesCompilerTransform: /home/runner/.gradle/caches/transforms-3/da2de8c6ac4d0cdf9dede0c7637f3f2f/transformed/interpolator-1.0.0 is not up-to-date because:
  No history is available.
Caching disabled for AarResourcesCompilerTransform: /home/runner/.gradle/caches/transforms-3/e38763203da2274fe32ea162c1ebfd07/transformed/jetified-startup-runtime-1.1.1 because:
  Build cache is disabled
AarResourcesCompilerTransform: /home/runner/.gradle/caches/transforms-3/e38763203da2274fe32ea162c1ebfd07/transformed/jetified-startup-runtime-1.1.1 is not up-to-date because:
  No history is available.
Caching disabled for AarResourcesCompilerTransform: /home/runner/.gradle/caches/transforms-3/ed2a99777db40be16c6b391443781293/transformed/jetified-profileinstaller-1.3.1 because:
  Build cache is disabled
AarResourcesCompilerTransform: /home/runner/.gradle/caches/transforms-3/ed2a99777db40be16c6b391443781293/transformed/jetified-profileinstaller-1.3.1 is not up-to-date because:
  No history is available.
Caching disabled for AarResourcesCompilerTransform: /home/runner/.gradle/caches/transforms-3/cb64fc0a0422f37738c7cc6bed1d58f4/transformed/core-runtime-2.2.0 because:
  Build cache is disabled
AarResourcesCompilerTransform: /home/runner/.gradle/caches/transforms-3/cb64fc0a0422f37738c7cc6bed1d58f4/transformed/core-runtime-2.2.0 is not up-to-date because:
  No history is available.
Caching disabled for AarResourcesCompilerTransform: /home/runner/.gradle/caches/transforms-3/77845b546bce7c968a64544941173c93/transformed/jetified-tracing-1.0.0 because:
  Build cache is disabled
AarResourcesCompilerTransform: /home/runner/.gradle/caches/transforms-3/77845b546bce7c968a64544941173c93/transformed/jetified-tracing-1.0.0 is not up-to-date because:
  No history is available.
Caching disabled for AarResourcesCompilerTransform: /home/runner/.gradle/caches/transforms-3/c0080d546a3a59f6f620959026c16997/transformed/exifinterface-1.3.6 because:
  Build cache is disabled
AarResourcesCompilerTransform: /home/runner/.gradle/caches/transforms-3/c0080d546a3a59f6f620959026c16997/transformed/exifinterface-1.3.6 is not up-to-date because:
  No history is available.
Caching disabled for AarResourcesCompilerTransform: /home/runner/.gradle/caches/transforms-3/1628c2c5419cf59a3c841ba2e99fbd0f/transformed/jetified-activity-ktx-1.8.2 because:
  Build cache is disabled
AarResourcesCompilerTransform: /home/runner/.gradle/caches/transforms-3/1628c2c5419cf59a3c841ba2e99fbd0f/transformed/jetified-activity-ktx-1.8.2 is not up-to-date because:
  No history is available.
Transforming material3-1.1.2.aar (androidx.compose.material3:material3:1.1.2) with JetifyTransform
Transforming material3-1.1.2.aar (androidx.compose.material3:material3:1.1.2) with ExtractAarTransform
Transforming material3-1.1.2.aar (androidx.compose.material3:material3:1.1.2) with LibrarySymbolTableTransform
Transforming activity-1.8.2.aar (androidx.activity:activity:1.8.2) with JetifyTransform
Transforming activity-1.8.2.aar (androidx.activity:activity:1.8.2) with ExtractAarTransform
Transforming activity-1.8.2.aar (androidx.activity:activity:1.8.2) with LibrarySymbolTableTransform
Transforming activity-ktx-1.8.2.aar (androidx.activity:activity-ktx:1.8.2) with JetifyTransform
Transforming activity-ktx-1.8.2.aar (androidx.activity:activity-ktx:1.8.2) with ExtractAarTransform
Transforming activity-ktx-1.8.2.aar (androidx.activity:activity-ktx:1.8.2) with LibrarySymbolTableTransform
Transforming coil-compose-2.5.0.aar (io.coil-kt:coil-compose:2.5.0) with JetifyTransform
Transforming coil-compose-2.5.0.aar (io.coil-kt:coil-compose:2.5.0) with ExtractAarTransform
Transforming coil-compose-2.5.0.aar (io.coil-kt:coil-compose:2.5.0) with LibrarySymbolTableTransform
Transforming coil-compose-base-2.5.0.aar (io.coil-kt:coil-compose-base:2.5.0) with JetifyTransform
Transforming coil-compose-base-2.5.0.aar (io.coil-kt:coil-compose-base:2.5.0) with ExtractAarTransform
Transforming coil-compose-base-2.5.0.aar (io.coil-kt:coil-compose-base:2.5.0) with LibrarySymbolTableTransform
Transforming material-ripple-release.aar (androidx.compose.material:material-ripple-android:1.6.0) with JetifyTransform
Transforming material-ripple-release.aar (androidx.compose.material:material-ripple-android:1.6.0) with ExtractAarTransform
Transforming material-ripple-release.aar (androidx.compose.material:material-ripple-android:1.6.0) with LibrarySymbolTableTransform
Transforming material-icons-core-release.aar (androidx.compose.material:material-icons-core-android:1.6.0) with JetifyTransform
Transforming material-icons-core-release.aar (androidx.compose.material:material-icons-core-android:1.6.0) with ExtractAarTransform
Transforming material-icons-core-release.aar (androidx.compose.material:material-icons-core-android:1.6.0) with LibrarySymbolTableTransform
Transforming material-release.aar (androidx.compose.material:material-android:1.6.0) with JetifyTransform
Transforming material-release.aar (androidx.compose.material:material-android:1.6.0) with ExtractAarTransform
Transforming material-release.aar (androidx.compose.material:material-android:1.6.0) with LibrarySymbolTableTransform
Transforming animation-core-release.aar (androidx.compose.animation:animation-core-android:1.6.0) with JetifyTransform
Transforming animation-core-release.aar (androidx.compose.animation:animation-core-android:1.6.0) with ExtractAarTransform
Transforming animation-core-release.aar (androidx.compose.animation:animation-core-android:1.6.0) with LibrarySymbolTableTransform
Caching disabled for LibrarySymbolTableTransform: /home/runner/.gradle/caches/transforms-3/6b3695a9e99692f435cc63d9903ec2a9/transformed/jetified-material3-1.1.2 because:
  Build cache is disabled
LibrarySymbolTableTransform: /home/runner/.gradle/caches/transforms-3/6b3695a9e99692f435cc63d9903ec2a9/transformed/jetified-material3-1.1.2 is not up-to-date because:
  No history is available.
Transforming animation-release.aar (androidx.compose.animation:animation-android:1.6.0) with JetifyTransform
Transforming animation-release.aar (androidx.compose.animation:animation-android:1.6.0) with ExtractAarTransform
Transforming animation-release.aar (androidx.compose.animation:animation-android:1.6.0) with LibrarySymbolTableTransform
Transforming foundation-layout-release.aar (androidx.compose.foundation:foundation-layout-android:1.6.0) with JetifyTransform
Transforming foundation-layout-release.aar (androidx.compose.foundation:foundation-layout-android:1.6.0) with ExtractAarTransform
Transforming foundation-layout-release.aar (androidx.compose.foundation:foundation-layout-android:1.6.0) with LibrarySymbolTableTransform
Transforming foundation-release.aar (androidx.compose.foundation:foundation-android:1.6.0) with JetifyTransform
Transforming foundation-release.aar (androidx.compose.foundation:foundation-android:1.6.0) with ExtractAarTransform
Transforming foundation-release.aar (androidx.compose.foundation:foundation-android:1.6.0) with LibrarySymbolTableTransform
Transforming ui-tooling-data-release.aar (androidx.compose.ui:ui-tooling-data-android:1.6.0) with JetifyTransform
Transforming ui-tooling-data-release.aar (androidx.compose.ui:ui-tooling-data-android:1.6.0) with ExtractAarTransform
Transforming ui-tooling-data-release.aar (androidx.compose.ui:ui-tooling-data-android:1.6.0) with LibrarySymbolTableTransform
Transforming ui-unit-release.aar (androidx.compose.ui:ui-unit-android:1.6.0) with JetifyTransform
Transforming ui-unit-release.aar (androidx.compose.ui:ui-unit-android:1.6.0) with ExtractAarTransform
Transforming ui-unit-release.aar (androidx.compose.ui:ui-unit-android:1.6.0) with LibrarySymbolTableTransform
Transforming ui-geometry-release.aar (androidx.compose.ui:ui-geometry-android:1.6.0) with JetifyTransform
Transforming ui-geometry-release.aar (androidx.compose.ui:ui-geometry-android:1.6.0) with ExtractAarTransform
Transforming ui-geometry-release.aar (androidx.compose.ui:ui-geometry-android:1.6.0) with LibrarySymbolTableTransform
Transforming ui-util-release.aar (androidx.compose.ui:ui-util-android:1.6.0) with JetifyTransform
Transforming ui-util-release.aar (androidx.compose.ui:ui-util-android:1.6.0) with ExtractAarTransform
Transforming ui-util-release.aar (androidx.compose.ui:ui-util-android:1.6.0) with LibrarySymbolTableTransform
Transforming ui-text-release.aar (androidx.compose.ui:ui-text-android:1.6.0) with JetifyTransform
Transforming ui-text-release.aar (androidx.compose.ui:ui-text-android:1.6.0) with ExtractAarTransform
Transforming ui-text-release.aar (androidx.compose.ui:ui-text-android:1.6.0) with LibrarySymbolTableTransform
Transforming ui-tooling-preview-release.aar (androidx.compose.ui:ui-tooling-preview-android:1.6.0) with JetifyTransform
Transforming ui-tooling-preview-release.aar (androidx.compose.ui:ui-tooling-preview-android:1.6.0) with ExtractAarTransform
Transforming ui-tooling-preview-release.aar (androidx.compose.ui:ui-tooling-preview-android:1.6.0) with LibrarySymbolTableTransform
Transforming ui-graphics-release.aar (androidx.compose.ui:ui-graphics-android:1.6.0) with JetifyTransform
Transforming ui-graphics-release.aar (androidx.compose.ui:ui-graphics-android:1.6.0) with ExtractAarTransform
Transforming ui-graphics-release.aar (androidx.compose.ui:ui-graphics-android:1.6.0) with LibrarySymbolTableTransform
Transforming ui-test-manifest-1.6.0.aar (androidx.compose.ui:ui-test-manifest:1.6.0) with JetifyTransform
Transforming ui-test-manifest-1.6.0.aar (androidx.compose.ui:ui-test-manifest:1.6.0) with ExtractAarTransform
Transforming ui-test-manifest-1.6.0.aar (androidx.compose.ui:ui-test-manifest:1.6.0) with LibrarySymbolTableTransform
Transforming ui-tooling-release.aar (androidx.compose.ui:ui-tooling-android:1.6.0) with JetifyTransform
Transforming ui-tooling-release.aar (androidx.compose.ui:ui-tooling-android:1.6.0) with ExtractAarTransform
Transforming ui-tooling-release.aar (androidx.compose.ui:ui-tooling-android:1.6.0) with LibrarySymbolTableTransform
Transforming activity-compose-1.8.2.aar (androidx.activity:activity-compose:1.8.2) with JetifyTransform
Transforming activity-compose-1.8.2.aar (androidx.activity:activity-compose:1.8.2) with ExtractAarTransform
Transforming activity-compose-1.8.2.aar (androidx.activity:activity-compose:1.8.2) with LibrarySymbolTableTransform
Transforming emoji2-1.3.0.aar (androidx.emoji2:emoji2:1.3.0) with JetifyTransform
Transforming emoji2-1.3.0.aar (androidx.emoji2:emoji2:1.3.0) with ExtractAarTransform
Transforming emoji2-1.3.0.aar (androidx.emoji2:emoji2:1.3.0) with LibrarySymbolTableTransform
Transforming lifecycle-process-2.7.0.aar (androidx.lifecycle:lifecycle-process:2.7.0) with JetifyTransform
Transforming lifecycle-process-2.7.0.aar (androidx.lifecycle:lifecycle-process:2.7.0) with ExtractAarTransform
Transforming lifecycle-process-2.7.0.aar (androidx.lifecycle:lifecycle-process:2.7.0) with LibrarySymbolTableTransform
Transforming lifecycle-livedata-core-2.7.0.aar (androidx.lifecycle:lifecycle-livedata-core:2.7.0) with JetifyTransform
Transforming lifecycle-livedata-core-2.7.0.aar (androidx.lifecycle:lifecycle-livedata-core:2.7.0) with ExtractAarTransform
Transforming lifecycle-livedata-core-2.7.0.aar (androidx.lifecycle:lifecycle-livedata-core:2.7.0) with LibrarySymbolTableTransform
Transforming savedstate-ktx-1.2.1.aar (androidx.savedstate:savedstate-ktx:1.2.1) with JetifyTransform
Transforming savedstate-ktx-1.2.1.aar (androidx.savedstate:savedstate-ktx:1.2.1) with ExtractAarTransform
Transforming savedstate-ktx-1.2.1.aar (androidx.savedstate:savedstate-ktx:1.2.1) with LibrarySymbolTableTransform
Transforming savedstate-1.2.1.aar (androidx.savedstate:savedstate:1.2.1) with JetifyTransform
Transforming savedstate-1.2.1.aar (androidx.savedstate:savedstate:1.2.1) with ExtractAarTransform
Transforming savedstate-1.2.1.aar (androidx.savedstate:savedstate:1.2.1) with LibrarySymbolTableTransform
Transforming lifecycle-viewmodel-savedstate-2.7.0.aar (androidx.lifecycle:lifecycle-viewmodel-savedstate:2.7.0) with JetifyTransform
Caching disabled for LibrarySymbolTableTransform: /home/runner/.gradle/caches/transforms-3/4486cd71c0d89f8b575e26ac3b908889/transformed/jetified-activity-1.8.2 because:
  Build cache is disabled
LibrarySymbolTableTransform: /home/runner/.gradle/caches/transforms-3/4486cd71c0d89f8b575e26ac3b908889/transformed/jetified-activity-1.8.2 is not up-to-date because:
  No history is available.
Transforming lifecycle-viewmodel-savedstate-2.7.0.aar (androidx.lifecycle:lifecycle-viewmodel-savedstate:2.7.0) with ExtractAarTransform
Transforming lifecycle-viewmodel-savedstate-2.7.0.aar (androidx.lifecycle:lifecycle-viewmodel-savedstate:2.7.0) with LibrarySymbolTableTransform
Transforming lifecycle-viewmodel-ktx-2.7.0.aar (androidx.lifecycle:lifecycle-viewmodel-ktx:2.7.0) with JetifyTransform
Transforming lifecycle-viewmodel-ktx-2.7.0.aar (androidx.lifecycle:lifecycle-viewmodel-ktx:2.7.0) with ExtractAarTransform
Transforming lifecycle-viewmodel-ktx-2.7.0.aar (androidx.lifecycle:lifecycle-viewmodel-ktx:2.7.0) with LibrarySymbolTableTransform
Transforming lifecycle-viewmodel-2.7.0.aar (androidx.lifecycle:lifecycle-viewmodel:2.7.0) with JetifyTransform
Transforming lifecycle-viewmodel-2.7.0.aar (androidx.lifecycle:lifecycle-viewmodel:2.7.0) with ExtractAarTransform
Transforming lifecycle-viewmodel-2.7.0.aar (androidx.lifecycle:lifecycle-viewmodel:2.7.0) with LibrarySymbolTableTransform
Transforming coil-2.5.0.aar (io.coil-kt:coil:2.5.0) with JetifyTransform
Transforming coil-2.5.0.aar (io.coil-kt:coil:2.5.0) with ExtractAarTransform
Transforming coil-2.5.0.aar (io.coil-kt:coil:2.5.0) with LibrarySymbolTableTransform
Transforming coil-base-2.5.0.aar (io.coil-kt:coil-base:2.5.0) with JetifyTransform
Transforming coil-base-2.5.0.aar (io.coil-kt:coil-base:2.5.0) with ExtractAarTransform
Transforming coil-base-2.5.0.aar (io.coil-kt:coil-base:2.5.0) with LibrarySymbolTableTransform
Transforming lifecycle-runtime-2.7.0.aar (androidx.lifecycle:lifecycle-runtime:2.7.0) with JetifyTransform
Transforming lifecycle-runtime-2.7.0.aar (androidx.lifecycle:lifecycle-runtime:2.7.0) with ExtractAarTransform
Transforming lifecycle-runtime-2.7.0.aar (androidx.lifecycle:lifecycle-runtime:2.7.0) with LibrarySymbolTableTransform
Transforming lifecycle-runtime-ktx-2.7.0.aar (androidx.lifecycle:lifecycle-runtime-ktx:2.7.0) with JetifyTransform
Transforming lifecycle-runtime-ktx-2.7.0.aar (androidx.lifecycle:lifecycle-runtime-ktx:2.7.0) with ExtractAarTransform
Transforming lifecycle-runtime-ktx-2.7.0.aar (androidx.lifecycle:lifecycle-runtime-ktx:2.7.0) with LibrarySymbolTableTransform
Transforming lifecycle-viewmodel-compose-2.7.0.aar (androidx.lifecycle:lifecycle-viewmodel-compose:2.7.0) with JetifyTransform
Transforming lifecycle-viewmodel-compose-2.7.0.aar (androidx.lifecycle:lifecycle-viewmodel-compose:2.7.0) with ExtractAarTransform
Transforming lifecycle-viewmodel-compose-2.7.0.aar (androidx.lifecycle:lifecycle-viewmodel-compose:2.7.0) with LibrarySymbolTableTransform
Transforming accompanist-drawablepainter-0.32.0.aar (com.google.accompanist:accompanist-drawablepainter:0.32.0) with JetifyTransform
Transforming accompanist-drawablepainter-0.32.0.aar (com.google.accompanist:accompanist-drawablepainter:0.32.0) with ExtractAarTransform
Transforming accompanist-drawablepainter-0.32.0.aar (com.google.accompanist:accompanist-drawablepainter:0.32.0) with LibrarySymbolTableTransform
Transforming ui-release.aar (androidx.compose.ui:ui-android:1.6.0) with JetifyTransform
Transforming ui-release.aar (androidx.compose.ui:ui-android:1.6.0) with ExtractAarTransform
Transforming ui-release.aar (androidx.compose.ui:ui-android:1.6.0) with LibrarySymbolTableTransform
Transforming autofill-1.0.0.aar (androidx.autofill:autofill:1.0.0) with JetifyTransform
Transforming autofill-1.0.0.aar (androidx.autofill:autofill:1.0.0) with ExtractAarTransform
Transforming autofill-1.0.0.aar (androidx.autofill:autofill:1.0.0) with LibrarySymbolTableTransform
Transforming appcompat-resources-1.6.1.aar (androidx.appcompat:appcompat-resources:1.6.1) with JetifyTransform
Transforming appcompat-resources-1.6.1.aar (androidx.appcompat:appcompat-resources:1.6.1) with ExtractAarTransform
Transforming appcompat-resources-1.6.1.aar (androidx.appcompat:appcompat-resources:1.6.1) with LibrarySymbolTableTransform
Transforming vectordrawable-animated-1.1.0.aar (androidx.vectordrawable:vectordrawable-animated:1.1.0) with JetifyTransform
Transforming vectordrawable-animated-1.1.0.aar (androidx.vectordrawable:vectordrawable-animated:1.1.0) with ExtractAarTransform
Transforming vectordrawable-animated-1.1.0.aar (androidx.vectordrawable:vectordrawable-animated:1.1.0) with LibrarySymbolTableTransform
Transforming vectordrawable-1.1.0.aar (androidx.vectordrawable:vectordrawable:1.1.0) with JetifyTransform
Transforming vectordrawable-1.1.0.aar (androidx.vectordrawable:vectordrawable:1.1.0) with ExtractAarTransform
Transforming vectordrawable-1.1.0.aar (androidx.vectordrawable:vectordrawable:1.1.0) with LibrarySymbolTableTransform
Transforming vectordrawable-1.1.0.aar (androidx.vectordrawable:vectordrawable:1.1.0) with JetifyTransform
Transforming vectordrawable-1.1.0.aar (androidx.vectordrawable:vectordrawable:1.1.0) with ExtractAarTransform
Caching disabled for LibrarySymbolTableTransform: /home/runner/.gradle/caches/transforms-3/32916e4361a0519dfb325dcc3e200682/transformed/jetified-coil-compose-2.5.0 because:
  Build cache is disabled
LibrarySymbolTableTransform: /home/runner/.gradle/caches/transforms-3/32916e4361a0519dfb325dcc3e200682/transformed/jetified-coil-compose-2.5.0 is not up-to-date because:
  No history is available.
Caching disabled for LibrarySymbolTableTransform: /home/runner/.gradle/caches/transforms-3/e42332f6c3845b4ae63811bd5d1b8586/transformed/jetified-coil-compose-base-2.5.0 because:
  Build cache is disabled
LibrarySymbolTableTransform: /home/runner/.gradle/caches/transforms-3/e42332f6c3845b4ae63811bd5d1b8586/transformed/jetified-coil-compose-base-2.5.0 is not up-to-date because:
  No history is available.
Transforming vectordrawable-1.1.0.aar (androidx.vectordrawable:vectordrawable:1.1.0) with LibrarySymbolTableTransform
Transforming core-1.12.0.aar (androidx.core:core:1.12.0) with JetifyTransform
Transforming core-1.12.0.aar (androidx.core:core:1.12.0) with ExtractAarTransform
Transforming core-1.12.0.aar (androidx.core:core:1.12.0) with LibrarySymbolTableTransform
Transforming core-1.12.0.aar (androidx.core:core:1.12.0) with JetifyTransform
Transforming core-1.12.0.aar (androidx.core:core:1.12.0) with ExtractAarTransform
Transforming core-1.12.0.aar (androidx.core:core:1.12.0) with LibrarySymbolTableTransform
Transforming core-1.12.0.aar (androidx.core:core:1.12.0) with JetifyTransform
Transforming core-1.12.0.aar (androidx.core:core:1.12.0) with ExtractAarTransform
Transforming core-1.12.0.aar (androidx.core:core:1.12.0) with LibrarySymbolTableTransform
Transforming customview-poolingcontainer-1.0.0.aar (androidx.customview:customview-poolingcontainer:1.0.0) with JetifyTransform
Transforming customview-poolingcontainer-1.0.0.aar (androidx.customview:customview-poolingcontainer:1.0.0) with ExtractAarTransform
Transforming customview-poolingcontainer-1.0.0.aar (androidx.customview:customview-poolingcontainer:1.0.0) with LibrarySymbolTableTransform
Transforming core-ktx-1.12.0.aar (androidx.core:core-ktx:1.12.0) with JetifyTransform
Transforming core-ktx-1.12.0.aar (androidx.core:core-ktx:1.12.0) with ExtractAarTransform
Transforming core-ktx-1.12.0.aar (androidx.core:core-ktx:1.12.0) with LibrarySymbolTableTransform
Transforming annotation-experimental-1.3.0.aar (androidx.annotation:annotation-experimental:1.3.0) with JetifyTransform
Transforming annotation-experimental-1.3.0.aar (androidx.annotation:annotation-experimental:1.3.0) with ExtractAarTransform
Transforming annotation-experimental-1.3.0.aar (androidx.annotation:annotation-experimental:1.3.0) with LibrarySymbolTableTransform
Transforming runtime-saveable-release.aar (androidx.compose.runtime:runtime-saveable-android:1.6.0) with JetifyTransform
Transforming runtime-saveable-release.aar (androidx.compose.runtime:runtime-saveable-android:1.6.0) with ExtractAarTransform
Transforming runtime-saveable-release.aar (androidx.compose.runtime:runtime-saveable-android:1.6.0) with LibrarySymbolTableTransform
Transforming runtime-release.aar (androidx.compose.runtime:runtime-android:1.6.0) with JetifyTransform
Transforming runtime-release.aar (androidx.compose.runtime:runtime-android:1.6.0) with ExtractAarTransform
Transforming runtime-release.aar (androidx.compose.runtime:runtime-android:1.6.0) with LibrarySymbolTableTransform
Transforming versionedparcelable-1.1.1.aar (androidx.versionedparcelable:versionedparcelable:1.1.1) with JetifyTransform
Transforming versionedparcelable-1.1.1.aar (androidx.versionedparcelable:versionedparcelable:1.1.1) with ExtractAarTransform
Transforming versionedparcelable-1.1.1.aar (androidx.versionedparcelable:versionedparcelable:1.1.1) with LibrarySymbolTableTransform
Transforming interpolator-1.0.0.aar (androidx.interpolator:interpolator:1.0.0) with JetifyTransform
Transforming interpolator-1.0.0.aar (androidx.interpolator:interpolator:1.0.0) with ExtractAarTransform
Transforming interpolator-1.0.0.aar (androidx.interpolator:interpolator:1.0.0) with LibrarySymbolTableTransform
Transforming interpolator-1.0.0.aar (androidx.interpolator:interpolator:1.0.0) with JetifyTransform
Transforming interpolator-1.0.0.aar (androidx.interpolator:interpolator:1.0.0) with ExtractAarTransform
Transforming interpolator-1.0.0.aar (androidx.interpolator:interpolator:1.0.0) with LibrarySymbolTableTransform
Transforming core-runtime-2.2.0.aar (androidx.arch.core:core-runtime:2.2.0) with JetifyTransform
Transforming core-runtime-2.2.0.aar (androidx.arch.core:core-runtime:2.2.0) with ExtractAarTransform
Transforming core-runtime-2.2.0.aar (androidx.arch.core:core-runtime:2.2.0) with LibrarySymbolTableTransform
Transforming profileinstaller-1.3.1.aar (androidx.profileinstaller:profileinstaller:1.3.1) with JetifyTransform
Transforming profileinstaller-1.3.1.aar (androidx.profileinstaller:profileinstaller:1.3.1) with ExtractAarTransform
Transforming profileinstaller-1.3.1.aar (androidx.profileinstaller:profileinstaller:1.3.1) with LibrarySymbolTableTransform
Transforming startup-runtime-1.1.1.aar (androidx.startup:startup-runtime:1.1.1) with JetifyTransform
Transforming startup-runtime-1.1.1.aar (androidx.startup:startup-runtime:1.1.1) with ExtractAarTransform
Transforming startup-runtime-1.1.1.aar (androidx.startup:startup-runtime:1.1.1) with LibrarySymbolTableTransform
Transforming tracing-1.0.0.aar (androidx.tracing:tracing:1.0.0) with JetifyTransform
Transforming tracing-1.0.0.aar (androidx.tracing:tracing:1.0.0) with ExtractAarTransform
Transforming tracing-1.0.0.aar (androidx.tracing:tracing:1.0.0) with LibrarySymbolTableTransform
Transforming exifinterface-1.3.6.aar (androidx.exifinterface:exifinterface:1.3.6) with JetifyTransform
Transforming exifinterface-1.3.6.aar (androidx.exifinterface:exifinterface:1.3.6) with ExtractAarTransform
Transforming exifinterface-1.3.6.aar (androidx.exifinterface:exifinterface:1.3.6) with LibrarySymbolTableTransform
Caching disabled for LibrarySymbolTableTransform: /home/runner/.gradle/caches/transforms-3/3dc43ce192fe1dab647f59ff297eacf1/transformed/jetified-material-ripple-release because:
  Build cache is disabled
LibrarySymbolTableTransform: /home/runner/.gradle/caches/transforms-3/3dc43ce192fe1dab647f59ff297eacf1/transformed/jetified-material-ripple-release is not up-to-date because:
  No history is available.
Caching disabled for LibrarySymbolTableTransform: /home/runner/.gradle/caches/transforms-3/73e6621120999a43cb87f253d3ce9798/transformed/jetified-material-icons-core-release because:
  Build cache is disabled
LibrarySymbolTableTransform: /home/runner/.gradle/caches/transforms-3/73e6621120999a43cb87f253d3ce9798/transformed/jetified-material-icons-core-release is not up-to-date because:
  No history is available.
Caching disabled for LibrarySymbolTableTransform: /home/runner/.gradle/caches/transforms-3/e253461f05edaf7aa67d8be4b23c5378/transformed/jetified-material-release because:
  Build cache is disabled
LibrarySymbolTableTransform: /home/runner/.gradle/caches/transforms-3/e253461f05edaf7aa67d8be4b23c5378/transformed/jetified-material-release is not up-to-date because:
  No history is available.
Caching disabled for LibrarySymbolTableTransform: /home/runner/.gradle/caches/transforms-3/2e023a60b9bc95923d69649b085625a1/transformed/jetified-animation-core-release because:
  Build cache is disabled
LibrarySymbolTableTransform: /home/runner/.gradle/caches/transforms-3/2e023a60b9bc95923d69649b085625a1/transformed/jetified-animation-core-release is not up-to-date because:
  No history is available.
Caching disabled for LibrarySymbolTableTransform: /home/runner/.gradle/caches/transforms-3/d18e3e45b4d94d3858bdc59584221f19/transformed/jetified-animation-release because:
  Build cache is disabled
LibrarySymbolTableTransform: /home/runner/.gradle/caches/transforms-3/d18e3e45b4d94d3858bdc59584221f19/transformed/jetified-animation-release is not up-to-date because:
  No history is available.
Caching disabled for LibrarySymbolTableTransform: /home/runner/.gradle/caches/transforms-3/ff71fba756ca4157450ef962b788a7b8/transformed/jetified-foundation-layout-release because:
  Build cache is disabled
LibrarySymbolTableTransform: /home/runner/.gradle/caches/transforms-3/ff71fba756ca4157450ef962b788a7b8/transformed/jetified-foundation-layout-release is not up-to-date because:
  No history is available.
Caching disabled for LibrarySymbolTableTransform: /home/runner/.gradle/caches/transforms-3/c4e0e79cd87e6e8b15a86f479bf7fb1c/transformed/jetified-foundation-release because:
  Build cache is disabled
LibrarySymbolTableTransform: /home/runner/.gradle/caches/transforms-3/c4e0e79cd87e6e8b15a86f479bf7fb1c/transformed/jetified-foundation-release is not up-to-date because:
  No history is available.
Caching disabled for LibrarySymbolTableTransform: /home/runner/.gradle/caches/transforms-3/841daa78a6c7688fb1784afdf8bd8006/transformed/jetified-ui-tooling-data-release because:
  Build cache is disabled
LibrarySymbolTableTransform: /home/runner/.gradle/caches/transforms-3/841daa78a6c7688fb1784afdf8bd8006/transformed/jetified-ui-tooling-data-release is not up-to-date because:
  No history is available.
Caching disabled for LibrarySymbolTableTransform: /home/runner/.gradle/caches/transforms-3/49f657191625df914dc02aaa37e2ccce/transformed/jetified-ui-unit-release because:
  Build cache is disabled
LibrarySymbolTableTransform: /home/runner/.gradle/caches/transforms-3/49f657191625df914dc02aaa37e2ccce/transformed/jetified-ui-unit-release is not up-to-date because:
  No history is available.
Caching disabled for LibrarySymbolTableTransform: /home/runner/.gradle/caches/transforms-3/510b4aecd5975c712c4d4e307818dcd4/transformed/jetified-ui-geometry-release because:
  Build cache is disabled
LibrarySymbolTableTransform: /home/runner/.gradle/caches/transforms-3/510b4aecd5975c712c4d4e307818dcd4/transformed/jetified-ui-geometry-release is not up-to-date because:
  No history is available.
Caching disabled for LibrarySymbolTableTransform: /home/runner/.gradle/caches/transforms-3/bf74d1f461dd083fb9b90c72b67dd7ae/transformed/jetified-ui-util-release because:
  Build cache is disabled
LibrarySymbolTableTransform: /home/runner/.gradle/caches/transforms-3/bf74d1f461dd083fb9b90c72b67dd7ae/transformed/jetified-ui-util-release is not up-to-date because:
  No history is available.
Caching disabled for LibrarySymbolTableTransform: /home/runner/.gradle/caches/transforms-3/739ee27594ae93846d923b96306d6ce4/transformed/jetified-ui-text-release because:
  Build cache is disabled
LibrarySymbolTableTransform: /home/runner/.gradle/caches/transforms-3/739ee27594ae93846d923b96306d6ce4/transformed/jetified-ui-text-release is not up-to-date because:
  No history is available.
Caching disabled for LibrarySymbolTableTransform: /home/runner/.gradle/caches/transforms-3/b49ca312096e0275e43db54fdf724643/transformed/jetified-ui-tooling-preview-release because:
  Build cache is disabled
LibrarySymbolTableTransform: /home/runner/.gradle/caches/transforms-3/b49ca312096e0275e43db54fdf724643/transformed/jetified-ui-tooling-preview-release is not up-to-date because:
  No history is available.
Caching disabled for LibrarySymbolTableTransform: /home/runner/.gradle/caches/transforms-3/39b5ea9cdb3e645b6f458cbb8dfdcaa8/transformed/jetified-ui-graphics-release because:
  Build cache is disabled
LibrarySymbolTableTransform: /home/runner/.gradle/caches/transforms-3/39b5ea9cdb3e645b6f458cbb8dfdcaa8/transformed/jetified-ui-graphics-release is not up-to-date because:
  No history is available.
Caching disabled for LibrarySymbolTableTransform: /home/runner/.gradle/caches/transforms-3/1c604c0a449a91646a02b0bf81bb92a8/transformed/jetified-ui-test-manifest-1.6.0 because:
  Build cache is disabled
LibrarySymbolTableTransform: /home/runner/.gradle/caches/transforms-3/1c604c0a449a91646a02b0bf81bb92a8/transformed/jetified-ui-test-manifest-1.6.0 is not up-to-date because:
  No history is available.
Caching disabled for LibrarySymbolTableTransform: /home/runner/.gradle/caches/transforms-3/bf3003103bf104060019c4c4fe8f58d2/transformed/jetified-ui-tooling-release because:
  Build cache is disabled
LibrarySymbolTableTransform: /home/runner/.gradle/caches/transforms-3/bf3003103bf104060019c4c4fe8f58d2/transformed/jetified-ui-tooling-release is not up-to-date because:
  No history is available.
Caching disabled for LibrarySymbolTableTransform: /home/runner/.gradle/caches/transforms-3/cdde5d135a5c5f405b2e1a5824d1a5bf/transformed/jetified-activity-compose-1.8.2 because:
  Build cache is disabled
LibrarySymbolTableTransform: /home/runner/.gradle/caches/transforms-3/cdde5d135a5c5f405b2e1a5824d1a5bf/transformed/jetified-activity-compose-1.8.2 is not up-to-date because:
  No history is available.
Caching disabled for LibrarySymbolTableTransform: /home/runner/.gradle/caches/transforms-3/accb67d5fa6842fc494107338777a9e8/transformed/jetified-emoji2-1.3.0 because:
  Build cache is disabled
LibrarySymbolTableTransform: /home/runner/.gradle/caches/transforms-3/accb67d5fa6842fc494107338777a9e8/transformed/jetified-emoji2-1.3.0 is not up-to-date because:
  No history is available.
Caching disabled for LibrarySymbolTableTransform: /home/runner/.gradle/caches/transforms-3/076a8f229414680308728714ada7a4b2/transformed/jetified-lifecycle-process-2.7.0 because:
  Build cache is disabled
LibrarySymbolTableTransform: /home/runner/.gradle/caches/transforms-3/076a8f229414680308728714ada7a4b2/transformed/jetified-lifecycle-process-2.7.0 is not up-to-date because:
  No history is available.
Caching disabled for LibrarySymbolTableTransform: /home/runner/.gradle/caches/transforms-3/86f269d9a5d25d9db3a0c3844d69e947/transformed/lifecycle-livedata-core-2.7.0 because:
  Build cache is disabled
LibrarySymbolTableTransform: /home/runner/.gradle/caches/transforms-3/86f269d9a5d25d9db3a0c3844d69e947/transformed/lifecycle-livedata-core-2.7.0 is not up-to-date because:
  No history is available.
Caching disabled for LibrarySymbolTableTransform: /home/runner/.gradle/caches/transforms-3/dcfbdd2b03f788a16fdc2ef43289a48a/transformed/jetified-savedstate-ktx-1.2.1 because:
  Build cache is disabled
LibrarySymbolTableTransform: /home/runner/.gradle/caches/transforms-3/dcfbdd2b03f788a16fdc2ef43289a48a/transformed/jetified-savedstate-ktx-1.2.1 is not up-to-date because:
  No history is available.
Caching disabled for LibrarySymbolTableTransform: /home/runner/.gradle/caches/transforms-3/0e3cb1d08ffd4372de833f64f3db18a8/transformed/jetified-savedstate-1.2.1 because:
  Build cache is disabled
LibrarySymbolTableTransform: /home/runner/.gradle/caches/transforms-3/0e3cb1d08ffd4372de833f64f3db18a8/transformed/jetified-savedstate-1.2.1 is not up-to-date because:
  No history is available.
Caching disabled for LibrarySymbolTableTransform: /home/runner/.gradle/caches/transforms-3/3d80dbef2bfd9f638e3e23df58b28058/transformed/jetified-lifecycle-viewmodel-savedstate-2.7.0 because:
  Build cache is disabled
LibrarySymbolTableTransform: /home/runner/.gradle/caches/transforms-3/3d80dbef2bfd9f638e3e23df58b28058/transformed/jetified-lifecycle-viewmodel-savedstate-2.7.0 is not up-to-date because:
  No history is available.
Caching disabled for LibrarySymbolTableTransform: /home/runner/.gradle/caches/transforms-3/2e3aff25883e88e5e0e03fc7e5b8dddc/transformed/jetified-lifecycle-viewmodel-ktx-2.7.0 because:
  Build cache is disabled
LibrarySymbolTableTransform: /home/runner/.gradle/caches/transforms-3/2e3aff25883e88e5e0e03fc7e5b8dddc/transformed/jetified-lifecycle-viewmodel-ktx-2.7.0 is not up-to-date because:
  No history is available.
Caching disabled for LibrarySymbolTableTransform: /home/runner/.gradle/caches/transforms-3/099efc0ddbfac48f037781c2ca4851d5/transformed/lifecycle-viewmodel-2.7.0 because:
  Build cache is disabled
LibrarySymbolTableTransform: /home/runner/.gradle/caches/transforms-3/099efc0ddbfac48f037781c2ca4851d5/transformed/lifecycle-viewmodel-2.7.0 is not up-to-date because:
  No history is available.
Caching disabled for LibrarySymbolTableTransform: /home/runner/.gradle/caches/transforms-3/d465ee9d576c159aa28b1d9fcb29cc5c/transformed/jetified-coil-2.5.0 because:
  Build cache is disabled
LibrarySymbolTableTransform: /home/runner/.gradle/caches/transforms-3/d465ee9d576c159aa28b1d9fcb29cc5c/transformed/jetified-coil-2.5.0 is not up-to-date because:
  No history is available.
Caching disabled for LibrarySymbolTableTransform: /home/runner/.gradle/caches/transforms-3/5b6e8f4da29c5badae3df148f26f4146/transformed/jetified-coil-base-2.5.0 because:
  Build cache is disabled
LibrarySymbolTableTransform: /home/runner/.gradle/caches/transforms-3/5b6e8f4da29c5badae3df148f26f4146/transformed/jetified-coil-base-2.5.0 is not up-to-date because:
  No history is available.
Caching disabled for LibrarySymbolTableTransform: /home/runner/.gradle/caches/transforms-3/c9c5c4980b082d6d2dd323ddd1701769/transformed/lifecycle-runtime-2.7.0 because:
  Build cache is disabled
LibrarySymbolTableTransform: /home/runner/.gradle/caches/transforms-3/c9c5c4980b082d6d2dd323ddd1701769/transformed/lifecycle-runtime-2.7.0 is not up-to-date because:
  No history is available.
Caching disabled for LibrarySymbolTableTransform: /home/runner/.gradle/caches/transforms-3/b8d5a53e480a02a01d868ba62793622b/transformed/jetified-lifecycle-runtime-ktx-2.7.0 because:
  Build cache is disabled
LibrarySymbolTableTransform: /home/runner/.gradle/caches/transforms-3/b8d5a53e480a02a01d868ba62793622b/transformed/jetified-lifecycle-runtime-ktx-2.7.0 is not up-to-date because:
  No history is available.
Caching disabled for LibrarySymbolTableTransform: /home/runner/.gradle/caches/transforms-3/a0123c34e88e58ea294051e8ca239094/transformed/jetified-lifecycle-viewmodel-compose-2.7.0 because:
  Build cache is disabled
LibrarySymbolTableTransform: /home/runner/.gradle/caches/transforms-3/a0123c34e88e58ea294051e8ca239094/transformed/jetified-lifecycle-viewmodel-compose-2.7.0 is not up-to-date because:
  No history is available.
Caching disabled for LibrarySymbolTableTransform: /home/runner/.gradle/caches/transforms-3/5c193792e17ca9669102e33e07a2e665/transformed/jetified-accompanist-drawablepainter-0.32.0 because:
  Build cache is disabled
LibrarySymbolTableTransform: /home/runner/.gradle/caches/transforms-3/5c193792e17ca9669102e33e07a2e665/transformed/jetified-accompanist-drawablepainter-0.32.0 is not up-to-date because:
  No history is available.
Caching disabled for LibrarySymbolTableTransform: /home/runner/.gradle/caches/transforms-3/7c1fde5ba7832962763da54cbb5017fc/transformed/jetified-ui-release because:
  Build cache is disabled
LibrarySymbolTableTransform: /home/runner/.gradle/caches/transforms-3/7c1fde5ba7832962763da54cbb5017fc/transformed/jetified-ui-release is not up-to-date because:
  No history is available.
Caching disabled for LibrarySymbolTableTransform: /home/runner/.gradle/caches/transforms-3/af7438249dbf35e19c89c1000528720c/transformed/jetified-autofill-1.0.0 because:
  Build cache is disabled
LibrarySymbolTableTransform: /home/runner/.gradle/caches/transforms-3/af7438249dbf35e19c89c1000528720c/transformed/jetified-autofill-1.0.0 is not up-to-date because:
  No history is available.
Caching disabled for LibrarySymbolTableTransform: /home/runner/.gradle/caches/transforms-3/3eaec48e790365cb3ddece1de5aab10f/transformed/jetified-appcompat-resources-1.6.1 because:
  Build cache is disabled
LibrarySymbolTableTransform: /home/runner/.gradle/caches/transforms-3/3eaec48e790365cb3ddece1de5aab10f/transformed/jetified-appcompat-resources-1.6.1 is not up-to-date because:
  No history is available.
Caching disabled for LibrarySymbolTableTransform: /home/runner/.gradle/caches/transforms-3/8cc41fb51eaad97db6eafd93ec44c1e0/transformed/vectordrawable-animated-1.1.0 because:
  Build cache is disabled
LibrarySymbolTableTransform: /home/runner/.gradle/caches/transforms-3/8cc41fb51eaad97db6eafd93ec44c1e0/transformed/vectordrawable-animated-1.1.0 is not up-to-date because:
  No history is available.
Caching disabled for LibrarySymbolTableTransform: /home/runner/.gradle/caches/transforms-3/3faa838f61968b207718ebdff448e42e/transformed/vectordrawable-1.1.0 because:
  Build cache is disabled
LibrarySymbolTableTransform: /home/runner/.gradle/caches/transforms-3/3faa838f61968b207718ebdff448e42e/transformed/vectordrawable-1.1.0 is not up-to-date because:
  No history is available.
Caching disabled for LibrarySymbolTableTransform: /home/runner/.gradle/caches/transforms-3/4dde0fce54f6341b6da19770f76a2130/transformed/core-1.12.0 because:
  Build cache is disabled
LibrarySymbolTableTransform: /home/runner/.gradle/caches/transforms-3/4dde0fce54f6341b6da19770f76a2130/transformed/core-1.12.0 is not up-to-date because:
  No history is available.
Caching disabled for LibrarySymbolTableTransform: /home/runner/.gradle/caches/transforms-3/328141f1afd86b20c170f8a445d30e19/transformed/jetified-customview-poolingcontainer-1.0.0 because:
  Build cache is disabled
LibrarySymbolTableTransform: /home/runner/.gradle/caches/transforms-3/328141f1afd86b20c170f8a445d30e19/transformed/jetified-customview-poolingcontainer-1.0.0 is not up-to-date because:
  No history is available.
Caching disabled for LibrarySymbolTableTransform: /home/runner/.gradle/caches/transforms-3/86d4a3973c7d015dcddc3636b26d31c0/transformed/jetified-core-ktx-1.12.0 because:
  Build cache is disabled
LibrarySymbolTableTransform: /home/runner/.gradle/caches/transforms-3/86d4a3973c7d015dcddc3636b26d31c0/transformed/jetified-core-ktx-1.12.0 is not up-to-date because:
  No history is available.
Caching disabled for LibrarySymbolTableTransform: /home/runner/.gradle/caches/transforms-3/1f3abe10d1870e2a226e8cc9c7e7eb3b/transformed/jetified-annotation-experimental-1.3.0 because:
  Build cache is disabled
LibrarySymbolTableTransform: /home/runner/.gradle/caches/transforms-3/1f3abe10d1870e2a226e8cc9c7e7eb3b/transformed/jetified-annotation-experimental-1.3.0 is not up-to-date because:
  No history is available.
Caching disabled for LibrarySymbolTableTransform: /home/runner/.gradle/caches/transforms-3/88742612a934cebcd0be91fdda997a16/transformed/jetified-runtime-saveable-release because:
  Build cache is disabled
LibrarySymbolTableTransform: /home/runner/.gradle/caches/transforms-3/88742612a934cebcd0be91fdda997a16/transformed/jetified-runtime-saveable-release is not up-to-date because:
  No history is available.
Caching disabled for LibrarySymbolTableTransform: /home/runner/.gradle/caches/transforms-3/37655ed3604b6c69200879d0500f2a9b/transformed/jetified-runtime-release because:
  Build cache is disabled
LibrarySymbolTableTransform: /home/runner/.gradle/caches/transforms-3/37655ed3604b6c69200879d0500f2a9b/transformed/jetified-runtime-release is not up-to-date because:
  No history is available.
Caching disabled for LibrarySymbolTableTransform: /home/runner/.gradle/caches/transforms-3/da2de8c6ac4d0cdf9dede0c7637f3f2f/transformed/interpolator-1.0.0 because:
  Build cache is disabled
LibrarySymbolTableTransform: /home/runner/.gradle/caches/transforms-3/da2de8c6ac4d0cdf9dede0c7637f3f2f/transformed/interpolator-1.0.0 is not up-to-date because:
  No history is available.
Caching disabled for LibrarySymbolTableTransform: /home/runner/.gradle/caches/transforms-3/096095fb3f46b0f49569eff3850aad1c/transformed/versionedparcelable-1.1.1 because:
  Build cache is disabled
LibrarySymbolTableTransform: /home/runner/.gradle/caches/transforms-3/096095fb3f46b0f49569eff3850aad1c/transformed/versionedparcelable-1.1.1 is not up-to-date because:
  No history is available.
Caching disabled for LibrarySymbolTableTransform: /home/runner/.gradle/caches/transforms-3/ed2a99777db40be16c6b391443781293/transformed/jetified-profileinstaller-1.3.1 because:
  Build cache is disabled
LibrarySymbolTableTransform: /home/runner/.gradle/caches/transforms-3/ed2a99777db40be16c6b391443781293/transformed/jetified-profileinstaller-1.3.1 is not up-to-date because:
  No history is available.
Caching disabled for LibrarySymbolTableTransform: /home/runner/.gradle/caches/transforms-3/cb64fc0a0422f37738c7cc6bed1d58f4/transformed/core-runtime-2.2.0 because:
  Build cache is disabled
LibrarySymbolTableTransform: /home/runner/.gradle/caches/transforms-3/cb64fc0a0422f37738c7cc6bed1d58f4/transformed/core-runtime-2.2.0 is not up-to-date because:
  No history is available.
Caching disabled for LibrarySymbolTableTransform: /home/runner/.gradle/caches/transforms-3/e38763203da2274fe32ea162c1ebfd07/transformed/jetified-startup-runtime-1.1.1 because:
  Build cache is disabled
LibrarySymbolTableTransform: /home/runner/.gradle/caches/transforms-3/e38763203da2274fe32ea162c1ebfd07/transformed/jetified-startup-runtime-1.1.1 is not up-to-date because:
  No history is available.
Caching disabled for LibrarySymbolTableTransform: /home/runner/.gradle/caches/transforms-3/77845b546bce7c968a64544941173c93/transformed/jetified-tracing-1.0.0 because:
  Build cache is disabled
LibrarySymbolTableTransform: /home/runner/.gradle/caches/transforms-3/77845b546bce7c968a64544941173c93/transformed/jetified-tracing-1.0.0 is not up-to-date because:
  No history is available.
Caching disabled for LibrarySymbolTableTransform: /home/runner/.gradle/caches/transforms-3/c0080d546a3a59f6f620959026c16997/transformed/exifinterface-1.3.6 because:
  Build cache is disabled
LibrarySymbolTableTransform: /home/runner/.gradle/caches/transforms-3/c0080d546a3a59f6f620959026c16997/transformed/exifinterface-1.3.6 is not up-to-date because:
  No history is available.
Caching disabled for LibrarySymbolTableTransform: /home/runner/.gradle/caches/transforms-3/1628c2c5419cf59a3c841ba2e99fbd0f/transformed/jetified-activity-ktx-1.8.2 because:
  Build cache is disabled
LibrarySymbolTableTransform: /home/runner/.gradle/caches/transforms-3/1628c2c5419cf59a3c841ba2e99fbd0f/transformed/jetified-activity-ktx-1.8.2 is not up-to-date because:
  No history is available.
Caching disabled for task ':app-v3:processDebugResources' because:
  Build cache is disabled
Task ':app-v3:processDebugResources' is not up-to-date because:
  No history is available.
The input changes require a full rebuild for incremental task ':app-v3:processDebugResources'.
Aapt output file /home/runner/work/Asd-app/Asd-app/app-v3/build/intermediates/processed_res/debug/out/resources-debug.ap_

> Task :app-v3:mergeExtDexDebug
Merging to '/home/runner/work/Asd-app/Asd-app/app-v3/build/intermediates/dex/debug/mergeExtDexDebug' with D8 from all or a subset of dex files in /home/runner/.gradle/caches/transforms-3/220a5550980903120ba68a1dc7d216ed/transformed/jetified-material3-1.1.2-runtime/jetified-material3-1.1.2-runtime_dex, /home/runner/.gradle/caches/transforms-3/c5fb7f9c4fc6c342435a73fd844cc242/transformed/jetified-activity-1.8.2-runtime/jetified-activity-1.8.2-runtime_dex, /home/runner/.gradle/caches/transforms-3/f27ddb2d5a841a1b17c22c7ac364b2d6/transformed/jetified-activity-ktx-1.8.2-runtime/jetified-activity-ktx-1.8.2-runtime_dex, /home/runner/.gradle/caches/transforms-3/911552de75993aa7e088e1aa1de277b3/transformed/jetified-coil-compose-2.5.0-runtime/jetified-coil-compose-2.5.0-runtime_dex, /home/runner/.gradle/caches/transforms-3/45419d59ab4ac2ee70d5a82a0f6f7550/transformed/jetified-coil-compose-base-2.5.0-runtime/jetified-coil-compose-base-2.5.0-runtime_dex, /home/runner/.gradle/caches/transforms-3/066c64b39996041483b8dc2c42a882b6/transformed/jetified-material-ripple-release-runtime/jetified-material-ripple-release-runtime_dex, /home/runner/.gradle/caches/transforms-3/2522006c1e1effefd9628eb58d25abbb/transformed/jetified-material-icons-core-release-runtime/jetified-material-icons-core-release-runtime_dex, /home/runner/.gradle/caches/transforms-3/f11f7bfafd46ea22f96ab9feb7fdcc13/transformed/jetified-material-release-runtime/jetified-material-release-runtime_dex, /home/runner/.gradle/caches/transforms-3/f0d717051f4dbb54473d1c221ff2bb83/transformed/jetified-animation-core-release-runtime/jetified-animation-core-release-runtime_dex, /home/runner/.gradle/caches/transforms-3/1d8339623d4f9e5def4da8271a378d89/transformed/jetified-animation-release-runtime/jetified-animation-release-runtime_dex, /home/runner/.gradle/caches/transforms-3/b2889403ecb0c01acef51db0616a6fb9/transformed/jetified-foundation-layout-release-runtime/jetified-foundation-layout-release-runtime_dex, /home/runner/.gradle/caches/transforms-3/201c8494c1a7edb8e145674e98c4bcd2/transformed/jetified-foundation-release-runtime/jetified-foundation-release-runtime_dex, /home/runner/.gradle/caches/transforms-3/94abe762777eb3f6d1489639ecfacc84/transformed/jetified-ui-tooling-data-release-runtime/jetified-ui-tooling-data-release-runtime_dex, /home/runner/.gradle/caches/transforms-3/82263292c37eefb9dd98518e1c5eb48a/transformed/jetified-ui-unit-release-runtime/jetified-ui-unit-release-runtime_dex, /home/runner/.gradle/caches/transforms-3/c8adc98f042c5a547a3c880209c20909/transformed/jetified-ui-geometry-release-runtime/jetified-ui-geometry-release-runtime_dex, /home/runner/.gradle/caches/transforms-3/7034d6589a4a45804ea85c9725a4de6d/transformed/jetified-ui-util-release-runtime/jetified-ui-util-release-runtime_dex, /home/runner/.gradle/caches/transforms-3/14742260b2d039629de47db990deb562/transformed/jetified-ui-text-release-runtime/jetified-ui-text-release-runtime_dex, /home/runner/.gradle/caches/transforms-3/6b284c9c655e8d4b1f7f3bbaf66b0804/transformed/jetified-ui-tooling-preview-release-runtime/jetified-ui-tooling-preview-release-runtime_dex, /home/runner/.gradle/caches/transforms-3/b5e1fe8f83f41df34ec399efe8fbf10d/transformed/jetified-ui-graphics-release-runtime/jetified-ui-graphics-release-runtime_dex, /home/runner/.gradle/caches/transforms-3/60f8711f4bf3c3f0f5dd9315e5909057/transformed/jetified-ui-tooling-release-runtime/jetified-ui-tooling-release-runtime_dex, /home/runner/.gradle/caches/transforms-3/1799a34f058caeecd4caec517cb5eb85/transformed/jetified-activity-compose-1.8.2-runtime/jetified-activity-compose-1.8.2-runtime_dex, /home/runner/.gradle/caches/transforms-3/a0a155b419d1eb6dca95e82b97603e2f/transformed/jetified-emoji2-1.3.0-runtime/jetified-emoji2-1.3.0-runtime_dex, /home/runner/.gradle/caches/transforms-3/875c18a3b61c9d5e5c1688eab46fa8af/transformed/jetified-lifecycle-process-2.7.0-runtime/jetified-lifecycle-process-2.7.0-runtime_dex, /home/runner/.gradle/caches/transforms-3/96ea9ed0a3eaa571d9aa08a737ec30cd/transformed/lifecycle-livedata-core-2.7.0-runtime/lifecycle-livedata-core-2.7.0-runtime_dex, /home/runner/.gradle/caches/transforms-3/29575ce86843154e878d7e6b0a3da88a/transformed/jetified-savedstate-ktx-1.2.1-runtime/jetified-savedstate-ktx-1.2.1-runtime_dex, /home/runner/.gradle/caches/transforms-3/7b32e92fb6f3870610d07295085ba67b/transformed/jetified-savedstate-1.2.1-runtime/jetified-savedstate-1.2.1-runtime_dex, /home/runner/.gradle/caches/transforms-3/c2d09281f3d745921164b48d05aff304/transformed/lifecycle-common-2.7.0/lifecycle-common-2.7.0_dex, /home/runner/.gradle/caches/transforms-3/0502f88dda1d56d55b9d2dba27cf116a/transformed/jetified-lifecycle-viewmodel-savedstate-2.7.0-runtime/jetified-lifecycle-viewmodel-savedstate-2.7.0-runtime_dex, /home/runner/.gradle/caches/transforms-3/d5aa45fb112d77acbd5d2c2c80a82ddc/transformed/jetified-lifecycle-viewmodel-ktx-2.7.0-runtime/jetified-lifecycle-viewmodel-ktx-2.7.0-runtime_dex, /home/runner/.gradle/caches/transforms-3/0ba0dfdd73880ef8e38c01394ecc2d81/transformed/lifecycle-viewmodel-2.7.0-runtime/lifecycle-viewmodel-2.7.0-runtime_dex, /home/runner/.gradle/caches/transforms-3/809ab403bf67b4f0bb116ad3178780c2/transformed/jetified-coil-2.5.0-runtime/jetified-coil-2.5.0-runtime_dex, /home/runner/.gradle/caches/transforms-3/6814177f8e61501b39d79f5d11a14b29/transformed/jetified-coil-base-2.5.0-runtime/jetified-coil-base-2.5.0-runtime_dex, /home/runner/.gradle/caches/transforms-3/20a6f0a5d4d6613d9d87defb170e5d9d/transformed/lifecycle-runtime-2.7.0-runtime/lifecycle-runtime-2.7.0-runtime_dex, /home/runner/.gradle/caches/transforms-3/c2c6cb6f61cfaa54a8518536ae758499/transformed/jetified-lifecycle-runtime-ktx-2.7.0-runtime/jetified-lifecycle-runtime-ktx-2.7.0-runtime_dex, /home/runner/.gradle/caches/transforms-3/e7c7ba81e259903fcb7acceb9bf0fff8/transformed/jetified-lifecycle-viewmodel-compose-2.7.0-runtime/jetified-lifecycle-viewmodel-compose-2.7.0-runtime_dex, /home/runner/.gradle/caches/transforms-3/86b286f9bbb2cb96b77251021ff413fc/transformed/jetified-accompanist-drawablepainter-0.32.0-runtime/jetified-accompanist-drawablepainter-0.32.0-runtime_dex, /home/runner/.gradle/caches/transforms-3/ad689e33b87cb65b85d98d507c4dcd17/transformed/jetified-ui-release-runtime/jetified-ui-release-runtime_dex, /home/runner/.gradle/caches/transforms-3/8a1901aeaae8c2335f3e63ec62266703/transformed/jetified-autofill-1.0.0-runtime/jetified-autofill-1.0.0-runtime_dex, /home/runner/.gradle/caches/transforms-3/f10161b1f7fcc73103da8a5c1d2cec1b/transformed/jetified-appcompat-resources-1.6.1-runtime/jetified-appcompat-resources-1.6.1-runtime_dex, /home/runner/.gradle/caches/transforms-3/ba771bf1c0c595f93e690cef1a90a27d/transformed/vectordrawable-animated-1.1.0-runtime/vectordrawable-animated-1.1.0-runtime_dex, /home/runner/.gradle/caches/transforms-3/acb85450900497a68d47317027f0c27a/transformed/vectordrawable-1.1.0-runtime/vectordrawable-1.1.0-runtime_dex, /home/runner/.gradle/caches/transforms-3/4bbe124c571e96dada84dd55915bb0f1/transformed/core-1.12.0-runtime/core-1.12.0-runtime_dex, /home/runner/.gradle/caches/transforms-3/ce4471299cfa34ce70f90e3211f2fbe4/transformed/jetified-customview-poolingcontainer-1.0.0-runtime/jetified-customview-poolingcontainer-1.0.0-runtime_dex, /home/runner/.gradle/caches/transforms-3/b22fe603979e7adba82a30a8e185e660/transformed/jetified-core-ktx-1.12.0-runtime/jetified-core-ktx-1.12.0-runtime_dex, /home/runner/.gradle/caches/transforms-3/19c312715eeecbd60f7284e16e365d3c/transformed/jetified-annotation-experimental-1.3.0-runtime/jetified-annotation-experimental-1.3.0-runtime_dex, /home/runner/.gradle/caches/transforms-3/8a13ebe0953684b22cd467d40db0c9a1/transformed/jetified-runtime-saveable-release-runtime/jetified-runtime-saveable-release-runtime_dex, /home/runner/.gradle/caches/transforms-3/68f75274d700ede80c11b6884267bdb9/transformed/jetified-runtime-release-runtime/jetified-runtime-release-runtime_dex, /home/runner/.gradle/caches/transforms-3/5243b1542dea1281568dc3e125231539/transformed/jetified-kotlinx-coroutines-core-jvm-1.7.3/jetified-kotlinx-coroutines-core-jvm-1.7.3_dex, /home/runner/.gradle/caches/transforms-3/a26e9cc75fdc884a0b839f3e5329c625/transformed/jetified-kotlinx-coroutines-android-1.7.3/jetified-kotlinx-coroutines-android-1.7.3_dex, /home/runner/.gradle/caches/transforms-3/eddd044f0639667c47681cf2a2a5b127/transformed/jetified-okhttp-4.12.0/jetified-okhttp-4.12.0_dex, /home/runner/.gradle/caches/transforms-3/ec27c59e1d86d19d3259ac61c2a40d16/transformed/jetified-okio-jvm-3.6.0/jetified-okio-jvm-3.6.0_dex, /home/runner/.gradle/caches/transforms-3/9313272db20efd4392511eb985905cc3/transformed/versionedparcelable-1.1.1-runtime/versionedparcelable-1.1.1-runtime_dex, /home/runner/.gradle/caches/transforms-3/95d0b63ebb1a43ba4b5796d2b7d1f47a/transformed/jetified-collection-jvm-1.4.0/jetified-collection-jvm-1.4.0_dex, /home/runner/.gradle/caches/transforms-3/5312589d878991fd679b9ae6e9dc013c/transformed/interpolator-1.0.0-runtime/interpolator-1.0.0-runtime_dex, /home/runner/.gradle/caches/transforms-3/44a78fe904956827e55103ed7f3632b5/transformed/core-runtime-2.2.0-runtime/core-runtime-2.2.0-runtime_dex, /home/runner/.gradle/caches/transforms-3/dba3544cf72fbcaf0926d040c0fa47b6/transformed/core-common-2.2.0/core-common-2.2.0_dex, /home/runner/.gradle/caches/transforms-3/90d555b9507cd10da36e38b649ea4e6d/transformed/jetified-profileinstaller-1.3.1-runtime/jetified-profileinstaller-1.3.1-runtime_dex, /home/runner/.gradle/caches/transforms-3/7b59a57e7b65ae105c1e529ceb3ba92e/transformed/jetified-startup-runtime-1.1.1-runtime/jetified-startup-runtime-1.1.1-runtime_dex, /home/runner/.gradle/caches/transforms-3/512f60c4bc8f416d5df00d9a3129619a/transformed/jetified-tracing-1.0.0-runtime/jetified-tracing-1.0.0-runtime_dex, /home/runner/.gradle/caches/transforms-3/879f2c71b5572c91b5d36dda1bba6cc7/transformed/exifinterface-1.3.6-runtime/exifinterface-1.3.6-runtime_dex, /home/runner/.gradle/caches/transforms-3/53db2fdc1fc71319b9de14131e53f51d/transformed/jetified-concurrent-futures-1.1.0/jetified-concurrent-futures-1.1.0_dex, /home/runner/.gradle/caches/transforms-3/75d72b68224fd238511fc8ef01ea20fd/transformed/jetified-annotation-jvm-1.7.0/jetified-annotation-jvm-1.7.0_dex, /home/runner/.gradle/caches/transforms-3/618cb99d80314dc16cd40ecf1cc946ab/transformed/jetified-kotlin-stdlib-1.9.22/jetified-kotlin-stdlib-1.9.22_dex, /home/runner/.gradle/caches/transforms-3/a039fcbcd7aac9f270980633f886c105/transformed/jetified-annotations-23.0.0/jetified-annotations-23.0.0_dex, /home/runner/.gradle/caches/transforms-3/720c6a081f1b35d36b21b9b30a9c35aa/transformed/jetified-listenablefuture-1.0/jetified-listenablefuture-1.0_dex, and from all global synthetics files in 

> Task :app-v3:validateSigningDebug
Caching disabled for task ':app-v3:validateSigningDebug' because:
  Build cache is disabled
Task ':app-v3:validateSigningDebug' is not up-to-date because:
  Task.upToDateWhen is false.
Creating default debug keystore at /home/runner/.config/.android/debug.keystore
Resolve mutations for :app-v3:compileDebugKotlin (Thread[Execution worker Thread 3,5,main]) started.
:app-v3:compileDebugKotlin (Thread[Execution worker Thread 3,5,main]) started.

> Task :app-v3:compileDebugKotlin
Transforming material3-1.1.2.aar (androidx.compose.material3:material3:1.1.2) with JetifyTransform
Transforming material3-1.1.2.aar (androidx.compose.material3:material3:1.1.2) with AarToClassTransform
Transforming core-1.12.0.aar (androidx.core:core:1.12.0) with JetifyTransform
Transforming core-1.12.0.aar (androidx.core:core:1.12.0) with AarToClassTransform
Transforming lifecycle-livedata-core-2.7.0.aar (androidx.lifecycle:lifecycle-livedata-core:2.7.0) with JetifyTransform
Caching disabled for AarToClassTransform: /home/runner/.gradle/caches/transforms-3/b71fbaaf35be68998de3c9c474add754/transformed/jetified-material3-1.1.2.aar because:
  Build cache is disabled
AarToClassTransform: /home/runner/.gradle/caches/transforms-3/b71fbaaf35be68998de3c9c474add754/transformed/jetified-material3-1.1.2.aar is not up-to-date because:
  No history is available.
Transforming lifecycle-livedata-core-2.7.0.aar (androidx.lifecycle:lifecycle-livedata-core:2.7.0) with AarToClassTransform
Transforming lifecycle-common-2.7.0.jar (androidx.lifecycle:lifecycle-common:2.7.0) with JetifyTransform
Transforming lifecycle-common-2.7.0.jar (androidx.lifecycle:lifecycle-common:2.7.0) with IdentityTransform
Transforming lifecycle-viewmodel-savedstate-2.7.0.aar (androidx.lifecycle:lifecycle-viewmodel-savedstate:2.7.0) with JetifyTransform
Transforming lifecycle-viewmodel-savedstate-2.7.0.aar (androidx.lifecycle:lifecycle-viewmodel-savedstate:2.7.0) with AarToClassTransform
Transforming lifecycle-viewmodel-ktx-2.7.0.aar (androidx.lifecycle:lifecycle-viewmodel-ktx:2.7.0) with JetifyTransform
Transforming lifecycle-viewmodel-ktx-2.7.0.aar (androidx.lifecycle:lifecycle-viewmodel-ktx:2.7.0) with AarToClassTransform
Transforming lifecycle-common-java8-2.7.0.jar (androidx.lifecycle:lifecycle-common-java8:2.7.0) with JetifyTransform
Transforming lifecycle-common-java8-2.7.0.jar (androidx.lifecycle:lifecycle-common-java8:2.7.0) with IdentityTransform
Transforming lifecycle-viewmodel-2.7.0.aar (androidx.lifecycle:lifecycle-viewmodel:2.7.0) with JetifyTransform
Transforming lifecycle-viewmodel-2.7.0.aar (androidx.lifecycle:lifecycle-viewmodel:2.7.0) with AarToClassTransform
Transforming coil-compose-2.5.0.aar (io.coil-kt:coil-compose:2.5.0) with JetifyTransform
Transforming coil-compose-2.5.0.aar (io.coil-kt:coil-compose:2.5.0) with AarToClassTransform
Transforming coil-compose-base-2.5.0.aar (io.coil-kt:coil-compose-base:2.5.0) with JetifyTransform
Transforming coil-compose-base-2.5.0.aar (io.coil-kt:coil-compose-base:2.5.0) with AarToClassTransform
Transforming coil-2.5.0.aar (io.coil-kt:coil:2.5.0) with JetifyTransform
Transforming coil-2.5.0.aar (io.coil-kt:coil:2.5.0) with AarToClassTransform
Transforming coil-base-2.5.0.aar (io.coil-kt:coil-base:2.5.0) with JetifyTransform
Transforming coil-base-2.5.0.aar (io.coil-kt:coil-base:2.5.0) with AarToClassTransform
Transforming lifecycle-runtime-2.7.0.aar (androidx.lifecycle:lifecycle-runtime:2.7.0) with JetifyTransform
Transforming lifecycle-runtime-2.7.0.aar (androidx.lifecycle:lifecycle-runtime:2.7.0) with AarToClassTransform
Transforming lifecycle-runtime-ktx-2.7.0.aar (androidx.lifecycle:lifecycle-runtime-ktx:2.7.0) with JetifyTransform
Transforming lifecycle-runtime-ktx-2.7.0.aar (androidx.lifecycle:lifecycle-runtime-ktx:2.7.0) with AarToClassTransform
Transforming lifecycle-viewmodel-compose-2.7.0.aar (androidx.lifecycle:lifecycle-viewmodel-compose:2.7.0) with JetifyTransform
Transforming lifecycle-viewmodel-compose-2.7.0.aar (androidx.lifecycle:lifecycle-viewmodel-compose:2.7.0) with AarToClassTransform
Transforming ui-util-release.aar (androidx.compose.ui:ui-util-android:1.6.0) with JetifyTransform
Transforming ui-util-release.aar (androidx.compose.ui:ui-util-android:1.6.0) with AarToClassTransform
Transforming ui-unit-release.aar (androidx.compose.ui:ui-unit-android:1.6.0) with JetifyTransform
Transforming ui-unit-release.aar (androidx.compose.ui:ui-unit-android:1.6.0) with AarToClassTransform
Transforming material-icons-core-release.aar (androidx.compose.material:material-icons-core-android:1.6.0) with JetifyTransform
Transforming material-icons-core-release.aar (androidx.compose.material:material-icons-core-android:1.6.0) with AarToClassTransform
Transforming material-ripple-release.aar (androidx.compose.material:material-ripple-android:1.6.0) with JetifyTransform
Transforming material-ripple-release.aar (androidx.compose.material:material-ripple-android:1.6.0) with AarToClassTransform
Transforming foundation-layout-release.aar (androidx.compose.foundation:foundation-layout-android:1.6.0) with JetifyTransform
Transforming foundation-layout-release.aar (androidx.compose.foundation:foundation-layout-android:1.6.0) with AarToClassTransform
Transforming foundation-release.aar (androidx.compose.foundation:foundation-android:1.6.0) with JetifyTransform
Transforming foundation-release.aar (androidx.compose.foundation:foundation-android:1.6.0) with AarToClassTransform
Transforming animation-core-release.aar (androidx.compose.animation:animation-core-android:1.6.0) with JetifyTransform
Transforming animation-core-release.aar (androidx.compose.animation:animation-core-android:1.6.0) with AarToClassTransform
Transforming animation-release.aar (androidx.compose.animation:animation-android:1.6.0) with JetifyTransform
Transforming animation-release.aar (androidx.compose.animation:animation-android:1.6.0) with AarToClassTransform
Transforming ui-geometry-release.aar (androidx.compose.ui:ui-geometry-android:1.6.0) with JetifyTransform
Transforming ui-geometry-release.aar (androidx.compose.ui:ui-geometry-android:1.6.0) with AarToClassTransform
Transforming ui-tooling-data-release.aar (androidx.compose.ui:ui-tooling-data-android:1.6.0) with JetifyTransform
Transforming ui-tooling-data-release.aar (androidx.compose.ui:ui-tooling-data-android:1.6.0) with AarToClassTransform
Transforming ui-text-release.aar (androidx.compose.ui:ui-text-android:1.6.0) with JetifyTransform
Transforming ui-text-release.aar (androidx.compose.ui:ui-text-android:1.6.0) with AarToClassTransform
Transforming ui-tooling-preview-release.aar (androidx.compose.ui:ui-tooling-preview-android:1.6.0) with JetifyTransform
Caching disabled for AarToClassTransform: /home/runner/.gradle/caches/modules-2/files-2.1/androidx.core/core/1.12.0/5aa3088ed93ba8ebaea2b8a83befdfa829339e7a/core-1.12.0.aar because:
  Build cache is disabled
AarToClassTransform: /home/runner/.gradle/caches/modules-2/files-2.1/androidx.core/core/1.12.0/5aa3088ed93ba8ebaea2b8a83befdfa829339e7a/core-1.12.0.aar is not up-to-date because:
  No history is available.
Transforming ui-tooling-preview-release.aar (androidx.compose.ui:ui-tooling-preview-android:1.6.0) with AarToClassTransform
Transforming ui-graphics-release.aar (androidx.compose.ui:ui-graphics-android:1.6.0) with JetifyTransform
Transforming ui-graphics-release.aar (androidx.compose.ui:ui-graphics-android:1.6.0) with AarToClassTransform
Transforming ui-release.aar (androidx.compose.ui:ui-android:1.6.0) with JetifyTransform
Transforming ui-release.aar (androidx.compose.ui:ui-android:1.6.0) with AarToClassTransform
Transforming ui-tooling-release.aar (androidx.compose.ui:ui-tooling-android:1.6.0) with JetifyTransform
Transforming ui-tooling-release.aar (androidx.compose.ui:ui-tooling-android:1.6.0) with AarToClassTransform
Transforming ui-test-manifest-1.6.0.aar (androidx.compose.ui:ui-test-manifest:1.6.0) with JetifyTransform
Transforming ui-test-manifest-1.6.0.aar (androidx.compose.ui:ui-test-manifest:1.6.0) with AarToClassTransform
Transforming activity-1.8.2.aar (androidx.activity:activity:1.8.2) with JetifyTransform
Transforming activity-1.8.2.aar (androidx.activity:activity:1.8.2) with AarToClassTransform
Transforming activity-compose-1.8.2.aar (androidx.activity:activity-compose:1.8.2) with JetifyTransform
Transforming activity-compose-1.8.2.aar (androidx.activity:activity-compose:1.8.2) with AarToClassTransform
Transforming activity-ktx-1.8.2.aar (androidx.activity:activity-ktx:1.8.2) with JetifyTransform
Transforming activity-ktx-1.8.2.aar (androidx.activity:activity-ktx:1.8.2) with AarToClassTransform
Transforming core-ktx-1.12.0.aar (androidx.core:core-ktx:1.12.0) with JetifyTransform
Transforming core-ktx-1.12.0.aar (androidx.core:core-ktx:1.12.0) with AarToClassTransform
Transforming annotation-experimental-1.3.0.aar (androidx.annotation:annotation-experimental:1.3.0) with JetifyTransform
Transforming annotation-experimental-1.3.0.aar (androidx.annotation:annotation-experimental:1.3.0) with AarToClassTransform
Transforming runtime-saveable-release.aar (androidx.compose.runtime:runtime-saveable-android:1.6.0) with JetifyTransform
Transforming runtime-saveable-release.aar (androidx.compose.runtime:runtime-saveable-android:1.6.0) with AarToClassTransform
Transforming runtime-release.aar (androidx.compose.runtime:runtime-android:1.6.0) with JetifyTransform
Transforming runtime-release.aar (androidx.compose.runtime:runtime-android:1.6.0) with AarToClassTransform
Transforming kotlinx-coroutines-core-jvm-1.7.3.jar (org.jetbrains.kotlinx:kotlinx-coroutines-core-jvm:1.7.3) with JetifyTransform
Transforming kotlinx-coroutines-core-jvm-1.7.3.jar (org.jetbrains.kotlinx:kotlinx-coroutines-core-jvm:1.7.3) with IdentityTransform
Transforming kotlinx-coroutines-android-1.7.3.jar (org.jetbrains.kotlinx:kotlinx-coroutines-android:1.7.3) with JetifyTransform
Transforming kotlinx-coroutines-android-1.7.3.jar (org.jetbrains.kotlinx:kotlinx-coroutines-android:1.7.3) with IdentityTransform
Transforming okhttp-4.12.0.jar (com.squareup.okhttp3:okhttp:4.12.0) with JetifyTransform
Transforming okhttp-4.12.0.jar (com.squareup.okhttp3:okhttp:4.12.0) with IdentityTransform
Transforming okio-jvm-3.6.0.jar (com.squareup.okio:okio-jvm:3.6.0) with JetifyTransform
Transforming okio-jvm-3.6.0.jar (com.squareup.okio:okio-jvm:3.6.0) with IdentityTransform
Transforming kotlin-stdlib-jdk8-1.9.10.jar (org.jetbrains.kotlin:kotlin-stdlib-jdk8:1.9.10) with JetifyTransform
Transforming kotlin-stdlib-jdk8-1.9.10.jar (org.jetbrains.kotlin:kotlin-stdlib-jdk8:1.9.10) with IdentityTransform
Transforming savedstate-ktx-1.2.1.aar (androidx.savedstate:savedstate-ktx:1.2.1) with JetifyTransform
Transforming savedstate-ktx-1.2.1.aar (androidx.savedstate:savedstate-ktx:1.2.1) with AarToClassTransform
Transforming savedstate-1.2.1.aar (androidx.savedstate:savedstate:1.2.1) with JetifyTransform
Transforming savedstate-1.2.1.aar (androidx.savedstate:savedstate:1.2.1) with AarToClassTransform
Transforming versionedparcelable-1.1.1.aar (androidx.versionedparcelable:versionedparcelable:1.1.1) with JetifyTransform
Transforming versionedparcelable-1.1.1.aar (androidx.versionedparcelable:versionedparcelable:1.1.1) with AarToClassTransform
Transforming core-common-2.2.0.jar (androidx.arch.core:core-common:2.2.0) with JetifyTransform
Transforming core-common-2.2.0.jar (androidx.arch.core:core-common:2.2.0) with IdentityTransform
Transforming collection-jvm-1.4.0.jar (androidx.collection:collection-jvm:1.4.0) with JetifyTransform
Transforming collection-jvm-1.4.0.jar (androidx.collection:collection-jvm:1.4.0) with IdentityTransform
Transforming annotation-jvm-1.7.0.jar (androidx.annotation:annotation-jvm:1.7.0) with JetifyTransform
Transforming annotation-jvm-1.7.0.jar (androidx.annotation:annotation-jvm:1.7.0) with IdentityTransform
Transforming kotlin-stdlib-jdk7-1.9.10.jar (org.jetbrains.kotlin:kotlin-stdlib-jdk7:1.9.10) with JetifyTransform
Transforming kotlin-stdlib-jdk7-1.9.10.jar (org.jetbrains.kotlin:kotlin-stdlib-jdk7:1.9.10) with IdentityTransform
Transforming kotlin-stdlib-1.9.22.jar (org.jetbrains.kotlin:kotlin-stdlib:1.9.22) with JetifyTransform
Transforming kotlin-stdlib-1.9.22.jar (org.jetbrains.kotlin:kotlin-stdlib:1.9.22) with IdentityTransform
Transforming annotations-23.0.0.jar (org.jetbrains:annotations:23.0.0) with JetifyTransform
Transforming annotations-23.0.0.jar (org.jetbrains:annotations:23.0.0) with IdentityTransform
Caching disabled for AarToClassTransform: /home/runner/.gradle/caches/transforms-3/7368985fd288e36655203f896e9fa5b0/transformed/jetified-lifecycle-viewmodel-savedstate-2.7.0.aar because:
  Build cache is disabled
AarToClassTransform: /home/runner/.gradle/caches/transforms-3/7368985fd288e36655203f896e9fa5b0/transformed/jetified-lifecycle-viewmodel-savedstate-2.7.0.aar is not up-to-date because:
  No history is available.
Caching disabled for AarToClassTransform: /home/runner/.gradle/caches/transforms-3/667f15b6d54e0237e3e13e059286b02a/transformed/jetified-lifecycle-viewmodel-ktx-2.7.0.aar because:
  Build cache is disabled
AarToClassTransform: /home/runner/.gradle/caches/transforms-3/667f15b6d54e0237e3e13e059286b02a/transformed/jetified-lifecycle-viewmodel-ktx-2.7.0.aar is not up-to-date because:
  No history is available.
Caching disabled for AarToClassTransform: /home/runner/.gradle/caches/modules-2/files-2.1/androidx.lifecycle/lifecycle-viewmodel/2.7.0/ea64fb2e504d200f2b7f03c76f51edd7e9ef62a9/lifecycle-viewmodel-2.7.0.aar because:
  Build cache is disabled
AarToClassTransform: /home/runner/.gradle/caches/modules-2/files-2.1/androidx.lifecycle/lifecycle-viewmodel/2.7.0/ea64fb2e504d200f2b7f03c76f51edd7e9ef62a9/lifecycle-viewmodel-2.7.0.aar is not up-to-date because:
  No history is available.
Caching disabled for AarToClassTransform: /home/runner/.gradle/caches/transforms-3/b1764539f8d43dcdb7b4314f57ae8a97/transformed/jetified-coil-compose-2.5.0.aar because:
  Build cache is disabled
AarToClassTransform: /home/runner/.gradle/caches/transforms-3/b1764539f8d43dcdb7b4314f57ae8a97/transformed/jetified-coil-compose-2.5.0.aar is not up-to-date because:
  No history is available.
Caching disabled for AarToClassTransform: /home/runner/.gradle/caches/transforms-3/c7325ccc2b1b210852ee1715056a2369/transformed/jetified-coil-compose-base-2.5.0.aar because:
  Build cache is disabled
AarToClassTransform: /home/runner/.gradle/caches/transforms-3/c7325ccc2b1b210852ee1715056a2369/transformed/jetified-coil-compose-base-2.5.0.aar is not up-to-date because:
  No history is available.
Caching disabled for AarToClassTransform: /home/runner/.gradle/caches/transforms-3/dee8f6a9f4155663bad52b9e3d469faa/transformed/jetified-coil-2.5.0.aar because:
  Build cache is disabled
AarToClassTransform: /home/runner/.gradle/caches/transforms-3/dee8f6a9f4155663bad52b9e3d469faa/transformed/jetified-coil-2.5.0.aar is not up-to-date because:
  No history is available.
Caching disabled for AarToClassTransform: /home/runner/.gradle/caches/transforms-3/416e4ab888cff4dc35b31615cb515af1/transformed/jetified-coil-base-2.5.0.aar because:
  Build cache is disabled
AarToClassTransform: /home/runner/.gradle/caches/transforms-3/416e4ab888cff4dc35b31615cb515af1/transformed/jetified-coil-base-2.5.0.aar is not up-to-date because:
  No history is available.
Caching disabled for AarToClassTransform: /home/runner/.gradle/caches/modules-2/files-2.1/androidx.lifecycle/lifecycle-runtime/2.7.0/e46d7c73ab6cb3e288f51a0ad96bf372e90ceb31/lifecycle-runtime-2.7.0.aar because:
  Build cache is disabled
AarToClassTransform: /home/runner/.gradle/caches/modules-2/files-2.1/androidx.lifecycle/lifecycle-runtime/2.7.0/e46d7c73ab6cb3e288f51a0ad96bf372e90ceb31/lifecycle-runtime-2.7.0.aar is not up-to-date because:
  No history is available.
Caching disabled for AarToClassTransform: /home/runner/.gradle/caches/transforms-3/6f5d46b1d9acbc859a276879be976b5a/transformed/jetified-lifecycle-runtime-ktx-2.7.0.aar because:
  Build cache is disabled
AarToClassTransform: /home/runner/.gradle/caches/transforms-3/6f5d46b1d9acbc859a276879be976b5a/transformed/jetified-lifecycle-runtime-ktx-2.7.0.aar is not up-to-date because:
  No history is available.
Caching disabled for AarToClassTransform: /home/runner/.gradle/caches/transforms-3/54918a1b86bc13c2d8d6a030c0467f71/transformed/jetified-lifecycle-viewmodel-compose-2.7.0.aar because:
  Build cache is disabled
AarToClassTransform: /home/runner/.gradle/caches/transforms-3/54918a1b86bc13c2d8d6a030c0467f71/transformed/jetified-lifecycle-viewmodel-compose-2.7.0.aar is not up-to-date because:
  No history is available.
Caching disabled for AarToClassTransform: /home/runner/.gradle/caches/transforms-3/fb372f59636e284a43e174d62f7b6cda/transformed/jetified-ui-util-release.aar because:
  Build cache is disabled
AarToClassTransform: /home/runner/.gradle/caches/transforms-3/fb372f59636e284a43e174d62f7b6cda/transformed/jetified-ui-util-release.aar is not up-to-date because:
  No history is available.
Caching disabled for AarToClassTransform: /home/runner/.gradle/caches/transforms-3/189d8ada9d40260281efe14f577c3bd9/transformed/jetified-ui-unit-release.aar because:
  Build cache is disabled
AarToClassTransform: /home/runner/.gradle/caches/transforms-3/189d8ada9d40260281efe14f577c3bd9/transformed/jetified-ui-unit-release.aar is not up-to-date because:
  No history is available.
Caching disabled for AarToClassTransform: /home/runner/.gradle/caches/transforms-3/2bd722d437553c3c44e9eabfaacf6718/transformed/jetified-material-icons-core-release.aar because:
  Build cache is disabled
AarToClassTransform: /home/runner/.gradle/caches/transforms-3/2bd722d437553c3c44e9eabfaacf6718/transformed/jetified-material-icons-core-release.aar is not up-to-date because:
  No history is available.
Caching disabled for AarToClassTransform: /home/runner/.gradle/caches/transforms-3/44a01eb95dc46bcf9a2ab6f6e1afeff3/transformed/jetified-material-ripple-release.aar because:
  Build cache is disabled
AarToClassTransform: /home/runner/.gradle/caches/transforms-3/44a01eb95dc46bcf9a2ab6f6e1afeff3/transformed/jetified-material-ripple-release.aar is not up-to-date because:
  No history is available.
Caching disabled for AarToClassTransform: /home/runner/.gradle/caches/transforms-3/9ddf2288cf1e1a386bb3b821b5cb701a/transformed/jetified-foundation-layout-release.aar because:
  Build cache is disabled
AarToClassTransform: /home/runner/.gradle/caches/transforms-3/9ddf2288cf1e1a386bb3b821b5cb701a/transformed/jetified-foundation-layout-release.aar is not up-to-date because:
  No history is available.
Caching disabled for AarToClassTransform: /home/runner/.gradle/caches/transforms-3/269b5a0f87194d4f7b410ba56ffe4d80/transformed/jetified-foundation-release.aar because:
  Build cache is disabled
AarToClassTransform: /home/runner/.gradle/caches/transforms-3/269b5a0f87194d4f7b410ba56ffe4d80/transformed/jetified-foundation-release.aar is not up-to-date because:
  No history is available.
Caching disabled for AarToClassTransform: /home/runner/.gradle/caches/transforms-3/f9fcd39128b4db38293fca9996d4e56e/transformed/jetified-animation-core-release.aar because:
  Build cache is disabled
AarToClassTransform: /home/runner/.gradle/caches/transforms-3/f9fcd39128b4db38293fca9996d4e56e/transformed/jetified-animation-core-release.aar is not up-to-date because:
  No history is available.
Caching disabled for AarToClassTransform: /home/runner/.gradle/caches/transforms-3/45e5845b3dca8e65d56b979d772f5787/transformed/jetified-animation-release.aar because:
  Build cache is disabled
AarToClassTransform: /home/runner/.gradle/caches/transforms-3/45e5845b3dca8e65d56b979d772f5787/transformed/jetified-animation-release.aar is not up-to-date because:
  No history is available.
Caching disabled for AarToClassTransform: /home/runner/.gradle/caches/transforms-3/c828f8d008d3c803379f48f8a194c693/transformed/jetified-ui-geometry-release.aar because:
  Build cache is disabled
AarToClassTransform: /home/runner/.gradle/caches/transforms-3/c828f8d008d3c803379f48f8a194c693/transformed/jetified-ui-geometry-release.aar is not up-to-date because:
  No history is available.
Caching disabled for AarToClassTransform: /home/runner/.gradle/caches/transforms-3/3dd6cae6a6032c5df1813c38052b3fb0/transformed/jetified-ui-tooling-data-release.aar because:
  Build cache is disabled
AarToClassTransform: /home/runner/.gradle/caches/transforms-3/3dd6cae6a6032c5df1813c38052b3fb0/transformed/jetified-ui-tooling-data-release.aar is not up-to-date because:
  No history is available.
Caching disabled for AarToClassTransform: /home/runner/.gradle/caches/transforms-3/21f15ad9aea63f0d071b8ee91b447f5c/transformed/jetified-ui-text-release.aar because:
  Build cache is disabled
AarToClassTransform: /home/runner/.gradle/caches/transforms-3/21f15ad9aea63f0d071b8ee91b447f5c/transformed/jetified-ui-text-release.aar is not up-to-date because:
  No history is available.
Caching disabled for AarToClassTransform: /home/runner/.gradle/caches/transforms-3/28157fa60c7a1bc9c5ecdc6b6c140c60/transformed/jetified-ui-tooling-preview-release.aar because:
  Build cache is disabled
AarToClassTransform: /home/runner/.gradle/caches/transforms-3/28157fa60c7a1bc9c5ecdc6b6c140c60/transformed/jetified-ui-tooling-preview-release.aar is not up-to-date because:
  No history is available.
Caching disabled for AarToClassTransform: /home/runner/.gradle/caches/transforms-3/bcb80bc8344609de4a9ab2e0271f6f71/transformed/jetified-ui-graphics-release.aar because:
  Build cache is disabled
AarToClassTransform: /home/runner/.gradle/caches/transforms-3/bcb80bc8344609de4a9ab2e0271f6f71/transformed/jetified-ui-graphics-release.aar is not up-to-date because:
  No history is available.
Caching disabled for AarToClassTransform: /home/runner/.gradle/caches/transforms-3/fa5f692f6058d7cb82aa000a5d5edc8d/transformed/jetified-ui-release.aar because:
  Build cache is disabled
AarToClassTransform: /home/runner/.gradle/caches/transforms-3/fa5f692f6058d7cb82aa000a5d5edc8d/transformed/jetified-ui-release.aar is not up-to-date because:
  No history is available.
Caching disabled for AarToClassTransform: /home/runner/.gradle/caches/transforms-3/4b9ef69f1806d4bcca2806cbc0c8ad25/transformed/jetified-ui-tooling-release.aar because:
  Build cache is disabled
AarToClassTransform: /home/runner/.gradle/caches/transforms-3/4b9ef69f1806d4bcca2806cbc0c8ad25/transformed/jetified-ui-tooling-release.aar is not up-to-date because:
  No history is available.
Caching disabled for AarToClassTransform: /home/runner/.gradle/caches/transforms-3/38a3040905b8591c6da5a8e52a54a7d8/transformed/jetified-ui-test-manifest-1.6.0.aar because:
  Build cache is disabled
AarToClassTransform: /home/runner/.gradle/caches/transforms-3/38a3040905b8591c6da5a8e52a54a7d8/transformed/jetified-ui-test-manifest-1.6.0.aar is not up-to-date because:
  No history is available.
Caching disabled for AarToClassTransform: /home/runner/.gradle/caches/transforms-3/764e3abcb7245e5b9edbe5638e6a2a5d/transformed/jetified-activity-compose-1.8.2.aar because:
  Build cache is disabled
AarToClassTransform: /home/runner/.gradle/caches/transforms-3/764e3abcb7245e5b9edbe5638e6a2a5d/transformed/jetified-activity-compose-1.8.2.aar is not up-to-date because:
  No history is available.
Caching disabled for AarToClassTransform: /home/runner/.gradle/caches/transforms-3/c5f906fe9830dab63636f182974b9614/transformed/jetified-activity-1.8.2.aar because:
  Build cache is disabled
AarToClassTransform: /home/runner/.gradle/caches/transforms-3/c5f906fe9830dab63636f182974b9614/transformed/jetified-activity-1.8.2.aar is not up-to-date because:
  No history is available.
Caching disabled for AarToClassTransform: /home/runner/.gradle/caches/transforms-3/b3e5225cee5c0b32ddd94fdb14c779c6/transformed/jetified-core-ktx-1.12.0.aar because:
  Build cache is disabled
Caching disabled for AarToClassTransform: /home/runner/.gradle/caches/transforms-3/3c8da1e14a3c6c815f48d331a427c53a/transformed/jetified-activity-ktx-1.8.2.aar because:
  Build cache is disabled
AarToClassTransform: /home/runner/.gradle/caches/transforms-3/b3e5225cee5c0b32ddd94fdb14c779c6/transformed/jetified-core-ktx-1.12.0.aar is not up-to-date because:
  No history is available.
AarToClassTransform: /home/runner/.gradle/caches/transforms-3/3c8da1e14a3c6c815f48d331a427c53a/transformed/jetified-activity-ktx-1.8.2.aar is not up-to-date because:
  No history is available.
Caching disabled for AarToClassTransform: /home/runner/.gradle/caches/transforms-3/26b5850cd55dcc1e1b5134ab12d18ac5/transformed/jetified-annotation-experimental-1.3.0.aar because:
  Build cache is disabled
AarToClassTransform: /home/runner/.gradle/caches/transforms-3/26b5850cd55dcc1e1b5134ab12d18ac5/transformed/jetified-annotation-experimental-1.3.0.aar is not up-to-date because:
  No history is available.
Caching disabled for AarToClassTransform: /home/runner/.gradle/caches/transforms-3/7b02a4008fbebde6e777aa784767dd04/transformed/jetified-runtime-saveable-release.aar because:
  Build cache is disabled
AarToClassTransform: /home/runner/.gradle/caches/transforms-3/7b02a4008fbebde6e777aa784767dd04/transformed/jetified-runtime-saveable-release.aar is not up-to-date because:
  No history is available.
Caching disabled for AarToClassTransform: /home/runner/.gradle/caches/transforms-3/21bbe4e827b858305a8f04fc21e1465b/transformed/jetified-runtime-release.aar because:
  Build cache is disabled
AarToClassTransform: /home/runner/.gradle/caches/transforms-3/21bbe4e827b858305a8f04fc21e1465b/transformed/jetified-runtime-release.aar is not up-to-date because:
  No history is available.
Caching disabled for AarToClassTransform: /home/runner/.gradle/caches/transforms-3/3a6963c9a90c902f6b408df942eb8aa8/transformed/jetified-savedstate-ktx-1.2.1.aar because:
  Build cache is disabled
AarToClassTransform: /home/runner/.gradle/caches/transforms-3/3a6963c9a90c902f6b408df942eb8aa8/transformed/jetified-savedstate-ktx-1.2.1.aar is not up-to-date because:
  No history is available.
Caching disabled for AarToClassTransform: /home/runner/.gradle/caches/transforms-3/2815e4e86150e9d0900232e7e803d0b4/transformed/jetified-savedstate-1.2.1.aar because:
  Build cache is disabled
AarToClassTransform: /home/runner/.gradle/caches/transforms-3/2815e4e86150e9d0900232e7e803d0b4/transformed/jetified-savedstate-1.2.1.aar is not up-to-date because:
  No history is available.
Caching disabled for AarToClassTransform: /home/runner/.gradle/caches/modules-2/files-2.1/androidx.versionedparcelable/versionedparcelable/1.1.1/18e18071e7715679e0593c570217edeb5ca48b9e/versionedparcelable-1.1.1.aar because:
  Build cache is disabled
AarToClassTransform: /home/runner/.gradle/caches/modules-2/files-2.1/androidx.versionedparcelable/versionedparcelable/1.1.1/18e18071e7715679e0593c570217edeb5ca48b9e/versionedparcelable-1.1.1.aar is not up-to-date because:
  No history is available.
Caching disabled for AarToClassTransform: /home/runner/.gradle/caches/modules-2/files-2.1/androidx.lifecycle/lifecycle-livedata-core/2.7.0/d95c9c0b74a6b9882c416c688f6cf201dc416bed/lifecycle-livedata-core-2.7.0.aar because:
  Build cache is disabled
AarToClassTransform: /home/runner/.gradle/caches/modules-2/files-2.1/androidx.lifecycle/lifecycle-livedata-core/2.7.0/d95c9c0b74a6b9882c416c688f6cf201dc416bed/lifecycle-livedata-core-2.7.0.aar is not up-to-date because:
  No history is available.
Transforming R.jar with ClasspathEntrySnapshotTransform
Transforming jetified-material3-1.1.2-api.jar with ClasspathEntrySnapshotTransform
Transforming core-1.12.0-api.jar with ClasspathEntrySnapshotTransform
Transforming lifecycle-livedata-core-2.7.0-api.jar with ClasspathEntrySnapshotTransform
Transforming lifecycle-common-2.7.0.jar with ClasspathEntrySnapshotTransform
Transforming jetified-lifecycle-viewmodel-savedstate-2.7.0-api.jar with ClasspathEntrySnapshotTransform
Transforming jetified-lifecycle-viewmodel-ktx-2.7.0-api.jar with ClasspathEntrySnapshotTransform
Transforming lifecycle-common-java8-2.7.0.jar with ClasspathEntrySnapshotTransform
Transforming lifecycle-viewmodel-2.7.0-api.jar with ClasspathEntrySnapshotTransform
Transforming jetified-coil-compose-2.5.0-api.jar with ClasspathEntrySnapshotTransform
Transforming jetified-coil-compose-base-2.5.0-api.jar with ClasspathEntrySnapshotTransform
Transforming jetified-coil-2.5.0-api.jar with ClasspathEntrySnapshotTransform
Transforming jetified-coil-base-2.5.0-api.jar with ClasspathEntrySnapshotTransform
Transforming lifecycle-runtime-2.7.0-api.jar with ClasspathEntrySnapshotTransform
Transforming jetified-lifecycle-runtime-ktx-2.7.0-api.jar with ClasspathEntrySnapshotTransform
Transforming jetified-lifecycle-viewmodel-compose-2.7.0-api.jar with ClasspathEntrySnapshotTransform
Transforming jetified-ui-util-release-api.jar with ClasspathEntrySnapshotTransform
Transforming jetified-ui-unit-release-api.jar with ClasspathEntrySnapshotTransform
Transforming jetified-material-icons-core-release-api.jar with ClasspathEntrySnapshotTransform
Transforming jetified-material-ripple-release-api.jar with ClasspathEntrySnapshotTransform
Transforming jetified-foundation-layout-release-api.jar with ClasspathEntrySnapshotTransform
Transforming jetified-foundation-release-api.jar with ClasspathEntrySnapshotTransform
Transforming jetified-animation-core-release-api.jar with ClasspathEntrySnapshotTransform
Transforming jetified-animation-release-api.jar with ClasspathEntrySnapshotTransform
Transforming jetified-ui-geometry-release-api.jar with ClasspathEntrySnapshotTransform
Transforming jetified-ui-tooling-data-release-api.jar with ClasspathEntrySnapshotTransform
Transforming jetified-ui-text-release-api.jar with ClasspathEntrySnapshotTransform
Transforming jetified-ui-tooling-preview-release-api.jar with ClasspathEntrySnapshotTransform
Transforming jetified-ui-graphics-release-api.jar with ClasspathEntrySnapshotTransform
Transforming jetified-ui-release-api.jar with ClasspathEntrySnapshotTransform
Transforming jetified-ui-tooling-release-api.jar with ClasspathEntrySnapshotTransform
Transforming jetified-ui-test-manifest-1.6.0-api.jar with ClasspathEntrySnapshotTransform
Transforming jetified-activity-1.8.2-api.jar with ClasspathEntrySnapshotTransform
Transforming jetified-activity-compose-1.8.2-api.jar with ClasspathEntrySnapshotTransform
Transforming jetified-activity-ktx-1.8.2-api.jar with ClasspathEntrySnapshotTransform
Transforming jetified-core-ktx-1.12.0-api.jar with ClasspathEntrySnapshotTransform
Transforming jetified-annotation-experimental-1.3.0-api.jar with ClasspathEntrySnapshotTransform
Transforming jetified-runtime-saveable-release-api.jar with ClasspathEntrySnapshotTransform
Transforming jetified-runtime-release-api.jar with ClasspathEntrySnapshotTransform
Transforming jetified-kotlinx-coroutines-core-jvm-1.7.3.jar with ClasspathEntrySnapshotTransform
Transforming jetified-kotlinx-coroutines-android-1.7.3.jar with ClasspathEntrySnapshotTransform
Transforming jetified-okhttp-4.12.0.jar with ClasspathEntrySnapshotTransform
Transforming jetified-okio-jvm-3.6.0.jar with ClasspathEntrySnapshotTransform
Transforming jetified-kotlin-stdlib-jdk8-1.9.10.jar with ClasspathEntrySnapshotTransform
Transforming jetified-savedstate-ktx-1.2.1-api.jar with ClasspathEntrySnapshotTransform
Transforming jetified-savedstate-1.2.1-api.jar with ClasspathEntrySnapshotTransform
Transforming versionedparcelable-1.1.1-api.jar with ClasspathEntrySnapshotTransform
Transforming core-common-2.2.0.jar with ClasspathEntrySnapshotTransform
Transforming jetified-collection-jvm-1.4.0.jar with ClasspathEntrySnapshotTransform
Transforming jetified-annotation-jvm-1.7.0.jar with ClasspathEntrySnapshotTransform
Transforming jetified-kotlin-stdlib-jdk7-1.9.10.jar with ClasspathEntrySnapshotTransform
Transforming jetified-kotlin-stdlib-1.9.22.jar with ClasspathEntrySnapshotTransform
Transforming jetified-annotations-23.0.0.jar with ClasspathEntrySnapshotTransform
Transforming android.jar with ClasspathEntrySnapshotTransform
Transforming core-lambda-stubs.jar with ClasspathEntrySnapshotTransform
Caching disabled for ClasspathEntrySnapshotTransform: /home/runner/work/Asd-app/Asd-app/app-v3/build/intermediates/compile_and_runtime_not_namespaced_r_class_jar/debug/R.jar because:
  Build cache is disabled
ClasspathEntrySnapshotTransform: /home/runner/work/Asd-app/Asd-app/app-v3/build/intermediates/compile_and_runtime_not_namespaced_r_class_jar/debug/R.jar is not up-to-date because:
  No history is available.
Caching disabled for ClasspathEntrySnapshotTransform: /home/runner/.gradle/caches/transforms-3/21aa910fa8eec61c0ce795207c0b3000/transformed/lifecycle-livedata-core-2.7.0-api.jar because:
  Build cache is disabled
ClasspathEntrySnapshotTransform: /home/runner/.gradle/caches/transforms-3/21aa910fa8eec61c0ce795207c0b3000/transformed/lifecycle-livedata-core-2.7.0-api.jar is not up-to-date because:
  No history is available.
Caching disabled for ClasspathEntrySnapshotTransform: /home/runner/.gradle/caches/transforms-3/c7f7b18e16c24856595ce8616b4f28eb/transformed/jetified-material3-1.1.2-api.jar because:
  Build cache is disabled
ClasspathEntrySnapshotTransform: /home/runner/.gradle/caches/transforms-3/c7f7b18e16c24856595ce8616b4f28eb/transformed/jetified-material3-1.1.2-api.jar is not up-to-date because:
  No history is available.
Caching disabled for ClasspathEntrySnapshotTransform: /home/runner/.gradle/caches/modules-2/files-2.1/androidx.lifecycle/lifecycle-common/2.7.0/85334205d65cca70ed0109c3acbd29e22a2d9cb1/lifecycle-common-2.7.0.jar because:
  Build cache is disabled
ClasspathEntrySnapshotTransform: /home/runner/.gradle/caches/modules-2/files-2.1/androidx.lifecycle/lifecycle-common/2.7.0/85334205d65cca70ed0109c3acbd29e22a2d9cb1/lifecycle-common-2.7.0.jar is not up-to-date because:
  No history is available.
Caching disabled for ClasspathEntrySnapshotTransform: /home/runner/.gradle/caches/transforms-3/e262547cb0604d69cdc6f4fe2b000f30/transformed/jetified-lifecycle-viewmodel-savedstate-2.7.0-api.jar because:
  Build cache is disabled
ClasspathEntrySnapshotTransform: /home/runner/.gradle/caches/transforms-3/e262547cb0604d69cdc6f4fe2b000f30/transformed/jetified-lifecycle-viewmodel-savedstate-2.7.0-api.jar is not up-to-date because:
  No history is available.
Caching disabled for ClasspathEntrySnapshotTransform: /home/runner/.gradle/caches/transforms-3/fc3b629852a4ed9fc4b7399d94514baa/transformed/jetified-lifecycle-viewmodel-ktx-2.7.0-api.jar because:
  Build cache is disabled
ClasspathEntrySnapshotTransform: /home/runner/.gradle/caches/transforms-3/fc3b629852a4ed9fc4b7399d94514baa/transformed/jetified-lifecycle-viewmodel-ktx-2.7.0-api.jar is not up-to-date because:
  No history is available.
Caching disabled for ClasspathEntrySnapshotTransform: /home/runner/.gradle/caches/modules-2/files-2.1/androidx.lifecycle/lifecycle-common-java8/2.7.0/2ad14aed781c4a73ed4dbb421966d408a0a06686/lifecycle-common-java8-2.7.0.jar because:
  Build cache is disabled
ClasspathEntrySnapshotTransform: /home/runner/.gradle/caches/modules-2/files-2.1/androidx.lifecycle/lifecycle-common-java8/2.7.0/2ad14aed781c4a73ed4dbb421966d408a0a06686/lifecycle-common-java8-2.7.0.jar is not up-to-date because:
  No history is available.
Caching disabled for ClasspathEntrySnapshotTransform: /home/runner/.gradle/caches/transforms-3/094a13b457921958653574fc017164be/transformed/lifecycle-viewmodel-2.7.0-api.jar because:
  Build cache is disabled
ClasspathEntrySnapshotTransform: /home/runner/.gradle/caches/transforms-3/094a13b457921958653574fc017164be/transformed/lifecycle-viewmodel-2.7.0-api.jar is not up-to-date because:
  No history is available.
Caching disabled for ClasspathEntrySnapshotTransform: /home/runner/.gradle/caches/transforms-3/76324dd26b59de6ba9bdc060389b66d5/transformed/jetified-coil-compose-2.5.0-api.jar because:
  Build cache is disabled
ClasspathEntrySnapshotTransform: /home/runner/.gradle/caches/transforms-3/76324dd26b59de6ba9bdc060389b66d5/transformed/jetified-coil-compose-2.5.0-api.jar is not up-to-date because:
  No history is available.
Caching disabled for ClasspathEntrySnapshotTransform: /home/runner/.gradle/caches/transforms-3/d507368fc30c9da6f03df04ab6a65201/transformed/jetified-coil-compose-base-2.5.0-api.jar because:
  Build cache is disabled
ClasspathEntrySnapshotTransform: /home/runner/.gradle/caches/transforms-3/d507368fc30c9da6f03df04ab6a65201/transformed/jetified-coil-compose-base-2.5.0-api.jar is not up-to-date because:
  No history is available.
Caching disabled for ClasspathEntrySnapshotTransform: /home/runner/.gradle/caches/transforms-3/43310a1c82e5f5287c298bec8e985a59/transformed/jetified-coil-2.5.0-api.jar because:
  Build cache is disabled
ClasspathEntrySnapshotTransform: /home/runner/.gradle/caches/transforms-3/43310a1c82e5f5287c298bec8e985a59/transformed/jetified-coil-2.5.0-api.jar is not up-to-date because:
  No history is available.
Caching disabled for ClasspathEntrySnapshotTransform: /home/runner/.gradle/caches/transforms-3/a271888c9172fa90e1e7440dd2749521/transformed/jetified-coil-base-2.5.0-api.jar because:
  Build cache is disabled
ClasspathEntrySnapshotTransform: /home/runner/.gradle/caches/transforms-3/a271888c9172fa90e1e7440dd2749521/transformed/jetified-coil-base-2.5.0-api.jar is not up-to-date because:
  No history is available.
Caching disabled for ClasspathEntrySnapshotTransform: /home/runner/.gradle/caches/transforms-3/f74aac474dab4f7b6654aabf59aebc65/transformed/lifecycle-runtime-2.7.0-api.jar because:
  Build cache is disabled
ClasspathEntrySnapshotTransform: /home/runner/.gradle/caches/transforms-3/f74aac474dab4f7b6654aabf59aebc65/transformed/lifecycle-runtime-2.7.0-api.jar is not up-to-date because:
  No history is available.
Caching disabled for ClasspathEntrySnapshotTransform: /home/runner/.gradle/caches/transforms-3/54c8ec71654d86cbcba6a5d778636ad0/transformed/jetified-lifecycle-runtime-ktx-2.7.0-api.jar because:
  Build cache is disabled
ClasspathEntrySnapshotTransform: /home/runner/.gradle/caches/transforms-3/54c8ec71654d86cbcba6a5d778636ad0/transformed/jetified-lifecycle-runtime-ktx-2.7.0-api.jar is not up-to-date because:
  No history is available.
Caching disabled for ClasspathEntrySnapshotTransform: /home/runner/.gradle/caches/transforms-3/3db5b16380bfa19cbd76bcfd99fe066e/transformed/jetified-lifecycle-viewmodel-compose-2.7.0-api.jar because:
  Build cache is disabled
ClasspathEntrySnapshotTransform: /home/runner/.gradle/caches/transforms-3/3db5b16380bfa19cbd76bcfd99fe066e/transformed/jetified-lifecycle-viewmodel-compose-2.7.0-api.jar is not up-to-date because:
  No history is available.
Caching disabled for ClasspathEntrySnapshotTransform: /home/runner/.gradle/caches/transforms-3/110b4758e333377f1d839ddb5527ea69/transformed/jetified-ui-util-release-api.jar because:
  Build cache is disabled
ClasspathEntrySnapshotTransform: /home/runner/.gradle/caches/transforms-3/110b4758e333377f1d839ddb5527ea69/transformed/jetified-ui-util-release-api.jar is not up-to-date because:
  No history is available.
Caching disabled for ClasspathEntrySnapshotTransform: /home/runner/.gradle/caches/transforms-3/5d9137405eaaf664dedfa452833603b3/transformed/jetified-ui-unit-release-api.jar because:
  Build cache is disabled
ClasspathEntrySnapshotTransform: /home/runner/.gradle/caches/transforms-3/5d9137405eaaf664dedfa452833603b3/transformed/jetified-ui-unit-release-api.jar is not up-to-date because:
  No history is available.
Caching disabled for ClasspathEntrySnapshotTransform: /home/runner/.gradle/caches/transforms-3/b924337ef0db49caf65b23c28f482007/transformed/jetified-material-icons-core-release-api.jar because:
  Build cache is disabled
ClasspathEntrySnapshotTransform: /home/runner/.gradle/caches/transforms-3/b924337ef0db49caf65b23c28f482007/transformed/jetified-material-icons-core-release-api.jar is not up-to-date because:
  No history is available.
Caching disabled for ClasspathEntrySnapshotTransform: /home/runner/.gradle/caches/transforms-3/538ec2b9aab60488c5cdc5af759e7348/transformed/jetified-material-ripple-release-api.jar because:
  Build cache is disabled
ClasspathEntrySnapshotTransform: /home/runner/.gradle/caches/transforms-3/538ec2b9aab60488c5cdc5af759e7348/transformed/jetified-material-ripple-release-api.jar is not up-to-date because:
  No history is available.
Caching disabled for ClasspathEntrySnapshotTransform: /home/runner/.gradle/caches/transforms-3/21c8e880fe0436924d075ade720d87f4/transformed/jetified-foundation-layout-release-api.jar because:
  Build cache is disabled
ClasspathEntrySnapshotTransform: /home/runner/.gradle/caches/transforms-3/21c8e880fe0436924d075ade720d87f4/transformed/jetified-foundation-layout-release-api.jar is not up-to-date because:
  No history is available.
Caching disabled for ClasspathEntrySnapshotTransform: /home/runner/.gradle/caches/transforms-3/d4ef6630b503eba33a1b3d33bf691e69/transformed/jetified-animation-core-release-api.jar because:
  Build cache is disabled
ClasspathEntrySnapshotTransform: /home/runner/.gradle/caches/transforms-3/d4ef6630b503eba33a1b3d33bf691e69/transformed/jetified-animation-core-release-api.jar is not up-to-date because:
  No history is available.
Caching disabled for ClasspathEntrySnapshotTransform: /home/runner/.gradle/caches/transforms-3/76cb4e43abdad16a749177c92a402106/transformed/jetified-foundation-release-api.jar because:
  Build cache is disabled
ClasspathEntrySnapshotTransform: /home/runner/.gradle/caches/transforms-3/76cb4e43abdad16a749177c92a402106/transformed/jetified-foundation-release-api.jar is not up-to-date because:
  No history is available.
Caching disabled for ClasspathEntrySnapshotTransform: /home/runner/.gradle/caches/transforms-3/d30ddb691e5ec92967c46c9d4dbd36e1/transformed/jetified-animation-release-api.jar because:
  Build cache is disabled
ClasspathEntrySnapshotTransform: /home/runner/.gradle/caches/transforms-3/d30ddb691e5ec92967c46c9d4dbd36e1/transformed/jetified-animation-release-api.jar is not up-to-date because:
  No history is available.
Caching disabled for ClasspathEntrySnapshotTransform: /home/runner/.gradle/caches/transforms-3/d9addc46e3255119848c599654eea35d/transformed/jetified-ui-geometry-release-api.jar because:
  Build cache is disabled
ClasspathEntrySnapshotTransform: /home/runner/.gradle/caches/transforms-3/d9addc46e3255119848c599654eea35d/transformed/jetified-ui-geometry-release-api.jar is not up-to-date because:
  No history is available.
Caching disabled for ClasspathEntrySnapshotTransform: /home/runner/.gradle/caches/transforms-3/5f4b2926f3dbcf9a8716644a271a4930/transformed/jetified-ui-tooling-data-release-api.jar because:
  Build cache is disabled
ClasspathEntrySnapshotTransform: /home/runner/.gradle/caches/transforms-3/5f4b2926f3dbcf9a8716644a271a4930/transformed/jetified-ui-tooling-data-release-api.jar is not up-to-date because:
  No history is available.
Caching disabled for ClasspathEntrySnapshotTransform: /home/runner/.gradle/caches/transforms-3/5822d0a4bccb2c21c2408751e966adb3/transformed/jetified-ui-tooling-preview-release-api.jar because:
  Build cache is disabled
ClasspathEntrySnapshotTransform: /home/runner/.gradle/caches/transforms-3/5822d0a4bccb2c21c2408751e966adb3/transformed/jetified-ui-tooling-preview-release-api.jar is not up-to-date because:
  No history is available.
Caching disabled for ClasspathEntrySnapshotTransform: /home/runner/.gradle/caches/transforms-3/7802ac3538ae4483fd98c88f590aa159/transformed/jetified-ui-text-release-api.jar because:
  Build cache is disabled
ClasspathEntrySnapshotTransform: /home/runner/.gradle/caches/transforms-3/7802ac3538ae4483fd98c88f590aa159/transformed/jetified-ui-text-release-api.jar is not up-to-date because:
  No history is available.
Caching disabled for ClasspathEntrySnapshotTransform: /home/runner/.gradle/caches/transforms-3/4ad845ab97ce69fe894d8397366ad3d9/transformed/jetified-ui-graphics-release-api.jar because:
  Build cache is disabled
ClasspathEntrySnapshotTransform: /home/runner/.gradle/caches/transforms-3/4ad845ab97ce69fe894d8397366ad3d9/transformed/jetified-ui-graphics-release-api.jar is not up-to-date because:
  No history is available.
Caching disabled for ClasspathEntrySnapshotTransform: /home/runner/.gradle/caches/transforms-3/7e2caa4a6e78d11744f8f70887f3e4db/transformed/jetified-ui-release-api.jar because:
  Build cache is disabled
ClasspathEntrySnapshotTransform: /home/runner/.gradle/caches/transforms-3/7e2caa4a6e78d11744f8f70887f3e4db/transformed/jetified-ui-release-api.jar is not up-to-date because:
  No history is available.
Caching disabled for ClasspathEntrySnapshotTransform: /home/runner/.gradle/caches/transforms-3/d48d541bba37b73ba5da045e44eb62e6/transformed/jetified-ui-tooling-release-api.jar because:
  Build cache is disabled
ClasspathEntrySnapshotTransform: /home/runner/.gradle/caches/transforms-3/d48d541bba37b73ba5da045e44eb62e6/transformed/jetified-ui-tooling-release-api.jar is not up-to-date because:
  No history is available.
Caching disabled for ClasspathEntrySnapshotTransform: /home/runner/.gradle/caches/transforms-3/e93abe3bdf9692b7d84ebaf35da0ebf1/transformed/jetified-ui-test-manifest-1.6.0-api.jar because:
  Build cache is disabled
ClasspathEntrySnapshotTransform: /home/runner/.gradle/caches/transforms-3/e93abe3bdf9692b7d84ebaf35da0ebf1/transformed/jetified-ui-test-manifest-1.6.0-api.jar is not up-to-date because:
  No history is available.
Caching disabled for ClasspathEntrySnapshotTransform: /home/runner/.gradle/caches/transforms-3/4f90503de1dc7796604acd7bd547ad09/transformed/jetified-activity-1.8.2-api.jar because:
  Build cache is disabled
ClasspathEntrySnapshotTransform: /home/runner/.gradle/caches/transforms-3/4f90503de1dc7796604acd7bd547ad09/transformed/jetified-activity-1.8.2-api.jar is not up-to-date because:
  No history is available.
Caching disabled for ClasspathEntrySnapshotTransform: /home/runner/.gradle/caches/transforms-3/a6f2de3e6e97cd58b26b9505c8f712aa/transformed/jetified-activity-compose-1.8.2-api.jar because:
  Build cache is disabled
ClasspathEntrySnapshotTransform: /home/runner/.gradle/caches/transforms-3/a6f2de3e6e97cd58b26b9505c8f712aa/transformed/jetified-activity-compose-1.8.2-api.jar is not up-to-date because:
  No history is available.
Caching disabled for ClasspathEntrySnapshotTransform: /home/runner/.gradle/caches/transforms-3/ad4a8e5ca6380958d95d3fcf5ad3aaa6/transformed/jetified-activity-ktx-1.8.2-api.jar because:
  Build cache is disabled
ClasspathEntrySnapshotTransform: /home/runner/.gradle/caches/transforms-3/ad4a8e5ca6380958d95d3fcf5ad3aaa6/transformed/jetified-activity-ktx-1.8.2-api.jar is not up-to-date because:
  No history is available.
Caching disabled for ClasspathEntrySnapshotTransform: /home/runner/.gradle/caches/transforms-3/2db69b1bb6e03b4fc16e5be10f8104a0/transformed/jetified-core-ktx-1.12.0-api.jar because:
  Build cache is disabled
ClasspathEntrySnapshotTransform: /home/runner/.gradle/caches/transforms-3/2db69b1bb6e03b4fc16e5be10f8104a0/transformed/jetified-core-ktx-1.12.0-api.jar is not up-to-date because:
  No history is available.
Caching disabled for ClasspathEntrySnapshotTransform: /home/runner/.gradle/caches/transforms-3/b633c8a28c127fee597b69d2972774c1/transformed/jetified-annotation-experimental-1.3.0-api.jar because:
  Build cache is disabled
ClasspathEntrySnapshotTransform: /home/runner/.gradle/caches/transforms-3/b633c8a28c127fee597b69d2972774c1/transformed/jetified-annotation-experimental-1.3.0-api.jar is not up-to-date because:
  No history is available.
Caching disabled for ClasspathEntrySnapshotTransform: /home/runner/.gradle/caches/transforms-3/102ec3dd7d7cc2716bfff8ea7aba34ff/transformed/jetified-runtime-saveable-release-api.jar because:
  Build cache is disabled
ClasspathEntrySnapshotTransform: /home/runner/.gradle/caches/transforms-3/102ec3dd7d7cc2716bfff8ea7aba34ff/transformed/jetified-runtime-saveable-release-api.jar is not up-to-date because:
  No history is available.
Caching disabled for ClasspathEntrySnapshotTransform: /home/runner/.gradle/caches/transforms-3/25156b51efef449af8f5f9d98fe24d40/transformed/jetified-kotlinx-coroutines-core-jvm-1.7.3.jar because:
  Build cache is disabled
ClasspathEntrySnapshotTransform: /home/runner/.gradle/caches/transforms-3/25156b51efef449af8f5f9d98fe24d40/transformed/jetified-kotlinx-coroutines-core-jvm-1.7.3.jar is not up-to-date because:
  No history is available.
Caching disabled for ClasspathEntrySnapshotTransform: /home/runner/.gradle/caches/transforms-3/bc8b083eb7557e41fed3636455c629fc/transformed/jetified-runtime-release-api.jar because:
  Build cache is disabled
ClasspathEntrySnapshotTransform: /home/runner/.gradle/caches/transforms-3/bc8b083eb7557e41fed3636455c629fc/transformed/jetified-runtime-release-api.jar is not up-to-date because:
  No history is available.
Caching disabled for ClasspathEntrySnapshotTransform: /home/runner/.gradle/caches/transforms-3/3123eb3fd66456f2e1a3ae695c9db5f7/transformed/jetified-kotlinx-coroutines-android-1.7.3.jar because:
  Build cache is disabled
ClasspathEntrySnapshotTransform: /home/runner/.gradle/caches/transforms-3/3123eb3fd66456f2e1a3ae695c9db5f7/transformed/jetified-kotlinx-coroutines-android-1.7.3.jar is not up-to-date because:
  No history is available.
Caching disabled for ClasspathEntrySnapshotTransform: /home/runner/.gradle/caches/transforms-3/a7a4f3a7865bb0d12010d24ece7126e5/transformed/jetified-okhttp-4.12.0.jar because:
  Build cache is disabled
ClasspathEntrySnapshotTransform: /home/runner/.gradle/caches/transforms-3/a7a4f3a7865bb0d12010d24ece7126e5/transformed/jetified-okhttp-4.12.0.jar is not up-to-date because:
  No history is available.
Caching disabled for ClasspathEntrySnapshotTransform: /home/runner/.gradle/caches/transforms-3/e940cd590d4f3ced0672bbff17adda10/transformed/jetified-okio-jvm-3.6.0.jar because:
  Build cache is disabled
ClasspathEntrySnapshotTransform: /home/runner/.gradle/caches/transforms-3/e940cd590d4f3ced0672bbff17adda10/transformed/jetified-okio-jvm-3.6.0.jar is not up-to-date because:
  No history is available.
Caching disabled for ClasspathEntrySnapshotTransform: /home/runner/.gradle/caches/transforms-3/cf6217d7b712518ebeb039f589f5a771/transformed/jetified-kotlin-stdlib-jdk8-1.9.10.jar because:
  Build cache is disabled
ClasspathEntrySnapshotTransform: /home/runner/.gradle/caches/transforms-3/cf6217d7b712518ebeb039f589f5a771/transformed/jetified-kotlin-stdlib-jdk8-1.9.10.jar is not up-to-date because:
  No history is available.
Caching disabled for ClasspathEntrySnapshotTransform: /home/runner/.gradle/caches/transforms-3/ea66e1fbc34950e32cf320657625c539/transformed/jetified-savedstate-ktx-1.2.1-api.jar because:
  Build cache is disabled
ClasspathEntrySnapshotTransform: /home/runner/.gradle/caches/transforms-3/ea66e1fbc34950e32cf320657625c539/transformed/jetified-savedstate-ktx-1.2.1-api.jar is not up-to-date because:
  No history is available.
Caching disabled for ClasspathEntrySnapshotTransform: /home/runner/.gradle/caches/transforms-3/c86d68fa7db84357edba621776fa86a6/transformed/jetified-savedstate-1.2.1-api.jar because:
  Build cache is disabled
ClasspathEntrySnapshotTransform: /home/runner/.gradle/caches/transforms-3/c86d68fa7db84357edba621776fa86a6/transformed/jetified-savedstate-1.2.1-api.jar is not up-to-date because:
  No history is available.
Caching disabled for ClasspathEntrySnapshotTransform: /home/runner/.gradle/caches/transforms-3/e45dd37fbe07149d2c31a7077ed287da/transformed/versionedparcelable-1.1.1-api.jar because:
  Build cache is disabled
ClasspathEntrySnapshotTransform: /home/runner/.gradle/caches/transforms-3/e45dd37fbe07149d2c31a7077ed287da/transformed/versionedparcelable-1.1.1-api.jar is not up-to-date because:
  No history is available.
Caching disabled for ClasspathEntrySnapshotTransform: /home/runner/.gradle/caches/modules-2/files-2.1/androidx.arch.core/core-common/2.2.0/5e1b8b81dfd5f52c56a8d53b18ca759c19a301f3/core-common-2.2.0.jar because:
  Build cache is disabled
ClasspathEntrySnapshotTransform: /home/runner/.gradle/caches/modules-2/files-2.1/androidx.arch.core/core-common/2.2.0/5e1b8b81dfd5f52c56a8d53b18ca759c19a301f3/core-common-2.2.0.jar is not up-to-date because:
  No history is available.
Caching disabled for ClasspathEntrySnapshotTransform: /home/runner/.gradle/caches/transforms-3/b64103b97604d66675a064fc5cf2f484/transformed/jetified-collection-jvm-1.4.0.jar because:
  Build cache is disabled
ClasspathEntrySnapshotTransform: /home/runner/.gradle/caches/transforms-3/b64103b97604d66675a064fc5cf2f484/transformed/jetified-collection-jvm-1.4.0.jar is not up-to-date because:
  No history is available.
Caching disabled for ClasspathEntrySnapshotTransform: /home/runner/.gradle/caches/transforms-3/620fd95957cdc0675db1c11d5328e48e/transformed/jetified-annotation-jvm-1.7.0.jar because:
  Build cache is disabled
ClasspathEntrySnapshotTransform: /home/runner/.gradle/caches/transforms-3/620fd95957cdc0675db1c11d5328e48e/transformed/jetified-annotation-jvm-1.7.0.jar is not up-to-date because:
  No history is available.
Caching disabled for ClasspathEntrySnapshotTransform: /home/runner/.gradle/caches/transforms-3/544690dd0e43aca0bc6e8c841ba3fd2c/transformed/jetified-kotlin-stdlib-jdk7-1.9.10.jar because:
  Build cache is disabled
ClasspathEntrySnapshotTransform: /home/runner/.gradle/caches/transforms-3/544690dd0e43aca0bc6e8c841ba3fd2c/transformed/jetified-kotlin-stdlib-jdk7-1.9.10.jar is not up-to-date because:
  No history is available.
Caching disabled for ClasspathEntrySnapshotTransform: /home/runner/.gradle/caches/transforms-3/7392f81cef3e03c2f201deb053573b9f/transformed/jetified-kotlin-stdlib-1.9.22.jar because:
  Build cache is disabled
ClasspathEntrySnapshotTransform: /home/runner/.gradle/caches/transforms-3/7392f81cef3e03c2f201deb053573b9f/transformed/jetified-kotlin-stdlib-1.9.22.jar is not up-to-date because:
  No history is available.
Caching disabled for ClasspathEntrySnapshotTransform: /home/runner/.gradle/caches/transforms-3/0b9c408e657e9e70651d4598d50553d9/transformed/jetified-annotations-23.0.0.jar because:
  Build cache is disabled
ClasspathEntrySnapshotTransform: /home/runner/.gradle/caches/transforms-3/0b9c408e657e9e70651d4598d50553d9/transformed/jetified-annotations-23.0.0.jar is not up-to-date because:
  No history is available.
Caching disabled for ClasspathEntrySnapshotTransform: /usr/local/lib/android/sdk/platforms/android-35/android.jar because:
  Build cache is disabled
ClasspathEntrySnapshotTransform: /usr/local/lib/android/sdk/platforms/android-35/android.jar is not up-to-date because:
  No history is available.
Caching disabled for ClasspathEntrySnapshotTransform: /usr/local/lib/android/sdk/build-tools/34.0.0/core-lambda-stubs.jar because:
  Build cache is disabled
ClasspathEntrySnapshotTransform: /usr/local/lib/android/sdk/build-tools/34.0.0/core-lambda-stubs.jar is not up-to-date because:
  No history is available.
Caching disabled for ClasspathEntrySnapshotTransform: /home/runner/.gradle/caches/transforms-3/6f1d1b76b10cbebf11d019fabdb080ad/transformed/core-1.12.0-api.jar because:
  Build cache is disabled
ClasspathEntrySnapshotTransform: /home/runner/.gradle/caches/transforms-3/6f1d1b76b10cbebf11d019fabdb080ad/transformed/core-1.12.0-api.jar is not up-to-date because:
  No history is available.
Resource missing. [HTTP GET: https://dl.google.com/dl/android/maven2/org/jetbrains/kotlin/kotlin-reflect/1.6.10/kotlin-reflect-1.6.10.pom]
Downloading https://repo.maven.apache.org/maven2/org/jetbrains/kotlin/kotlin-reflect/1.6.10/kotlin-reflect-1.6.10.pom to /home/runner/.gradle/.tmp/gradle_download13604669409413834552bin
Resource missing. [HTTP GET: https://dl.google.com/dl/android/maven2/org/jetbrains/kotlin/kotlin-script-runtime/1.9.22/kotlin-script-runtime-1.9.22.pom]
Downloading https://repo.maven.apache.org/maven2/org/jetbrains/kotlin/kotlin-script-runtime/1.9.22/kotlin-script-runtime-1.9.22.pom to /home/runner/.gradle/.tmp/gradle_download4032782035594079487bin
Downloading https://repo.maven.apache.org/maven2/org/jetbrains/kotlin/kotlin-script-runtime/1.9.22/kotlin-script-runtime-1.9.22.jar to /home/runner/.gradle/.tmp/gradle_download11782855485974040248bin
Downloading https://repo.maven.apache.org/maven2/org/jetbrains/kotlin/kotlin-reflect/1.6.10/kotlin-reflect-1.6.10.jar to /home/runner/.gradle/.tmp/gradle_download6082409588534224276bin
Downloading https://dl.google.com/dl/android/maven2/androidx/compose/compiler/compiler/1.5.8/compiler-1.5.8.pom to /home/runner/.gradle/.tmp/gradle_download15848763341452201754bin
Downloading https://dl.google.com/dl/android/maven2/androidx/compose/compiler/compiler/1.5.8/compiler-1.5.8.module to /home/runner/.gradle/.tmp/gradle_download5624831118060913412bin
Downloading https://dl.google.com/dl/android/maven2/androidx/compose/compiler/compiler/1.5.8/compiler-1.5.8.jar to /home/runner/.gradle/.tmp/gradle_download3566965450707304387bin
Caching disabled for task ':app-v3:compileDebugKotlin' because:
  Build cache is disabled
Task ':app-v3:compileDebugKotlin' is not up-to-date because:
  No history is available.
The input changes require a full rebuild for incremental task ':app-v3:compileDebugKotlin'.
file or directory '/home/runner/work/Asd-app/Asd-app/app-v3/src/debug/kotlin', not found
file or directory '/home/runner/work/Asd-app/Asd-app/app-v3/src/debug/kotlin', not found
file or directory '/home/runner/work/Asd-app/Asd-app/app-v3/src/debug/java', not found
file or directory '/home/runner/work/Asd-app/Asd-app/app-v3/src/debug/kotlin', not found
file or directory '/home/runner/work/Asd-app/Asd-app/app-v3/src/debug/java', not found
file or directory '/home/runner/work/Asd-app/Asd-app/app-v3/src/main/kotlin', not found
file or directory '/home/runner/work/Asd-app/Asd-app/app-v3/src/main/kotlin', not found
file or directory '/home/runner/work/Asd-app/Asd-app/app-v3/src/main/kotlin', not found
file or directory '/home/runner/work/Asd-app/Asd-app/app-v3/src/debug/java', not found
file or directory '/home/runner/work/Asd-app/Asd-app/app-v3/src/debug/kotlin', not found
file or directory '/home/runner/work/Asd-app/Asd-app/app-v3/src/debug/kotlin', not found
file or directory '/home/runner/work/Asd-app/Asd-app/app-v3/src/debug/java', not found
file or directory '/home/runner/work/Asd-app/Asd-app/app-v3/src/debug/kotlin', not found
file or directory '/home/runner/work/Asd-app/Asd-app/app-v3/src/debug/java', not found
file or directory '/home/runner/work/Asd-app/Asd-app/app-v3/src/main/kotlin', not found
file or directory '/home/runner/work/Asd-app/Asd-app/app-v3/src/main/kotlin', not found
file or directory '/home/runner/work/Asd-app/Asd-app/app-v3/src/debug/kotlin', not found
file or directory '/home/runner/work/Asd-app/Asd-app/app-v3/src/debug/kotlin', not found
file or directory '/home/runner/work/Asd-app/Asd-app/app-v3/src/debug/java', not found
file or directory '/home/runner/work/Asd-app/Asd-app/app-v3/src/debug/kotlin', not found
file or directory '/home/runner/work/Asd-app/Asd-app/app-v3/src/debug/java', not found
file or directory '/home/runner/work/Asd-app/Asd-app/app-v3/src/main/kotlin', not found
file or directory '/home/runner/work/Asd-app/Asd-app/app-v3/src/main/kotlin', not found
file or directory '/home/runner/work/Asd-app/Asd-app/app-v3/src/main/kotlin', not found
file or directory '/home/runner/work/Asd-app/Asd-app/app-v3/src/debug/java', not found
file or directory '/home/runner/work/Asd-app/Asd-app/app-v3/src/debug/kotlin', not found
file or directory '/home/runner/work/Asd-app/Asd-app/app-v3/src/debug/kotlin', not found
file or directory '/home/runner/work/Asd-app/Asd-app/app-v3/src/debug/java', not found
file or directory '/home/runner/work/Asd-app/Asd-app/app-v3/src/debug/kotlin', not found
file or directory '/home/runner/work/Asd-app/Asd-app/app-v3/src/debug/java', not found
file or directory '/home/runner/work/Asd-app/Asd-app/app-v3/src/main/kotlin', not found
file or directory '/home/runner/work/Asd-app/Asd-app/app-v3/src/main/kotlin', not found
file or directory '/home/runner/work/Asd-app/Asd-app/app-v3/src/main/kotlin', not found
file or directory '/home/runner/work/Asd-app/Asd-app/app-v3/src/debug/java', not found
file or directory '/home/runner/work/Asd-app/Asd-app/app-v3/src/debug/kotlin', not found
file or directory '/home/runner/work/Asd-app/Asd-app/app-v3/src/debug/kotlin', not found
file or directory '/home/runner/work/Asd-app/Asd-app/app-v3/src/debug/java', not found
file or directory '/home/runner/work/Asd-app/Asd-app/app-v3/src/debug/kotlin', not found
file or directory '/home/runner/work/Asd-app/Asd-app/app-v3/src/debug/java', not found
file or directory '/home/runner/work/Asd-app/Asd-app/app-v3/src/main/kotlin', not found
file or directory '/home/runner/work/Asd-app/Asd-app/app-v3/src/main/kotlin', not found
file or directory '/home/runner/work/Asd-app/Asd-app/app-v3/src/main/kotlin', not found
file or directory '/home/runner/work/Asd-app/Asd-app/app-v3/src/debug/java', not found
Kotlin source files: /home/runner/work/Asd-app/Asd-app/app-v3/src/main/java/com/example/picturesoundpanels/v3/ui/theme/Type.kt, /home/runner/work/Asd-app/Asd-app/app-v3/src/main/java/com/example/picturesoundpanels/v3/ui/theme/Color.kt, /home/runner/work/Asd-app/Asd-app/app-v3/src/main/java/com/example/picturesoundpanels/v3/ui/theme/Theme.kt, /home/runner/work/Asd-app/Asd-app/app-v3/src/main/java/com/example/picturesoundpanels/v3/viewmodels/PanelViewModel.kt, /home/runner/work/Asd-app/Asd-app/app-v3/src/main/java/com/example/picturesoundpanels/v3/MainActivity.kt, /home/runner/work/Asd-app/Asd-app/app-v3/src/main/java/com/example/picturesoundpanels/v3/models/DataModels.kt
Java source files: 
Script source files: 
Script file extensions: 
Using Kotlin/JVM incremental compilation
[KOTLIN] Kotlin compilation 'jdkHome' argument: null

Resolve mutations for :app-v3:writeDebugAppMetadata (Thread[Execution worker,5,main]) started.
:app-v3:writeDebugAppMetadata (Thread[Execution worker,5,main]) started.

> Task :app-v3:writeDebugAppMetadata
Caching disabled for task ':app-v3:writeDebugAppMetadata' because:
  Build cache is disabled
Task ':app-v3:writeDebugAppMetadata' is not up-to-date because:
  No history is available.
Resolve mutations for :app-v3:writeDebugSigningConfigVersions (Thread[included builds,5,main]) started.
:app-v3:writeDebugSigningConfigVersions (Thread[included builds,5,main]) started.

> Task :app-v3:writeDebugSigningConfigVersions
Caching disabled for task ':app-v3:writeDebugSigningConfigVersions' because:
  Build cache is disabled
Task ':app-v3:writeDebugSigningConfigVersions' is not up-to-date because:
  No history is available.

> Task :app-v3:compileDebugKotlin
i: starting the daemon as: /usr/lib/jvm/temurin-17-jdk-amd64/bin/java -cp /home/runner/.gradle/caches/modules-2/files-2.1/org.jetbrains.kotlin/kotlin-compiler-embeddable/1.9.22/9cd4dc7773cf2a99ecd961a88fbbc9a2da3fb5e1/kotlin-compiler-embeddable-1.9.22.jar:/home/runner/.gradle/caches/modules-2/files-2.1/org.jetbrains.kotlin/kotlin-stdlib/1.9.22/d6c44cd08d8f3f9bece8101216dbe6553365c6e3/kotlin-stdlib-1.9.22.jar:/home/runner/.gradle/caches/modules-2/files-2.1/org.jetbrains.kotlin/kotlin-script-runtime/1.9.22/f8139a46fc677ec9badc49ae954392f4f5e7e7c7/kotlin-script-runtime-1.9.22.jar:/home/runner/.gradle/caches/modules-2/files-2.1/org.jetbrains.kotlin/kotlin-reflect/1.6.10/1cbe9c92c12a94eea200d23c2bbaedaf3daf5132/kotlin-reflect-1.6.10.jar:/home/runner/.gradle/caches/modules-2/files-2.1/org.jetbrains.kotlin/kotlin-daemon-embeddable/1.9.22/20e2c5df715f3240c765cfc222530e2796542021/kotlin-daemon-embeddable-1.9.22.jar:/home/runner/.gradle/caches/modules-2/files-2.1/org.jetbrains.intellij.deps/trove4j/1.0.20200330/3afb14d5f9ceb459d724e907a21145e8ff394f02/trove4j-1.0.20200330.jar:/home/runner/.gradle/caches/modules-2/files-2.1/org.jetbrains/annotations/13.0/919f0dfe192fb4e063e7dacadee7f8bb9a2672a9/annotations-13.0.jar -Djava.awt.headless=true -D$java.rmi.server.hostname=127.0.0.1 -Xmx2048m -Dkotlin.environment.keepalive -ea --add-exports java.base/sun.nio.ch=ALL-UNNAMED org.jetbrains.kotlin.daemon.KotlinCompileDaemon --daemon-runFilesPath /home/runner/.kotlin/daemon --daemon-autoshutdownIdleSeconds=7200 --daemon-compilerClasspath /home/runner/.gradle/caches/modules-2/files-2.1/org.jetbrains.kotlin/kotlin-compiler-embeddable/1.9.22/9cd4dc7773cf2a99ecd961a88fbbc9a2da3fb5e1/kotlin-compiler-embeddable-1.9.22.jar:/home/runner/.gradle/caches/modules-2/files-2.1/org.jetbrains.kotlin/kotlin-stdlib/1.9.22/d6c44cd08d8f3f9bece8101216dbe6553365c6e3/kotlin-stdlib-1.9.22.jar:/home/runner/.gradle/caches/modules-2/files-2.1/org.jetbrains.kotlin/kotlin-script-runtime/1.9.22/f8139a46fc677ec9badc49ae954392f4f5e7e7c7/kotlin-script-runtime-1.9.22.jar:/home/runner/.gradle/caches/modules-2/files-2.1/org.jetbrains.kotlin/kotlin-reflect/1.6.10/1cbe9c92c12a94eea200d23c2bbaedaf3daf5132/kotlin-reflect-1.6.10.jar:/home/runner/.gradle/caches/modules-2/files-2.1/org.jetbrains.kotlin/kotlin-daemon-embeddable/1.9.22/20e2c5df715f3240c765cfc222530e2796542021/kotlin-daemon-embeddable-1.9.22.jar:/home/runner/.gradle/caches/modules-2/files-2.1/org.jetbrains.intellij.deps/trove4j/1.0.20200330/3afb14d5f9ceb459d724e907a21145e8ff394f02/trove4j-1.0.20200330.jar:/home/runner/.gradle/caches/modules-2/files-2.1/org.jetbrains/annotations/13.0/919f0dfe192fb4e063e7dacadee7f8bb9a2672a9/annotations-13.0.jar
i: Received the message signalling that the daemon is ready
i: new daemon started, trying to find it
i: found daemon on port 17338 (25 ms old), trying to connect
i: connected to the daemon
Options for KOTLIN DAEMON: IncrementalCompilationOptions(super=CompilationOptions(compilerMode=INCREMENTAL_COMPILER, targetPlatform=JVM, reportCategories=[0, 3], reportSeverity=2, requestedCompilationResults=[0], kotlinScriptExtensions=[]), areFileChangesKnown=false, modifiedFiles=null, deletedFiles=null, classpathChanges=NotAvailableForNonIncrementalRun, workingDir=/home/runner/work/Asd-app/Asd-app/app-v3/build/kotlin/compileDebugKotlin/cacheable, multiModuleICSettings=MultiModuleICSettings(buildHistoryFile=/home/runner/work/Asd-app/Asd-app/app-v3/build/kotlin/compileDebugKotlin/local-state/build-history.bin, useModuleDetection=true), usePreciseJavaTracking=true, outputFiles=[/home/runner/work/Asd-app/Asd-app/app-v3/build/tmp/kotlin-classes/debug, /home/runner/work/Asd-app/Asd-app/app-v3/build/kotlin/compileDebugKotlin/cacheable, /home/runner/work/Asd-app/Asd-app/app-v3/build/kotlin/compileDebugKotlin/local-state])
e: file:///home/runner/work/Asd-app/Asd-app/app-v3/src/main/java/com/example/picturesoundpanels/v3/ui/theme/Type.kt:10:25 None of the following functions can be called with the arguments supplied: 
protected constructor FontFamily(canLoadSynchronously: Boolean) defined in androidx.compose.ui.text.font.FontFamily
public fun FontFamily(typeface: android.graphics.Typeface): FontFamily defined in androidx.compose.ui.text.font
public fun FontFamily(typeface: androidx.compose.ui.text.font.Typeface): FontFamily defined in androidx.compose.ui.text.font
public fun FontFamily(vararg fonts: Font): FontFamily defined in androidx.compose.ui.text.font
public fun FontFamily(fonts: List<Font>): FontFamily defined in androidx.compose.ui.text.font

> Task :app-v3:compileDebugKotlin FAILED
AAPT2 aapt2-8.2.2-10154469-linux Daemon #0: shutdown

FAILURE: Build failed with an exception.

* What went wrong:
Execution failed for task ':app-v3:compileDebugKotlin'.
> A failure occurred while executing org.jetbrains.kotlin.compilerRunner.GradleCompilerRunnerWithWorkers$GradleKotlinCompilerWorkAction
   > Compilation error. See log for more details

* Try:
> Run with --debug option to get more log output.
> Run with --scan to get full insights.
> Get more help at https://help.gradle.org.

* Exception is:
org.gradle.api.tasks.TaskExecutionException: Execution failed for task ':app-v3:compileDebugKotlin'.
	at org.gradle.api.internal.tasks.execution.ExecuteActionsTaskExecuter.lambda$executeIfValid$1(ExecuteActionsTaskExecuter.java:148)
	at org.gradle.internal.Try$Failure.ifSuccessfulOrElse(Try.java:282)
	at org.gradle.api.internal.tasks.execution.ExecuteActionsTaskExecuter.executeIfValid(ExecuteActionsTaskExecuter.java:146)
	at org.gradle.api.internal.tasks.execution.ExecuteActionsTaskExecuter.execute(ExecuteActionsTaskExecuter.java:134)
	at org.gradle.api.internal.tasks.execution.FinalizePropertiesTaskExecuter.execute(FinalizePropertiesTaskExecuter.java:46)
	at org.gradle.api.internal.tasks.execution.ResolveTaskExecutionModeExecuter.execute(ResolveTaskExecutionModeExecuter.java:51)
	at org.gradle.api.internal.tasks.execution.SkipTaskWithNoActionsExecuter.execute(SkipTaskWithNoActionsExecuter.java:57)
	at org.gradle.api.internal.tasks.execution.SkipOnlyIfTaskExecuter.execute(SkipOnlyIfTaskExecuter.java:74)
	at org.gradle.api.internal.tasks.execution.CatchExceptionTaskExecuter.execute(CatchExceptionTaskExecuter.java:36)
	at org.gradle.api.internal.tasks.execution.EventFiringTaskExecuter$1.executeTask(EventFiringTaskExecuter.java:77)
	at org.gradle.api.internal.tasks.execution.EventFiringTaskExecuter$1.call(EventFiringTaskExecuter.java:55)
	at org.gradle.api.internal.tasks.execution.EventFiringTaskExecuter$1.call(EventFiringTaskExecuter.java:52)
	at org.gradle.internal.operations.DefaultBuildOperationRunner$CallableBuildOperationWorker.execute(DefaultBuildOperationRunner.java:204)
	at org.gradle.internal.operations.DefaultBuildOperationRunner$CallableBuildOperationWorker.execute(DefaultBuildOperationRunner.java:199)
	at org.gradle.internal.operations.DefaultBuildOperationRunner$2.execute(DefaultBuildOperationRunner.java:66)
	at org.gradle.internal.operations.DefaultBuildOperationRunner$2.execute(DefaultBuildOperationRunner.java:59)
	at org.gradle.internal.operations.DefaultBuildOperationRunner.execute(DefaultBuildOperationRunner.java:157)
	at org.gradle.internal.operations.DefaultBuildOperationRunner.execute(DefaultBuildOperationRunner.java:59)
	at org.gradle.internal.operations.DefaultBuildOperationRunner.call(DefaultBuildOperationRunner.java:53)
	at org.gradle.internal.operations.DefaultBuildOperationExecutor.call(DefaultBuildOperationExecutor.java:73)
	at org.gradle.api.internal.tasks.execution.EventFiringTaskExecuter.execute(EventFiringTaskExecuter.java:52)
	at org.gradle.execution.plan.LocalTaskNodeExecutor.execute(LocalTaskNodeExecutor.java:42)
	at org.gradle.execution.taskgraph.DefaultTaskExecutionGraph$InvokeNodeExecutorsAction.execute(DefaultTaskExecutionGraph.java:331)
	at org.gradle.execution.taskgraph.DefaultTaskExecutionGraph$InvokeNodeExecutorsAction.execute(DefaultTaskExecutionGraph.java:318)
	at org.gradle.execution.taskgraph.DefaultTaskExecutionGraph$BuildOperationAwareExecutionAction.lambda$execute$0(DefaultTaskExecutionGraph.java:314)
	at org.gradle.internal.operations.CurrentBuildOperationRef.with(CurrentBuildOperationRef.java:80)
	at org.gradle.execution.taskgraph.DefaultTaskExecutionGraph$BuildOperationAwareExecutionAction.execute(DefaultTaskExecutionGraph.java:314)
	at org.gradle.execution.taskgraph.DefaultTaskExecutionGraph$BuildOperationAwareExecutionAction.execute(DefaultTaskExecutionGraph.java:303)
	at org.gradle.execution.plan.DefaultPlanExecutor$ExecutorWorker.execute(DefaultPlanExecutor.java:463)
	at org.gradle.execution.plan.DefaultPlanExecutor$ExecutorWorker.run(DefaultPlanExecutor.java:380)
	at org.gradle.internal.concurrent.ExecutorPolicy$CatchAndRecordFailures.onExecute(ExecutorPolicy.java:64)
	at org.gradle.internal.concurrent.AbstractManagedExecutor$1.run(AbstractManagedExecutor.java:47)
Caused by: org.gradle.workers.internal.DefaultWorkerExecutor$WorkExecutionException: A failure occurred while executing org.jetbrains.kotlin.compilerRunner.GradleCompilerRunnerWithWorkers$GradleKotlinCompilerWorkAction
	at org.gradle.workers.internal.DefaultWorkerExecutor$WorkItemExecution.waitForCompletion(DefaultWorkerExecutor.java:283)
	at org.gradle.internal.work.DefaultAsyncWorkTracker.lambda$waitForItemsAndGatherFailures$2(DefaultAsyncWorkTracker.java:130)
	at org.gradle.internal.Factories$1.create(Factories.java:31)
	at org.gradle.internal.work.DefaultWorkerLeaseService.withoutLocks(DefaultWorkerLeaseService.java:336)
	at org.gradle.internal.work.DefaultWorkerLeaseService.withoutLocks(DefaultWorkerLeaseService.java:319)
	at org.gradle.internal.work.DefaultWorkerLeaseService.withoutLock(DefaultWorkerLeaseService.java:324)
	at org.gradle.internal.work.DefaultAsyncWorkTracker.waitForItemsAndGatherFailures(DefaultAsyncWorkTracker.java:126)
	at org.gradle.internal.work.DefaultAsyncWorkTracker.waitForItemsAndGatherFailures(DefaultAsyncWorkTracker.java:92)
	at org.gradle.internal.work.DefaultAsyncWorkTracker.waitForAll(DefaultAsyncWorkTracker.java:78)
	at org.gradle.internal.work.DefaultAsyncWorkTracker.waitForCompletion(DefaultAsyncWorkTracker.java:66)
	at org.gradle.api.internal.tasks.execution.TaskExecution$3.run(TaskExecution.java:256)
	at org.gradle.internal.operations.DefaultBuildOperationRunner$1.execute(DefaultBuildOperationRunner.java:29)
	at org.gradle.internal.operations.DefaultBuildOperationRunner$1.execute(DefaultBuildOperationRunner.java:26)
	at org.gradle.internal.operations.DefaultBuildOperationRunner$2.execute(DefaultBuildOperationRunner.java:66)
	at org.gradle.internal.operations.DefaultBuildOperationRunner$2.execute(DefaultBuildOperationRunner.java:59)
	at org.gradle.internal.operations.DefaultBuildOperationRunner.execute(DefaultBuildOperationRunner.java:157)
	at org.gradle.internal.operations.DefaultBuildOperationRunner.execute(DefaultBuildOperationRunner.java:59)
	at org.gradle.internal.operations.DefaultBuildOperationRunner.run(DefaultBuildOperationRunner.java:47)
	at org.gradle.internal.operations.DefaultBuildOperationExecutor.run(DefaultBuildOperationExecutor.java:68)
	at org.gradle.api.internal.tasks.execution.TaskExecution.executeAction(TaskExecution.java:233)
	at org.gradle.api.internal.tasks.execution.TaskExecution.executeActions(TaskExecution.java:216)
	at org.gradle.api.internal.tasks.execution.TaskExecution.executeWithPreviousOutputFiles(TaskExecution.java:199)
	at org.gradle.api.internal.tasks.execution.TaskExecution.execute(TaskExecution.java:166)
	at org.gradle.internal.execution.steps.ExecuteStep.executeInternal(ExecuteStep.java:105)
	at org.gradle.internal.execution.steps.ExecuteStep.access$000(ExecuteStep.java:44)
	at org.gradle.internal.execution.steps.ExecuteStep$1.call(ExecuteStep.java:59)
	at org.gradle.internal.execution.steps.ExecuteStep$1.call(ExecuteStep.java:56)
	at org.gradle.internal.operations.DefaultBuildOperationRunner$CallableBuildOperationWorker.execute(DefaultBuildOperationRunner.java:204)
	at org.gradle.internal.operations.DefaultBuildOperationRunner$CallableBuildOperationWorker.execute(DefaultBuildOperationRunner.java:199)
	at org.gradle.internal.operations.DefaultBuildOperationRunner$2.execute(DefaultBuildOperationRunner.java:66)
	at org.gradle.internal.operations.DefaultBuildOperationRunner$2.execute(DefaultBuildOperationRunner.java:59)
	at org.gradle.internal.operations.DefaultBuildOperationRunner.execute(DefaultBuildOperationRunner.java:157)
	at org.gradle.internal.operations.DefaultBuildOperationRunner.execute(DefaultBuildOperationRunner.java:59)
	at org.gradle.internal.operations.DefaultBuildOperationRunner.call(DefaultBuildOperationRunner.java:53)
	at org.gradle.internal.operations.DefaultBuildOperationExecutor.call(DefaultBuildOperationExecutor.java:73)
	at org.gradle.internal.execution.steps.ExecuteStep.execute(ExecuteStep.java:56)
	at org.gradle.internal.execution.steps.ExecuteStep.execute(ExecuteStep.java:44)
	at org.gradle.internal.execution.steps.RemovePreviousOutputsStep.execute(RemovePreviousOutputsStep.java:67)
	at org.gradle.internal.execution.steps.RemovePreviousOutputsStep.execute(RemovePreviousOutputsStep.java:37)
	at org.gradle.internal.execution.steps.CancelExecutionStep.execute(CancelExecutionStep.java:41)
	at org.gradle.internal.execution.steps.TimeoutStep.executeWithoutTimeout(TimeoutStep.java:74)
	at org.gradle.internal.execution.steps.TimeoutStep.execute(TimeoutStep.java:55)
	at org.gradle.internal.execution.steps.CreateOutputsStep.execute(CreateOutputsStep.java:50)
	at org.gradle.internal.execution.steps.CreateOutputsStep.execute(CreateOutputsStep.java:28)
	at org.gradle.internal.execution.steps.CaptureStateAfterExecutionStep.executeDelegateBroadcastingChanges(CaptureStateAfterExecutionStep.java:100)
	at org.gradle.internal.execution.steps.CaptureStateAfterExecutionStep.execute(CaptureStateAfterExecutionStep.java:72)
	at org.gradle.internal.execution.steps.CaptureStateAfterExecutionStep.execute(CaptureStateAfterExecutionStep.java:50)
	at org.gradle.internal.execution.steps.ResolveInputChangesStep.execute(ResolveInputChangesStep.java:40)
	at org.gradle.internal.execution.steps.ResolveInputChangesStep.execute(ResolveInputChangesStep.java:29)
	at org.gradle.internal.execution.steps.BuildCacheStep.executeWithoutCache(BuildCacheStep.java:179)
	at org.gradle.internal.execution.steps.BuildCacheStep.lambda$execute$1(BuildCacheStep.java:70)
	at org.gradle.internal.Either$Right.fold(Either.java:175)
	at org.gradle.internal.execution.caching.CachingState.fold(CachingState.java:59)
	at org.gradle.internal.execution.steps.BuildCacheStep.execute(BuildCacheStep.java:68)
	at org.gradle.internal.execution.steps.BuildCacheStep.execute(BuildCacheStep.java:46)
	at org.gradle.internal.execution.steps.StoreExecutionStateStep.execute(StoreExecutionStateStep.java:36)
	at org.gradle.internal.execution.steps.StoreExecutionStateStep.execute(StoreExecutionStateStep.java:25)
	at org.gradle.internal.execution.steps.RecordOutputsStep.execute(RecordOutputsStep.java:36)
	at org.gradle.internal.execution.steps.RecordOutputsStep.execute(RecordOutputsStep.java:22)
	at org.gradle.internal.execution.steps.SkipUpToDateStep.executeBecause(SkipUpToDateStep.java:91)
	at org.gradle.internal.execution.steps.SkipUpToDateStep.lambda$execute$2(SkipUpToDateStep.java:55)
	at org.gradle.internal.execution.steps.SkipUpToDateStep.execute(SkipUpToDateStep.java:55)
	at org.gradle.internal.execution.steps.SkipUpToDateStep.execute(SkipUpToDateStep.java:37)
	at org.gradle.internal.execution.steps.ResolveChangesStep.execute(ResolveChangesStep.java:65)
	at org.gradle.internal.execution.steps.ResolveChangesStep.execute(ResolveChangesStep.java:36)
	at org.gradle.internal.execution.steps.legacy.MarkSnapshottingInputsFinishedStep.execute(MarkSnapshottingInputsFinishedStep.java:37)
	at org.gradle.internal.execution.steps.legacy.MarkSnapshottingInputsFinishedStep.execute(MarkSnapshottingInputsFinishedStep.java:27)
	at org.gradle.internal.execution.steps.ResolveCachingStateStep.execute(ResolveCachingStateStep.java:76)
	at org.gradle.internal.execution.steps.ResolveCachingStateStep.execute(ResolveCachingStateStep.java:37)
	at org.gradle.internal.execution.steps.ValidateStep.execute(ValidateStep.java:108)
	at org.gradle.internal.execution.steps.ValidateStep.execute(ValidateStep.java:55)
	at org.gradle.internal.execution.steps.CaptureStateBeforeExecutionStep.execute(CaptureStateBeforeExecutionStep.java:71)
	at org.gradle.internal.execution.steps.CaptureStateBeforeExecutionStep.execute(CaptureStateBeforeExecutionStep.java:45)
	at org.gradle.internal.execution.steps.SkipEmptyWorkStep.executeWithNonEmptySources(SkipEmptyWorkStep.java:177)
	at org.gradle.internal.execution.steps.SkipEmptyWorkStep.execute(SkipEmptyWorkStep.java:86)
	at org.gradle.internal.execution.steps.SkipEmptyWorkStep.execute(SkipEmptyWorkStep.java:53)
	at org.gradle.internal.execution.steps.RemoveUntrackedExecutionStateStep.execute(RemoveUntrackedExecutionStateStep.java:32)
	at org.gradle.internal.execution.steps.RemoveUntrackedExecutionStateStep.execute(RemoveUntrackedExecutionStateStep.java:21)
	at org.gradle.internal.execution.steps.legacy.MarkSnapshottingInputsStartedStep.execute(MarkSnapshottingInputsStartedStep.java:38)
	at org.gradle.internal.execution.steps.LoadPreviousExecutionStateStep.execute(LoadPreviousExecutionStateStep.java:36)
	at org.gradle.internal.execution.steps.LoadPreviousExecutionStateStep.execute(LoadPreviousExecutionStateStep.java:23)
	at org.gradle.internal.execution.steps.CleanupStaleOutputsStep.execute(CleanupStaleOutputsStep.java:75)
	at org.gradle.internal.execution.steps.CleanupStaleOutputsStep.execute(CleanupStaleOutputsStep.java:41)
	at org.gradle.internal.execution.steps.ExecuteWorkBuildOperationFiringStep.lambda$execute$2(ExecuteWorkBuildOperationFiringStep.java:66)
	at org.gradle.internal.execution.steps.ExecuteWorkBuildOperationFiringStep.execute(ExecuteWorkBuildOperationFiringStep.java:66)
	at org.gradle.internal.execution.steps.ExecuteWorkBuildOperationFiringStep.execute(ExecuteWorkBuildOperationFiringStep.java:38)
	at org.gradle.internal.execution.steps.AssignWorkspaceStep.lambda$execute$0(AssignWorkspaceStep.java:32)
	at org.gradle.api.internal.tasks.execution.TaskExecution$4.withWorkspace(TaskExecution.java:293)
	at org.gradle.internal.execution.steps.AssignWorkspaceStep.execute(AssignWorkspaceStep.java:30)
	at org.gradle.internal.execution.steps.AssignWorkspaceStep.execute(AssignWorkspaceStep.java:21)
	at org.gradle.internal.execution.steps.IdentityCacheStep.execute(IdentityCacheStep.java:37)
	at org.gradle.internal.execution.steps.IdentityCacheStep.execute(IdentityCacheStep.java:27)
	at org.gradle.internal.execution.steps.IdentifyStep.execute(IdentifyStep.java:47)
	at org.gradle.internal.execution.steps.IdentifyStep.execute(IdentifyStep.java:34)
	at org.gradle.internal.execution.impl.DefaultExecutionEngine$1.execute(DefaultExecutionEngine.java:64)
	at org.gradle.api.internal.tasks.execution.ExecuteActionsTaskExecuter.executeIfValid(ExecuteActionsTaskExecuter.java:145)
	at org.gradle.api.internal.tasks.execution.ExecuteActionsTaskExecuter.execute(ExecuteActionsTaskExecuter.java:134)
	at org.gradle.api.internal.tasks.execution.FinalizePropertiesTaskExecuter.execute(FinalizePropertiesTaskExecuter.java:46)
	at org.gradle.api.internal.tasks.execution.ResolveTaskExecutionModeExecuter.execute(ResolveTaskExecutionModeExecuter.java:51)
	at org.gradle.api.internal.tasks.execution.SkipTaskWithNoActionsExecuter.execute(SkipTaskWithNoActionsExecuter.java:57)
	at org.gradle.api.internal.tasks.execution.SkipOnlyIfTaskExecuter.execute(SkipOnlyIfTaskExecuter.java:74)
	at org.gradle.api.internal.tasks.execution.CatchExceptionTaskExecuter.execute(CatchExceptionTaskExecuter.java:36)
	at org.gradle.api.internal.tasks.execution.EventFiringTaskExecuter$1.executeTask(EventFiringTaskExecuter.java:77)
	at org.gradle.api.internal.tasks.execution.EventFiringTaskExecuter$1.call(EventFiringTaskExecuter.java:55)
	at org.gradle.api.internal.tasks.execution.EventFiringTaskExecuter$1.call(EventFiringTaskExecuter.java:52)
	at org.gradle.internal.operations.DefaultBuildOperationRunner$CallableBuildOperationWorker.execute(DefaultBuildOperationRunner.java:204)
	at org.gradle.internal.operations.DefaultBuildOperationRunner$CallableBuildOperationWorker.execute(DefaultBuildOperationRunner.java:199)
	at org.gradle.internal.operations.DefaultBuildOperationRunner$2.execute(DefaultBuildOperationRunner.java:66)
	at org.gradle.internal.operations.DefaultBuildOperationRunner$2.execute(DefaultBuildOperationRunner.java:59)
	at org.gradle.internal.operations.DefaultBuildOperationRunner.execute(DefaultBuildOperationRunner.java:157)
	at org.gradle.internal.operations.DefaultBuildOperationRunner.execute(DefaultBuildOperationRunner.java:59)
	at org.gradle.internal.operations.DefaultBuildOperationRunner.call(DefaultBuildOperationRunner.java:53)
	at org.gradle.internal.operations.DefaultBuildOperationExecutor.call(DefaultBuildOperationExecutor.java:73)
	at org.gradle.api.internal.tasks.execution.EventFiringTaskExecuter.execute(EventFiringTaskExecuter.java:52)
	at org.gradle.execution.plan.LocalTaskNodeExecutor.execute(LocalTaskNodeExecutor.java:42)
	at org.gradle.execution.taskgraph.DefaultTaskExecutionGraph$InvokeNodeExecutorsAction.execute(DefaultTaskExecutionGraph.java:331)
	at org.gradle.execution.taskgraph.DefaultTaskExecutionGraph$InvokeNodeExecutorsAction.execute(DefaultTaskExecutionGraph.java:318)
	at org.gradle.execution.taskgraph.DefaultTaskExecutionGraph$BuildOperationAwareExecutionAction.lambda$execute$0(DefaultTaskExecutionGraph.java:314)
	at org.gradle.internal.operations.CurrentBuildOperationRef.with(CurrentBuildOperationRef.java:80)
	at org.gradle.execution.taskgraph.DefaultTaskExecutionGraph$BuildOperationAwareExecutionAction.execute(DefaultTaskExecutionGraph.java:314)
	at org.gradle.execution.taskgraph.DefaultTaskExecutionGraph$BuildOperationAwareExecutionAction.execute(DefaultTaskExecutionGraph.java:303)
	at org.gradle.execution.plan.DefaultPlanExecutor$ExecutorWorker.execute(DefaultPlanExecutor.java:463)
	at org.gradle.execution.plan.DefaultPlanExecutor$ExecutorWorker.run(DefaultPlanExecutor.java:380)
	at org.gradle.internal.concurrent.ExecutorPolicy$CatchAndRecordFailures.onExecute(ExecutorPolicy.java:64)
	at org.gradle.internal.concurrent.AbstractManagedExecutor$1.run(AbstractManagedExecutor.java:47)
Caused by: org.jetbrains.kotlin.gradle.tasks.CompilationErrorException: Compilation error. See log for more details
	at org.jetbrains.kotlin.gradle.tasks.TasksUtilsKt.throwExceptionIfCompilationFailed(tasksUtils.kt:20)
	at org.jetbrains.kotlin.compilerRunner.GradleKotlinCompilerWork.run(GradleKotlinCompilerWork.kt:141)
	at org.jetbrains.kotlin.compilerRunner.GradleCompilerRunnerWithWorkers$GradleKotlinCompilerWorkAction.execute(GradleCompilerRunnerWithWorkers.kt:73)
	at org.gradle.workers.internal.DefaultWorkerServer.execute(DefaultWorkerServer.java:63)
	at org.gradle.workers.internal.NoIsolationWorkerFactory$1$1.create(NoIsolationWorkerFactory.java:66)
	at org.gradle.workers.internal.NoIsolationWorkerFactory$1$1.create(NoIsolationWorkerFactory.java:62)
	at org.gradle.internal.classloader.ClassLoaderUtils.executeInClassloader(ClassLoaderUtils.java:100)
	at org.gradle.workers.internal.NoIsolationWorkerFactory$1.lambda$execute$0(NoIsolationWorkerFactory.java:62)
	at org.gradle.workers.internal.AbstractWorker$1.call(AbstractWorker.java:44)
	at org.gradle.workers.internal.AbstractWorker$1.call(AbstractWorker.java:41)
	at org.gradle.internal.operations.DefaultBuildOperationRunner$CallableBuildOperationWorker.execute(DefaultBuildOperationRunner.java:204)
	at org.gradle.internal.operations.DefaultBuildOperationRunner$CallableBuildOperationWorker.execute(DefaultBuildOperationRunner.java:199)
	at org.gradle.internal.operations.DefaultBuildOperationRunner$2.execute(DefaultBuildOperationRunner.java:66)
	at org.gradle.internal.operations.DefaultBuildOperationRunner$2.execute(DefaultBuildOperationRunner.java:59)
	at org.gradle.internal.operations.DefaultBuildOperationRunner.execute(DefaultBuildOperationRunner.java:157)
	at org.gradle.internal.operations.DefaultBuildOperationRunner.execute(DefaultBuildOperationRunner.java:59)
	at org.gradle.internal.operations.DefaultBuildOperationRunner.call(DefaultBuildOperationRunner.java:53)
	at org.gradle.internal.operations.DefaultBuildOperationExecutor.call(DefaultBuildOperationExecutor.java:73)
	at org.gradle.workers.internal.AbstractWorker.executeWrappedInBuildOperation(AbstractWorker.java:41)
	at org.gradle.workers.internal.NoIsolationWorkerFactory$1.execute(NoIsolationWorkerFactory.java:59)
	at org.gradle.workers.internal.DefaultWorkerExecutor.lambda$submitWork$0(DefaultWorkerExecutor.java:170)
	at org.gradle.internal.work.DefaultConditionalExecutionQueue$ExecutionRunner.runExecution(DefaultConditionalExecutionQueue.java:187)
	at org.gradle.internal.work.DefaultConditionalExecutionQueue$ExecutionRunner.access$700(DefaultConditionalExecutionQueue.java:120)
	at org.gradle.internal.work.DefaultConditionalExecutionQueue$ExecutionRunner$1.run(DefaultConditionalExecutionQueue.java:162)
	at org.gradle.internal.Factories$1.create(Factories.java:31)
	at org.gradle.internal.work.DefaultWorkerLeaseService.withLocks(DefaultWorkerLeaseService.java:264)
	at org.gradle.internal.work.DefaultWorkerLeaseService.runAsWorkerThread(DefaultWorkerLeaseService.java:128)
	at org.gradle.internal.work.DefaultWorkerLeaseService.runAsWorkerThread(DefaultWorkerLeaseService.java:133)
	at org.gradle.internal.work.DefaultConditionalExecutionQueue$ExecutionRunner.runBatch(DefaultConditionalExecutionQueue.java:157)
	at org.gradle.internal.work.DefaultConditionalExecutionQueue$ExecutionRunner.run(DefaultConditionalExecutionQueue.java:126)
	... 2 more


BUILD FAILED in 1m 47s
26 actionable tasks: 26 executed
